====================================================
Comparison run: spear_repl
Targets: 33.46 50.80 70 90   finetune epochs: 30
Started: Wed 12 Aug 08:45:39 BST 2026   Node: node862.csf3.man.alces.network
====================================================
[PASS] output_readout defaults to 'spikes'
[PASS] invalid output_readout is rejected
[PASS] current readout keeps [T, B, C] shape
[PASS] spike readout is binary
[PASS] current readout is not binary
[PASS] readout adds no parameters
[PASS] pruned model keeps [T, B, C] shape
[PASS] pruned model inherits the current readout
[PASS] tet_loss == per-timestep reference
[PASS] tet_loss registered as 'tet'
[PASS] tet_loss at lam=0 is per-timestep CE
[PASS] tet_loss at lam=1 is the MSE term
[PASS] tet_loss differs from mean-then-CE
[PASS] T = 4
[PASS] beta = 0.5 (tau=2.0, no input decay)
[PASS] threshold = 1.0
[PASS] hard reset
[PASS] fixed tau, not learned
[PASS] arctan surrogate
[PASS] TET task loss
[PASS] pruning phases use cross-entropy
[PASS] SGD optimizer
[PASS] max lr 0.1
[PASS] weight decay 5e-5
[PASS] 210 epochs
[PASS] 10 warm-up epochs then cosine
[PASS] standard crop and flip restored
[PASS] no augmentation beyond crop and flip
[PASS] finetune matches the training recipe (210 ep, warm-up, lr 0.1)
[PASS] reuses the saved 90.62% baseline
[PASS] 13 conv layers
[PASS] 5 pooling stages
[PASS] no hidden fc layers
[PASS] flatten_dim = 512
[PASS] BatchNorm present
[PASS] current readout
[PASS] every conv gate deferred past its BatchNorm
[PASS] VGG16 forwards to [4, 2, 10]
[PASS] VGG16 output is analog
[PASS] summed spikes at T=4 take at most 5 levels (saw 5)
[PASS] spike argmax ties on most examples (saw 52%)
[PASS] current argmax does not tie (saw 0%)
[PASS] model spike readout is integer-valued when summed
[PASS] learn_beta + current readout is rejected
[PASS] learn_beta + spikes readout still allowed
[PASS] cosine_warmup without a warm-up is rejected
[PASS] tet phi default still equals SPEAR's threshold
[PASS] normalisation std assumption
[PASS] normalisation mean assumption
[PASS] batch size assumption
[PASS] trains on all 50k, pruning stages hold out 10%
[PASS] cosine floor 0.0
[PASS] direct encoding
[PASS] max pooling assumption pinned explicitly
[PASS] conv bias assumption pinned explicitly
[PASS] 14,728,266 parameters
[PASS] resnet18 arm shares the recipe
[PASS] resnet18 arm uses the current readout
[PASS] resnet18 arm keeps crop and flip
[PASS] resnet18 arm registered
[PASS] resnet18 forwards to [4, 2, 10]
[PASS] resnet18 output is analog, not spikes
[PASS] resnet18 gates are deferred past their norms
[PASS] network_slimming is not a default criterion
[PASS] network_slimming refuses an architecture without BatchNorm
[PASS] L1 subgradient is lam*sign(gamma) without AMP
[PASS] L1 subgradient is multiplied by the AMP scale
[PASS] L1 subgradient is zero where gamma is zero
[PASS] every prunable conv is paired with its BatchNorm
[PASS] network_slimming keeps the largest |gamma| channels

All SPEAR replication checks passed.

--- Stage 1/4: gate-pressure diagnostic ---
Files already downloaded and verified
Files already downloaded and verified
Files already downloaded and verified

Gate pressure on the pretrained baseline, at beta_max=0.01:

layer                          |d task/d la|   beta*|d KL/d la|      ratio
conv_layers.0                      1.614e-03          5.378e-03     0.3001
conv_layers.1                      2.968e-03          5.378e-03     0.5518
conv_layers.2                      3.067e-03          5.378e-03     0.5703
conv_layers.3                      2.785e-03          5.378e-03     0.5178
conv_layers.4                      2.286e-03          5.378e-03     0.4252
conv_layers.5                      2.238e-03          5.378e-03     0.4161
conv_layers.6                      1.526e-03          5.378e-03     0.2837
conv_layers.7                      7.527e-04          5.378e-03     0.1400
conv_layers.8                      4.018e-04          5.378e-03     0.0747
conv_layers.9                      2.983e-04          5.378e-03     0.0555
conv_layers.10                     2.461e-04          5.378e-03     0.0458
conv_layers.11                     1.777e-04          5.378e-03     0.0330
conv_layers.12                     1.409e-04          5.378e-03     0.0262

Weakest layer ratio: 2.620e-02. Below ~1e-3 the KL is effectively unopposed there
and no beta_max will help -- diagnose before spending a queue slot on the curve.

--- Stage 2/4: Bayesian accuracy-vs-sparsity curve ---
Files already downloaded and verified
Files already downloaded and verified
Files already downloaded and verified
Files already downloaded and verified
Files already downloaded and verified
Files already downloaded and verified

Loading pretrained baseline: ./outputs/spear_repl/trained_model.pt

Training Bayesian gates (once, for every target on the curve)...
08:46:59 | INFO | [bayesian_train] epoch 1/75 train_task_loss=1.0993 train_kl=8936.25 beta=0.00000 train_cost=1249688448.00 gamma=0.000000 train_acc=0.8713 val_loss=0.0481 val_acc=0.9922 time=31.4s
08:47:01 | INFO |     log_alpha: min=-3.00 median=-3.00 max=-3.00 std=0.00 frac_prunable=0.000 frac_saturated=0.000
08:47:01 | INFO |     gate pressure conv_layers.0: |d task/d log_alpha|=1.637e-03 beta*|d KL/d log_alpha|=0.000e+00 ratio=inf
08:47:01 | INFO |     gate pressure conv_layers.1: |d task/d log_alpha|=2.650e-03 beta*|d KL/d log_alpha|=0.000e+00 ratio=inf
08:47:01 | INFO |     gate pressure conv_layers.2: |d task/d log_alpha|=1.962e-03 beta*|d KL/d log_alpha|=0.000e+00 ratio=inf
08:47:01 | INFO |     gate pressure conv_layers.3: |d task/d log_alpha|=2.232e-03 beta*|d KL/d log_alpha|=0.000e+00 ratio=inf
08:47:01 | INFO |     gate pressure conv_layers.4: |d task/d log_alpha|=1.783e-03 beta*|d KL/d log_alpha|=0.000e+00 ratio=inf
08:47:01 | INFO |     gate pressure conv_layers.5: |d task/d log_alpha|=1.712e-03 beta*|d KL/d log_alpha|=0.000e+00 ratio=inf
08:47:01 | INFO |     gate pressure conv_layers.6: |d task/d log_alpha|=1.317e-03 beta*|d KL/d log_alpha|=0.000e+00 ratio=inf
08:47:01 | INFO |     gate pressure conv_layers.7: |d task/d log_alpha|=5.621e-04 beta*|d KL/d log_alpha|=0.000e+00 ratio=inf
08:47:01 | INFO |     gate pressure conv_layers.8: |d task/d log_alpha|=3.276e-04 beta*|d KL/d log_alpha|=0.000e+00 ratio=inf
08:47:01 | INFO |     gate pressure conv_layers.9: |d task/d log_alpha|=1.902e-04 beta*|d KL/d log_alpha|=0.000e+00 ratio=inf
08:47:01 | INFO |     gate pressure conv_layers.10: |d task/d log_alpha|=1.671e-04 beta*|d KL/d log_alpha|=0.000e+00 ratio=inf
08:47:01 | INFO |     gate pressure conv_layers.11: |d task/d log_alpha|=1.129e-04 beta*|d KL/d log_alpha|=0.000e+00 ratio=inf
08:47:01 | INFO |     gate pressure conv_layers.12: |d task/d log_alpha|=6.817e-05 beta*|d KL/d log_alpha|=0.000e+00 ratio=inf
08:47:26 | INFO | [bayesian_train] epoch 2/75 train_task_loss=1.0834 train_kl=8936.25 beta=0.00100 train_cost=1249688567.61 gamma=0.000000 train_acc=0.8743 val_loss=0.0335 val_acc=0.9932 time=24.9s
08:47:26 | INFO |     log_alpha: min=-3.00 median=-3.00 max=-3.00 std=0.00 frac_prunable=0.000 frac_saturated=0.000
08:47:51 | INFO | [bayesian_train] epoch 3/75 train_task_loss=1.0233 train_kl=8936.19 beta=0.00200 train_cost=1249688515.83 gamma=0.000000 train_acc=0.8805 val_loss=0.0529 val_acc=0.9912 time=24.7s
08:47:51 | INFO |     log_alpha: min=-3.00 median=-3.00 max=-3.00 std=0.00 frac_prunable=0.000 frac_saturated=0.000
08:48:16 | INFO | [bayesian_train] epoch 4/75 train_task_loss=0.9794 train_kl=8936.02 beta=0.00300 train_cost=1249688399.50 gamma=0.000000 train_acc=0.8851 val_loss=0.0505 val_acc=0.9920 time=25.0s
08:48:16 | INFO |     log_alpha: min=-3.00 median=-3.00 max=-3.00 std=0.00 frac_prunable=0.000 frac_saturated=0.000
08:48:41 | INFO | [bayesian_train] epoch 5/75 train_task_loss=0.8921 train_kl=8935.68 beta=0.00400 train_cost=1249687958.97 gamma=0.000000 train_acc=0.8907 val_loss=0.0424 val_acc=0.9934 time=25.0s
08:48:41 | INFO |     log_alpha: min=-3.00 median=-3.00 max=-3.00 std=0.00 frac_prunable=0.000 frac_saturated=0.000
08:49:06 | INFO | [bayesian_train] epoch 6/75 train_task_loss=0.8182 train_kl=8935.05 beta=0.00500 train_cost=1249686999.52 gamma=0.000000 train_acc=0.8980 val_loss=0.0303 val_acc=0.9941 time=24.9s
08:49:06 | INFO |     log_alpha: min=-3.00 median=-3.00 max=-3.00 std=0.00 frac_prunable=0.000 frac_saturated=0.000
08:49:06 | INFO |     gate pressure conv_layers.0: |d task/d log_alpha|=1.903e-03 beta*|d KL/d log_alpha|=2.689e-03 ratio=0.708
08:49:06 | INFO |     gate pressure conv_layers.1: |d task/d log_alpha|=2.859e-03 beta*|d KL/d log_alpha|=2.689e-03 ratio=1.063
08:49:06 | INFO |     gate pressure conv_layers.2: |d task/d log_alpha|=2.343e-03 beta*|d KL/d log_alpha|=2.689e-03 ratio=0.871
08:49:06 | INFO |     gate pressure conv_layers.3: |d task/d log_alpha|=2.514e-03 beta*|d KL/d log_alpha|=2.689e-03 ratio=0.935
08:49:06 | INFO |     gate pressure conv_layers.4: |d task/d log_alpha|=1.902e-03 beta*|d KL/d log_alpha|=2.689e-03 ratio=0.707
08:49:06 | INFO |     gate pressure conv_layers.5: |d task/d log_alpha|=1.785e-03 beta*|d KL/d log_alpha|=2.689e-03 ratio=0.664
08:49:06 | INFO |     gate pressure conv_layers.6: |d task/d log_alpha|=1.275e-03 beta*|d KL/d log_alpha|=2.689e-03 ratio=0.474
08:49:06 | INFO |     gate pressure conv_layers.7: |d task/d log_alpha|=6.361e-04 beta*|d KL/d log_alpha|=2.689e-03 ratio=0.237
08:49:06 | INFO |     gate pressure conv_layers.8: |d task/d log_alpha|=3.143e-04 beta*|d KL/d log_alpha|=2.689e-03 ratio=0.117
08:49:06 | INFO |     gate pressure conv_layers.9: |d task/d log_alpha|=2.234e-04 beta*|d KL/d log_alpha|=2.689e-03 ratio=0.083
08:49:06 | INFO |     gate pressure conv_layers.10: |d task/d log_alpha|=1.757e-04 beta*|d KL/d log_alpha|=2.689e-03 ratio=0.065
08:49:06 | INFO |     gate pressure conv_layers.11: |d task/d log_alpha|=1.180e-04 beta*|d KL/d log_alpha|=2.689e-03 ratio=0.044
08:49:06 | INFO |     gate pressure conv_layers.12: |d task/d log_alpha|=1.041e-04 beta*|d KL/d log_alpha|=2.689e-03 ratio=0.039
08:49:31 | INFO | [bayesian_train] epoch 7/75 train_task_loss=0.7073 train_kl=8934.03 beta=0.00600 train_cost=1249685839.86 gamma=0.000000 train_acc=0.9058 val_loss=0.0345 val_acc=0.9930 time=24.6s
08:49:31 | INFO |     log_alpha: min=-3.00 median=-3.00 max=-3.00 std=0.00 frac_prunable=0.000 frac_saturated=0.000
08:49:55 | INFO | [bayesian_train] epoch 8/75 train_task_loss=0.5940 train_kl=8932.38 beta=0.00700 train_cost=1249683698.51 gamma=0.000000 train_acc=0.9124 val_loss=0.0250 val_acc=0.9939 time=24.4s
08:49:55 | INFO |     log_alpha: min=-3.00 median=-3.00 max=-3.00 std=0.00 frac_prunable=0.000 frac_saturated=0.000
08:50:19 | INFO | [bayesian_train] epoch 9/75 train_task_loss=0.4935 train_kl=8929.74 beta=0.00800 train_cost=1249680228.28 gamma=0.000000 train_acc=0.9181 val_loss=0.0276 val_acc=0.9930 time=24.2s
08:50:19 | INFO |     log_alpha: min=-3.00 median=-3.00 max=-3.00 std=0.00 frac_prunable=0.000 frac_saturated=0.000
08:50:44 | INFO | [bayesian_train] epoch 10/75 train_task_loss=0.4046 train_kl=8925.68 beta=0.00900 train_cost=1249674835.15 gamma=0.000000 train_acc=0.9229 val_loss=0.0216 val_acc=0.9951 time=24.4s
08:50:44 | INFO |     log_alpha: min=-3.00 median=-2.99 max=-2.99 std=0.00 frac_prunable=0.000 frac_saturated=0.000
08:51:08 | INFO | [bayesian_train] epoch 11/75 train_task_loss=0.3427 train_kl=8919.70 beta=0.01000 train_cost=1249666770.42 gamma=0.000000 train_acc=0.9252 val_loss=0.0238 val_acc=0.9918 time=24.5s
08:51:08 | INFO |     log_alpha: min=-3.00 median=-2.99 max=-2.99 std=0.00 frac_prunable=0.000 frac_saturated=0.000
08:51:08 | INFO |     gate pressure conv_layers.0: |d task/d log_alpha|=7.232e-04 beta*|d KL/d log_alpha|=5.382e-03 ratio=0.134
08:51:08 | INFO |     gate pressure conv_layers.1: |d task/d log_alpha|=9.378e-04 beta*|d KL/d log_alpha|=5.382e-03 ratio=0.174
08:51:08 | INFO |     gate pressure conv_layers.2: |d task/d log_alpha|=1.245e-03 beta*|d KL/d log_alpha|=5.382e-03 ratio=0.231
08:51:08 | INFO |     gate pressure conv_layers.3: |d task/d log_alpha|=1.423e-03 beta*|d KL/d log_alpha|=5.382e-03 ratio=0.264
08:51:08 | INFO |     gate pressure conv_layers.4: |d task/d log_alpha|=1.205e-03 beta*|d KL/d log_alpha|=5.383e-03 ratio=0.224
08:51:08 | INFO |     gate pressure conv_layers.5: |d task/d log_alpha|=9.556e-04 beta*|d KL/d log_alpha|=5.383e-03 ratio=0.178
08:51:08 | INFO |     gate pressure conv_layers.6: |d task/d log_alpha|=8.240e-04 beta*|d KL/d log_alpha|=5.383e-03 ratio=0.153
08:51:08 | INFO |     gate pressure conv_layers.7: |d task/d log_alpha|=3.452e-04 beta*|d KL/d log_alpha|=5.383e-03 ratio=0.064
08:51:08 | INFO |     gate pressure conv_layers.8: |d task/d log_alpha|=1.983e-04 beta*|d KL/d log_alpha|=5.383e-03 ratio=0.037
08:51:08 | INFO |     gate pressure conv_layers.9: |d task/d log_alpha|=1.124e-04 beta*|d KL/d log_alpha|=5.383e-03 ratio=0.021
08:51:08 | INFO |     gate pressure conv_layers.10: |d task/d log_alpha|=9.241e-05 beta*|d KL/d log_alpha|=5.383e-03 ratio=0.017
08:51:08 | INFO |     gate pressure conv_layers.11: |d task/d log_alpha|=6.018e-05 beta*|d KL/d log_alpha|=5.383e-03 ratio=0.011
08:51:08 | INFO |     gate pressure conv_layers.12: |d task/d log_alpha|=4.294e-05 beta*|d KL/d log_alpha|=5.383e-03 ratio=0.008
08:51:33 | INFO | [bayesian_train] epoch 12/75 train_task_loss=0.3118 train_kl=8912.26 beta=0.01000 train_cost=1249656752.87 gamma=0.000000 train_acc=0.9220 val_loss=0.0225 val_acc=0.9930 time=24.5s
08:51:33 | INFO |     log_alpha: min=-2.99 median=-2.99 max=-2.99 std=0.00 frac_prunable=0.000 frac_saturated=0.000
08:51:57 | INFO | [bayesian_train] epoch 13/75 train_task_loss=0.2770 train_kl=8904.26 beta=0.01000 train_cost=1249645891.10 gamma=0.000000 train_acc=0.9234 val_loss=0.0226 val_acc=0.9941 time=24.5s
08:51:57 | INFO |     log_alpha: min=-2.99 median=-2.98 max=-2.98 std=0.00 frac_prunable=0.000 frac_saturated=0.000
08:52:22 | INFO | [bayesian_train] epoch 14/75 train_task_loss=0.2473 train_kl=8895.94 beta=0.01000 train_cost=1249634558.54 gamma=0.000000 train_acc=0.9265 val_loss=0.0213 val_acc=0.9936 time=24.5s
08:52:22 | INFO |     log_alpha: min=-2.99 median=-2.98 max=-2.98 std=0.00 frac_prunable=0.000 frac_saturated=0.000
08:52:46 | INFO | [bayesian_train] epoch 15/75 train_task_loss=0.2378 train_kl=8887.51 beta=0.01000 train_cost=1249623051.30 gamma=0.000000 train_acc=0.9261 val_loss=0.0242 val_acc=0.9920 time=24.4s
08:52:46 | INFO |     log_alpha: min=-2.99 median=-2.98 max=-2.98 std=0.00 frac_prunable=0.000 frac_saturated=0.000
08:53:11 | INFO | [bayesian_train] epoch 16/75 train_task_loss=0.2241 train_kl=8879.10 beta=0.01000 train_cost=1249611464.21 gamma=0.000000 train_acc=0.9290 val_loss=0.0258 val_acc=0.9918 time=24.4s
08:53:11 | INFO |     log_alpha: min=-2.98 median=-2.97 max=-2.97 std=0.00 frac_prunable=0.000 frac_saturated=0.000
08:53:11 | INFO |     gate pressure conv_layers.0: |d task/d log_alpha|=2.963e-04 beta*|d KL/d log_alpha|=5.392e-03 ratio=0.055
08:53:11 | INFO |     gate pressure conv_layers.1: |d task/d log_alpha|=5.377e-04 beta*|d KL/d log_alpha|=5.392e-03 ratio=0.100
08:53:11 | INFO |     gate pressure conv_layers.2: |d task/d log_alpha|=4.477e-04 beta*|d KL/d log_alpha|=5.392e-03 ratio=0.083
08:53:11 | INFO |     gate pressure conv_layers.3: |d task/d log_alpha|=4.134e-04 beta*|d KL/d log_alpha|=5.392e-03 ratio=0.077
08:53:11 | INFO |     gate pressure conv_layers.4: |d task/d log_alpha|=3.845e-04 beta*|d KL/d log_alpha|=5.393e-03 ratio=0.071
08:53:11 | INFO |     gate pressure conv_layers.5: |d task/d log_alpha|=3.883e-04 beta*|d KL/d log_alpha|=5.393e-03 ratio=0.072
08:53:11 | INFO |     gate pressure conv_layers.6: |d task/d log_alpha|=2.969e-04 beta*|d KL/d log_alpha|=5.393e-03 ratio=0.055
08:53:11 | INFO |     gate pressure conv_layers.7: |d task/d log_alpha|=1.540e-04 beta*|d KL/d log_alpha|=5.393e-03 ratio=0.029
08:53:11 | INFO |     gate pressure conv_layers.8: |d task/d log_alpha|=8.445e-05 beta*|d KL/d log_alpha|=5.393e-03 ratio=0.016
08:53:11 | INFO |     gate pressure conv_layers.9: |d task/d log_alpha|=5.706e-05 beta*|d KL/d log_alpha|=5.393e-03 ratio=0.011
08:53:11 | INFO |     gate pressure conv_layers.10: |d task/d log_alpha|=4.682e-05 beta*|d KL/d log_alpha|=5.393e-03 ratio=0.009
08:53:11 | INFO |     gate pressure conv_layers.11: |d task/d log_alpha|=4.030e-05 beta*|d KL/d log_alpha|=5.393e-03 ratio=0.007
08:53:11 | INFO |     gate pressure conv_layers.12: |d task/d log_alpha|=4.049e-05 beta*|d KL/d log_alpha|=5.393e-03 ratio=0.008
08:53:35 | INFO | [bayesian_train] epoch 17/75 train_task_loss=0.2135 train_kl=8870.71 beta=0.01000 train_cost=1249599890.23 gamma=0.000000 train_acc=0.9304 val_loss=0.0258 val_acc=0.9934 time=24.5s
08:53:35 | INFO |     log_alpha: min=-2.98 median=-2.97 max=-2.97 std=0.00 frac_prunable=0.000 frac_saturated=0.000
08:54:00 | INFO | [bayesian_train] epoch 18/75 train_task_loss=0.2039 train_kl=8862.37 beta=0.01000 train_cost=1249588380.81 gamma=0.000000 train_acc=0.9328 val_loss=0.0284 val_acc=0.9924 time=24.4s
08:54:00 | INFO |     log_alpha: min=-2.98 median=-2.97 max=-2.96 std=0.00 frac_prunable=0.000 frac_saturated=0.000
08:54:24 | INFO | [bayesian_train] epoch 19/75 train_task_loss=0.2025 train_kl=8854.06 beta=0.01000 train_cost=1249576852.79 gamma=0.000000 train_acc=0.9345 val_loss=0.0274 val_acc=0.9928 time=24.5s
08:54:24 | INFO |     log_alpha: min=-2.97 median=-2.96 max=-2.96 std=0.00 frac_prunable=0.000 frac_saturated=0.000
08:54:48 | INFO | [bayesian_train] epoch 20/75 train_task_loss=0.1937 train_kl=8845.83 beta=0.01000 train_cost=1249565367.43 gamma=0.000000 train_acc=0.9362 val_loss=0.0291 val_acc=0.9924 time=24.4s
08:54:48 | INFO |     log_alpha: min=-2.97 median=-2.96 max=-2.96 std=0.00 frac_prunable=0.000 frac_saturated=0.000
08:55:13 | INFO | [bayesian_train] epoch 21/75 train_task_loss=0.1890 train_kl=8837.68 beta=0.01000 train_cost=1249553962.67 gamma=0.000000 train_acc=0.9383 val_loss=0.0264 val_acc=0.9945 time=24.3s
08:55:13 | INFO |     log_alpha: min=-2.97 median=-2.95 max=-2.95 std=0.00 frac_prunable=0.000 frac_saturated=0.000
08:55:13 | INFO |     gate pressure conv_layers.0: |d task/d log_alpha|=3.974e-04 beta*|d KL/d log_alpha|=5.402e-03 ratio=0.074
08:55:13 | INFO |     gate pressure conv_layers.1: |d task/d log_alpha|=4.797e-04 beta*|d KL/d log_alpha|=5.402e-03 ratio=0.089
08:55:13 | INFO |     gate pressure conv_layers.2: |d task/d log_alpha|=4.907e-04 beta*|d KL/d log_alpha|=5.402e-03 ratio=0.091
08:55:13 | INFO |     gate pressure conv_layers.3: |d task/d log_alpha|=5.935e-04 beta*|d KL/d log_alpha|=5.403e-03 ratio=0.110
08:55:13 | INFO |     gate pressure conv_layers.4: |d task/d log_alpha|=4.836e-04 beta*|d KL/d log_alpha|=5.403e-03 ratio=0.089
08:55:13 | INFO |     gate pressure conv_layers.5: |d task/d log_alpha|=4.913e-04 beta*|d KL/d log_alpha|=5.403e-03 ratio=0.091
08:55:13 | INFO |     gate pressure conv_layers.6: |d task/d log_alpha|=3.703e-04 beta*|d KL/d log_alpha|=5.404e-03 ratio=0.069
08:55:13 | INFO |     gate pressure conv_layers.7: |d task/d log_alpha|=1.816e-04 beta*|d KL/d log_alpha|=5.404e-03 ratio=0.034
08:55:13 | INFO |     gate pressure conv_layers.8: |d task/d log_alpha|=8.719e-05 beta*|d KL/d log_alpha|=5.404e-03 ratio=0.016
08:55:13 | INFO |     gate pressure conv_layers.9: |d task/d log_alpha|=5.925e-05 beta*|d KL/d log_alpha|=5.404e-03 ratio=0.011
08:55:13 | INFO |     gate pressure conv_layers.10: |d task/d log_alpha|=5.141e-05 beta*|d KL/d log_alpha|=5.404e-03 ratio=0.010
08:55:13 | INFO |     gate pressure conv_layers.11: |d task/d log_alpha|=4.532e-05 beta*|d KL/d log_alpha|=5.404e-03 ratio=0.008
08:55:13 | INFO |     gate pressure conv_layers.12: |d task/d log_alpha|=4.241e-05 beta*|d KL/d log_alpha|=5.404e-03 ratio=0.008
08:55:37 | INFO | [bayesian_train] epoch 22/75 train_task_loss=0.1868 train_kl=8829.62 beta=0.01000 train_cost=1249542674.23 gamma=0.000000 train_acc=0.9380 val_loss=0.0325 val_acc=0.9916 time=24.4s
08:55:37 | INFO |     log_alpha: min=-2.96 median=-2.95 max=-2.95 std=0.00 frac_prunable=0.000 frac_saturated=0.000
08:56:02 | INFO | [bayesian_train] epoch 23/75 train_task_loss=0.1855 train_kl=8821.64 beta=0.01000 train_cost=1249531464.57 gamma=0.000000 train_acc=0.9397 val_loss=0.0331 val_acc=0.9898 time=24.6s
08:56:02 | INFO |     log_alpha: min=-2.96 median=-2.95 max=-2.95 std=0.00 frac_prunable=0.000 frac_saturated=0.000
08:56:26 | INFO | [bayesian_train] epoch 24/75 train_task_loss=0.1836 train_kl=8813.79 beta=0.01000 train_cost=1249520363.94 gamma=0.000000 train_acc=0.9404 val_loss=0.0334 val_acc=0.9908 time=24.3s
08:56:26 | INFO |     log_alpha: min=-2.96 median=-2.94 max=-2.94 std=0.00 frac_prunable=0.000 frac_saturated=0.000
08:56:51 | INFO | [bayesian_train] epoch 25/75 train_task_loss=0.1782 train_kl=8806.06 beta=0.01000 train_cost=1249509434.71 gamma=0.000000 train_acc=0.9411 val_loss=0.0339 val_acc=0.9904 time=24.5s
08:56:51 | INFO |     log_alpha: min=-2.95 median=-2.94 max=-2.94 std=0.00 frac_prunable=0.000 frac_saturated=0.000
08:57:15 | INFO | [bayesian_train] epoch 26/75 train_task_loss=0.1868 train_kl=8798.44 beta=0.01000 train_cost=1249498598.47 gamma=0.000000 train_acc=0.9399 val_loss=0.0340 val_acc=0.9920 time=24.5s
08:57:15 | INFO |     log_alpha: min=-2.95 median=-2.94 max=-2.94 std=0.00 frac_prunable=0.000 frac_saturated=0.000
08:57:15 | INFO |     gate pressure conv_layers.0: |d task/d log_alpha|=5.094e-04 beta*|d KL/d log_alpha|=5.412e-03 ratio=0.094
08:57:15 | INFO |     gate pressure conv_layers.1: |d task/d log_alpha|=6.700e-04 beta*|d KL/d log_alpha|=5.412e-03 ratio=0.124
08:57:15 | INFO |     gate pressure conv_layers.2: |d task/d log_alpha|=6.895e-04 beta*|d KL/d log_alpha|=5.412e-03 ratio=0.127
08:57:15 | INFO |     gate pressure conv_layers.3: |d task/d log_alpha|=6.606e-04 beta*|d KL/d log_alpha|=5.412e-03 ratio=0.122
08:57:15 | INFO |     gate pressure conv_layers.4: |d task/d log_alpha|=5.652e-04 beta*|d KL/d log_alpha|=5.413e-03 ratio=0.104
08:57:15 | INFO |     gate pressure conv_layers.5: |d task/d log_alpha|=5.647e-04 beta*|d KL/d log_alpha|=5.414e-03 ratio=0.104
08:57:15 | INFO |     gate pressure conv_layers.6: |d task/d log_alpha|=4.362e-04 beta*|d KL/d log_alpha|=5.414e-03 ratio=0.081
08:57:15 | INFO |     gate pressure conv_layers.7: |d task/d log_alpha|=2.364e-04 beta*|d KL/d log_alpha|=5.414e-03 ratio=0.044
08:57:15 | INFO |     gate pressure conv_layers.8: |d task/d log_alpha|=1.359e-04 beta*|d KL/d log_alpha|=5.414e-03 ratio=0.025
08:57:15 | INFO |     gate pressure conv_layers.9: |d task/d log_alpha|=8.745e-05 beta*|d KL/d log_alpha|=5.414e-03 ratio=0.016
08:57:15 | INFO |     gate pressure conv_layers.10: |d task/d log_alpha|=7.518e-05 beta*|d KL/d log_alpha|=5.414e-03 ratio=0.014
08:57:15 | INFO |     gate pressure conv_layers.11: |d task/d log_alpha|=5.317e-05 beta*|d KL/d log_alpha|=5.414e-03 ratio=0.010
08:57:15 | INFO |     gate pressure conv_layers.12: |d task/d log_alpha|=4.216e-05 beta*|d KL/d log_alpha|=5.414e-03 ratio=0.008
08:57:40 | INFO | [bayesian_train] epoch 27/75 train_task_loss=0.1776 train_kl=8790.94 beta=0.01000 train_cost=1249487950.40 gamma=0.000000 train_acc=0.9412 val_loss=0.0309 val_acc=0.9943 time=24.4s
08:57:40 | INFO |     log_alpha: min=-2.95 median=-2.93 max=-2.93 std=0.00 frac_prunable=0.000 frac_saturated=0.000
08:58:04 | INFO | [bayesian_train] epoch 28/75 train_task_loss=0.1741 train_kl=8783.60 beta=0.01000 train_cost=1249477447.11 gamma=0.000000 train_acc=0.9417 val_loss=0.0397 val_acc=0.9893 time=24.5s
08:58:04 | INFO |     log_alpha: min=-2.95 median=-2.93 max=-2.93 std=0.00 frac_prunable=0.000 frac_saturated=0.000
08:58:29 | INFO | [bayesian_train] epoch 29/75 train_task_loss=0.1759 train_kl=8776.44 beta=0.01000 train_cost=1249467160.80 gamma=0.000000 train_acc=0.9424 val_loss=0.0366 val_acc=0.9914 time=24.5s
08:58:29 | INFO |     log_alpha: min=-2.94 median=-2.93 max=-2.93 std=0.00 frac_prunable=0.000 frac_saturated=0.000
08:58:53 | INFO | [bayesian_train] epoch 30/75 train_task_loss=0.1727 train_kl=8769.42 beta=0.01000 train_cost=1249457050.62 gamma=0.000000 train_acc=0.9434 val_loss=0.0336 val_acc=0.9930 time=24.4s
08:58:53 | INFO |     log_alpha: min=-2.94 median=-2.92 max=-2.92 std=0.00 frac_prunable=0.000 frac_saturated=0.000
08:59:17 | INFO | [bayesian_train] epoch 31/75 train_task_loss=0.1749 train_kl=8762.52 beta=0.01000 train_cost=1249447145.75 gamma=0.000000 train_acc=0.9427 val_loss=0.0381 val_acc=0.9912 time=24.5s
08:59:17 | INFO |     log_alpha: min=-2.94 median=-2.92 max=-2.92 std=0.00 frac_prunable=0.000 frac_saturated=0.000
08:59:18 | INFO |     gate pressure conv_layers.0: |d task/d log_alpha|=4.009e-04 beta*|d KL/d log_alpha|=5.421e-03 ratio=0.074
08:59:18 | INFO |     gate pressure conv_layers.1: |d task/d log_alpha|=6.079e-04 beta*|d KL/d log_alpha|=5.421e-03 ratio=0.112
08:59:18 | INFO |     gate pressure conv_layers.2: |d task/d log_alpha|=4.625e-04 beta*|d KL/d log_alpha|=5.421e-03 ratio=0.085
08:59:18 | INFO |     gate pressure conv_layers.3: |d task/d log_alpha|=6.258e-04 beta*|d KL/d log_alpha|=5.422e-03 ratio=0.115
08:59:18 | INFO |     gate pressure conv_layers.4: |d task/d log_alpha|=4.387e-04 beta*|d KL/d log_alpha|=5.423e-03 ratio=0.081
08:59:18 | INFO |     gate pressure conv_layers.5: |d task/d log_alpha|=4.588e-04 beta*|d KL/d log_alpha|=5.423e-03 ratio=0.085
08:59:18 | INFO |     gate pressure conv_layers.6: |d task/d log_alpha|=3.872e-04 beta*|d KL/d log_alpha|=5.423e-03 ratio=0.071
08:59:18 | INFO |     gate pressure conv_layers.7: |d task/d log_alpha|=2.045e-04 beta*|d KL/d log_alpha|=5.423e-03 ratio=0.038
08:59:18 | INFO |     gate pressure conv_layers.8: |d task/d log_alpha|=1.132e-04 beta*|d KL/d log_alpha|=5.424e-03 ratio=0.021
08:59:18 | INFO |     gate pressure conv_layers.9: |d task/d log_alpha|=7.401e-05 beta*|d KL/d log_alpha|=5.424e-03 ratio=0.014
08:59:18 | INFO |     gate pressure conv_layers.10: |d task/d log_alpha|=5.819e-05 beta*|d KL/d log_alpha|=5.424e-03 ratio=0.011
08:59:18 | INFO |     gate pressure conv_layers.11: |d task/d log_alpha|=4.428e-05 beta*|d KL/d log_alpha|=5.424e-03 ratio=0.008
08:59:18 | INFO |     gate pressure conv_layers.12: |d task/d log_alpha|=4.190e-05 beta*|d KL/d log_alpha|=5.424e-03 ratio=0.008
08:59:42 | INFO | [bayesian_train] epoch 32/75 train_task_loss=0.1682 train_kl=8755.79 beta=0.01000 train_cost=1249437434.89 gamma=0.000000 train_acc=0.9443 val_loss=0.0363 val_acc=0.9928 time=24.5s
08:59:42 | INFO |     log_alpha: min=-2.94 median=-2.92 max=-2.92 std=0.00 frac_prunable=0.000 frac_saturated=0.000
09:00:06 | INFO | [bayesian_train] epoch 33/75 train_task_loss=0.1702 train_kl=8749.22 beta=0.01000 train_cost=1249427949.40 gamma=0.000000 train_acc=0.9446 val_loss=0.0340 val_acc=0.9941 time=24.3s
09:00:06 | INFO |     log_alpha: min=-2.93 median=-2.92 max=-2.91 std=0.00 frac_prunable=0.000 frac_saturated=0.000
09:00:31 | INFO | [bayesian_train] epoch 34/75 train_task_loss=0.1690 train_kl=8742.84 beta=0.01000 train_cost=1249418707.15 gamma=0.000000 train_acc=0.9454 val_loss=0.0378 val_acc=0.9912 time=24.6s
09:00:31 | INFO |     log_alpha: min=-2.93 median=-2.91 max=-2.91 std=0.00 frac_prunable=0.000 frac_saturated=0.000
09:00:56 | INFO | [bayesian_train] epoch 35/75 train_task_loss=0.1698 train_kl=8736.66 beta=0.01000 train_cost=1249409728.55 gamma=0.000000 train_acc=0.9441 val_loss=0.0380 val_acc=0.9926 time=24.9s
09:00:56 | INFO |     log_alpha: min=-2.93 median=-2.91 max=-2.91 std=0.00 frac_prunable=0.000 frac_saturated=0.000
09:01:20 | INFO | [bayesian_train] epoch 36/75 train_task_loss=0.1671 train_kl=8730.67 beta=0.01000 train_cost=1249400995.74 gamma=0.000000 train_acc=0.9451 val_loss=0.0421 val_acc=0.9912 time=24.7s
09:01:20 | INFO |     log_alpha: min=-2.93 median=-2.91 max=-2.91 std=0.00 frac_prunable=0.000 frac_saturated=0.000
09:01:21 | INFO |     gate pressure conv_layers.0: |d task/d log_alpha|=4.782e-04 beta*|d KL/d log_alpha|=5.430e-03 ratio=0.088
09:01:21 | INFO |     gate pressure conv_layers.1: |d task/d log_alpha|=5.620e-04 beta*|d KL/d log_alpha|=5.429e-03 ratio=0.104
09:01:21 | INFO |     gate pressure conv_layers.2: |d task/d log_alpha|=6.922e-04 beta*|d KL/d log_alpha|=5.430e-03 ratio=0.127
09:01:21 | INFO |     gate pressure conv_layers.3: |d task/d log_alpha|=7.715e-04 beta*|d KL/d log_alpha|=5.430e-03 ratio=0.142
09:01:21 | INFO |     gate pressure conv_layers.4: |d task/d log_alpha|=5.951e-04 beta*|d KL/d log_alpha|=5.431e-03 ratio=0.110
09:01:21 | INFO |     gate pressure conv_layers.5: |d task/d log_alpha|=5.925e-04 beta*|d KL/d log_alpha|=5.431e-03 ratio=0.109
09:01:21 | INFO |     gate pressure conv_layers.6: |d task/d log_alpha|=4.533e-04 beta*|d KL/d log_alpha|=5.432e-03 ratio=0.083
09:01:21 | INFO |     gate pressure conv_layers.7: |d task/d log_alpha|=2.528e-04 beta*|d KL/d log_alpha|=5.432e-03 ratio=0.047
09:01:21 | INFO |     gate pressure conv_layers.8: |d task/d log_alpha|=1.294e-04 beta*|d KL/d log_alpha|=5.432e-03 ratio=0.024
09:01:21 | INFO |     gate pressure conv_layers.9: |d task/d log_alpha|=8.163e-05 beta*|d KL/d log_alpha|=5.432e-03 ratio=0.015
09:01:21 | INFO |     gate pressure conv_layers.10: |d task/d log_alpha|=7.832e-05 beta*|d KL/d log_alpha|=5.432e-03 ratio=0.014
09:01:21 | INFO |     gate pressure conv_layers.11: |d task/d log_alpha|=6.266e-05 beta*|d KL/d log_alpha|=5.432e-03 ratio=0.012
09:01:21 | INFO |     gate pressure conv_layers.12: |d task/d log_alpha|=6.607e-05 beta*|d KL/d log_alpha|=5.432e-03 ratio=0.012
09:01:45 | INFO | [bayesian_train] epoch 37/75 train_task_loss=0.1645 train_kl=8724.86 beta=0.01000 train_cost=1249392495.23 gamma=0.000000 train_acc=0.9454 val_loss=0.0388 val_acc=0.9928 time=24.5s
09:01:45 | INFO |     log_alpha: min=-2.92 median=-2.91 max=-2.90 std=0.00 frac_prunable=0.000 frac_saturated=0.000
09:02:10 | INFO | [bayesian_train] epoch 38/75 train_task_loss=0.1655 train_kl=8719.23 beta=0.01000 train_cost=1249384268.58 gamma=0.000000 train_acc=0.9462 val_loss=0.0390 val_acc=0.9932 time=24.8s
09:02:10 | INFO |     log_alpha: min=-2.92 median=-2.90 max=-2.90 std=0.00 frac_prunable=0.000 frac_saturated=0.000
09:02:35 | INFO | [bayesian_train] epoch 39/75 train_task_loss=0.1612 train_kl=8713.81 beta=0.01000 train_cost=1249376343.52 gamma=0.000000 train_acc=0.9471 val_loss=0.0408 val_acc=0.9924 time=25.0s
09:02:35 | INFO |     log_alpha: min=-2.92 median=-2.90 max=-2.90 std=0.00 frac_prunable=0.000 frac_saturated=0.000
09:03:00 | INFO | [bayesian_train] epoch 40/75 train_task_loss=0.1637 train_kl=8708.59 beta=0.01000 train_cost=1249368703.27 gamma=0.000000 train_acc=0.9463 val_loss=0.0422 val_acc=0.9906 time=25.0s
09:03:00 | INFO |     log_alpha: min=-2.92 median=-2.90 max=-2.90 std=0.00 frac_prunable=0.000 frac_saturated=0.000
09:03:25 | INFO | [bayesian_train] epoch 41/75 train_task_loss=0.1626 train_kl=8703.58 beta=0.01000 train_cost=1249361357.31 gamma=0.000000 train_acc=0.9474 val_loss=0.0421 val_acc=0.9906 time=24.7s
09:03:25 | INFO |     log_alpha: min=-2.92 median=-2.90 max=-2.90 std=0.00 frac_prunable=0.000 frac_saturated=0.000
09:03:25 | INFO |     gate pressure conv_layers.0: |d task/d log_alpha|=6.203e-04 beta*|d KL/d log_alpha|=5.437e-03 ratio=0.114
09:03:25 | INFO |     gate pressure conv_layers.1: |d task/d log_alpha|=8.300e-04 beta*|d KL/d log_alpha|=5.436e-03 ratio=0.153
09:03:25 | INFO |     gate pressure conv_layers.2: |d task/d log_alpha|=9.776e-04 beta*|d KL/d log_alpha|=5.437e-03 ratio=0.180
09:03:25 | INFO |     gate pressure conv_layers.3: |d task/d log_alpha|=9.835e-04 beta*|d KL/d log_alpha|=5.437e-03 ratio=0.181
09:03:25 | INFO |     gate pressure conv_layers.4: |d task/d log_alpha|=8.691e-04 beta*|d KL/d log_alpha|=5.438e-03 ratio=0.160
09:03:25 | INFO |     gate pressure conv_layers.5: |d task/d log_alpha|=7.757e-04 beta*|d KL/d log_alpha|=5.438e-03 ratio=0.143
09:03:25 | INFO |     gate pressure conv_layers.6: |d task/d log_alpha|=6.080e-04 beta*|d KL/d log_alpha|=5.439e-03 ratio=0.112
09:03:25 | INFO |     gate pressure conv_layers.7: |d task/d log_alpha|=3.376e-04 beta*|d KL/d log_alpha|=5.439e-03 ratio=0.062
09:03:25 | INFO |     gate pressure conv_layers.8: |d task/d log_alpha|=1.562e-04 beta*|d KL/d log_alpha|=5.439e-03 ratio=0.029
09:03:25 | INFO |     gate pressure conv_layers.9: |d task/d log_alpha|=1.071e-04 beta*|d KL/d log_alpha|=5.439e-03 ratio=0.020
09:03:25 | INFO |     gate pressure conv_layers.10: |d task/d log_alpha|=9.061e-05 beta*|d KL/d log_alpha|=5.439e-03 ratio=0.017
09:03:25 | INFO |     gate pressure conv_layers.11: |d task/d log_alpha|=7.190e-05 beta*|d KL/d log_alpha|=5.439e-03 ratio=0.013
09:03:25 | INFO |     gate pressure conv_layers.12: |d task/d log_alpha|=7.714e-05 beta*|d KL/d log_alpha|=5.439e-03 ratio=0.014
09:03:49 | INFO | [bayesian_train] epoch 42/75 train_task_loss=0.1637 train_kl=8698.81 beta=0.01000 train_cost=1249354288.50 gamma=0.000000 train_acc=0.9462 val_loss=0.0382 val_acc=0.9930 time=24.8s
09:03:49 | INFO |     log_alpha: min=-2.91 median=-2.89 max=-2.89 std=0.00 frac_prunable=0.000 frac_saturated=0.000
09:04:14 | INFO | [bayesian_train] epoch 43/75 train_task_loss=0.1574 train_kl=8694.26 beta=0.01000 train_cost=1249347536.96 gamma=0.000000 train_acc=0.9488 val_loss=0.0418 val_acc=0.9914 time=25.0s
09:04:14 | INFO |     log_alpha: min=-2.91 median=-2.89 max=-2.89 std=0.00 frac_prunable=0.000 frac_saturated=0.000
09:04:39 | INFO | [bayesian_train] epoch 44/75 train_task_loss=0.1574 train_kl=8689.93 beta=0.01000 train_cost=1249341117.99 gamma=0.000000 train_acc=0.9482 val_loss=0.0426 val_acc=0.9918 time=24.8s
09:04:39 | INFO |     log_alpha: min=-2.91 median=-2.89 max=-2.89 std=0.00 frac_prunable=0.000 frac_saturated=0.000
09:05:04 | INFO | [bayesian_train] epoch 45/75 train_task_loss=0.1616 train_kl=8685.80 beta=0.01000 train_cost=1249334936.07 gamma=0.000000 train_acc=0.9471 val_loss=0.0414 val_acc=0.9910 time=24.9s
09:05:04 | INFO |     log_alpha: min=-2.91 median=-2.89 max=-2.89 std=0.00 frac_prunable=0.000 frac_saturated=0.000
09:05:29 | INFO | [bayesian_train] epoch 46/75 train_task_loss=0.1610 train_kl=8681.87 beta=0.01000 train_cost=1249329068.85 gamma=0.000000 train_acc=0.9467 val_loss=0.0418 val_acc=0.9910 time=25.0s
09:05:29 | INFO |     log_alpha: min=-2.91 median=-2.89 max=-2.89 std=0.00 frac_prunable=0.000 frac_saturated=0.000
09:05:29 | INFO |     gate pressure conv_layers.0: |d task/d log_alpha|=4.961e-04 beta*|d KL/d log_alpha|=5.442e-03 ratio=0.091
09:05:29 | INFO |     gate pressure conv_layers.1: |d task/d log_alpha|=6.801e-04 beta*|d KL/d log_alpha|=5.441e-03 ratio=0.125
09:05:29 | INFO |     gate pressure conv_layers.2: |d task/d log_alpha|=7.327e-04 beta*|d KL/d log_alpha|=5.442e-03 ratio=0.135
09:05:29 | INFO |     gate pressure conv_layers.3: |d task/d log_alpha|=7.167e-04 beta*|d KL/d log_alpha|=5.442e-03 ratio=0.132
09:05:29 | INFO |     gate pressure conv_layers.4: |d task/d log_alpha|=6.006e-04 beta*|d KL/d log_alpha|=5.444e-03 ratio=0.110
09:05:29 | INFO |     gate pressure conv_layers.5: |d task/d log_alpha|=6.465e-04 beta*|d KL/d log_alpha|=5.444e-03 ratio=0.119
09:05:29 | INFO |     gate pressure conv_layers.6: |d task/d log_alpha|=4.638e-04 beta*|d KL/d log_alpha|=5.444e-03 ratio=0.085
09:05:29 | INFO |     gate pressure conv_layers.7: |d task/d log_alpha|=2.386e-04 beta*|d KL/d log_alpha|=5.445e-03 ratio=0.044
09:05:29 | INFO |     gate pressure conv_layers.8: |d task/d log_alpha|=1.172e-04 beta*|d KL/d log_alpha|=5.445e-03 ratio=0.022
09:05:29 | INFO |     gate pressure conv_layers.9: |d task/d log_alpha|=7.738e-05 beta*|d KL/d log_alpha|=5.445e-03 ratio=0.014
09:05:29 | INFO |     gate pressure conv_layers.10: |d task/d log_alpha|=7.149e-05 beta*|d KL/d log_alpha|=5.445e-03 ratio=0.013
09:05:29 | INFO |     gate pressure conv_layers.11: |d task/d log_alpha|=5.851e-05 beta*|d KL/d log_alpha|=5.445e-03 ratio=0.011
09:05:29 | INFO |     gate pressure conv_layers.12: |d task/d log_alpha|=5.309e-05 beta*|d KL/d log_alpha|=5.445e-03 ratio=0.010
09:05:54 | INFO | [bayesian_train] epoch 47/75 train_task_loss=0.1584 train_kl=8678.14 beta=0.01000 train_cost=1249323548.81 gamma=0.000000 train_acc=0.9478 val_loss=0.0446 val_acc=0.9904 time=24.6s
09:05:54 | INFO |     log_alpha: min=-2.91 median=-2.89 max=-2.88 std=0.00 frac_prunable=0.000 frac_saturated=0.000
09:06:19 | INFO | [bayesian_train] epoch 48/75 train_task_loss=0.1543 train_kl=8674.60 beta=0.01000 train_cost=1249318236.26 gamma=0.000000 train_acc=0.9499 val_loss=0.0435 val_acc=0.9914 time=24.9s
09:06:19 | INFO |     log_alpha: min=-2.90 median=-2.88 max=-2.88 std=0.00 frac_prunable=0.000 frac_saturated=0.000
09:06:43 | INFO | [bayesian_train] epoch 49/75 train_task_loss=0.1615 train_kl=8671.25 beta=0.01000 train_cost=1249313242.07 gamma=0.000000 train_acc=0.9482 val_loss=0.0468 val_acc=0.9891 time=24.8s
09:06:43 | INFO |     log_alpha: min=-2.90 median=-2.88 max=-2.88 std=0.00 frac_prunable=0.000 frac_saturated=0.000
09:07:08 | INFO | [bayesian_train] epoch 50/75 train_task_loss=0.1610 train_kl=8668.10 beta=0.01000 train_cost=1249308571.35 gamma=0.000000 train_acc=0.9487 val_loss=0.0444 val_acc=0.9906 time=24.8s
09:07:08 | INFO |     log_alpha: min=-2.90 median=-2.88 max=-2.88 std=0.00 frac_prunable=0.000 frac_saturated=0.000
09:07:33 | INFO | [bayesian_train] epoch 51/75 train_task_loss=0.1547 train_kl=8665.14 beta=0.01000 train_cost=1249304170.12 gamma=0.000000 train_acc=0.9499 val_loss=0.0443 val_acc=0.9910 time=24.7s
09:07:33 | INFO |     log_alpha: min=-2.90 median=-2.88 max=-2.88 std=0.00 frac_prunable=0.000 frac_saturated=0.000
09:07:33 | INFO |     gate pressure conv_layers.0: |d task/d log_alpha|=3.827e-04 beta*|d KL/d log_alpha|=5.447e-03 ratio=0.070
09:07:33 | INFO |     gate pressure conv_layers.1: |d task/d log_alpha|=5.107e-04 beta*|d KL/d log_alpha|=5.446e-03 ratio=0.094
09:07:33 | INFO |     gate pressure conv_layers.2: |d task/d log_alpha|=4.546e-04 beta*|d KL/d log_alpha|=5.447e-03 ratio=0.083
09:07:33 | INFO |     gate pressure conv_layers.3: |d task/d log_alpha|=4.563e-04 beta*|d KL/d log_alpha|=5.447e-03 ratio=0.084
09:07:33 | INFO |     gate pressure conv_layers.4: |d task/d log_alpha|=4.005e-04 beta*|d KL/d log_alpha|=5.448e-03 ratio=0.074
09:07:33 | INFO |     gate pressure conv_layers.5: |d task/d log_alpha|=4.096e-04 beta*|d KL/d log_alpha|=5.448e-03 ratio=0.075
09:07:33 | INFO |     gate pressure conv_layers.6: |d task/d log_alpha|=3.261e-04 beta*|d KL/d log_alpha|=5.449e-03 ratio=0.060
09:07:33 | INFO |     gate pressure conv_layers.7: |d task/d log_alpha|=1.601e-04 beta*|d KL/d log_alpha|=5.449e-03 ratio=0.029
09:07:33 | INFO |     gate pressure conv_layers.8: |d task/d log_alpha|=8.786e-05 beta*|d KL/d log_alpha|=5.450e-03 ratio=0.016
09:07:33 | INFO |     gate pressure conv_layers.9: |d task/d log_alpha|=5.932e-05 beta*|d KL/d log_alpha|=5.450e-03 ratio=0.011
09:07:33 | INFO |     gate pressure conv_layers.10: |d task/d log_alpha|=5.587e-05 beta*|d KL/d log_alpha|=5.450e-03 ratio=0.010
09:07:33 | INFO |     gate pressure conv_layers.11: |d task/d log_alpha|=4.069e-05 beta*|d KL/d log_alpha|=5.450e-03 ratio=0.007
09:07:33 | INFO |     gate pressure conv_layers.12: |d task/d log_alpha|=4.417e-05 beta*|d KL/d log_alpha|=5.450e-03 ratio=0.008
09:07:58 | INFO | [bayesian_train] epoch 52/75 train_task_loss=0.1608 train_kl=8662.38 beta=0.01000 train_cost=1249300073.39 gamma=0.000000 train_acc=0.9476 val_loss=0.0413 val_acc=0.9918 time=24.9s
09:07:58 | INFO |     log_alpha: min=-2.90 median=-2.88 max=-2.88 std=0.00 frac_prunable=0.000 frac_saturated=0.000
09:08:23 | INFO | [bayesian_train] epoch 53/75 train_task_loss=0.1587 train_kl=8659.81 beta=0.01000 train_cost=1249296229.01 gamma=0.000000 train_acc=0.9474 val_loss=0.0397 val_acc=0.9912 time=24.9s
09:08:23 | INFO |     log_alpha: min=-2.90 median=-2.88 max=-2.88 std=0.00 frac_prunable=0.000 frac_saturated=0.000
09:08:48 | INFO | [bayesian_train] epoch 54/75 train_task_loss=0.1564 train_kl=8657.43 beta=0.01000 train_cost=1249292706.28 gamma=0.000000 train_acc=0.9493 val_loss=0.0456 val_acc=0.9896 time=24.8s
09:08:48 | INFO |     log_alpha: min=-2.90 median=-2.88 max=-2.88 std=0.00 frac_prunable=0.000 frac_saturated=0.000
09:09:12 | INFO | [bayesian_train] epoch 55/75 train_task_loss=0.1545 train_kl=8655.24 beta=0.01000 train_cost=1249289421.31 gamma=0.000000 train_acc=0.9491 val_loss=0.0444 val_acc=0.9910 time=24.6s
09:09:12 | INFO |     log_alpha: min=-2.90 median=-2.88 max=-2.87 std=0.00 frac_prunable=0.000 frac_saturated=0.000
09:09:37 | INFO | [bayesian_train] epoch 56/75 train_task_loss=0.1584 train_kl=8653.23 beta=0.01000 train_cost=1249286371.92 gamma=0.000000 train_acc=0.9488 val_loss=0.0444 val_acc=0.9904 time=24.9s
09:09:37 | INFO |     log_alpha: min=-2.90 median=-2.88 max=-2.87 std=0.00 frac_prunable=0.000 frac_saturated=0.000
09:09:37 | INFO |     gate pressure conv_layers.0: |d task/d log_alpha|=5.292e-04 beta*|d KL/d log_alpha|=5.450e-03 ratio=0.097
09:09:37 | INFO |     gate pressure conv_layers.1: |d task/d log_alpha|=5.785e-04 beta*|d KL/d log_alpha|=5.449e-03 ratio=0.106
09:09:37 | INFO |     gate pressure conv_layers.2: |d task/d log_alpha|=5.797e-04 beta*|d KL/d log_alpha|=5.450e-03 ratio=0.106
09:09:37 | INFO |     gate pressure conv_layers.3: |d task/d log_alpha|=6.340e-04 beta*|d KL/d log_alpha|=5.450e-03 ratio=0.116
09:09:37 | INFO |     gate pressure conv_layers.4: |d task/d log_alpha|=5.376e-04 beta*|d KL/d log_alpha|=5.451e-03 ratio=0.099
09:09:37 | INFO |     gate pressure conv_layers.5: |d task/d log_alpha|=5.250e-04 beta*|d KL/d log_alpha|=5.452e-03 ratio=0.096
09:09:37 | INFO |     gate pressure conv_layers.6: |d task/d log_alpha|=4.394e-04 beta*|d KL/d log_alpha|=5.452e-03 ratio=0.081
09:09:37 | INFO |     gate pressure conv_layers.7: |d task/d log_alpha|=2.383e-04 beta*|d KL/d log_alpha|=5.453e-03 ratio=0.044
09:09:37 | INFO |     gate pressure conv_layers.8: |d task/d log_alpha|=1.132e-04 beta*|d KL/d log_alpha|=5.453e-03 ratio=0.021
09:09:37 | INFO |     gate pressure conv_layers.9: |d task/d log_alpha|=8.314e-05 beta*|d KL/d log_alpha|=5.453e-03 ratio=0.015
09:09:37 | INFO |     gate pressure conv_layers.10: |d task/d log_alpha|=7.011e-05 beta*|d KL/d log_alpha|=5.453e-03 ratio=0.013
09:09:37 | INFO |     gate pressure conv_layers.11: |d task/d log_alpha|=5.946e-05 beta*|d KL/d log_alpha|=5.453e-03 ratio=0.011
09:09:37 | INFO |     gate pressure conv_layers.12: |d task/d log_alpha|=5.930e-05 beta*|d KL/d log_alpha|=5.453e-03 ratio=0.011
09:10:02 | INFO | [bayesian_train] epoch 57/75 train_task_loss=0.1562 train_kl=8651.41 beta=0.01000 train_cost=1249283718.93 gamma=0.000000 train_acc=0.9489 val_loss=0.0453 val_acc=0.9891 time=24.8s
09:10:02 | INFO |     log_alpha: min=-2.90 median=-2.87 max=-2.87 std=0.00 frac_prunable=0.000 frac_saturated=0.000
09:10:27 | INFO | [bayesian_train] epoch 58/75 train_task_loss=0.1591 train_kl=8649.77 beta=0.01000 train_cost=1249281184.09 gamma=0.000000 train_acc=0.9481 val_loss=0.0454 val_acc=0.9891 time=24.9s
09:10:27 | INFO |     log_alpha: min=-2.89 median=-2.87 max=-2.87 std=0.00 frac_prunable=0.000 frac_saturated=0.000
09:10:52 | INFO | [bayesian_train] epoch 59/75 train_task_loss=0.1575 train_kl=8648.33 beta=0.01000 train_cost=1249279017.57 gamma=0.000000 train_acc=0.9485 val_loss=0.0446 val_acc=0.9895 time=24.8s
09:10:52 | INFO |     log_alpha: min=-2.89 median=-2.87 max=-2.87 std=0.00 frac_prunable=0.000 frac_saturated=0.000
09:11:17 | INFO | [bayesian_train] epoch 60/75 train_task_loss=0.1584 train_kl=8647.03 beta=0.01000 train_cost=1249277020.26 gamma=0.000000 train_acc=0.9496 val_loss=0.0437 val_acc=0.9908 time=25.0s
09:11:17 | INFO |     log_alpha: min=-2.89 median=-2.87 max=-2.87 std=0.00 frac_prunable=0.000 frac_saturated=0.000
09:11:41 | INFO | [bayesian_train] epoch 61/75 train_task_loss=0.1506 train_kl=8645.82 beta=0.01000 train_cost=1249275328.18 gamma=0.000000 train_acc=0.9507 val_loss=0.0452 val_acc=0.9895 time=24.7s
09:11:41 | INFO |     log_alpha: min=-2.89 median=-2.87 max=-2.87 std=0.00 frac_prunable=0.000 frac_saturated=0.000
09:11:41 | INFO |     gate pressure conv_layers.0: |d task/d log_alpha|=5.977e-04 beta*|d KL/d log_alpha|=5.452e-03 ratio=0.110
09:11:41 | INFO |     gate pressure conv_layers.1: |d task/d log_alpha|=9.425e-04 beta*|d KL/d log_alpha|=5.450e-03 ratio=0.173
09:11:41 | INFO |     gate pressure conv_layers.2: |d task/d log_alpha|=8.148e-04 beta*|d KL/d log_alpha|=5.452e-03 ratio=0.149
09:11:41 | INFO |     gate pressure conv_layers.3: |d task/d log_alpha|=9.681e-04 beta*|d KL/d log_alpha|=5.452e-03 ratio=0.178
09:11:41 | INFO |     gate pressure conv_layers.4: |d task/d log_alpha|=7.492e-04 beta*|d KL/d log_alpha|=5.453e-03 ratio=0.137
09:11:41 | INFO |     gate pressure conv_layers.5: |d task/d log_alpha|=6.613e-04 beta*|d KL/d log_alpha|=5.454e-03 ratio=0.121
09:11:41 | INFO |     gate pressure conv_layers.6: |d task/d log_alpha|=5.214e-04 beta*|d KL/d log_alpha|=5.454e-03 ratio=0.096
09:11:41 | INFO |     gate pressure conv_layers.7: |d task/d log_alpha|=2.879e-04 beta*|d KL/d log_alpha|=5.455e-03 ratio=0.053
09:11:41 | INFO |     gate pressure conv_layers.8: |d task/d log_alpha|=1.480e-04 beta*|d KL/d log_alpha|=5.455e-03 ratio=0.027
09:11:41 | INFO |     gate pressure conv_layers.9: |d task/d log_alpha|=1.074e-04 beta*|d KL/d log_alpha|=5.455e-03 ratio=0.020
09:11:41 | INFO |     gate pressure conv_layers.10: |d task/d log_alpha|=7.503e-05 beta*|d KL/d log_alpha|=5.455e-03 ratio=0.014
09:11:41 | INFO |     gate pressure conv_layers.11: |d task/d log_alpha|=6.360e-05 beta*|d KL/d log_alpha|=5.455e-03 ratio=0.012
09:11:41 | INFO |     gate pressure conv_layers.12: |d task/d log_alpha|=6.134e-05 beta*|d KL/d log_alpha|=5.455e-03 ratio=0.011
09:12:06 | INFO | [bayesian_train] epoch 62/75 train_task_loss=0.1602 train_kl=8644.77 beta=0.01000 train_cost=1249273566.81 gamma=0.000000 train_acc=0.9490 val_loss=0.0432 val_acc=0.9926 time=24.8s
09:12:06 | INFO |     log_alpha: min=-2.89 median=-2.87 max=-2.87 std=0.00 frac_prunable=0.000 frac_saturated=0.000
09:12:31 | INFO | [bayesian_train] epoch 63/75 train_task_loss=0.1571 train_kl=8643.90 beta=0.01000 train_cost=1249272358.66 gamma=0.000000 train_acc=0.9471 val_loss=0.0458 val_acc=0.9896 time=24.4s
09:12:31 | INFO |     log_alpha: min=-2.89 median=-2.87 max=-2.87 std=0.00 frac_prunable=0.000 frac_saturated=0.000
09:12:55 | INFO | [bayesian_train] epoch 64/75 train_task_loss=0.1581 train_kl=8643.13 beta=0.01000 train_cost=1249271317.52 gamma=0.000000 train_acc=0.9477 val_loss=0.0401 val_acc=0.9928 time=24.3s
09:12:55 | INFO |     log_alpha: min=-2.89 median=-2.87 max=-2.87 std=0.00 frac_prunable=0.000 frac_saturated=0.000
09:13:19 | INFO | [bayesian_train] epoch 65/75 train_task_loss=0.1577 train_kl=8642.46 beta=0.01000 train_cost=1249270014.18 gamma=0.000000 train_acc=0.9477 val_loss=0.0443 val_acc=0.9916 time=24.5s
09:13:19 | INFO |     log_alpha: min=-2.89 median=-2.87 max=-2.87 std=0.00 frac_prunable=0.000 frac_saturated=0.000
09:13:44 | INFO | [bayesian_train] epoch 66/75 train_task_loss=0.1508 train_kl=8641.88 beta=0.01000 train_cost=1249269217.73 gamma=0.000000 train_acc=0.9502 val_loss=0.0417 val_acc=0.9896 time=24.2s
09:13:44 | INFO |     log_alpha: min=-2.89 median=-2.87 max=-2.87 std=0.00 frac_prunable=0.000 frac_saturated=0.000
09:13:44 | INFO |     gate pressure conv_layers.0: |d task/d log_alpha|=4.894e-04 beta*|d KL/d log_alpha|=5.453e-03 ratio=0.090
09:13:44 | INFO |     gate pressure conv_layers.1: |d task/d log_alpha|=6.981e-04 beta*|d KL/d log_alpha|=5.451e-03 ratio=0.128
09:13:44 | INFO |     gate pressure conv_layers.2: |d task/d log_alpha|=6.422e-04 beta*|d KL/d log_alpha|=5.453e-03 ratio=0.118
09:13:44 | INFO |     gate pressure conv_layers.3: |d task/d log_alpha|=6.897e-04 beta*|d KL/d log_alpha|=5.453e-03 ratio=0.126
09:13:44 | INFO |     gate pressure conv_layers.4: |d task/d log_alpha|=5.656e-04 beta*|d KL/d log_alpha|=5.454e-03 ratio=0.104
09:13:44 | INFO |     gate pressure conv_layers.5: |d task/d log_alpha|=5.498e-04 beta*|d KL/d log_alpha|=5.455e-03 ratio=0.101
09:13:44 | INFO |     gate pressure conv_layers.6: |d task/d log_alpha|=4.255e-04 beta*|d KL/d log_alpha|=5.455e-03 ratio=0.078
09:13:44 | INFO |     gate pressure conv_layers.7: |d task/d log_alpha|=2.005e-04 beta*|d KL/d log_alpha|=5.456e-03 ratio=0.037
09:13:44 | INFO |     gate pressure conv_layers.8: |d task/d log_alpha|=1.126e-04 beta*|d KL/d log_alpha|=5.456e-03 ratio=0.021
09:13:44 | INFO |     gate pressure conv_layers.9: |d task/d log_alpha|=6.959e-05 beta*|d KL/d log_alpha|=5.456e-03 ratio=0.013
09:13:44 | INFO |     gate pressure conv_layers.10: |d task/d log_alpha|=5.867e-05 beta*|d KL/d log_alpha|=5.456e-03 ratio=0.011
09:13:44 | INFO |     gate pressure conv_layers.11: |d task/d log_alpha|=4.492e-05 beta*|d KL/d log_alpha|=5.456e-03 ratio=0.008
09:13:44 | INFO |     gate pressure conv_layers.12: |d task/d log_alpha|=4.661e-05 beta*|d KL/d log_alpha|=5.456e-03 ratio=0.009
09:14:08 | INFO | [bayesian_train] epoch 67/75 train_task_loss=0.1600 train_kl=8641.41 beta=0.01000 train_cost=1249268546.01 gamma=0.000000 train_acc=0.9480 val_loss=0.0439 val_acc=0.9922 time=24.4s
09:14:08 | INFO |     log_alpha: min=-2.89 median=-2.87 max=-2.87 std=0.00 frac_prunable=0.000 frac_saturated=0.000
09:14:33 | INFO | [bayesian_train] epoch 68/75 train_task_loss=0.1573 train_kl=8641.02 beta=0.01000 train_cost=1249268043.49 gamma=0.000000 train_acc=0.9479 val_loss=0.0421 val_acc=0.9906 time=24.5s
09:14:33 | INFO |     log_alpha: min=-2.89 median=-2.87 max=-2.87 std=0.00 frac_prunable=0.000 frac_saturated=0.000
09:14:57 | INFO | [bayesian_train] epoch 69/75 train_task_loss=0.1571 train_kl=8640.73 beta=0.01000 train_cost=1249267621.93 gamma=0.000000 train_acc=0.9482 val_loss=0.0429 val_acc=0.9930 time=24.3s
09:14:57 | INFO |     log_alpha: min=-2.89 median=-2.87 max=-2.87 std=0.00 frac_prunable=0.000 frac_saturated=0.000
09:15:21 | INFO | [bayesian_train] epoch 70/75 train_task_loss=0.1545 train_kl=8640.54 beta=0.01000 train_cost=1249267359.36 gamma=0.000000 train_acc=0.9495 val_loss=0.0434 val_acc=0.9904 time=24.3s
09:15:21 | INFO |     log_alpha: min=-2.89 median=-2.87 max=-2.87 std=0.00 frac_prunable=0.000 frac_saturated=0.000
09:15:45 | INFO | [bayesian_train] epoch 71/75 train_task_loss=0.1546 train_kl=8640.35 beta=0.01000 train_cost=1249267130.35 gamma=0.000000 train_acc=0.9478 val_loss=0.0420 val_acc=0.9918 time=24.2s
09:15:45 | INFO |     log_alpha: min=-2.89 median=-2.87 max=-2.87 std=0.00 frac_prunable=0.000 frac_saturated=0.000
09:15:45 | INFO |     gate pressure conv_layers.0: |d task/d log_alpha|=3.158e-04 beta*|d KL/d log_alpha|=5.453e-03 ratio=0.058
09:15:45 | INFO |     gate pressure conv_layers.1: |d task/d log_alpha|=4.933e-04 beta*|d KL/d log_alpha|=5.452e-03 ratio=0.090
09:15:45 | INFO |     gate pressure conv_layers.2: |d task/d log_alpha|=4.653e-04 beta*|d KL/d log_alpha|=5.453e-03 ratio=0.085
09:15:45 | INFO |     gate pressure conv_layers.3: |d task/d log_alpha|=5.546e-04 beta*|d KL/d log_alpha|=5.453e-03 ratio=0.102
09:15:45 | INFO |     gate pressure conv_layers.4: |d task/d log_alpha|=4.449e-04 beta*|d KL/d log_alpha|=5.455e-03 ratio=0.082
09:15:45 | INFO |     gate pressure conv_layers.5: |d task/d log_alpha|=4.301e-04 beta*|d KL/d log_alpha|=5.455e-03 ratio=0.079
09:15:45 | INFO |     gate pressure conv_layers.6: |d task/d log_alpha|=3.417e-04 beta*|d KL/d log_alpha|=5.455e-03 ratio=0.063
09:15:45 | INFO |     gate pressure conv_layers.7: |d task/d log_alpha|=1.780e-04 beta*|d KL/d log_alpha|=5.456e-03 ratio=0.033
09:15:45 | INFO |     gate pressure conv_layers.8: |d task/d log_alpha|=9.811e-05 beta*|d KL/d log_alpha|=5.456e-03 ratio=0.018
09:15:45 | INFO |     gate pressure conv_layers.9: |d task/d log_alpha|=6.538e-05 beta*|d KL/d log_alpha|=5.456e-03 ratio=0.012
09:15:45 | INFO |     gate pressure conv_layers.10: |d task/d log_alpha|=5.908e-05 beta*|d KL/d log_alpha|=5.456e-03 ratio=0.011
09:15:45 | INFO |     gate pressure conv_layers.11: |d task/d log_alpha|=4.461e-05 beta*|d KL/d log_alpha|=5.456e-03 ratio=0.008
09:15:45 | INFO |     gate pressure conv_layers.12: |d task/d log_alpha|=4.585e-05 beta*|d KL/d log_alpha|=5.456e-03 ratio=0.008
09:16:10 | INFO | [bayesian_train] epoch 72/75 train_task_loss=0.1540 train_kl=8640.25 beta=0.01000 train_cost=1249266944.00 gamma=0.000000 train_acc=0.9491 val_loss=0.0445 val_acc=0.9900 time=24.3s
09:16:10 | INFO |     log_alpha: min=-2.89 median=-2.87 max=-2.87 std=0.00 frac_prunable=0.000 frac_saturated=0.000
09:16:34 | INFO | [bayesian_train] epoch 73/75 train_task_loss=0.1576 train_kl=8640.25 beta=0.01000 train_cost=1249266944.00 gamma=0.000000 train_acc=0.9481 val_loss=0.0426 val_acc=0.9906 time=24.4s
09:16:34 | INFO |     log_alpha: min=-2.89 median=-2.87 max=-2.87 std=0.00 frac_prunable=0.000 frac_saturated=0.000
09:16:58 | INFO | [bayesian_train] epoch 74/75 train_task_loss=0.1573 train_kl=8640.25 beta=0.01000 train_cost=1249266944.00 gamma=0.000000 train_acc=0.9486 val_loss=0.0473 val_acc=0.9889 time=24.4s
09:16:58 | INFO |     log_alpha: min=-2.89 median=-2.87 max=-2.87 std=0.00 frac_prunable=0.000 frac_saturated=0.000
09:17:23 | INFO | [bayesian_train] epoch 75/75 train_task_loss=0.1590 train_kl=8640.25 beta=0.01000 train_cost=1249266944.00 gamma=0.000000 train_acc=0.9480 val_loss=0.0407 val_acc=0.9910 time=24.5s
09:17:23 | INFO |     log_alpha: min=-2.89 median=-2.87 max=-2.87 std=0.00 frac_prunable=0.000 frac_saturated=0.000

Gate ranking: NOT USABLE (log_alpha std is 0.002 across 4224 gates, so they never differentiated from each other and the ranking is close to arbitrary)
09:17:24 | INFO | Gate ranking after training: NOT USABLE -- log_alpha std is 0.002 across 4224 gates, so they never differentiated from each other and the ranking is close to arbitrary
