13:44:51 | INFO | Model built with 11177866 parameters (gates excluded from count).
13:50:08 | INFO | [pretrain] epoch 1/120 train_task_loss=2.3901 train_kl=8259.26 beta=0.00000 train_acc=0.1286 val_loss=2.3026 val_acc=0.0979 time=308.3s
13:54:53 | INFO | [pretrain] epoch 2/120 train_task_loss=2.2424 train_kl=8259.26 beta=0.00000 train_acc=0.1645 val_loss=2.2774 val_acc=0.1092 time=285.8s
13:59:38 | INFO | [pretrain] epoch 3/120 train_task_loss=2.0578 train_kl=8259.26 beta=0.00000 train_acc=0.2578 val_loss=2.0605 val_acc=0.2757 time=284.6s
14:04:25 | INFO | [pretrain] epoch 4/120 train_task_loss=1.5267 train_kl=8259.26 beta=0.00000 train_acc=0.4416 val_loss=1.9096 val_acc=0.3683 time=286.7s
14:09:13 | INFO | [pretrain] epoch 5/120 train_task_loss=1.2721 train_kl=8259.26 beta=0.00000 train_acc=0.5380 val_loss=1.5437 val_acc=0.4745 time=288.0s
14:14:00 | INFO | [pretrain] epoch 6/120 train_task_loss=1.1466 train_kl=8259.26 beta=0.00000 train_acc=0.5877 val_loss=1.5051 val_acc=0.4792 time=287.1s
14:18:46 | INFO | [pretrain] epoch 7/120 train_task_loss=1.0524 train_kl=8259.26 beta=0.00000 train_acc=0.6252 val_loss=1.3882 val_acc=0.5216 time=286.0s
14:23:33 | INFO | [pretrain] epoch 8/120 train_task_loss=0.9669 train_kl=8259.26 beta=0.00000 train_acc=0.6609 val_loss=0.9672 val_acc=0.6671 time=286.8s
14:28:19 | INFO | [pretrain] epoch 9/120 train_task_loss=0.8864 train_kl=8259.26 beta=0.00000 train_acc=0.6944 val_loss=0.9374 val_acc=0.6731 time=285.9s
14:33:12 | INFO | [pretrain] epoch 10/120 train_task_loss=0.8223 train_kl=8259.26 beta=0.00000 train_acc=0.7211 val_loss=1.0608 val_acc=0.5744 time=293.5s
14:37:59 | INFO | [pretrain] epoch 11/120 train_task_loss=0.7598 train_kl=8259.26 beta=0.00000 train_acc=0.7447 val_loss=0.7968 val_acc=0.7326 time=286.7s
14:42:47 | INFO | [pretrain] epoch 12/120 train_task_loss=0.7017 train_kl=8259.26 beta=0.00000 train_acc=0.7660 val_loss=0.8458 val_acc=0.7100 time=287.4s
14:47:34 | INFO | [pretrain] epoch 13/120 train_task_loss=0.6643 train_kl=8259.26 beta=0.00000 train_acc=0.7800 val_loss=0.7451 val_acc=0.7490 time=287.5s
14:52:24 | INFO | [pretrain] epoch 14/120 train_task_loss=0.6283 train_kl=8259.26 beta=0.00000 train_acc=0.7904 val_loss=0.6099 val_acc=0.7765 time=289.6s
14:57:10 | INFO | [pretrain] epoch 15/120 train_task_loss=0.5975 train_kl=8259.26 beta=0.00000 train_acc=0.8027 val_loss=0.7043 val_acc=0.7508 time=286.6s
15:01:59 | INFO | [pretrain] epoch 16/120 train_task_loss=0.5696 train_kl=8259.26 beta=0.00000 train_acc=0.8119 val_loss=0.6527 val_acc=0.7718 time=288.7s
15:06:52 | INFO | [pretrain] epoch 17/120 train_task_loss=0.5461 train_kl=8259.26 beta=0.00000 train_acc=0.8192 val_loss=0.7178 val_acc=0.7593 time=292.9s
15:11:36 | INFO | [pretrain] epoch 18/120 train_task_loss=0.5192 train_kl=8259.26 beta=0.00000 train_acc=0.8296 val_loss=0.6078 val_acc=0.7886 time=284.3s
15:16:21 | INFO | [pretrain] epoch 19/120 train_task_loss=0.5046 train_kl=8259.26 beta=0.00000 train_acc=0.8353 val_loss=0.6775 val_acc=0.7700 time=285.1s
15:21:11 | INFO | [pretrain] epoch 20/120 train_task_loss=0.4973 train_kl=8259.26 beta=0.00000 train_acc=0.8357 val_loss=0.5428 val_acc=0.8200 time=289.0s
15:25:55 | INFO | [pretrain] epoch 21/120 train_task_loss=0.4742 train_kl=8259.26 beta=0.00000 train_acc=0.8456 val_loss=0.5910 val_acc=0.8080 time=284.7s
15:30:39 | INFO | [pretrain] epoch 22/120 train_task_loss=0.4599 train_kl=8259.26 beta=0.00000 train_acc=0.8488 val_loss=0.5953 val_acc=0.8006 time=284.0s
15:35:23 | INFO | [pretrain] epoch 23/120 train_task_loss=0.4460 train_kl=8259.26 beta=0.00000 train_acc=0.8546 val_loss=0.5419 val_acc=0.8228 time=284.1s
15:40:09 | INFO | [pretrain] epoch 24/120 train_task_loss=0.4351 train_kl=8259.26 beta=0.00000 train_acc=0.8608 val_loss=0.5077 val_acc=0.8374 time=285.6s
15:44:54 | INFO | [pretrain] epoch 25/120 train_task_loss=0.4258 train_kl=8259.26 beta=0.00000 train_acc=0.8609 val_loss=0.5088 val_acc=0.8269 time=284.8s
15:49:38 | INFO | [pretrain] epoch 26/120 train_task_loss=0.4109 train_kl=8259.26 beta=0.00000 train_acc=0.8667 val_loss=0.5018 val_acc=0.8348 time=283.9s
15:54:22 | INFO | [pretrain] epoch 27/120 train_task_loss=0.4006 train_kl=8259.26 beta=0.00000 train_acc=0.8690 val_loss=0.5301 val_acc=0.8218 time=284.1s
15:59:06 | INFO | [pretrain] epoch 28/120 train_task_loss=0.3931 train_kl=8259.26 beta=0.00000 train_acc=0.8718 val_loss=0.5715 val_acc=0.8252 time=284.0s
16:03:51 | INFO | [pretrain] epoch 29/120 train_task_loss=0.3754 train_kl=8259.26 beta=0.00000 train_acc=0.8787 val_loss=0.6517 val_acc=0.7894 time=285.1s
16:08:36 | INFO | [pretrain] epoch 30/120 train_task_loss=0.3706 train_kl=8259.26 beta=0.00000 train_acc=0.8803 val_loss=0.5524 val_acc=0.8267 time=284.6s
16:13:43 | INFO | [pretrain] epoch 31/120 train_task_loss=0.3624 train_kl=8259.26 beta=0.00000 train_acc=0.8835 val_loss=0.5965 val_acc=0.8169 time=307.7s
16:18:36 | INFO | [pretrain] epoch 32/120 train_task_loss=0.3516 train_kl=8259.26 beta=0.00000 train_acc=0.8874 val_loss=0.5457 val_acc=0.8224 time=292.9s
16:23:32 | INFO | [pretrain] epoch 33/120 train_task_loss=0.3481 train_kl=8259.26 beta=0.00000 train_acc=0.8899 val_loss=0.5784 val_acc=0.8167 time=295.8s
16:28:28 | INFO | [pretrain] epoch 34/120 train_task_loss=0.3371 train_kl=8259.26 beta=0.00000 train_acc=0.8921 val_loss=0.4786 val_acc=0.8511 time=296.1s
16:33:15 | INFO | [pretrain] epoch 35/120 train_task_loss=0.3284 train_kl=8259.26 beta=0.00000 train_acc=0.8956 val_loss=0.4874 val_acc=0.8479 time=287.1s
16:38:01 | INFO | [pretrain] epoch 36/120 train_task_loss=0.3226 train_kl=8259.26 beta=0.00000 train_acc=0.8968 val_loss=0.5342 val_acc=0.8406 time=285.9s
16:42:55 | INFO | [pretrain] epoch 37/120 train_task_loss=0.3165 train_kl=8259.26 beta=0.00000 train_acc=0.9003 val_loss=0.4967 val_acc=0.8406 time=293.6s
16:47:46 | INFO | [pretrain] epoch 38/120 train_task_loss=0.3133 train_kl=8259.26 beta=0.00000 train_acc=0.8998 val_loss=0.5241 val_acc=0.8319 time=291.1s
16:52:32 | INFO | [pretrain] epoch 39/120 train_task_loss=0.3054 train_kl=8259.26 beta=0.00000 train_acc=0.9028 val_loss=0.4812 val_acc=0.8453 time=286.2s
16:57:19 | INFO | [pretrain] epoch 40/120 train_task_loss=0.2976 train_kl=8259.26 beta=0.00000 train_acc=0.9057 val_loss=0.4869 val_acc=0.8536 time=286.6s
17:02:03 | INFO | [pretrain] epoch 41/120 train_task_loss=0.2940 train_kl=8259.26 beta=0.00000 train_acc=0.9059 val_loss=0.4212 val_acc=0.8643 time=284.2s
17:06:49 | INFO | [pretrain] epoch 42/120 train_task_loss=0.2840 train_kl=8259.26 beta=0.00000 train_acc=0.9101 val_loss=0.4351 val_acc=0.8683 time=285.6s
17:11:34 | INFO | [pretrain] epoch 43/120 train_task_loss=0.2824 train_kl=8259.26 beta=0.00000 train_acc=0.9107 val_loss=0.5512 val_acc=0.8378 time=285.4s
17:16:25 | INFO | [pretrain] epoch 44/120 train_task_loss=0.2710 train_kl=8259.26 beta=0.00000 train_acc=0.9150 val_loss=0.3966 val_acc=0.8736 time=291.0s
17:21:15 | INFO | [pretrain] epoch 45/120 train_task_loss=0.2639 train_kl=8259.26 beta=0.00000 train_acc=0.9172 val_loss=0.4683 val_acc=0.8503 time=289.6s
17:26:02 | INFO | [pretrain] epoch 46/120 train_task_loss=0.2627 train_kl=8259.26 beta=0.00000 train_acc=0.9176 val_loss=0.5116 val_acc=0.8424 time=286.9s
17:30:48 | INFO | [pretrain] epoch 47/120 train_task_loss=0.2566 train_kl=8259.26 beta=0.00000 train_acc=0.9197 val_loss=0.4686 val_acc=0.8574 time=286.4s
17:35:40 | INFO | [pretrain] epoch 48/120 train_task_loss=0.2507 train_kl=8259.26 beta=0.00000 train_acc=0.9205 val_loss=0.4565 val_acc=0.8586 time=291.5s
17:40:27 | INFO | [pretrain] epoch 49/120 train_task_loss=0.2403 train_kl=8259.26 beta=0.00000 train_acc=0.9258 val_loss=0.4570 val_acc=0.8617 time=287.5s
17:45:13 | INFO | [pretrain] epoch 50/120 train_task_loss=0.2403 train_kl=8259.26 beta=0.00000 train_acc=0.9243 val_loss=0.4843 val_acc=0.8608 time=285.9s
17:49:59 | INFO | [pretrain] epoch 51/120 train_task_loss=0.2350 train_kl=8259.26 beta=0.00000 train_acc=0.9262 val_loss=0.4535 val_acc=0.8623 time=285.2s
17:54:45 | INFO | [pretrain] epoch 52/120 train_task_loss=0.2253 train_kl=8259.26 beta=0.00000 train_acc=0.9298 val_loss=0.3853 val_acc=0.8807 time=286.0s
17:59:30 | INFO | [pretrain] epoch 53/120 train_task_loss=0.2197 train_kl=8259.26 beta=0.00000 train_acc=0.9320 val_loss=0.4605 val_acc=0.8631 time=285.8s
18:04:16 | INFO | [pretrain] epoch 54/120 train_task_loss=0.2168 train_kl=8259.26 beta=0.00000 train_acc=0.9333 val_loss=0.4058 val_acc=0.8809 time=286.1s
18:09:02 | INFO | [pretrain] epoch 55/120 train_task_loss=0.2123 train_kl=8259.26 beta=0.00000 train_acc=0.9340 val_loss=0.4964 val_acc=0.8633 time=285.2s
18:13:50 | INFO | [pretrain] epoch 56/120 train_task_loss=0.2033 train_kl=8259.26 beta=0.00000 train_acc=0.9371 val_loss=0.4464 val_acc=0.8671 time=288.1s
18:18:36 | INFO | [pretrain] epoch 57/120 train_task_loss=0.1955 train_kl=8259.26 beta=0.00000 train_acc=0.9390 val_loss=0.4635 val_acc=0.8738 time=286.5s
18:23:34 | INFO | [pretrain] epoch 58/120 train_task_loss=0.1943 train_kl=8259.26 beta=0.00000 train_acc=0.9399 val_loss=0.4610 val_acc=0.8617 time=297.4s
18:28:21 | INFO | [pretrain] epoch 59/120 train_task_loss=0.1866 train_kl=8259.26 beta=0.00000 train_acc=0.9423 val_loss=0.4488 val_acc=0.8726 time=287.6s
18:33:20 | INFO | [pretrain] epoch 60/120 train_task_loss=0.1837 train_kl=8259.26 beta=0.00000 train_acc=0.9445 val_loss=0.4869 val_acc=0.8627 time=298.4s
18:38:09 | INFO | [pretrain] epoch 61/120 train_task_loss=0.1789 train_kl=8259.26 beta=0.00000 train_acc=0.9457 val_loss=0.4702 val_acc=0.8631 time=289.2s
18:42:55 | INFO | [pretrain] epoch 62/120 train_task_loss=0.1710 train_kl=8259.26 beta=0.00000 train_acc=0.9476 val_loss=0.5065 val_acc=0.8608 time=286.2s
18:47:41 | INFO | [pretrain] epoch 63/120 train_task_loss=0.1677 train_kl=8259.26 beta=0.00000 train_acc=0.9483 val_loss=0.4444 val_acc=0.8730 time=286.0s
18:52:27 | INFO | [pretrain] epoch 64/120 train_task_loss=0.1640 train_kl=8259.26 beta=0.00000 train_acc=0.9497 val_loss=0.4660 val_acc=0.8669 time=286.1s
18:57:13 | INFO | [pretrain] epoch 65/120 train_task_loss=0.1623 train_kl=8259.26 beta=0.00000 train_acc=0.9511 val_loss=0.5165 val_acc=0.8588 time=285.9s
19:01:59 | INFO | [pretrain] epoch 66/120 train_task_loss=0.1535 train_kl=8259.26 beta=0.00000 train_acc=0.9539 val_loss=0.4608 val_acc=0.8706 time=286.1s
19:06:46 | INFO | [pretrain] epoch 67/120 train_task_loss=0.1519 train_kl=8259.26 beta=0.00000 train_acc=0.9543 val_loss=0.3970 val_acc=0.8908 time=286.5s
19:11:36 | INFO | [pretrain] epoch 68/120 train_task_loss=0.1467 train_kl=8259.26 beta=0.00000 train_acc=0.9558 val_loss=0.4854 val_acc=0.8720 time=290.3s
19:16:24 | INFO | [pretrain] epoch 69/120 train_task_loss=0.1384 train_kl=8259.26 beta=0.00000 train_acc=0.9593 val_loss=0.4150 val_acc=0.8817 time=287.8s
19:21:13 | INFO | [pretrain] epoch 70/120 train_task_loss=0.1343 train_kl=8259.26 beta=0.00000 train_acc=0.9603 val_loss=0.7997 val_acc=0.8083 time=288.7s
19:26:10 | INFO | [pretrain] epoch 71/120 train_task_loss=0.1317 train_kl=8259.26 beta=0.00000 train_acc=0.9608 val_loss=0.5080 val_acc=0.8576 time=297.3s
19:30:58 | INFO | [pretrain] epoch 72/120 train_task_loss=0.1239 train_kl=8259.26 beta=0.00000 train_acc=0.9630 val_loss=0.6704 val_acc=0.8364 time=287.9s
19:35:45 | INFO | [pretrain] epoch 73/120 train_task_loss=0.1175 train_kl=8259.26 beta=0.00000 train_acc=0.9654 val_loss=0.4568 val_acc=0.8778 time=287.4s
19:40:35 | INFO | [pretrain] epoch 74/120 train_task_loss=0.1182 train_kl=8259.26 beta=0.00000 train_acc=0.9649 val_loss=0.5150 val_acc=0.8657 time=289.2s
19:45:58 | INFO | [pretrain] epoch 75/120 train_task_loss=0.1145 train_kl=8259.26 beta=0.00000 train_acc=0.9656 val_loss=0.4183 val_acc=0.8877 time=323.3s
19:50:49 | INFO | [pretrain] epoch 76/120 train_task_loss=0.1100 train_kl=8259.26 beta=0.00000 train_acc=0.9680 val_loss=0.5832 val_acc=0.8667 time=290.7s
19:55:36 | INFO | [pretrain] epoch 77/120 train_task_loss=0.1035 train_kl=8259.26 beta=0.00000 train_acc=0.9697 val_loss=0.6637 val_acc=0.8428 time=287.2s
20:00:24 | INFO | [pretrain] epoch 78/120 train_task_loss=0.0995 train_kl=8259.26 beta=0.00000 train_acc=0.9707 val_loss=0.4418 val_acc=0.8898 time=288.4s
20:05:11 | INFO | [pretrain] epoch 79/120 train_task_loss=0.0929 train_kl=8259.26 beta=0.00000 train_acc=0.9728 val_loss=0.5307 val_acc=0.8681 time=287.2s
20:09:59 | INFO | [pretrain] epoch 80/120 train_task_loss=0.0864 train_kl=8259.26 beta=0.00000 train_acc=0.9750 val_loss=0.4940 val_acc=0.8833 time=287.5s
20:14:49 | INFO | [pretrain] epoch 81/120 train_task_loss=0.0874 train_kl=8259.26 beta=0.00000 train_acc=0.9745 val_loss=0.4466 val_acc=0.8829 time=289.8s
20:19:41 | INFO | [pretrain] epoch 82/120 train_task_loss=0.0850 train_kl=8259.26 beta=0.00000 train_acc=0.9747 val_loss=0.5580 val_acc=0.8645 time=292.6s
20:24:35 | INFO | [pretrain] epoch 83/120 train_task_loss=0.0807 train_kl=8259.26 beta=0.00000 train_acc=0.9770 val_loss=0.4611 val_acc=0.8805 time=293.3s
20:29:27 | INFO | [pretrain] epoch 84/120 train_task_loss=0.0745 train_kl=8259.26 beta=0.00000 train_acc=0.9790 val_loss=0.5724 val_acc=0.8675 time=292.4s
20:34:16 | INFO | [pretrain] epoch 85/120 train_task_loss=0.0705 train_kl=8259.26 beta=0.00000 train_acc=0.9797 val_loss=0.7241 val_acc=0.8226 time=288.9s
20:39:05 | INFO | [pretrain] epoch 86/120 train_task_loss=0.0670 train_kl=8259.26 beta=0.00000 train_acc=0.9807 val_loss=0.6243 val_acc=0.8594 time=288.5s
20:43:57 | INFO | [pretrain] epoch 87/120 train_task_loss=0.0637 train_kl=8259.26 beta=0.00000 train_acc=0.9820 val_loss=0.5522 val_acc=0.8748 time=292.9s
20:48:46 | INFO | [pretrain] epoch 88/120 train_task_loss=0.0615 train_kl=8259.26 beta=0.00000 train_acc=0.9826 val_loss=0.5431 val_acc=0.8712 time=288.5s
20:53:42 | INFO | [pretrain] epoch 89/120 train_task_loss=0.0576 train_kl=8259.26 beta=0.00000 train_acc=0.9831 val_loss=0.8313 val_acc=0.8232 time=295.6s
20:58:30 | INFO | [pretrain] epoch 90/120 train_task_loss=0.0563 train_kl=8259.26 beta=0.00000 train_acc=0.9841 val_loss=0.4884 val_acc=0.8843 time=288.4s
21:03:18 | INFO | [pretrain] epoch 91/120 train_task_loss=0.0546 train_kl=8259.26 beta=0.00000 train_acc=0.9848 val_loss=0.4958 val_acc=0.8902 time=287.6s
21:08:03 | INFO | [pretrain] epoch 92/120 train_task_loss=0.0506 train_kl=8259.26 beta=0.00000 train_acc=0.9858 val_loss=0.6237 val_acc=0.8580 time=285.4s
21:12:49 | INFO | [pretrain] epoch 93/120 train_task_loss=0.0473 train_kl=8259.26 beta=0.00000 train_acc=0.9869 val_loss=0.6265 val_acc=0.8612 time=286.4s
21:17:37 | INFO | [pretrain] epoch 94/120 train_task_loss=0.0452 train_kl=8259.26 beta=0.00000 train_acc=0.9875 val_loss=0.6032 val_acc=0.8685 time=287.5s
21:22:24 | INFO | [pretrain] epoch 95/120 train_task_loss=0.0407 train_kl=8259.26 beta=0.00000 train_acc=0.9890 val_loss=0.4889 val_acc=0.8908 time=286.8s
21:27:11 | INFO | [pretrain] epoch 96/120 train_task_loss=0.0384 train_kl=8259.26 beta=0.00000 train_acc=0.9889 val_loss=0.5605 val_acc=0.8716 time=287.0s
21:31:58 | INFO | [pretrain] epoch 97/120 train_task_loss=0.0385 train_kl=8259.26 beta=0.00000 train_acc=0.9897 val_loss=0.6301 val_acc=0.8673 time=286.9s
21:36:44 | INFO | [pretrain] epoch 98/120 train_task_loss=0.0339 train_kl=8259.26 beta=0.00000 train_acc=0.9904 val_loss=0.4690 val_acc=0.8920 time=286.1s
21:41:31 | INFO | [pretrain] epoch 99/120 train_task_loss=0.0305 train_kl=8259.26 beta=0.00000 train_acc=0.9917 val_loss=0.5986 val_acc=0.8728 time=286.8s
21:46:16 | INFO | [pretrain] epoch 100/120 train_task_loss=0.0296 train_kl=8259.26 beta=0.00000 train_acc=0.9921 val_loss=0.6048 val_acc=0.8669 time=285.1s
21:51:14 | INFO | [pretrain] epoch 101/120 train_task_loss=0.0286 train_kl=8259.26 beta=0.00000 train_acc=0.9924 val_loss=0.6982 val_acc=0.8521 time=297.9s
21:56:01 | INFO | [pretrain] epoch 102/120 train_task_loss=0.0269 train_kl=8259.26 beta=0.00000 train_acc=0.9925 val_loss=0.6488 val_acc=0.8657 time=286.8s
22:00:51 | INFO | [pretrain] epoch 103/120 train_task_loss=0.0256 train_kl=8259.26 beta=0.00000 train_acc=0.9925 val_loss=0.5167 val_acc=0.8920 time=290.7s
22:05:39 | INFO | [pretrain] epoch 104/120 train_task_loss=0.0234 train_kl=8259.26 beta=0.00000 train_acc=0.9937 val_loss=0.6987 val_acc=0.8594 time=287.4s
22:10:26 | INFO | [pretrain] epoch 105/120 train_task_loss=0.0230 train_kl=8259.26 beta=0.00000 train_acc=0.9934 val_loss=0.5170 val_acc=0.8902 time=287.3s
22:15:13 | INFO | [pretrain] epoch 106/120 train_task_loss=0.0222 train_kl=8259.26 beta=0.00000 train_acc=0.9935 val_loss=0.6590 val_acc=0.8742 time=287.4s
22:20:02 | INFO | [pretrain] epoch 107/120 train_task_loss=0.0225 train_kl=8259.26 beta=0.00000 train_acc=0.9938 val_loss=0.6118 val_acc=0.8762 time=288.4s
22:24:50 | INFO | [pretrain] epoch 108/120 train_task_loss=0.0222 train_kl=8259.26 beta=0.00000 train_acc=0.9938 val_loss=0.5758 val_acc=0.8892 time=288.0s
22:29:38 | INFO | [pretrain] epoch 109/120 train_task_loss=0.0197 train_kl=8259.26 beta=0.00000 train_acc=0.9944 val_loss=0.6965 val_acc=0.8744 time=288.3s
22:34:26 | INFO | [pretrain] epoch 110/120 train_task_loss=0.0186 train_kl=8259.26 beta=0.00000 train_acc=0.9951 val_loss=0.6896 val_acc=0.8649 time=288.3s
22:39:14 | INFO | [pretrain] epoch 111/120 train_task_loss=0.0183 train_kl=8259.26 beta=0.00000 train_acc=0.9946 val_loss=0.5800 val_acc=0.8823 time=287.3s
22:44:02 | INFO | [pretrain] epoch 112/120 train_task_loss=0.0169 train_kl=8259.26 beta=0.00000 train_acc=0.9951 val_loss=0.5835 val_acc=0.8884 time=288.3s
22:48:49 | INFO | [pretrain] epoch 113/120 train_task_loss=0.0164 train_kl=8259.26 beta=0.00000 train_acc=0.9956 val_loss=0.5693 val_acc=0.8833 time=286.9s
22:53:36 | INFO | [pretrain] epoch 114/120 train_task_loss=0.0167 train_kl=8259.26 beta=0.00000 train_acc=0.9958 val_loss=0.6052 val_acc=0.8827 time=287.6s
22:58:37 | INFO | [pretrain] epoch 115/120 train_task_loss=0.0164 train_kl=8259.26 beta=0.00000 train_acc=0.9956 val_loss=0.5661 val_acc=0.8867 time=300.1s
23:03:26 | INFO | [pretrain] epoch 116/120 train_task_loss=0.0160 train_kl=8259.26 beta=0.00000 train_acc=0.9955 val_loss=0.5277 val_acc=0.8975 time=289.3s
23:08:14 | INFO | [pretrain] epoch 117/120 train_task_loss=0.0161 train_kl=8259.26 beta=0.00000 train_acc=0.9960 val_loss=0.6516 val_acc=0.8766 time=288.4s
23:13:05 | INFO | [pretrain] epoch 118/120 train_task_loss=0.0166 train_kl=8259.26 beta=0.00000 train_acc=0.9953 val_loss=0.6472 val_acc=0.8752 time=291.2s
23:17:54 | INFO | [pretrain] epoch 119/120 train_task_loss=0.0152 train_kl=8259.26 beta=0.00000 train_acc=0.9960 val_loss=0.5907 val_acc=0.8886 time=288.9s
23:22:42 | INFO | [pretrain] epoch 120/120 train_task_loss=0.0153 train_kl=8259.26 beta=0.00000 train_acc=0.9961 val_loss=0.6159 val_acc=0.8821 time=287.6s
23:22:57 | INFO | Post-pretrain validation accuracy: 0.8975
23:23:46 | INFO | Test accuracy before Bayesian conversion: 0.8926
23:23:46 | INFO | Bayesian gates activated on every structurally-prunable layer.
23:29:37 | INFO | [bayesian_train] epoch 1/120 train_task_loss=0.2662 train_kl=8260.92 beta=0.00000 train_acc=0.9156 val_loss=0.6695 val_acc=0.8200 time=351.2s
23:29:38 | INFO |     log_alpha: min=-3.14 median=-3.00 max=-2.95 frac_prunable=0.000
23:35:27 | INFO | [bayesian_train] epoch 2/120 train_task_loss=0.2858 train_kl=7835.04 beta=0.00333 train_acc=0.9113 val_loss=0.7161 val_acc=0.8042 time=348.9s
23:35:27 | INFO |     log_alpha: min=-3.12 median=-2.52 max=-2.52 frac_prunable=0.000
23:41:17 | INFO | [bayesian_train] epoch 3/120 train_task_loss=0.2869 train_kl=7050.29 beta=0.00667 train_acc=0.9104 val_loss=0.4992 val_acc=0.8538 time=350.3s
23:41:17 | INFO |     log_alpha: min=-3.10 median=-2.02 max=-2.02 frac_prunable=0.000
23:47:07 | INFO | [bayesian_train] epoch 4/120 train_task_loss=0.2907 train_kl=6195.63 beta=0.01000 train_acc=0.9100 val_loss=0.5015 val_acc=0.8528 time=350.3s
23:47:07 | INFO |     log_alpha: min=-3.11 median=-1.55 max=-1.55 frac_prunable=0.000
23:52:57 | INFO | [bayesian_train] epoch 5/120 train_task_loss=0.2828 train_kl=5367.85 beta=0.01333 train_acc=0.9119 val_loss=0.4172 val_acc=0.8661 time=349.7s
23:52:57 | INFO |     log_alpha: min=-3.12 median=-1.11 max=-1.11 frac_prunable=0.000
23:58:45 | INFO | [bayesian_train] epoch 6/120 train_task_loss=0.2819 train_kl=4627.79 beta=0.01667 train_acc=0.9110 val_loss=0.5231 val_acc=0.8434 time=348.1s
23:58:45 | INFO |     log_alpha: min=-3.14 median=-0.71 max=-0.71 frac_prunable=0.000
00:04:37 | INFO | [bayesian_train] epoch 7/120 train_task_loss=0.2845 train_kl=4036.25 beta=0.02000 train_acc=0.9113 val_loss=0.4572 val_acc=0.8677 time=351.6s
00:04:37 | INFO |     log_alpha: min=-3.15 median=-0.34 max=-0.34 frac_prunable=0.000
00:10:28 | INFO | [bayesian_train] epoch 8/120 train_task_loss=0.2818 train_kl=3576.85 beta=0.02333 train_acc=0.9124 val_loss=0.4372 val_acc=0.8691 time=351.3s
00:10:28 | INFO |     log_alpha: min=-3.17 median=-0.00 max=-0.00 frac_prunable=0.000
00:16:20 | INFO | [bayesian_train] epoch 9/120 train_task_loss=0.2755 train_kl=3228.51 beta=0.02667 train_acc=0.9140 val_loss=0.5293 val_acc=0.8372 time=352.3s
00:16:20 | INFO |     log_alpha: min=-3.20 median=0.31 max=0.31 frac_prunable=0.000
00:22:13 | INFO | [bayesian_train] epoch 10/120 train_task_loss=0.2787 train_kl=2964.37 beta=0.03000 train_acc=0.9139 val_loss=0.5511 val_acc=0.8499 time=352.2s
00:22:13 | INFO |     log_alpha: min=-3.23 median=0.61 max=0.61 frac_prunable=0.000
00:28:09 | INFO | [bayesian_train] epoch 11/120 train_task_loss=0.2750 train_kl=2760.92 beta=0.03333 train_acc=0.9139 val_loss=0.7080 val_acc=0.8078 time=356.5s
00:28:09 | INFO |     log_alpha: min=-3.23 median=0.89 max=0.89 frac_prunable=0.000
00:34:06 | INFO | [bayesian_train] epoch 12/120 train_task_loss=0.2704 train_kl=2601.26 beta=0.03667 train_acc=0.9163 val_loss=0.4629 val_acc=0.8679 time=357.3s
00:34:06 | INFO |     log_alpha: min=-3.27 median=1.17 max=1.17 frac_prunable=0.000
00:40:04 | INFO | [bayesian_train] epoch 13/120 train_task_loss=0.2682 train_kl=2475.86 beta=0.04000 train_acc=0.9160 val_loss=0.5845 val_acc=0.8445 time=357.8s
00:40:04 | INFO |     log_alpha: min=-3.27 median=1.44 max=1.44 frac_prunable=0.000
00:46:01 | INFO | [bayesian_train] epoch 14/120 train_task_loss=0.2681 train_kl=2378.49 beta=0.04333 train_acc=0.9167 val_loss=0.4585 val_acc=0.8669 time=356.5s
00:46:01 | INFO |     log_alpha: min=-3.29 median=1.70 max=1.70 frac_prunable=0.000
00:51:58 | INFO | [bayesian_train] epoch 15/120 train_task_loss=0.2579 train_kl=2301.27 beta=0.04667 train_acc=0.9190 val_loss=0.5132 val_acc=0.8584 time=357.3s
00:51:58 | INFO |     log_alpha: min=-3.30 median=1.95 max=1.95 frac_prunable=0.000
00:57:50 | INFO | [bayesian_train] epoch 16/120 train_task_loss=0.2575 train_kl=2238.12 beta=0.05000 train_acc=0.9202 val_loss=0.4215 val_acc=0.8724 time=352.2s
00:57:50 | INFO |     log_alpha: min=-3.32 median=2.19 max=2.19 frac_prunable=0.000
01:03:45 | INFO | [bayesian_train] epoch 17/120 train_task_loss=0.2553 train_kl=2187.07 beta=0.05333 train_acc=0.9209 val_loss=0.5594 val_acc=0.8511 time=354.8s
01:03:45 | INFO |     log_alpha: min=-3.34 median=2.43 max=2.43 frac_prunable=0.000
01:09:37 | INFO | [bayesian_train] epoch 18/120 train_task_loss=0.2506 train_kl=2143.76 beta=0.05667 train_acc=0.9221 val_loss=0.5089 val_acc=0.8629 time=352.1s
01:09:37 | INFO |     log_alpha: min=-3.36 median=2.67 max=2.67 frac_prunable=0.000
01:15:33 | INFO | [bayesian_train] epoch 19/120 train_task_loss=0.2564 train_kl=2107.00 beta=0.06000 train_acc=0.9194 val_loss=0.4396 val_acc=0.8732 time=355.9s
01:15:33 | INFO |     log_alpha: min=-3.37 median=2.89 max=2.89 frac_prunable=0.000
01:21:29 | INFO | [bayesian_train] epoch 20/120 train_task_loss=0.2441 train_kl=2075.10 beta=0.06333 train_acc=0.9244 val_loss=0.5763 val_acc=0.8418 time=355.9s
01:21:29 | INFO |     log_alpha: min=-3.38 median=3.12 max=3.12 frac_prunable=0.732
01:27:28 | INFO | [bayesian_train] epoch 21/120 train_task_loss=0.2374 train_kl=2047.11 beta=0.06667 train_acc=0.9259 val_loss=0.4524 val_acc=0.8683 time=358.1s
01:27:28 | INFO |     log_alpha: min=-3.41 median=3.34 max=3.34 frac_prunable=0.733
01:33:25 | INFO | [bayesian_train] epoch 22/120 train_task_loss=0.2377 train_kl=2022.11 beta=0.07000 train_acc=0.9253 val_loss=0.4977 val_acc=0.8645 time=357.0s
01:33:25 | INFO |     log_alpha: min=-3.42 median=3.55 max=3.55 frac_prunable=0.734
01:39:21 | INFO | [bayesian_train] epoch 23/120 train_task_loss=0.2337 train_kl=1999.33 beta=0.07333 train_acc=0.9266 val_loss=0.5318 val_acc=0.8528 time=356.0s
01:39:21 | INFO |     log_alpha: min=-3.41 median=3.76 max=3.76 frac_prunable=0.734
01:45:18 | INFO | [bayesian_train] epoch 24/120 train_task_loss=0.2345 train_kl=1978.04 beta=0.07667 train_acc=0.9280 val_loss=0.5586 val_acc=0.8519 time=357.3s
01:45:18 | INFO |     log_alpha: min=-3.42 median=3.97 max=3.97 frac_prunable=0.735
01:51:15 | INFO | [bayesian_train] epoch 25/120 train_task_loss=0.2333 train_kl=1958.74 beta=0.08000 train_acc=0.9281 val_loss=0.5987 val_acc=0.8447 time=357.4s
01:51:15 | INFO |     log_alpha: min=-3.42 median=4.17 max=4.17 frac_prunable=0.735
01:57:09 | INFO | [bayesian_train] epoch 26/120 train_task_loss=0.2267 train_kl=1940.94 beta=0.08333 train_acc=0.9313 val_loss=0.5310 val_acc=0.8558 time=353.6s
01:57:09 | INFO |     log_alpha: min=-3.43 median=4.36 max=4.36 frac_prunable=0.736
02:03:06 | INFO | [bayesian_train] epoch 27/120 train_task_loss=0.2212 train_kl=1924.32 beta=0.08667 train_acc=0.9315 val_loss=0.5372 val_acc=0.8556 time=356.6s
02:03:06 | INFO |     log_alpha: min=-3.44 median=4.56 max=4.56 frac_prunable=0.736
02:09:00 | INFO | [bayesian_train] epoch 28/120 train_task_loss=0.2295 train_kl=1908.81 beta=0.09000 train_acc=0.9291 val_loss=0.5760 val_acc=0.8473 time=354.5s
02:09:00 | INFO |     log_alpha: min=-3.45 median=4.74 max=4.74 frac_prunable=0.737
02:14:58 | INFO | [bayesian_train] epoch 29/120 train_task_loss=0.2192 train_kl=1894.00 beta=0.09333 train_acc=0.9319 val_loss=0.4629 val_acc=0.8671 time=357.8s
02:14:58 | INFO |     log_alpha: min=-3.46 median=4.92 max=4.92 frac_prunable=0.737
02:20:54 | INFO | [bayesian_train] epoch 30/120 train_task_loss=0.2179 train_kl=1879.80 beta=0.09667 train_acc=0.9330 val_loss=0.5233 val_acc=0.8629 time=356.0s
02:20:54 | INFO |     log_alpha: min=-3.48 median=5.10 max=5.10 frac_prunable=0.737
02:26:50 | INFO | [bayesian_train] epoch 31/120 train_task_loss=0.2138 train_kl=1865.73 beta=0.10000 train_acc=0.9342 val_loss=0.4804 val_acc=0.8677 time=355.8s
02:26:50 | INFO |     log_alpha: min=-3.50 median=5.27 max=5.27 frac_prunable=0.739
02:32:45 | INFO | [bayesian_train] epoch 32/120 train_task_loss=0.2073 train_kl=1852.18 beta=0.10333 train_acc=0.9358 val_loss=0.5050 val_acc=0.8604 time=355.4s
02:32:45 | INFO |     log_alpha: min=-3.51 median=5.43 max=5.43 frac_prunable=0.739
02:38:40 | INFO | [bayesian_train] epoch 33/120 train_task_loss=0.2117 train_kl=1839.67 beta=0.10667 train_acc=0.9328 val_loss=0.5609 val_acc=0.8507 time=354.4s
02:38:40 | INFO |     log_alpha: min=-3.51 median=5.58 max=5.58 frac_prunable=0.741
02:44:36 | INFO | [bayesian_train] epoch 34/120 train_task_loss=0.2126 train_kl=1827.01 beta=0.11000 train_acc=0.9327 val_loss=0.5086 val_acc=0.8614 time=356.0s
02:44:36 | INFO |     log_alpha: min=-3.52 median=5.74 max=5.74 frac_prunable=0.741
02:50:31 | INFO | [bayesian_train] epoch 35/120 train_task_loss=0.2019 train_kl=1814.76 beta=0.11333 train_acc=0.9369 val_loss=0.4610 val_acc=0.8730 time=355.2s
02:50:31 | INFO |     log_alpha: min=-3.52 median=5.88 max=5.88 frac_prunable=0.742
02:56:25 | INFO | [bayesian_train] epoch 36/120 train_task_loss=0.2027 train_kl=1802.57 beta=0.11667 train_acc=0.9368 val_loss=0.4329 val_acc=0.8780 time=354.4s
02:56:25 | INFO |     log_alpha: min=-3.53 median=6.02 max=6.02 frac_prunable=0.742
03:02:20 | INFO | [bayesian_train] epoch 37/120 train_task_loss=0.1913 train_kl=1790.60 beta=0.12000 train_acc=0.9403 val_loss=0.4570 val_acc=0.8770 time=354.3s
03:02:20 | INFO |     log_alpha: min=-3.52 median=6.16 max=6.16 frac_prunable=0.743
03:08:16 | INFO | [bayesian_train] epoch 38/120 train_task_loss=0.1914 train_kl=1778.95 beta=0.12333 train_acc=0.9397 val_loss=0.4924 val_acc=0.8677 time=356.5s
03:08:16 | INFO |     log_alpha: min=-3.53 median=6.28 max=6.28 frac_prunable=0.743
03:14:12 | INFO | [bayesian_train] epoch 39/120 train_task_loss=0.1899 train_kl=1767.60 beta=0.12667 train_acc=0.9406 val_loss=0.5381 val_acc=0.8643 time=355.9s
03:14:12 | INFO |     log_alpha: min=-3.55 median=6.41 max=6.41 frac_prunable=0.744
03:20:06 | INFO | [bayesian_train] epoch 40/120 train_task_loss=0.1831 train_kl=1756.51 beta=0.13000 train_acc=0.9425 val_loss=0.4537 val_acc=0.8758 time=354.0s
03:20:06 | INFO |     log_alpha: min=-3.56 median=6.52 max=6.52 frac_prunable=0.746
03:26:01 | INFO | [bayesian_train] epoch 41/120 train_task_loss=0.1831 train_kl=1745.33 beta=0.13333 train_acc=0.9424 val_loss=0.4828 val_acc=0.8677 time=354.4s
03:26:01 | INFO |     log_alpha: min=-3.56 median=6.64 max=6.64 frac_prunable=0.746
03:31:59 | INFO | [bayesian_train] epoch 42/120 train_task_loss=0.1786 train_kl=1734.54 beta=0.13667 train_acc=0.9446 val_loss=0.4881 val_acc=0.8667 time=358.8s
03:32:00 | INFO |     log_alpha: min=-3.56 median=6.74 max=6.74 frac_prunable=0.748
03:37:52 | INFO | [bayesian_train] epoch 43/120 train_task_loss=0.1734 train_kl=1723.50 beta=0.14000 train_acc=0.9462 val_loss=0.4848 val_acc=0.8748 time=352.3s
03:37:52 | INFO |     log_alpha: min=-3.56 median=6.85 max=6.85 frac_prunable=0.749
03:43:48 | INFO | [bayesian_train] epoch 44/120 train_task_loss=0.1739 train_kl=1712.86 beta=0.14333 train_acc=0.9460 val_loss=0.5428 val_acc=0.8635 time=355.2s
03:43:48 | INFO |     log_alpha: min=-3.56 median=6.95 max=6.95 frac_prunable=0.751
03:49:40 | INFO | [bayesian_train] epoch 45/120 train_task_loss=0.1713 train_kl=1702.62 beta=0.14667 train_acc=0.9471 val_loss=0.4938 val_acc=0.8750 time=352.1s
03:49:40 | INFO |     log_alpha: min=-3.59 median=7.04 max=7.04 frac_prunable=0.752
03:55:36 | INFO | [bayesian_train] epoch 46/120 train_task_loss=0.1695 train_kl=1692.50 beta=0.15000 train_acc=0.9474 val_loss=0.4875 val_acc=0.8675 time=356.2s
03:55:36 | INFO |     log_alpha: min=-3.59 median=7.13 max=7.13 frac_prunable=0.753
04:01:29 | INFO | [bayesian_train] epoch 47/120 train_task_loss=0.1607 train_kl=1682.80 beta=0.15333 train_acc=0.9488 val_loss=0.4957 val_acc=0.8708 time=353.4s
04:01:29 | INFO |     log_alpha: min=-3.60 median=7.21 max=7.21 frac_prunable=0.753
04:07:24 | INFO | [bayesian_train] epoch 48/120 train_task_loss=0.1570 train_kl=1672.80 beta=0.15667 train_acc=0.9510 val_loss=0.5109 val_acc=0.8623 time=354.7s
04:07:24 | INFO |     log_alpha: min=-3.61 median=7.30 max=7.30 frac_prunable=0.754
04:13:18 | INFO | [bayesian_train] epoch 49/120 train_task_loss=0.1602 train_kl=1663.08 beta=0.16000 train_acc=0.9495 val_loss=0.4510 val_acc=0.8797 time=354.6s
04:13:18 | INFO |     log_alpha: min=-3.61 median=7.37 max=7.37 frac_prunable=0.755
04:19:13 | INFO | [bayesian_train] epoch 50/120 train_task_loss=0.1602 train_kl=1653.67 beta=0.16333 train_acc=0.9495 val_loss=0.5132 val_acc=0.8665 time=354.9s
04:19:13 | INFO |     log_alpha: min=-3.61 median=7.45 max=7.45 frac_prunable=0.756
04:25:07 | INFO | [bayesian_train] epoch 51/120 train_task_loss=0.1534 train_kl=1644.45 beta=0.16667 train_acc=0.9524 val_loss=0.5405 val_acc=0.8633 time=353.5s
04:25:07 | INFO |     log_alpha: min=-3.63 median=7.52 max=7.52 frac_prunable=0.758
04:31:02 | INFO | [bayesian_train] epoch 52/120 train_task_loss=0.1502 train_kl=1635.38 beta=0.17000 train_acc=0.9531 val_loss=0.6557 val_acc=0.8293 time=354.7s
04:31:02 | INFO |     log_alpha: min=-3.62 median=7.59 max=7.59 frac_prunable=0.758
04:36:59 | INFO | [bayesian_train] epoch 53/120 train_task_loss=0.1434 train_kl=1626.40 beta=0.17333 train_acc=0.9549 val_loss=0.4795 val_acc=0.8766 time=357.8s
04:36:59 | INFO |     log_alpha: min=-3.64 median=7.66 max=7.66 frac_prunable=0.760
04:42:59 | INFO | [bayesian_train] epoch 54/120 train_task_loss=0.1411 train_kl=1617.83 beta=0.17667 train_acc=0.9565 val_loss=0.4619 val_acc=0.8819 time=360.0s
04:43:00 | INFO |     log_alpha: min=-3.63 median=7.73 max=7.73 frac_prunable=0.762
04:48:56 | INFO | [bayesian_train] epoch 55/120 train_task_loss=0.1373 train_kl=1609.49 beta=0.18000 train_acc=0.9570 val_loss=0.5324 val_acc=0.8671 time=355.6s
04:48:56 | INFO |     log_alpha: min=-3.64 median=7.79 max=7.79 frac_prunable=0.763
04:54:50 | INFO | [bayesian_train] epoch 56/120 train_task_loss=0.1350 train_kl=1601.26 beta=0.18333 train_acc=0.9578 val_loss=0.4656 val_acc=0.8813 time=354.0s
04:54:50 | INFO |     log_alpha: min=-3.64 median=7.85 max=7.85 frac_prunable=0.764
05:00:46 | INFO | [bayesian_train] epoch 57/120 train_task_loss=0.1308 train_kl=1593.23 beta=0.18667 train_acc=0.9595 val_loss=0.4556 val_acc=0.8845 time=356.5s
05:00:46 | INFO |     log_alpha: min=-3.63 median=7.91 max=7.91 frac_prunable=0.766
05:06:43 | INFO | [bayesian_train] epoch 58/120 train_task_loss=0.1263 train_kl=1585.30 beta=0.19000 train_acc=0.9609 val_loss=0.5515 val_acc=0.8744 time=356.7s
05:06:43 | INFO |     log_alpha: min=-3.64 median=7.96 max=7.96 frac_prunable=0.767
05:12:36 | INFO | [bayesian_train] epoch 59/120 train_task_loss=0.1271 train_kl=1577.56 beta=0.19333 train_acc=0.9616 val_loss=0.4581 val_acc=0.8811 time=353.3s
05:12:36 | INFO |     log_alpha: min=-3.63 median=8.00 max=8.00 frac_prunable=0.767
05:18:29 | INFO | [bayesian_train] epoch 60/120 train_task_loss=0.1228 train_kl=1569.95 beta=0.19667 train_acc=0.9618 val_loss=0.4478 val_acc=0.8833 time=352.8s
05:18:29 | INFO |     log_alpha: min=-3.64 median=8.00 max=8.00 frac_prunable=0.768
05:24:23 | INFO | [bayesian_train] epoch 61/120 train_task_loss=0.1191 train_kl=1562.70 beta=0.20000 train_acc=0.9633 val_loss=0.5266 val_acc=0.8718 time=353.9s
05:24:23 | INFO |     log_alpha: min=-3.65 median=8.00 max=8.00 frac_prunable=0.769
05:30:21 | INFO | [bayesian_train] epoch 62/120 train_task_loss=0.1185 train_kl=1555.65 beta=0.20000 train_acc=0.9627 val_loss=0.4477 val_acc=0.8869 time=358.4s
05:30:21 | INFO |     log_alpha: min=-3.65 median=8.00 max=8.00 frac_prunable=0.769
05:36:22 | INFO | [bayesian_train] epoch 63/120 train_task_loss=0.1152 train_kl=1548.90 beta=0.20000 train_acc=0.9649 val_loss=0.4678 val_acc=0.8809 time=360.5s
05:36:22 | INFO |     log_alpha: min=-3.66 median=8.00 max=8.00 frac_prunable=0.770
05:42:14 | INFO | [bayesian_train] epoch 64/120 train_task_loss=0.1118 train_kl=1542.21 beta=0.20000 train_acc=0.9658 val_loss=0.4330 val_acc=0.8964 time=351.7s
05:42:14 | INFO |     log_alpha: min=-3.67 median=8.00 max=8.00 frac_prunable=0.770
05:48:10 | INFO | [bayesian_train] epoch 65/120 train_task_loss=0.1100 train_kl=1535.74 beta=0.20000 train_acc=0.9665 val_loss=0.5147 val_acc=0.8772 time=355.8s
05:48:10 | INFO |     log_alpha: min=-3.66 median=8.00 max=8.00 frac_prunable=0.770
05:54:03 | INFO | [bayesian_train] epoch 66/120 train_task_loss=0.1034 train_kl=1529.67 beta=0.20000 train_acc=0.9686 val_loss=0.4547 val_acc=0.8815 time=353.7s
05:54:03 | INFO |     log_alpha: min=-3.67 median=8.00 max=8.00 frac_prunable=0.771
05:59:56 | INFO | [bayesian_train] epoch 67/120 train_task_loss=0.1043 train_kl=1523.51 beta=0.20000 train_acc=0.9682 val_loss=0.5195 val_acc=0.8756 time=352.1s
05:59:56 | INFO |     log_alpha: min=-3.67 median=8.00 max=8.00 frac_prunable=0.772
06:05:50 | INFO | [bayesian_train] epoch 68/120 train_task_loss=0.0997 train_kl=1517.55 beta=0.20000 train_acc=0.9701 val_loss=0.4822 val_acc=0.8855 time=354.1s
06:05:50 | INFO |     log_alpha: min=-3.68 median=8.00 max=8.00 frac_prunable=0.773
06:11:43 | INFO | [bayesian_train] epoch 69/120 train_task_loss=0.0970 train_kl=1511.96 beta=0.20000 train_acc=0.9706 val_loss=0.4726 val_acc=0.8871 time=353.8s
06:11:43 | INFO |     log_alpha: min=-3.67 median=8.00 max=8.00 frac_prunable=0.773
06:17:39 | INFO | [bayesian_train] epoch 70/120 train_task_loss=0.0939 train_kl=1506.67 beta=0.20000 train_acc=0.9715 val_loss=0.4692 val_acc=0.8863 time=356.0s
06:17:40 | INFO |     log_alpha: min=-3.68 median=8.00 max=8.00 frac_prunable=0.774
06:23:28 | INFO | [bayesian_train] epoch 71/120 train_task_loss=0.0917 train_kl=1501.55 beta=0.20000 train_acc=0.9732 val_loss=0.5154 val_acc=0.8827 time=348.8s
06:23:28 | INFO |     log_alpha: min=-3.68 median=8.00 max=8.00 frac_prunable=0.774
06:29:21 | INFO | [bayesian_train] epoch 72/120 train_task_loss=0.0868 train_kl=1496.65 beta=0.20000 train_acc=0.9740 val_loss=0.5534 val_acc=0.8722 time=353.0s
06:29:22 | INFO |     log_alpha: min=-3.68 median=8.00 max=8.00 frac_prunable=0.774
06:35:13 | INFO | [bayesian_train] epoch 73/120 train_task_loss=0.0835 train_kl=1491.81 beta=0.20000 train_acc=0.9755 val_loss=0.5916 val_acc=0.8730 time=351.8s
06:35:13 | INFO |     log_alpha: min=-3.69 median=8.00 max=8.00 frac_prunable=0.775
06:41:02 | INFO | [bayesian_train] epoch 74/120 train_task_loss=0.0861 train_kl=1487.14 beta=0.20000 train_acc=0.9738 val_loss=0.4697 val_acc=0.8918 time=349.0s
06:41:02 | INFO |     log_alpha: min=-3.69 median=8.00 max=8.00 frac_prunable=0.775
06:46:51 | INFO | [bayesian_train] epoch 75/120 train_task_loss=0.0824 train_kl=1482.74 beta=0.20000 train_acc=0.9751 val_loss=0.4918 val_acc=0.8774 time=348.2s
06:46:51 | INFO |     log_alpha: min=-3.69 median=8.00 max=8.00 frac_prunable=0.775
06:52:39 | INFO | [bayesian_train] epoch 76/120 train_task_loss=0.0790 train_kl=1478.46 beta=0.20000 train_acc=0.9766 val_loss=0.5570 val_acc=0.8708 time=348.9s
06:52:39 | INFO |     log_alpha: min=-3.69 median=8.00 max=8.00 frac_prunable=0.775
06:58:30 | INFO | [bayesian_train] epoch 77/120 train_task_loss=0.0754 train_kl=1474.22 beta=0.20000 train_acc=0.9770 val_loss=0.4501 val_acc=0.8914 time=351.1s
06:58:30 | INFO |     log_alpha: min=-3.69 median=8.00 max=8.00 frac_prunable=0.775
07:04:21 | INFO | [bayesian_train] epoch 78/120 train_task_loss=0.0721 train_kl=1470.00 beta=0.20000 train_acc=0.9790 val_loss=0.5892 val_acc=0.8748 time=350.6s
07:04:21 | INFO |     log_alpha: min=-3.70 median=8.00 max=8.00 frac_prunable=0.776
07:10:13 | INFO | [bayesian_train] epoch 79/120 train_task_loss=0.0697 train_kl=1466.06 beta=0.20000 train_acc=0.9793 val_loss=0.5868 val_acc=0.8762 time=351.7s
07:10:13 | INFO |     log_alpha: min=-3.70 median=8.00 max=8.00 frac_prunable=0.776
07:16:05 | INFO | [bayesian_train] epoch 80/120 train_task_loss=0.0666 train_kl=1462.12 beta=0.20000 train_acc=0.9806 val_loss=0.5691 val_acc=0.8788 time=351.9s
07:16:05 | INFO |     log_alpha: min=-3.70 median=8.00 max=8.00 frac_prunable=0.777
07:21:54 | INFO | [bayesian_train] epoch 81/120 train_task_loss=0.0643 train_kl=1458.25 beta=0.20000 train_acc=0.9818 val_loss=0.5959 val_acc=0.8746 time=349.0s
07:21:54 | INFO |     log_alpha: min=-3.70 median=8.00 max=8.00 frac_prunable=0.777
07:27:44 | INFO | [bayesian_train] epoch 82/120 train_task_loss=0.0627 train_kl=1454.47 beta=0.20000 train_acc=0.9820 val_loss=0.4368 val_acc=0.8890 time=350.1s
07:27:44 | INFO |     log_alpha: min=-3.71 median=8.00 max=8.00 frac_prunable=0.777
07:33:36 | INFO | [bayesian_train] epoch 83/120 train_task_loss=0.0611 train_kl=1450.82 beta=0.20000 train_acc=0.9825 val_loss=0.5064 val_acc=0.8881 time=352.1s
07:33:36 | INFO |     log_alpha: min=-3.71 median=8.00 max=8.00 frac_prunable=0.777
07:39:34 | INFO | [bayesian_train] epoch 84/120 train_task_loss=0.0565 train_kl=1447.37 beta=0.20000 train_acc=0.9832 val_loss=0.4719 val_acc=0.8989 time=357.8s
07:39:34 | INFO |     log_alpha: min=-3.71 median=8.00 max=8.00 frac_prunable=0.777
07:45:27 | INFO | [bayesian_train] epoch 85/120 train_task_loss=0.0579 train_kl=1443.85 beta=0.20000 train_acc=0.9838 val_loss=0.5405 val_acc=0.8843 time=352.9s
07:45:27 | INFO |     log_alpha: min=-3.71 median=8.00 max=8.00 frac_prunable=0.777
07:51:20 | INFO | [bayesian_train] epoch 86/120 train_task_loss=0.0526 train_kl=1440.51 beta=0.20000 train_acc=0.9857 val_loss=0.6645 val_acc=0.8608 time=353.4s
07:51:20 | INFO |     log_alpha: min=-3.71 median=8.00 max=8.00 frac_prunable=0.777
07:57:13 | INFO | [bayesian_train] epoch 87/120 train_task_loss=0.0522 train_kl=1437.36 beta=0.20000 train_acc=0.9848 val_loss=0.5377 val_acc=0.8811 time=352.9s
07:57:13 | INFO |     log_alpha: min=-3.71 median=8.00 max=8.00 frac_prunable=0.777
08:03:06 | INFO | [bayesian_train] epoch 88/120 train_task_loss=0.0482 train_kl=1434.23 beta=0.20000 train_acc=0.9866 val_loss=0.5051 val_acc=0.8934 time=352.5s
08:03:06 | INFO |     log_alpha: min=-3.71 median=8.00 max=8.00 frac_prunable=0.777
08:09:03 | INFO | [bayesian_train] epoch 89/120 train_task_loss=0.0477 train_kl=1431.20 beta=0.20000 train_acc=0.9860 val_loss=0.5820 val_acc=0.8845 time=357.6s
08:09:04 | INFO |     log_alpha: min=-3.71 median=8.00 max=8.00 frac_prunable=0.778
08:14:57 | INFO | [bayesian_train] epoch 90/120 train_task_loss=0.0455 train_kl=1428.21 beta=0.20000 train_acc=0.9870 val_loss=0.4612 val_acc=0.8968 time=353.7s
08:14:57 | INFO |     log_alpha: min=-3.71 median=8.00 max=8.00 frac_prunable=0.778
08:20:50 | INFO | [bayesian_train] epoch 91/120 train_task_loss=0.0458 train_kl=1425.47 beta=0.20000 train_acc=0.9872 val_loss=0.4698 val_acc=0.8999 time=352.9s
08:20:50 | INFO |     log_alpha: min=-3.71 median=8.00 max=8.00 frac_prunable=0.778
08:26:44 | INFO | [bayesian_train] epoch 92/120 train_task_loss=0.0429 train_kl=1422.85 beta=0.20000 train_acc=0.9881 val_loss=0.4969 val_acc=0.8956 time=353.4s
08:26:44 | INFO |     log_alpha: min=-3.71 median=8.00 max=8.00 frac_prunable=0.778
08:32:36 | INFO | [bayesian_train] epoch 93/120 train_task_loss=0.0416 train_kl=1420.26 beta=0.20000 train_acc=0.9882 val_loss=0.5332 val_acc=0.8894 time=352.6s
08:32:36 | INFO |     log_alpha: min=-3.71 median=8.00 max=8.00 frac_prunable=0.778
08:38:31 | INFO | [bayesian_train] epoch 94/120 train_task_loss=0.0411 train_kl=1417.80 beta=0.20000 train_acc=0.9887 val_loss=0.4944 val_acc=0.8946 time=354.5s
08:38:31 | INFO |     log_alpha: min=-3.71 median=8.00 max=8.00 frac_prunable=0.778
08:44:24 | INFO | [bayesian_train] epoch 95/120 train_task_loss=0.0390 train_kl=1415.32 beta=0.20000 train_acc=0.9896 val_loss=0.5650 val_acc=0.8863 time=352.9s
08:44:24 | INFO |     log_alpha: min=-3.71 median=8.00 max=8.00 frac_prunable=0.778
08:50:19 | INFO | [bayesian_train] epoch 96/120 train_task_loss=0.0387 train_kl=1413.16 beta=0.20000 train_acc=0.9895 val_loss=0.5062 val_acc=0.8983 time=355.8s
08:50:20 | INFO |     log_alpha: min=-3.71 median=8.00 max=8.00 frac_prunable=0.778
08:56:12 | INFO | [bayesian_train] epoch 97/120 train_task_loss=0.0370 train_kl=1411.01 beta=0.20000 train_acc=0.9898 val_loss=0.4951 val_acc=0.8960 time=351.9s
08:56:12 | INFO |     log_alpha: min=-3.71 median=8.00 max=8.00 frac_prunable=0.778
09:02:04 | INFO | [bayesian_train] epoch 98/120 train_task_loss=0.0340 train_kl=1408.99 beta=0.20000 train_acc=0.9904 val_loss=0.5293 val_acc=0.8924 time=352.4s
09:02:04 | INFO |     log_alpha: min=-3.71 median=8.00 max=8.00 frac_prunable=0.778
09:07:56 | INFO | [bayesian_train] epoch 99/120 train_task_loss=0.0359 train_kl=1407.11 beta=0.20000 train_acc=0.9902 val_loss=0.5667 val_acc=0.8888 time=352.6s
09:07:56 | INFO |     log_alpha: min=-3.71 median=8.00 max=8.00 frac_prunable=0.779
09:13:50 | INFO | [bayesian_train] epoch 100/120 train_task_loss=0.0324 train_kl=1405.33 beta=0.20000 train_acc=0.9915 val_loss=0.5452 val_acc=0.8877 time=353.1s
09:13:50 | INFO |     log_alpha: min=-3.71 median=8.00 max=8.00 frac_prunable=0.779
09:19:42 | INFO | [bayesian_train] epoch 101/120 train_task_loss=0.0311 train_kl=1403.66 beta=0.20000 train_acc=0.9920 val_loss=0.5026 val_acc=0.8964 time=352.3s
09:19:42 | INFO |     log_alpha: min=-3.71 median=8.00 max=8.00 frac_prunable=0.779
09:25:34 | INFO | [bayesian_train] epoch 102/120 train_task_loss=0.0300 train_kl=1401.97 beta=0.20000 train_acc=0.9921 val_loss=0.4915 val_acc=0.8999 time=352.2s
09:25:34 | INFO |     log_alpha: min=-3.71 median=8.00 max=8.00 frac_prunable=0.779
09:31:27 | INFO | [bayesian_train] epoch 103/120 train_task_loss=0.0296 train_kl=1400.52 beta=0.20000 train_acc=0.9928 val_loss=0.5465 val_acc=0.8894 time=352.7s
09:31:27 | INFO |     log_alpha: min=-3.71 median=8.00 max=8.00 frac_prunable=0.779
09:37:21 | INFO | [bayesian_train] epoch 104/120 train_task_loss=0.0297 train_kl=1399.15 beta=0.20000 train_acc=0.9924 val_loss=0.5338 val_acc=0.8968 time=354.3s
09:37:21 | INFO |     log_alpha: min=-3.71 median=8.00 max=8.00 frac_prunable=0.779
09:43:16 | INFO | [bayesian_train] epoch 105/120 train_task_loss=0.0275 train_kl=1397.95 beta=0.20000 train_acc=0.9926 val_loss=0.5284 val_acc=0.8973 time=354.5s
09:43:16 | INFO |     log_alpha: min=-3.71 median=8.00 max=8.00 frac_prunable=0.779
09:49:10 | INFO | [bayesian_train] epoch 106/120 train_task_loss=0.0278 train_kl=1396.88 beta=0.20000 train_acc=0.9930 val_loss=0.5646 val_acc=0.8881 time=354.1s
09:49:10 | INFO |     log_alpha: min=-3.71 median=8.00 max=8.00 frac_prunable=0.779
09:55:03 | INFO | [bayesian_train] epoch 107/120 train_task_loss=0.0269 train_kl=1395.90 beta=0.20000 train_acc=0.9929 val_loss=0.4850 val_acc=0.8993 time=353.7s
09:55:04 | INFO |     log_alpha: min=-3.71 median=8.00 max=8.00 frac_prunable=0.779
10:00:59 | INFO | [bayesian_train] epoch 108/120 train_task_loss=0.0271 train_kl=1395.02 beta=0.20000 train_acc=0.9929 val_loss=0.5331 val_acc=0.8968 time=355.5s
10:00:59 | INFO |     log_alpha: min=-3.71 median=8.00 max=8.00 frac_prunable=0.779
10:06:53 | INFO | [bayesian_train] epoch 109/120 train_task_loss=0.0257 train_kl=1394.25 beta=0.20000 train_acc=0.9935 val_loss=0.6224 val_acc=0.8877 time=353.3s
10:06:53 | INFO |     log_alpha: min=-3.71 median=8.00 max=8.00 frac_prunable=0.779
10:12:45 | INFO | [bayesian_train] epoch 110/120 train_task_loss=0.0259 train_kl=1393.59 beta=0.20000 train_acc=0.9933 val_loss=0.5766 val_acc=0.8908 time=352.8s
10:12:45 | INFO |     log_alpha: min=-3.71 median=8.00 max=8.00 frac_prunable=0.779
10:18:39 | INFO | [bayesian_train] epoch 111/120 train_task_loss=0.0239 train_kl=1392.99 beta=0.20000 train_acc=0.9942 val_loss=0.4946 val_acc=0.9013 time=353.4s
10:18:39 | INFO |     log_alpha: min=-3.71 median=8.00 max=8.00 frac_prunable=0.779
10:24:29 | INFO | [bayesian_train] epoch 112/120 train_task_loss=0.0262 train_kl=1392.54 beta=0.20000 train_acc=0.9930 val_loss=0.5645 val_acc=0.8918 time=350.5s
10:24:29 | INFO |     log_alpha: min=-3.71 median=8.00 max=8.00 frac_prunable=0.779
10:30:21 | INFO | [bayesian_train] epoch 113/120 train_task_loss=0.0237 train_kl=1392.15 beta=0.20000 train_acc=0.9941 val_loss=0.5635 val_acc=0.8936 time=351.8s
10:30:21 | INFO |     log_alpha: min=-3.71 median=8.00 max=8.00 frac_prunable=0.779
10:36:15 | INFO | [bayesian_train] epoch 114/120 train_task_loss=0.0239 train_kl=1391.85 beta=0.20000 train_acc=0.9945 val_loss=0.5619 val_acc=0.8962 time=353.4s
10:36:15 | INFO |     log_alpha: min=-3.71 median=8.00 max=8.00 frac_prunable=0.779
10:42:05 | INFO | [bayesian_train] epoch 115/120 train_task_loss=0.0240 train_kl=1391.63 beta=0.20000 train_acc=0.9946 val_loss=0.5236 val_acc=0.9001 time=350.8s
10:42:05 | INFO |     log_alpha: min=-3.71 median=8.00 max=8.00 frac_prunable=0.779
10:48:01 | INFO | [bayesian_train] epoch 116/120 train_task_loss=0.0238 train_kl=1391.47 beta=0.20000 train_acc=0.9940 val_loss=0.6048 val_acc=0.8900 time=355.4s
10:48:01 | INFO |     log_alpha: min=-3.71 median=8.00 max=8.00 frac_prunable=0.779
10:53:54 | INFO | [bayesian_train] epoch 117/120 train_task_loss=0.0241 train_kl=1391.36 beta=0.20000 train_acc=0.9940 val_loss=0.5227 val_acc=0.8968 time=353.1s
10:53:54 | INFO |     log_alpha: min=-3.71 median=8.00 max=8.00 frac_prunable=0.779
10:59:47 | INFO | [bayesian_train] epoch 118/120 train_task_loss=0.0227 train_kl=1391.30 beta=0.20000 train_acc=0.9947 val_loss=0.5044 val_acc=0.8995 time=352.6s
10:59:47 | INFO |     log_alpha: min=-3.71 median=8.00 max=8.00 frac_prunable=0.779
11:05:39 | INFO | [bayesian_train] epoch 119/120 train_task_loss=0.0241 train_kl=1391.26 beta=0.20000 train_acc=0.9938 val_loss=0.5698 val_acc=0.8926 time=352.9s
11:05:39 | INFO |     log_alpha: min=-3.71 median=8.00 max=8.00 frac_prunable=0.779
11:11:38 | INFO | [bayesian_train] epoch 120/120 train_task_loss=0.0256 train_kl=1391.25 beta=0.20000 train_acc=0.9932 val_loss=0.5740 val_acc=0.8930 time=358.9s
11:11:39 | INFO |     log_alpha: min=-3.71 median=8.00 max=8.00 frac_prunable=0.779
11:11:39 | INFO |   stem_conv: median_log_alpha=-3.17 frac_prunable=0.000 structurally_prunable=False
11:11:39 | INFO |   stage1.0.conv1: median_log_alpha=-3.28 frac_prunable=0.000 structurally_prunable=True
11:11:39 | INFO |   stage1.0.conv2: median_log_alpha=-3.11 frac_prunable=0.000 structurally_prunable=False
11:11:39 | INFO |   stage1.1.conv1: median_log_alpha=-3.07 frac_prunable=0.000 structurally_prunable=True
11:11:39 | INFO |   stage1.1.conv2: median_log_alpha=-2.72 frac_prunable=0.000 structurally_prunable=False
11:11:39 | INFO |   stage2.0.conv1: median_log_alpha=-2.80 frac_prunable=0.031 structurally_prunable=True
11:11:39 | INFO |   stage2.0.conv2: median_log_alpha=-2.18 frac_prunable=0.000 structurally_prunable=False
11:11:39 | INFO |   stage2.1.conv1: median_log_alpha=-1.87 frac_prunable=0.180 structurally_prunable=True
11:11:39 | INFO |   stage2.1.conv2: median_log_alpha=1.50 frac_prunable=0.422 structurally_prunable=False
11:11:39 | INFO |   stage3.0.conv1: median_log_alpha=8.00 frac_prunable=0.793 structurally_prunable=True
11:11:39 | INFO |   stage3.0.conv2: median_log_alpha=8.00 frac_prunable=0.867 structurally_prunable=False
11:11:39 | INFO |   stage3.1.conv1: median_log_alpha=8.00 frac_prunable=0.949 structurally_prunable=True
11:11:39 | INFO |   stage3.1.conv2: median_log_alpha=8.00 frac_prunable=0.957 structurally_prunable=False
11:11:39 | INFO |   stage4.0.conv1: median_log_alpha=8.00 frac_prunable=1.000 structurally_prunable=True
11:11:39 | INFO |   stage4.0.conv2: median_log_alpha=8.00 frac_prunable=1.000 structurally_prunable=False
11:11:39 | INFO |   stage4.1.conv1: median_log_alpha=8.00 frac_prunable=1.000 structurally_prunable=True
11:11:39 | INFO |   stage4.1.conv2: median_log_alpha=8.00 frac_prunable=1.000 structurally_prunable=False
11:11:40 | INFO | Parameters: 11177866 -> 1050757 (90.6% pruned)
11:16:21 | INFO | [finetune] epoch 1/30 train_task_loss=0.0610 train_kl=0.00 beta=0.00000 train_acc=0.9805 val_loss=0.6032 val_acc=0.8673 time=280.4s
11:20:54 | INFO | [finetune] epoch 2/30 train_task_loss=0.0640 train_kl=0.00 beta=0.00000 train_acc=0.9799 val_loss=0.6943 val_acc=0.8493 time=273.3s
11:25:31 | INFO | [finetune] epoch 3/30 train_task_loss=0.0653 train_kl=0.00 beta=0.00000 train_acc=0.9802 val_loss=0.5682 val_acc=0.8659 time=277.1s
11:30:06 | INFO | [finetune] epoch 4/30 train_task_loss=0.0723 train_kl=0.00 beta=0.00000 train_acc=0.9777 val_loss=0.5552 val_acc=0.8710 time=274.8s
11:34:41 | INFO | [finetune] epoch 5/30 train_task_loss=0.0722 train_kl=0.00 beta=0.00000 train_acc=0.9782 val_loss=0.6129 val_acc=0.8608 time=274.7s
11:39:15 | INFO | [finetune] epoch 6/30 train_task_loss=0.0716 train_kl=0.00 beta=0.00000 train_acc=0.9784 val_loss=0.5329 val_acc=0.8766 time=274.6s
11:43:50 | INFO | [finetune] epoch 7/30 train_task_loss=0.0661 train_kl=0.00 beta=0.00000 train_acc=0.9801 val_loss=0.8154 val_acc=0.8327 time=275.0s
11:48:25 | INFO | [finetune] epoch 8/30 train_task_loss=0.0656 train_kl=0.00 beta=0.00000 train_acc=0.9801 val_loss=0.5431 val_acc=0.8770 time=274.6s
11:53:01 | INFO | [finetune] epoch 9/30 train_task_loss=0.0666 train_kl=0.00 beta=0.00000 train_acc=0.9798 val_loss=0.5767 val_acc=0.8691 time=276.4s
11:57:35 | INFO | [finetune] epoch 10/30 train_task_loss=0.0616 train_kl=0.00 beta=0.00000 train_acc=0.9828 val_loss=0.6281 val_acc=0.8568 time=273.6s
12:02:09 | INFO | [finetune] epoch 11/30 train_task_loss=0.0543 train_kl=0.00 beta=0.00000 train_acc=0.9841 val_loss=0.5526 val_acc=0.8754 time=274.2s
12:06:44 | INFO | [finetune] epoch 12/30 train_task_loss=0.0505 train_kl=0.00 beta=0.00000 train_acc=0.9852 val_loss=0.6285 val_acc=0.8600 time=275.1s
12:11:18 | INFO | [finetune] epoch 13/30 train_task_loss=0.0473 train_kl=0.00 beta=0.00000 train_acc=0.9869 val_loss=0.5253 val_acc=0.8835 time=273.8s
12:15:51 | INFO | [finetune] epoch 14/30 train_task_loss=0.0435 train_kl=0.00 beta=0.00000 train_acc=0.9875 val_loss=0.5267 val_acc=0.8841 time=272.9s
12:20:25 | INFO | [finetune] epoch 15/30 train_task_loss=0.0401 train_kl=0.00 beta=0.00000 train_acc=0.9880 val_loss=0.5452 val_acc=0.8805 time=274.0s
12:25:05 | INFO | [finetune] epoch 16/30 train_task_loss=0.0374 train_kl=0.00 beta=0.00000 train_acc=0.9895 val_loss=0.5563 val_acc=0.8782 time=280.0s
12:29:38 | INFO | [finetune] epoch 17/30 train_task_loss=0.0322 train_kl=0.00 beta=0.00000 train_acc=0.9912 val_loss=0.5435 val_acc=0.8809 time=273.2s
12:34:12 | INFO | [finetune] epoch 18/30 train_task_loss=0.0286 train_kl=0.00 beta=0.00000 train_acc=0.9918 val_loss=0.5974 val_acc=0.8797 time=273.9s
12:38:46 | INFO | [finetune] epoch 19/30 train_task_loss=0.0261 train_kl=0.00 beta=0.00000 train_acc=0.9926 val_loss=0.5480 val_acc=0.8894 time=274.0s
12:43:20 | INFO | [finetune] epoch 20/30 train_task_loss=0.0229 train_kl=0.00 beta=0.00000 train_acc=0.9939 val_loss=0.6925 val_acc=0.8657 time=273.9s
12:47:53 | INFO | [finetune] epoch 21/30 train_task_loss=0.0206 train_kl=0.00 beta=0.00000 train_acc=0.9942 val_loss=0.7357 val_acc=0.8621 time=273.6s
12:52:27 | INFO | [finetune] epoch 22/30 train_task_loss=0.0189 train_kl=0.00 beta=0.00000 train_acc=0.9943 val_loss=0.5619 val_acc=0.8900 time=273.4s
12:57:02 | INFO | [finetune] epoch 23/30 train_task_loss=0.0166 train_kl=0.00 beta=0.00000 train_acc=0.9952 val_loss=0.5699 val_acc=0.8869 time=275.1s
13:01:42 | INFO | [finetune] epoch 24/30 train_task_loss=0.0145 train_kl=0.00 beta=0.00000 train_acc=0.9962 val_loss=0.7209 val_acc=0.8679 time=279.7s
13:06:17 | INFO | [finetune] epoch 25/30 train_task_loss=0.0132 train_kl=0.00 beta=0.00000 train_acc=0.9968 val_loss=0.7627 val_acc=0.8643 time=275.2s
13:10:51 | INFO | [finetune] epoch 26/30 train_task_loss=0.0126 train_kl=0.00 beta=0.00000 train_acc=0.9967 val_loss=0.5854 val_acc=0.8881 time=274.5s
13:15:26 | INFO | [finetune] epoch 27/30 train_task_loss=0.0111 train_kl=0.00 beta=0.00000 train_acc=0.9971 val_loss=0.7715 val_acc=0.8637 time=274.3s
13:20:00 | INFO | [finetune] epoch 28/30 train_task_loss=0.0113 train_kl=0.00 beta=0.00000 train_acc=0.9971 val_loss=0.6316 val_acc=0.8851 time=274.7s
13:24:35 | INFO | [finetune] epoch 29/30 train_task_loss=0.0104 train_kl=0.00 beta=0.00000 train_acc=0.9977 val_loss=0.7430 val_acc=0.8627 time=274.4s
13:29:09 | INFO | [finetune] epoch 30/30 train_task_loss=0.0106 train_kl=0.00 beta=0.00000 train_acc=0.9969 val_loss=0.5824 val_acc=0.8896 time=274.3s
13:29:58 | INFO | Final test accuracy after pruning + fine-tuning: 0.8893
