====================================================
Job started: Thu 13 Aug 17:06:47 BST 2026
Node: node848.csf3.man.alces.network
====================================================
Thu Aug 13 17:07:01 2026       
+-----------------------------------------------------------------------------------------+
| NVIDIA-SMI 580.159.04             Driver Version: 580.159.04     CUDA Version: 13.0     |
+-----------------------------------------+------------------------+----------------------+
| GPU  Name                 Persistence-M | Bus-Id          Disp.A | Volatile Uncorr. ECC |
| Fan  Temp   Perf          Pwr:Usage/Cap |           Memory-Usage | GPU-Util  Compute M. |
|                                         |                        |               MIG M. |
|=========================================+========================+======================|
|   0  NVIDIA A100-SXM4-80GB          On  |   00000000:01:00.0 Off |                    0 |
| N/A   31C    P0             63W /  400W |       0MiB /  81920MiB |      0%      Default |
|                                         |                        |             Disabled |
+-----------------------------------------+------------------------+----------------------+

+-----------------------------------------------------------------------------------------+
| Processes:                                                                              |
|  GPU   GI   CI              PID   Type   Process name                        GPU Memory |
|        ID   ID                                                               Usage      |
|=========================================================================================|
|  No running processes found                                                             |
+-----------------------------------------------------------------------------------------+
CUDA available: True
Files already downloaded and verified
Files already downloaded and verified
Files already downloaded and verified
Files already downloaded and verified
Files already downloaded and verified
Files already downloaded and verified

Reusing trained gates: ./outputs/spear_repl_resnet18/sparsity_curve_lagrw/bayesian_model.pt
17:09:13 | INFO | Reusing trained gates from ./outputs/spear_repl_resnet18/sparsity_curve_lagrw/bayesian_model.pt

Gate ranking: NOT USABLE (log_alpha std is 0.081 across 1920 gates, so they never differentiated from each other and the ranking is close to arbitrary)
17:09:24 | INFO | Gate ranking after training: NOT USABLE -- log_alpha std is 0.081 across 1920 gates, so they never differentiated from each other and the ranking is close to arbitrary
17:09:26 | INFO |   stem_conv: median_log_alpha=-3.00 std=0.00 frac_saturated=0.000 structurally_prunable=False
17:09:26 | INFO |   stage1.0.conv1: median_log_alpha=2.02 std=0.04 frac_saturated=0.000 structurally_prunable=True
17:09:26 | INFO |   stage1.0.conv2: median_log_alpha=-3.00 std=0.00 frac_saturated=0.000 structurally_prunable=False
17:09:26 | INFO |   stage1.1.conv1: median_log_alpha=2.00 std=0.04 frac_saturated=0.000 structurally_prunable=True
17:09:26 | INFO |   stage1.1.conv2: median_log_alpha=-3.00 std=0.00 frac_saturated=0.000 structurally_prunable=False
17:09:26 | INFO |   stage2.0.conv1: median_log_alpha=2.03 std=0.02 frac_saturated=0.000 structurally_prunable=True
17:09:26 | INFO |   stage2.0.conv2: median_log_alpha=-3.00 std=0.00 frac_saturated=0.000 structurally_prunable=False
17:09:26 | INFO |   stage2.1.conv1: median_log_alpha=1.92 std=0.03 frac_saturated=0.000 structurally_prunable=True
17:09:26 | INFO |   stage2.1.conv2: median_log_alpha=-3.00 std=0.00 frac_saturated=0.000 structurally_prunable=False
17:09:26 | INFO |   stage3.0.conv1: median_log_alpha=2.00 std=0.02 frac_saturated=0.000 structurally_prunable=True
17:09:26 | INFO |   stage3.0.conv2: median_log_alpha=-3.00 std=0.00 frac_saturated=0.000 structurally_prunable=False
17:09:26 | INFO |   stage3.1.conv1: median_log_alpha=1.95 std=0.03 frac_saturated=0.000 structurally_prunable=True
17:09:26 | INFO |   stage3.1.conv2: median_log_alpha=-3.00 std=0.00 frac_saturated=0.000 structurally_prunable=False
17:09:26 | INFO |   stage4.0.conv1: median_log_alpha=2.11 std=0.01 frac_saturated=0.000 structurally_prunable=True
17:09:26 | INFO |   stage4.0.conv2: median_log_alpha=-3.00 std=0.00 frac_saturated=0.000 structurally_prunable=False
17:09:26 | INFO |   stage4.1.conv1: median_log_alpha=2.14 std=0.01 frac_saturated=0.000 structurally_prunable=True
17:09:26 | INFO |   stage4.1.conv2: median_log_alpha=-3.00 std=0.00 frac_saturated=0.000 structurally_prunable=False

Measuring per-unit SynOps costs on the gate-trained model...

--- budget point 1/1 (importance): 0.44 of dense SynOps ---
17:09:31 | INFO | [synops0.44_importance] synops_budget(budget=0.44 of measured SynOps, rank_by=importance, achieved=0.4384, kept 600/1920 units)
17:09:31 | WARNING | [synops0.44_importance] RANKING NOT USABLE: log_alpha std is 0.081 across 1920 gates, so they never differentiated from each other and the ranking is close to arbitrary.
17:10:07 | INFO | [finetune] epoch 1/210 train_task_loss=1.2509 train_kl=0.00 beta=0.00000 train_cost=0.00 gamma=0.000000 train_acc=0.5964 val_loss=1.1349 val_acc=0.6057 time=35.8s
17:10:33 | INFO | [finetune] epoch 2/210 train_task_loss=0.4245 train_kl=0.00 beta=0.00000 train_cost=0.00 gamma=0.000000 train_acc=0.8660 val_loss=0.3189 val_acc=0.8963 time=26.6s
17:11:00 | INFO | [finetune] epoch 3/210 train_task_loss=0.2519 train_kl=0.00 beta=0.00000 train_cost=0.00 gamma=0.000000 train_acc=0.9170 val_loss=0.2475 val_acc=0.9162 time=26.6s
17:11:27 | INFO | [finetune] epoch 4/210 train_task_loss=0.2021 train_kl=0.00 beta=0.00000 train_cost=0.00 gamma=0.000000 train_acc=0.9327 val_loss=0.2252 val_acc=0.9229 time=26.7s
17:11:53 | INFO | [finetune] epoch 5/210 train_task_loss=0.1787 train_kl=0.00 beta=0.00000 train_cost=0.00 gamma=0.000000 train_acc=0.9385 val_loss=0.2236 val_acc=0.9217 time=26.6s
17:12:20 | INFO | [finetune] epoch 6/210 train_task_loss=0.1714 train_kl=0.00 beta=0.00000 train_cost=0.00 gamma=0.000000 train_acc=0.9411 val_loss=0.2002 val_acc=0.9318 time=26.6s
17:12:47 | INFO | [finetune] epoch 7/210 train_task_loss=0.1850 train_kl=0.00 beta=0.00000 train_cost=0.00 gamma=0.000000 train_acc=0.9375 val_loss=0.2519 val_acc=0.9178 time=26.7s
17:13:13 | INFO | [finetune] epoch 8/210 train_task_loss=0.2021 train_kl=0.00 beta=0.00000 train_cost=0.00 gamma=0.000000 train_acc=0.9322 val_loss=0.3036 val_acc=0.8998 time=26.6s
17:13:40 | INFO | [finetune] epoch 9/210 train_task_loss=0.2154 train_kl=0.00 beta=0.00000 train_cost=0.00 gamma=0.000000 train_acc=0.9271 val_loss=0.2822 val_acc=0.9037 time=26.5s
17:14:06 | INFO | [finetune] epoch 10/210 train_task_loss=0.2055 train_kl=0.00 beta=0.00000 train_cost=0.00 gamma=0.000000 train_acc=0.9289 val_loss=0.3042 val_acc=0.8986 time=26.5s
17:14:33 | INFO | [finetune] epoch 11/210 train_task_loss=0.2186 train_kl=0.00 beta=0.00000 train_cost=0.00 gamma=0.000000 train_acc=0.9252 val_loss=0.2873 val_acc=0.9025 time=26.6s
17:15:00 | INFO | [finetune] epoch 12/210 train_task_loss=0.2207 train_kl=0.00 beta=0.00000 train_cost=0.00 gamma=0.000000 train_acc=0.9241 val_loss=0.2995 val_acc=0.9002 time=26.7s
17:15:26 | INFO | [finetune] epoch 13/210 train_task_loss=0.2144 train_kl=0.00 beta=0.00000 train_cost=0.00 gamma=0.000000 train_acc=0.9269 val_loss=0.3011 val_acc=0.9008 time=26.6s
17:15:53 | INFO | [finetune] epoch 14/210 train_task_loss=0.2084 train_kl=0.00 beta=0.00000 train_cost=0.00 gamma=0.000000 train_acc=0.9280 val_loss=0.4428 val_acc=0.8678 time=26.6s
17:16:19 | INFO | [finetune] epoch 15/210 train_task_loss=0.2140 train_kl=0.00 beta=0.00000 train_cost=0.00 gamma=0.000000 train_acc=0.9262 val_loss=0.2752 val_acc=0.9100 time=26.5s
17:16:46 | INFO | [finetune] epoch 16/210 train_task_loss=0.2000 train_kl=0.00 beta=0.00000 train_cost=0.00 gamma=0.000000 train_acc=0.9313 val_loss=0.3059 val_acc=0.9010 time=26.6s
17:17:13 | INFO | [finetune] epoch 17/210 train_task_loss=0.1857 train_kl=0.00 beta=0.00000 train_cost=0.00 gamma=0.000000 train_acc=0.9354 val_loss=0.3024 val_acc=0.9045 time=26.7s
17:17:39 | INFO | [finetune] epoch 18/210 train_task_loss=0.1900 train_kl=0.00 beta=0.00000 train_cost=0.00 gamma=0.000000 train_acc=0.9343 val_loss=0.3245 val_acc=0.8967 time=26.7s
17:18:06 | INFO | [finetune] epoch 19/210 train_task_loss=0.1814 train_kl=0.00 beta=0.00000 train_cost=0.00 gamma=0.000000 train_acc=0.9376 val_loss=0.2805 val_acc=0.9066 time=26.6s
17:18:33 | INFO | [finetune] epoch 20/210 train_task_loss=0.1815 train_kl=0.00 beta=0.00000 train_cost=0.00 gamma=0.000000 train_acc=0.9382 val_loss=0.3137 val_acc=0.9006 time=26.8s
17:18:59 | INFO | [finetune] epoch 21/210 train_task_loss=0.1710 train_kl=0.00 beta=0.00000 train_cost=0.00 gamma=0.000000 train_acc=0.9399 val_loss=0.2604 val_acc=0.9104 time=26.6s
17:19:26 | INFO | [finetune] epoch 22/210 train_task_loss=0.1610 train_kl=0.00 beta=0.00000 train_cost=0.00 gamma=0.000000 train_acc=0.9435 val_loss=0.3400 val_acc=0.8936 time=26.6s
17:19:53 | INFO | [finetune] epoch 23/210 train_task_loss=0.1652 train_kl=0.00 beta=0.00000 train_cost=0.00 gamma=0.000000 train_acc=0.9433 val_loss=0.2781 val_acc=0.9133 time=26.7s
17:20:19 | INFO | [finetune] epoch 24/210 train_task_loss=0.1568 train_kl=0.00 beta=0.00000 train_cost=0.00 gamma=0.000000 train_acc=0.9448 val_loss=0.3452 val_acc=0.8916 time=26.6s
17:20:46 | INFO | [finetune] epoch 25/210 train_task_loss=0.1545 train_kl=0.00 beta=0.00000 train_cost=0.00 gamma=0.000000 train_acc=0.9450 val_loss=0.2794 val_acc=0.9082 time=26.7s
17:21:13 | INFO | [finetune] epoch 26/210 train_task_loss=0.1520 train_kl=0.00 beta=0.00000 train_cost=0.00 gamma=0.000000 train_acc=0.9457 val_loss=0.2607 val_acc=0.9107 time=26.7s
17:21:39 | INFO | [finetune] epoch 27/210 train_task_loss=0.1433 train_kl=0.00 beta=0.00000 train_cost=0.00 gamma=0.000000 train_acc=0.9505 val_loss=0.2777 val_acc=0.9129 time=26.6s
17:22:06 | INFO | [finetune] epoch 28/210 train_task_loss=0.1460 train_kl=0.00 beta=0.00000 train_cost=0.00 gamma=0.000000 train_acc=0.9481 val_loss=0.2830 val_acc=0.9115 time=26.8s
17:22:33 | INFO | [finetune] epoch 29/210 train_task_loss=0.1437 train_kl=0.00 beta=0.00000 train_cost=0.00 gamma=0.000000 train_acc=0.9498 val_loss=0.2648 val_acc=0.9182 time=26.6s
17:23:00 | INFO | [finetune] epoch 30/210 train_task_loss=0.1391 train_kl=0.00 beta=0.00000 train_cost=0.00 gamma=0.000000 train_acc=0.9506 val_loss=0.2390 val_acc=0.9217 time=26.7s
17:23:26 | INFO | [finetune] epoch 31/210 train_task_loss=0.1393 train_kl=0.00 beta=0.00000 train_cost=0.00 gamma=0.000000 train_acc=0.9513 val_loss=0.2813 val_acc=0.9125 time=26.7s
17:23:53 | INFO | [finetune] epoch 32/210 train_task_loss=0.1366 train_kl=0.00 beta=0.00000 train_cost=0.00 gamma=0.000000 train_acc=0.9524 val_loss=0.2928 val_acc=0.9109 time=26.7s
17:24:20 | INFO | [finetune] epoch 33/210 train_task_loss=0.1317 train_kl=0.00 beta=0.00000 train_cost=0.00 gamma=0.000000 train_acc=0.9539 val_loss=0.2449 val_acc=0.9215 time=26.7s
17:24:46 | INFO | [finetune] epoch 34/210 train_task_loss=0.1379 train_kl=0.00 beta=0.00000 train_cost=0.00 gamma=0.000000 train_acc=0.9521 val_loss=0.2678 val_acc=0.9156 time=26.6s
17:25:13 | INFO | [finetune] epoch 35/210 train_task_loss=0.1360 train_kl=0.00 beta=0.00000 train_cost=0.00 gamma=0.000000 train_acc=0.9527 val_loss=0.2756 val_acc=0.9154 time=26.7s
17:25:40 | INFO | [finetune] epoch 36/210 train_task_loss=0.1426 train_kl=0.00 beta=0.00000 train_cost=0.00 gamma=0.000000 train_acc=0.9501 val_loss=0.3035 val_acc=0.9055 time=26.7s
17:26:06 | INFO | [finetune] epoch 37/210 train_task_loss=0.1336 train_kl=0.00 beta=0.00000 train_cost=0.00 gamma=0.000000 train_acc=0.9540 val_loss=0.3140 val_acc=0.9014 time=26.7s
17:26:33 | INFO | [finetune] epoch 38/210 train_task_loss=0.1272 train_kl=0.00 beta=0.00000 train_cost=0.00 gamma=0.000000 train_acc=0.9552 val_loss=0.3403 val_acc=0.9020 time=26.7s
17:27:00 | INFO | [finetune] epoch 39/210 train_task_loss=0.1293 train_kl=0.00 beta=0.00000 train_cost=0.00 gamma=0.000000 train_acc=0.9557 val_loss=0.2890 val_acc=0.9090 time=26.6s
17:27:26 | INFO | [finetune] epoch 40/210 train_task_loss=0.1256 train_kl=0.00 beta=0.00000 train_cost=0.00 gamma=0.000000 train_acc=0.9564 val_loss=0.2513 val_acc=0.9186 time=26.7s
17:27:53 | INFO | [finetune] epoch 41/210 train_task_loss=0.1198 train_kl=0.00 beta=0.00000 train_cost=0.00 gamma=0.000000 train_acc=0.9580 val_loss=0.2678 val_acc=0.9150 time=26.8s
17:28:20 | INFO | [finetune] epoch 42/210 train_task_loss=0.1202 train_kl=0.00 beta=0.00000 train_cost=0.00 gamma=0.000000 train_acc=0.9565 val_loss=0.2730 val_acc=0.9104 time=26.7s
17:28:46 | INFO | [finetune] epoch 43/210 train_task_loss=0.1162 train_kl=0.00 beta=0.00000 train_cost=0.00 gamma=0.000000 train_acc=0.9600 val_loss=0.2779 val_acc=0.9111 time=26.8s
17:29:13 | INFO | [finetune] epoch 44/210 train_task_loss=0.1233 train_kl=0.00 beta=0.00000 train_cost=0.00 gamma=0.000000 train_acc=0.9571 val_loss=0.2947 val_acc=0.9113 time=26.8s
17:29:40 | INFO | [finetune] epoch 45/210 train_task_loss=0.1160 train_kl=0.00 beta=0.00000 train_cost=0.00 gamma=0.000000 train_acc=0.9589 val_loss=0.3002 val_acc=0.9088 time=26.8s
17:30:07 | INFO | [finetune] epoch 46/210 train_task_loss=0.1126 train_kl=0.00 beta=0.00000 train_cost=0.00 gamma=0.000000 train_acc=0.9606 val_loss=0.2741 val_acc=0.9135 time=26.7s
17:30:34 | INFO | [finetune] epoch 47/210 train_task_loss=0.1093 train_kl=0.00 beta=0.00000 train_cost=0.00 gamma=0.000000 train_acc=0.9613 val_loss=0.2643 val_acc=0.9187 time=26.8s
17:31:00 | INFO | [finetune] epoch 48/210 train_task_loss=0.1151 train_kl=0.00 beta=0.00000 train_cost=0.00 gamma=0.000000 train_acc=0.9596 val_loss=0.2587 val_acc=0.9182 time=26.9s
17:31:27 | INFO | [finetune] epoch 49/210 train_task_loss=0.1113 train_kl=0.00 beta=0.00000 train_cost=0.00 gamma=0.000000 train_acc=0.9610 val_loss=0.2770 val_acc=0.9127 time=26.7s
17:31:54 | INFO | [finetune] epoch 50/210 train_task_loss=0.1085 train_kl=0.00 beta=0.00000 train_cost=0.00 gamma=0.000000 train_acc=0.9625 val_loss=0.3272 val_acc=0.9004 time=26.7s
17:32:21 | INFO | [finetune] epoch 51/210 train_task_loss=0.1072 train_kl=0.00 beta=0.00000 train_cost=0.00 gamma=0.000000 train_acc=0.9633 val_loss=0.2866 val_acc=0.9146 time=26.7s
17:32:47 | INFO | [finetune] epoch 52/210 train_task_loss=0.1004 train_kl=0.00 beta=0.00000 train_cost=0.00 gamma=0.000000 train_acc=0.9653 val_loss=0.2689 val_acc=0.9152 time=26.8s
17:33:14 | INFO | [finetune] epoch 53/210 train_task_loss=0.1017 train_kl=0.00 beta=0.00000 train_cost=0.00 gamma=0.000000 train_acc=0.9641 val_loss=0.2825 val_acc=0.9088 time=26.8s
17:33:41 | INFO | [finetune] epoch 54/210 train_task_loss=0.1035 train_kl=0.00 beta=0.00000 train_cost=0.00 gamma=0.000000 train_acc=0.9639 val_loss=0.2940 val_acc=0.9152 time=26.7s
17:34:07 | INFO | [finetune] epoch 55/210 train_task_loss=0.1022 train_kl=0.00 beta=0.00000 train_cost=0.00 gamma=0.000000 train_acc=0.9650 val_loss=0.2827 val_acc=0.9105 time=26.6s
17:34:34 | INFO | [finetune] epoch 56/210 train_task_loss=0.1035 train_kl=0.00 beta=0.00000 train_cost=0.00 gamma=0.000000 train_acc=0.9629 val_loss=0.3028 val_acc=0.9076 time=26.7s
17:35:01 | INFO | [finetune] epoch 57/210 train_task_loss=0.0987 train_kl=0.00 beta=0.00000 train_cost=0.00 gamma=0.000000 train_acc=0.9656 val_loss=0.2778 val_acc=0.9184 time=26.6s
17:35:27 | INFO | [finetune] epoch 58/210 train_task_loss=0.0990 train_kl=0.00 beta=0.00000 train_cost=0.00 gamma=0.000000 train_acc=0.9654 val_loss=0.3123 val_acc=0.9121 time=26.7s
17:35:54 | INFO | [finetune] epoch 59/210 train_task_loss=0.0944 train_kl=0.00 beta=0.00000 train_cost=0.00 gamma=0.000000 train_acc=0.9678 val_loss=0.2918 val_acc=0.9184 time=26.6s
17:36:21 | INFO | [finetune] epoch 60/210 train_task_loss=0.0940 train_kl=0.00 beta=0.00000 train_cost=0.00 gamma=0.000000 train_acc=0.9669 val_loss=0.2948 val_acc=0.9111 time=26.7s
17:36:47 | INFO | [finetune] epoch 61/210 train_task_loss=0.0954 train_kl=0.00 beta=0.00000 train_cost=0.00 gamma=0.000000 train_acc=0.9661 val_loss=0.2687 val_acc=0.9162 time=26.7s
17:37:14 | INFO | [finetune] epoch 62/210 train_task_loss=0.0912 train_kl=0.00 beta=0.00000 train_cost=0.00 gamma=0.000000 train_acc=0.9680 val_loss=0.3330 val_acc=0.9078 time=26.6s
17:37:41 | INFO | [finetune] epoch 63/210 train_task_loss=0.0943 train_kl=0.00 beta=0.00000 train_cost=0.00 gamma=0.000000 train_acc=0.9672 val_loss=0.3048 val_acc=0.9102 time=26.7s
17:38:07 | INFO | [finetune] epoch 64/210 train_task_loss=0.0890 train_kl=0.00 beta=0.00000 train_cost=0.00 gamma=0.000000 train_acc=0.9683 val_loss=0.3013 val_acc=0.9148 time=26.7s
17:38:34 | INFO | [finetune] epoch 65/210 train_task_loss=0.0928 train_kl=0.00 beta=0.00000 train_cost=0.00 gamma=0.000000 train_acc=0.9671 val_loss=0.2956 val_acc=0.9119 time=26.7s
17:39:01 | INFO | [finetune] epoch 66/210 train_task_loss=0.0877 train_kl=0.00 beta=0.00000 train_cost=0.00 gamma=0.000000 train_acc=0.9695 val_loss=0.3113 val_acc=0.9107 time=26.6s
17:39:27 | INFO | [finetune] epoch 67/210 train_task_loss=0.0864 train_kl=0.00 beta=0.00000 train_cost=0.00 gamma=0.000000 train_acc=0.9686 val_loss=0.3862 val_acc=0.8945 time=26.6s
17:39:54 | INFO | [finetune] epoch 68/210 train_task_loss=0.0929 train_kl=0.00 beta=0.00000 train_cost=0.00 gamma=0.000000 train_acc=0.9673 val_loss=0.2911 val_acc=0.9180 time=26.7s
17:40:21 | INFO | [finetune] epoch 69/210 train_task_loss=0.0851 train_kl=0.00 beta=0.00000 train_cost=0.00 gamma=0.000000 train_acc=0.9702 val_loss=0.2967 val_acc=0.9137 time=26.6s
17:40:47 | INFO | [finetune] epoch 70/210 train_task_loss=0.0887 train_kl=0.00 beta=0.00000 train_cost=0.00 gamma=0.000000 train_acc=0.9694 val_loss=0.3025 val_acc=0.9158 time=26.8s
17:41:14 | INFO | [finetune] epoch 71/210 train_task_loss=0.0873 train_kl=0.00 beta=0.00000 train_cost=0.00 gamma=0.000000 train_acc=0.9695 val_loss=0.2742 val_acc=0.9191 time=26.7s
17:41:41 | INFO | [finetune] epoch 72/210 train_task_loss=0.0829 train_kl=0.00 beta=0.00000 train_cost=0.00 gamma=0.000000 train_acc=0.9710 val_loss=0.3081 val_acc=0.9162 time=26.7s
17:42:07 | INFO | [finetune] epoch 73/210 train_task_loss=0.0871 train_kl=0.00 beta=0.00000 train_cost=0.00 gamma=0.000000 train_acc=0.9696 val_loss=0.3081 val_acc=0.9115 time=26.7s
17:42:34 | INFO | [finetune] epoch 74/210 train_task_loss=0.0815 train_kl=0.00 beta=0.00000 train_cost=0.00 gamma=0.000000 train_acc=0.9719 val_loss=0.2614 val_acc=0.9240 time=26.7s
17:43:01 | INFO | [finetune] epoch 75/210 train_task_loss=0.0792 train_kl=0.00 beta=0.00000 train_cost=0.00 gamma=0.000000 train_acc=0.9730 val_loss=0.2704 val_acc=0.9209 time=26.7s
17:43:28 | INFO | [finetune] epoch 76/210 train_task_loss=0.0839 train_kl=0.00 beta=0.00000 train_cost=0.00 gamma=0.000000 train_acc=0.9708 val_loss=0.3175 val_acc=0.9123 time=26.7s
17:43:54 | INFO | [finetune] epoch 77/210 train_task_loss=0.0740 train_kl=0.00 beta=0.00000 train_cost=0.00 gamma=0.000000 train_acc=0.9733 val_loss=0.3055 val_acc=0.9158 time=26.8s
17:44:21 | INFO | [finetune] epoch 78/210 train_task_loss=0.0737 train_kl=0.00 beta=0.00000 train_cost=0.00 gamma=0.000000 train_acc=0.9742 val_loss=0.2692 val_acc=0.9225 time=26.7s
17:44:48 | INFO | [finetune] epoch 79/210 train_task_loss=0.0745 train_kl=0.00 beta=0.00000 train_cost=0.00 gamma=0.000000 train_acc=0.9736 val_loss=0.2900 val_acc=0.9223 time=26.6s
17:45:14 | INFO | [finetune] epoch 80/210 train_task_loss=0.0737 train_kl=0.00 beta=0.00000 train_cost=0.00 gamma=0.000000 train_acc=0.9740 val_loss=0.2988 val_acc=0.9187 time=26.8s
17:45:41 | INFO | [finetune] epoch 81/210 train_task_loss=0.0724 train_kl=0.00 beta=0.00000 train_cost=0.00 gamma=0.000000 train_acc=0.9751 val_loss=0.2914 val_acc=0.9178 time=26.7s
17:46:08 | INFO | [finetune] epoch 82/210 train_task_loss=0.0770 train_kl=0.00 beta=0.00000 train_cost=0.00 gamma=0.000000 train_acc=0.9726 val_loss=0.2725 val_acc=0.9211 time=26.8s
17:46:35 | INFO | [finetune] epoch 83/210 train_task_loss=0.0758 train_kl=0.00 beta=0.00000 train_cost=0.00 gamma=0.000000 train_acc=0.9736 val_loss=0.2654 val_acc=0.9217 time=26.7s
17:47:01 | INFO | [finetune] epoch 84/210 train_task_loss=0.0710 train_kl=0.00 beta=0.00000 train_cost=0.00 gamma=0.000000 train_acc=0.9752 val_loss=0.3098 val_acc=0.9125 time=26.7s
17:47:28 | INFO | [finetune] epoch 85/210 train_task_loss=0.0666 train_kl=0.00 beta=0.00000 train_cost=0.00 gamma=0.000000 train_acc=0.9764 val_loss=0.3094 val_acc=0.9174 time=26.7s
17:47:55 | INFO | [finetune] epoch 86/210 train_task_loss=0.0644 train_kl=0.00 beta=0.00000 train_cost=0.00 gamma=0.000000 train_acc=0.9770 val_loss=0.2776 val_acc=0.9211 time=26.7s
17:48:22 | INFO | [finetune] epoch 87/210 train_task_loss=0.0669 train_kl=0.00 beta=0.00000 train_cost=0.00 gamma=0.000000 train_acc=0.9771 val_loss=0.3098 val_acc=0.9129 time=26.7s
17:48:48 | INFO | [finetune] epoch 88/210 train_task_loss=0.0614 train_kl=0.00 beta=0.00000 train_cost=0.00 gamma=0.000000 train_acc=0.9784 val_loss=0.3001 val_acc=0.9148 time=26.7s
17:49:15 | INFO | [finetune] epoch 89/210 train_task_loss=0.0686 train_kl=0.00 beta=0.00000 train_cost=0.00 gamma=0.000000 train_acc=0.9765 val_loss=0.3166 val_acc=0.9096 time=26.8s
17:49:42 | INFO | [finetune] epoch 90/210 train_task_loss=0.0664 train_kl=0.00 beta=0.00000 train_cost=0.00 gamma=0.000000 train_acc=0.9769 val_loss=0.2907 val_acc=0.9172 time=26.7s
17:50:09 | INFO | [finetune] epoch 91/210 train_task_loss=0.0623 train_kl=0.00 beta=0.00000 train_cost=0.00 gamma=0.000000 train_acc=0.9786 val_loss=0.2932 val_acc=0.9193 time=26.8s
17:50:35 | INFO | [finetune] epoch 92/210 train_task_loss=0.0597 train_kl=0.00 beta=0.00000 train_cost=0.00 gamma=0.000000 train_acc=0.9794 val_loss=0.2988 val_acc=0.9168 time=26.7s
17:51:02 | INFO | [finetune] epoch 93/210 train_task_loss=0.0579 train_kl=0.00 beta=0.00000 train_cost=0.00 gamma=0.000000 train_acc=0.9802 val_loss=0.2804 val_acc=0.9215 time=26.7s
17:51:29 | INFO | [finetune] epoch 94/210 train_task_loss=0.0571 train_kl=0.00 beta=0.00000 train_cost=0.00 gamma=0.000000 train_acc=0.9796 val_loss=0.2725 val_acc=0.9254 time=26.7s
17:51:55 | INFO | [finetune] epoch 95/210 train_task_loss=0.0544 train_kl=0.00 beta=0.00000 train_cost=0.00 gamma=0.000000 train_acc=0.9808 val_loss=0.2605 val_acc=0.9246 time=26.7s
17:52:22 | INFO | [finetune] epoch 96/210 train_task_loss=0.0582 train_kl=0.00 beta=0.00000 train_cost=0.00 gamma=0.000000 train_acc=0.9802 val_loss=0.3064 val_acc=0.9187 time=26.8s
17:52:49 | INFO | [finetune] epoch 97/210 train_task_loss=0.0575 train_kl=0.00 beta=0.00000 train_cost=0.00 gamma=0.000000 train_acc=0.9804 val_loss=0.2817 val_acc=0.9191 time=26.7s
17:53:16 | INFO | [finetune] epoch 98/210 train_task_loss=0.0591 train_kl=0.00 beta=0.00000 train_cost=0.00 gamma=0.000000 train_acc=0.9794 val_loss=0.3087 val_acc=0.9170 time=26.7s
17:53:42 | INFO | [finetune] epoch 99/210 train_task_loss=0.0549 train_kl=0.00 beta=0.00000 train_cost=0.00 gamma=0.000000 train_acc=0.9812 val_loss=0.2916 val_acc=0.9203 time=26.8s
17:54:09 | INFO | [finetune] epoch 100/210 train_task_loss=0.0543 train_kl=0.00 beta=0.00000 train_cost=0.00 gamma=0.000000 train_acc=0.9812 val_loss=0.2973 val_acc=0.9248 time=26.8s
17:54:36 | INFO | [finetune] epoch 101/210 train_task_loss=0.0486 train_kl=0.00 beta=0.00000 train_cost=0.00 gamma=0.000000 train_acc=0.9829 val_loss=0.3015 val_acc=0.9258 time=26.7s
17:55:03 | INFO | [finetune] epoch 102/210 train_task_loss=0.0536 train_kl=0.00 beta=0.00000 train_cost=0.00 gamma=0.000000 train_acc=0.9815 val_loss=0.3074 val_acc=0.9166 time=26.7s
17:55:29 | INFO | [finetune] epoch 103/210 train_task_loss=0.0559 train_kl=0.00 beta=0.00000 train_cost=0.00 gamma=0.000000 train_acc=0.9808 val_loss=0.2799 val_acc=0.9246 time=26.8s
17:55:56 | INFO | [finetune] epoch 104/210 train_task_loss=0.0463 train_kl=0.00 beta=0.00000 train_cost=0.00 gamma=0.000000 train_acc=0.9837 val_loss=0.2807 val_acc=0.9240 time=26.8s
17:56:23 | INFO | [finetune] epoch 105/210 train_task_loss=0.0481 train_kl=0.00 beta=0.00000 train_cost=0.00 gamma=0.000000 train_acc=0.9833 val_loss=0.3312 val_acc=0.9178 time=26.7s
17:56:50 | INFO | [finetune] epoch 106/210 train_task_loss=0.0475 train_kl=0.00 beta=0.00000 train_cost=0.00 gamma=0.000000 train_acc=0.9832 val_loss=0.3154 val_acc=0.9182 time=26.9s
17:57:17 | INFO | [finetune] epoch 107/210 train_task_loss=0.0488 train_kl=0.00 beta=0.00000 train_cost=0.00 gamma=0.000000 train_acc=0.9830 val_loss=0.2650 val_acc=0.9275 time=26.8s
17:57:43 | INFO | [finetune] epoch 108/210 train_task_loss=0.0413 train_kl=0.00 beta=0.00000 train_cost=0.00 gamma=0.000000 train_acc=0.9858 val_loss=0.2972 val_acc=0.9221 time=26.8s
17:58:10 | INFO | [finetune] epoch 109/210 train_task_loss=0.0397 train_kl=0.00 beta=0.00000 train_cost=0.00 gamma=0.000000 train_acc=0.9867 val_loss=0.2730 val_acc=0.9268 time=26.7s
17:58:37 | INFO | [finetune] epoch 110/210 train_task_loss=0.0447 train_kl=0.00 beta=0.00000 train_cost=0.00 gamma=0.000000 train_acc=0.9843 val_loss=0.2761 val_acc=0.9252 time=26.8s
17:59:04 | INFO | [finetune] epoch 111/210 train_task_loss=0.0429 train_kl=0.00 beta=0.00000 train_cost=0.00 gamma=0.000000 train_acc=0.9852 val_loss=0.2831 val_acc=0.9236 time=26.7s
17:59:30 | INFO | [finetune] epoch 112/210 train_task_loss=0.0395 train_kl=0.00 beta=0.00000 train_cost=0.00 gamma=0.000000 train_acc=0.9864 val_loss=0.2687 val_acc=0.9314 time=26.8s
17:59:57 | INFO | [finetune] epoch 113/210 train_task_loss=0.0394 train_kl=0.00 beta=0.00000 train_cost=0.00 gamma=0.000000 train_acc=0.9867 val_loss=0.2840 val_acc=0.9246 time=26.7s
18:00:24 | INFO | [finetune] epoch 114/210 train_task_loss=0.0376 train_kl=0.00 beta=0.00000 train_cost=0.00 gamma=0.000000 train_acc=0.9870 val_loss=0.2863 val_acc=0.9236 time=26.8s
18:00:51 | INFO | [finetune] epoch 115/210 train_task_loss=0.0346 train_kl=0.00 beta=0.00000 train_cost=0.00 gamma=0.000000 train_acc=0.9884 val_loss=0.2804 val_acc=0.9252 time=26.9s
18:01:17 | INFO | [finetune] epoch 116/210 train_task_loss=0.0348 train_kl=0.00 beta=0.00000 train_cost=0.00 gamma=0.000000 train_acc=0.9874 val_loss=0.3004 val_acc=0.9201 time=26.7s
18:01:44 | INFO | [finetune] epoch 117/210 train_task_loss=0.0399 train_kl=0.00 beta=0.00000 train_cost=0.00 gamma=0.000000 train_acc=0.9870 val_loss=0.2975 val_acc=0.9176 time=26.7s
18:02:11 | INFO | [finetune] epoch 118/210 train_task_loss=0.0336 train_kl=0.00 beta=0.00000 train_cost=0.00 gamma=0.000000 train_acc=0.9884 val_loss=0.3169 val_acc=0.9187 time=26.8s
18:02:38 | INFO | [finetune] epoch 119/210 train_task_loss=0.0335 train_kl=0.00 beta=0.00000 train_cost=0.00 gamma=0.000000 train_acc=0.9881 val_loss=0.2698 val_acc=0.9256 time=26.7s
18:03:04 | INFO | [finetune] epoch 120/210 train_task_loss=0.0325 train_kl=0.00 beta=0.00000 train_cost=0.00 gamma=0.000000 train_acc=0.9889 val_loss=0.3070 val_acc=0.9213 time=26.7s
18:03:31 | INFO | [finetune] epoch 121/210 train_task_loss=0.0326 train_kl=0.00 beta=0.00000 train_cost=0.00 gamma=0.000000 train_acc=0.9892 val_loss=0.2807 val_acc=0.9318 time=26.8s
18:03:58 | INFO | [finetune] epoch 122/210 train_task_loss=0.0290 train_kl=0.00 beta=0.00000 train_cost=0.00 gamma=0.000000 train_acc=0.9899 val_loss=0.2969 val_acc=0.9264 time=26.8s
18:04:25 | INFO | [finetune] epoch 123/210 train_task_loss=0.0283 train_kl=0.00 beta=0.00000 train_cost=0.00 gamma=0.000000 train_acc=0.9902 val_loss=0.3131 val_acc=0.9217 time=26.8s
18:04:51 | INFO | [finetune] epoch 124/210 train_task_loss=0.0272 train_kl=0.00 beta=0.00000 train_cost=0.00 gamma=0.000000 train_acc=0.9903 val_loss=0.3083 val_acc=0.9262 time=26.7s
18:05:18 | INFO | [finetune] epoch 125/210 train_task_loss=0.0311 train_kl=0.00 beta=0.00000 train_cost=0.00 gamma=0.000000 train_acc=0.9892 val_loss=0.2831 val_acc=0.9299 time=26.7s
18:05:45 | INFO | [finetune] epoch 126/210 train_task_loss=0.0288 train_kl=0.00 beta=0.00000 train_cost=0.00 gamma=0.000000 train_acc=0.9901 val_loss=0.2855 val_acc=0.9281 time=26.7s
18:06:11 | INFO | [finetune] epoch 127/210 train_task_loss=0.0278 train_kl=0.00 beta=0.00000 train_cost=0.00 gamma=0.000000 train_acc=0.9903 val_loss=0.2796 val_acc=0.9299 time=26.8s
18:06:38 | INFO | [finetune] epoch 128/210 train_task_loss=0.0263 train_kl=0.00 beta=0.00000 train_cost=0.00 gamma=0.000000 train_acc=0.9904 val_loss=0.2882 val_acc=0.9275 time=26.7s
18:07:05 | INFO | [finetune] epoch 129/210 train_task_loss=0.0267 train_kl=0.00 beta=0.00000 train_cost=0.00 gamma=0.000000 train_acc=0.9914 val_loss=0.3071 val_acc=0.9238 time=26.7s
18:07:32 | INFO | [finetune] epoch 130/210 train_task_loss=0.0236 train_kl=0.00 beta=0.00000 train_cost=0.00 gamma=0.000000 train_acc=0.9921 val_loss=0.2939 val_acc=0.9256 time=26.8s
18:07:58 | INFO | [finetune] epoch 131/210 train_task_loss=0.0219 train_kl=0.00 beta=0.00000 train_cost=0.00 gamma=0.000000 train_acc=0.9925 val_loss=0.3101 val_acc=0.9283 time=26.7s
18:08:25 | INFO | [finetune] epoch 132/210 train_task_loss=0.0230 train_kl=0.00 beta=0.00000 train_cost=0.00 gamma=0.000000 train_acc=0.9917 val_loss=0.2917 val_acc=0.9271 time=26.7s
18:08:52 | INFO | [finetune] epoch 133/210 train_task_loss=0.0210 train_kl=0.00 beta=0.00000 train_cost=0.00 gamma=0.000000 train_acc=0.9929 val_loss=0.3077 val_acc=0.9277 time=26.7s
18:09:19 | INFO | [finetune] epoch 134/210 train_task_loss=0.0231 train_kl=0.00 beta=0.00000 train_cost=0.00 gamma=0.000000 train_acc=0.9923 val_loss=0.3098 val_acc=0.9293 time=26.7s
18:09:45 | INFO | [finetune] epoch 135/210 train_task_loss=0.0236 train_kl=0.00 beta=0.00000 train_cost=0.00 gamma=0.000000 train_acc=0.9922 val_loss=0.2999 val_acc=0.9293 time=26.7s
18:10:12 | INFO | [finetune] epoch 136/210 train_task_loss=0.0208 train_kl=0.00 beta=0.00000 train_cost=0.00 gamma=0.000000 train_acc=0.9931 val_loss=0.3099 val_acc=0.9281 time=26.7s
18:10:39 | INFO | [finetune] epoch 137/210 train_task_loss=0.0198 train_kl=0.00 beta=0.00000 train_cost=0.00 gamma=0.000000 train_acc=0.9935 val_loss=0.2706 val_acc=0.9340 time=26.7s
18:11:06 | INFO | [finetune] epoch 138/210 train_task_loss=0.0183 train_kl=0.00 beta=0.00000 train_cost=0.00 gamma=0.000000 train_acc=0.9936 val_loss=0.2956 val_acc=0.9320 time=26.8s
18:11:32 | INFO | [finetune] epoch 139/210 train_task_loss=0.0182 train_kl=0.00 beta=0.00000 train_cost=0.00 gamma=0.000000 train_acc=0.9936 val_loss=0.2956 val_acc=0.9291 time=26.8s
18:11:59 | INFO | [finetune] epoch 140/210 train_task_loss=0.0162 train_kl=0.00 beta=0.00000 train_cost=0.00 gamma=0.000000 train_acc=0.9949 val_loss=0.2711 val_acc=0.9330 time=26.8s
18:12:26 | INFO | [finetune] epoch 141/210 train_task_loss=0.0144 train_kl=0.00 beta=0.00000 train_cost=0.00 gamma=0.000000 train_acc=0.9953 val_loss=0.2643 val_acc=0.9371 time=26.8s
18:12:53 | INFO | [finetune] epoch 142/210 train_task_loss=0.0163 train_kl=0.00 beta=0.00000 train_cost=0.00 gamma=0.000000 train_acc=0.9946 val_loss=0.2679 val_acc=0.9338 time=26.7s
18:13:20 | INFO | [finetune] epoch 143/210 train_task_loss=0.0147 train_kl=0.00 beta=0.00000 train_cost=0.00 gamma=0.000000 train_acc=0.9954 val_loss=0.2815 val_acc=0.9322 time=26.9s
18:13:46 | INFO | [finetune] epoch 144/210 train_task_loss=0.0131 train_kl=0.00 beta=0.00000 train_cost=0.00 gamma=0.000000 train_acc=0.9955 val_loss=0.2845 val_acc=0.9311 time=26.7s
18:14:19 | INFO | [finetune] epoch 145/210 train_task_loss=0.0141 train_kl=0.00 beta=0.00000 train_cost=0.00 gamma=0.000000 train_acc=0.9955 val_loss=0.2938 val_acc=0.9314 time=32.8s
18:14:46 | INFO | [finetune] epoch 146/210 train_task_loss=0.0140 train_kl=0.00 beta=0.00000 train_cost=0.00 gamma=0.000000 train_acc=0.9955 val_loss=0.2949 val_acc=0.9340 time=27.0s
18:15:14 | INFO | [finetune] epoch 147/210 train_task_loss=0.0151 train_kl=0.00 beta=0.00000 train_cost=0.00 gamma=0.000000 train_acc=0.9949 val_loss=0.3284 val_acc=0.9293 time=27.6s
18:15:41 | INFO | [finetune] epoch 148/210 train_task_loss=0.0130 train_kl=0.00 beta=0.00000 train_cost=0.00 gamma=0.000000 train_acc=0.9955 val_loss=0.2782 val_acc=0.9359 time=27.7s
18:16:08 | INFO | [finetune] epoch 149/210 train_task_loss=0.0131 train_kl=0.00 beta=0.00000 train_cost=0.00 gamma=0.000000 train_acc=0.9958 val_loss=0.2859 val_acc=0.9346 time=26.7s
18:16:35 | INFO | [finetune] epoch 150/210 train_task_loss=0.0111 train_kl=0.00 beta=0.00000 train_cost=0.00 gamma=0.000000 train_acc=0.9964 val_loss=0.2656 val_acc=0.9357 time=26.7s
18:17:01 | INFO | [finetune] epoch 151/210 train_task_loss=0.0109 train_kl=0.00 beta=0.00000 train_cost=0.00 gamma=0.000000 train_acc=0.9962 val_loss=0.2849 val_acc=0.9336 time=26.5s
18:17:28 | INFO | [finetune] epoch 152/210 train_task_loss=0.0109 train_kl=0.00 beta=0.00000 train_cost=0.00 gamma=0.000000 train_acc=0.9964 val_loss=0.2758 val_acc=0.9340 time=26.5s
18:17:55 | INFO | [finetune] epoch 153/210 train_task_loss=0.0114 train_kl=0.00 beta=0.00000 train_cost=0.00 gamma=0.000000 train_acc=0.9965 val_loss=0.2804 val_acc=0.9338 time=26.7s
18:18:21 | INFO | [finetune] epoch 154/210 train_task_loss=0.0108 train_kl=0.00 beta=0.00000 train_cost=0.00 gamma=0.000000 train_acc=0.9965 val_loss=0.2903 val_acc=0.9348 time=26.6s
18:18:48 | INFO | [finetune] epoch 155/210 train_task_loss=0.0104 train_kl=0.00 beta=0.00000 train_cost=0.00 gamma=0.000000 train_acc=0.9969 val_loss=0.2680 val_acc=0.9363 time=26.6s
18:19:14 | INFO | [finetune] epoch 156/210 train_task_loss=0.0104 train_kl=0.00 beta=0.00000 train_cost=0.00 gamma=0.000000 train_acc=0.9967 val_loss=0.2932 val_acc=0.9361 time=26.5s
18:19:41 | INFO | [finetune] epoch 157/210 train_task_loss=0.0089 train_kl=0.00 beta=0.00000 train_cost=0.00 gamma=0.000000 train_acc=0.9970 val_loss=0.2886 val_acc=0.9320 time=26.4s
18:20:07 | INFO | [finetune] epoch 158/210 train_task_loss=0.0094 train_kl=0.00 beta=0.00000 train_cost=0.00 gamma=0.000000 train_acc=0.9972 val_loss=0.2894 val_acc=0.9346 time=26.6s
18:20:34 | INFO | [finetune] epoch 159/210 train_task_loss=0.0099 train_kl=0.00 beta=0.00000 train_cost=0.00 gamma=0.000000 train_acc=0.9966 val_loss=0.2909 val_acc=0.9354 time=26.6s
18:21:00 | INFO | [finetune] epoch 160/210 train_task_loss=0.0098 train_kl=0.00 beta=0.00000 train_cost=0.00 gamma=0.000000 train_acc=0.9969 val_loss=0.2753 val_acc=0.9352 time=26.5s
18:21:27 | INFO | [finetune] epoch 161/210 train_task_loss=0.0096 train_kl=0.00 beta=0.00000 train_cost=0.00 gamma=0.000000 train_acc=0.9970 val_loss=0.3157 val_acc=0.9314 time=26.4s
18:21:53 | INFO | [finetune] epoch 162/210 train_task_loss=0.0076 train_kl=0.00 beta=0.00000 train_cost=0.00 gamma=0.000000 train_acc=0.9975 val_loss=0.2725 val_acc=0.9357 time=26.5s
18:22:20 | INFO | [finetune] epoch 163/210 train_task_loss=0.0083 train_kl=0.00 beta=0.00000 train_cost=0.00 gamma=0.000000 train_acc=0.9970 val_loss=0.2829 val_acc=0.9338 time=26.5s
18:22:46 | INFO | [finetune] epoch 164/210 train_task_loss=0.0079 train_kl=0.00 beta=0.00000 train_cost=0.00 gamma=0.000000 train_acc=0.9977 val_loss=0.2781 val_acc=0.9383 time=26.5s
18:23:13 | INFO | [finetune] epoch 165/210 train_task_loss=0.0086 train_kl=0.00 beta=0.00000 train_cost=0.00 gamma=0.000000 train_acc=0.9972 val_loss=0.2729 val_acc=0.9348 time=26.5s
18:23:39 | INFO | [finetune] epoch 166/210 train_task_loss=0.0074 train_kl=0.00 beta=0.00000 train_cost=0.00 gamma=0.000000 train_acc=0.9980 val_loss=0.2882 val_acc=0.9322 time=26.7s
18:24:06 | INFO | [finetune] epoch 167/210 train_task_loss=0.0074 train_kl=0.00 beta=0.00000 train_cost=0.00 gamma=0.000000 train_acc=0.9978 val_loss=0.2672 val_acc=0.9377 time=26.7s
18:24:32 | INFO | [finetune] epoch 168/210 train_task_loss=0.0076 train_kl=0.00 beta=0.00000 train_cost=0.00 gamma=0.000000 train_acc=0.9976 val_loss=0.2677 val_acc=0.9363 time=26.4s
18:24:59 | INFO | [finetune] epoch 169/210 train_task_loss=0.0064 train_kl=0.00 beta=0.00000 train_cost=0.00 gamma=0.000000 train_acc=0.9981 val_loss=0.2726 val_acc=0.9369 time=26.5s
18:25:25 | INFO | [finetune] epoch 170/210 train_task_loss=0.0077 train_kl=0.00 beta=0.00000 train_cost=0.00 gamma=0.000000 train_acc=0.9974 val_loss=0.2756 val_acc=0.9381 time=26.5s
18:25:52 | INFO | [finetune] epoch 171/210 train_task_loss=0.0070 train_kl=0.00 beta=0.00000 train_cost=0.00 gamma=0.000000 train_acc=0.9979 val_loss=0.2898 val_acc=0.9342 time=26.4s
18:26:18 | INFO | [finetune] epoch 172/210 train_task_loss=0.0064 train_kl=0.00 beta=0.00000 train_cost=0.00 gamma=0.000000 train_acc=0.9981 val_loss=0.2845 val_acc=0.9379 time=26.4s
18:26:45 | INFO | [finetune] epoch 173/210 train_task_loss=0.0065 train_kl=0.00 beta=0.00000 train_cost=0.00 gamma=0.000000 train_acc=0.9983 val_loss=0.2757 val_acc=0.9363 time=26.5s
18:27:11 | INFO | [finetune] epoch 174/210 train_task_loss=0.0068 train_kl=0.00 beta=0.00000 train_cost=0.00 gamma=0.000000 train_acc=0.9979 val_loss=0.2838 val_acc=0.9365 time=26.4s
18:27:38 | INFO | [finetune] epoch 175/210 train_task_loss=0.0059 train_kl=0.00 beta=0.00000 train_cost=0.00 gamma=0.000000 train_acc=0.9983 val_loss=0.2801 val_acc=0.9344 time=26.4s
18:28:04 | INFO | [finetune] epoch 176/210 train_task_loss=0.0063 train_kl=0.00 beta=0.00000 train_cost=0.00 gamma=0.000000 train_acc=0.9981 val_loss=0.2708 val_acc=0.9393 time=26.5s
18:28:31 | INFO | [finetune] epoch 177/210 train_task_loss=0.0055 train_kl=0.00 beta=0.00000 train_cost=0.00 gamma=0.000000 train_acc=0.9984 val_loss=0.2741 val_acc=0.9371 time=26.6s
18:28:57 | INFO | [finetune] epoch 178/210 train_task_loss=0.0056 train_kl=0.00 beta=0.00000 train_cost=0.00 gamma=0.000000 train_acc=0.9984 val_loss=0.2589 val_acc=0.9391 time=26.6s
18:29:24 | INFO | [finetune] epoch 179/210 train_task_loss=0.0055 train_kl=0.00 beta=0.00000 train_cost=0.00 gamma=0.000000 train_acc=0.9986 val_loss=0.2878 val_acc=0.9354 time=26.6s
18:29:51 | INFO | [finetune] epoch 180/210 train_task_loss=0.0054 train_kl=0.00 beta=0.00000 train_cost=0.00 gamma=0.000000 train_acc=0.9986 val_loss=0.2667 val_acc=0.9375 time=26.6s
18:30:18 | INFO | [finetune] epoch 181/210 train_task_loss=0.0052 train_kl=0.00 beta=0.00000 train_cost=0.00 gamma=0.000000 train_acc=0.9985 val_loss=0.2600 val_acc=0.9418 time=27.0s
18:30:45 | INFO | [finetune] epoch 182/210 train_task_loss=0.0062 train_kl=0.00 beta=0.00000 train_cost=0.00 gamma=0.000000 train_acc=0.9981 val_loss=0.2626 val_acc=0.9391 time=27.0s
18:31:12 | INFO | [finetune] epoch 183/210 train_task_loss=0.0051 train_kl=0.00 beta=0.00000 train_cost=0.00 gamma=0.000000 train_acc=0.9986 val_loss=0.2732 val_acc=0.9434 time=26.8s
18:31:39 | INFO | [finetune] epoch 184/210 train_task_loss=0.0051 train_kl=0.00 beta=0.00000 train_cost=0.00 gamma=0.000000 train_acc=0.9988 val_loss=0.2776 val_acc=0.9373 time=27.2s
18:32:06 | INFO | [finetune] epoch 185/210 train_task_loss=0.0053 train_kl=0.00 beta=0.00000 train_cost=0.00 gamma=0.000000 train_acc=0.9985 val_loss=0.2748 val_acc=0.9400 time=27.0s
18:32:33 | INFO | [finetune] epoch 186/210 train_task_loss=0.0050 train_kl=0.00 beta=0.00000 train_cost=0.00 gamma=0.000000 train_acc=0.9986 val_loss=0.2740 val_acc=0.9383 time=26.9s
18:33:00 | INFO | [finetune] epoch 187/210 train_task_loss=0.0048 train_kl=0.00 beta=0.00000 train_cost=0.00 gamma=0.000000 train_acc=0.9986 val_loss=0.2636 val_acc=0.9432 time=27.2s
18:33:27 | INFO | [finetune] epoch 188/210 train_task_loss=0.0051 train_kl=0.00 beta=0.00000 train_cost=0.00 gamma=0.000000 train_acc=0.9984 val_loss=0.2786 val_acc=0.9385 time=27.1s
18:33:54 | INFO | [finetune] epoch 189/210 train_task_loss=0.0046 train_kl=0.00 beta=0.00000 train_cost=0.00 gamma=0.000000 train_acc=0.9989 val_loss=0.2830 val_acc=0.9381 time=27.1s
18:34:21 | INFO | [finetune] epoch 190/210 train_task_loss=0.0050 train_kl=0.00 beta=0.00000 train_cost=0.00 gamma=0.000000 train_acc=0.9985 val_loss=0.2785 val_acc=0.9355 time=27.0s
18:34:48 | INFO | [finetune] epoch 191/210 train_task_loss=0.0052 train_kl=0.00 beta=0.00000 train_cost=0.00 gamma=0.000000 train_acc=0.9985 val_loss=0.2629 val_acc=0.9379 time=27.0s
18:35:15 | INFO | [finetune] epoch 192/210 train_task_loss=0.0051 train_kl=0.00 beta=0.00000 train_cost=0.00 gamma=0.000000 train_acc=0.9984 val_loss=0.2703 val_acc=0.9410 time=26.9s
18:35:44 | INFO | [finetune] epoch 193/210 train_task_loss=0.0049 train_kl=0.00 beta=0.00000 train_cost=0.00 gamma=0.000000 train_acc=0.9988 val_loss=0.2843 val_acc=0.9344 time=28.7s
18:36:11 | INFO | [finetune] epoch 194/210 train_task_loss=0.0047 train_kl=0.00 beta=0.00000 train_cost=0.00 gamma=0.000000 train_acc=0.9986 val_loss=0.2732 val_acc=0.9404 time=27.0s
18:36:37 | INFO | [finetune] epoch 195/210 train_task_loss=0.0045 train_kl=0.00 beta=0.00000 train_cost=0.00 gamma=0.000000 train_acc=0.9987 val_loss=0.2756 val_acc=0.9395 time=26.9s
18:37:05 | INFO | [finetune] epoch 196/210 train_task_loss=0.0044 train_kl=0.00 beta=0.00000 train_cost=0.00 gamma=0.000000 train_acc=0.9988 val_loss=0.2900 val_acc=0.9367 time=27.1s
18:37:32 | INFO | [finetune] epoch 197/210 train_task_loss=0.0046 train_kl=0.00 beta=0.00000 train_cost=0.00 gamma=0.000000 train_acc=0.9987 val_loss=0.2749 val_acc=0.9396 time=27.0s
18:38:00 | INFO | [finetune] epoch 198/210 train_task_loss=0.0051 train_kl=0.00 beta=0.00000 train_cost=0.00 gamma=0.000000 train_acc=0.9987 val_loss=0.2850 val_acc=0.9367 time=28.1s
18:38:27 | INFO | [finetune] epoch 199/210 train_task_loss=0.0045 train_kl=0.00 beta=0.00000 train_cost=0.00 gamma=0.000000 train_acc=0.9988 val_loss=0.2868 val_acc=0.9393 time=27.1s
18:38:54 | INFO | [finetune] epoch 200/210 train_task_loss=0.0044 train_kl=0.00 beta=0.00000 train_cost=0.00 gamma=0.000000 train_acc=0.9989 val_loss=0.2889 val_acc=0.9361 time=26.9s
18:39:21 | INFO | [finetune] epoch 201/210 train_task_loss=0.0045 train_kl=0.00 beta=0.00000 train_cost=0.00 gamma=0.000000 train_acc=0.9988 val_loss=0.2791 val_acc=0.9346 time=26.9s
18:39:48 | INFO | [finetune] epoch 202/210 train_task_loss=0.0051 train_kl=0.00 beta=0.00000 train_cost=0.00 gamma=0.000000 train_acc=0.9986 val_loss=0.2647 val_acc=0.9396 time=26.9s
18:40:14 | INFO | [finetune] epoch 203/210 train_task_loss=0.0051 train_kl=0.00 beta=0.00000 train_cost=0.00 gamma=0.000000 train_acc=0.9986 val_loss=0.2706 val_acc=0.9389 time=26.8s
18:40:41 | INFO | [finetune] epoch 204/210 train_task_loss=0.0044 train_kl=0.00 beta=0.00000 train_cost=0.00 gamma=0.000000 train_acc=0.9988 val_loss=0.2652 val_acc=0.9373 time=26.6s
18:41:07 | INFO | [finetune] epoch 205/210 train_task_loss=0.0045 train_kl=0.00 beta=0.00000 train_cost=0.00 gamma=0.000000 train_acc=0.9987 val_loss=0.2782 val_acc=0.9371 time=26.6s
18:41:34 | INFO | [finetune] epoch 206/210 train_task_loss=0.0041 train_kl=0.00 beta=0.00000 train_cost=0.00 gamma=0.000000 train_acc=0.9990 val_loss=0.2806 val_acc=0.9379 time=26.6s
18:42:01 | INFO | [finetune] epoch 207/210 train_task_loss=0.0047 train_kl=0.00 beta=0.00000 train_cost=0.00 gamma=0.000000 train_acc=0.9989 val_loss=0.2677 val_acc=0.9373 time=26.6s
18:42:27 | INFO | [finetune] epoch 208/210 train_task_loss=0.0042 train_kl=0.00 beta=0.00000 train_cost=0.00 gamma=0.000000 train_acc=0.9989 val_loss=0.2670 val_acc=0.9357 time=26.6s
18:42:54 | INFO | [finetune] epoch 209/210 train_task_loss=0.0041 train_kl=0.00 beta=0.00000 train_cost=0.00 gamma=0.000000 train_acc=0.9990 val_loss=0.2832 val_acc=0.9375 time=26.7s
18:43:21 | INFO | [finetune] epoch 210/210 train_task_loss=0.0044 train_kl=0.00 beta=0.00000 train_cost=0.00 gamma=0.000000 train_acc=0.9988 val_loss=0.2571 val_acc=0.9424 time=26.8s
18:43:30 | INFO | [synops0.44_importance] test accuracy 0.9215, synops/sample 102,978,460

============================================================
SPARSITY CURVE FINISHED
============================================================
           point          selection   pruned %   accuracy         synops   usable
     synops 0.44         importance      79.81     0.9215    102,978,460       NO

The gates did not produce a usable ranking, so the curve above is
what random structured pruning of this architecture looks like. That
is a legitimate control and worth keeping under that name, but it is
not evidence about the pruning criterion. Fix gate training first.

Wrote ./outputs/spear_repl_resnet18/sparsity_curve_lagrw_cal210/summary.csv
====================================================
Job finished: Thu 13 Aug 18:43:50 BST 2026
====================================================
