====================================================
Job started: Thu 13 Aug 14:13:27 BST 2026
Node: node863.csf3.man.alces.network
====================================================
Thu Aug 13 14:13:29 2026       
+-----------------------------------------------------------------------------------------+
| NVIDIA-SMI 580.159.04             Driver Version: 580.159.04     CUDA Version: 13.0     |
+-----------------------------------------+------------------------+----------------------+
| GPU  Name                 Persistence-M | Bus-Id          Disp.A | Volatile Uncorr. ECC |
| Fan  Temp   Perf          Pwr:Usage/Cap |           Memory-Usage | GPU-Util  Compute M. |
|                                         |                        |               MIG M. |
|=========================================+========================+======================|
|   0  NVIDIA A100-SXM4-80GB          On  |   00000000:81:00.0 Off |                    0 |
| N/A   33C    P0             83W /  400W |       0MiB /  81920MiB |      0%      Default |
|                                         |                        |             Disabled |
+-----------------------------------------+------------------------+----------------------+

+-----------------------------------------------------------------------------------------+
| Processes:                                                                              |
|  GPU   GI   CI              PID   Type   Process name                        GPU Memory |
|        ID   ID                                                               Usage      |
|=========================================================================================|
|  No running processes found                                                             |
+-----------------------------------------------------------------------------------------+
CUDA available: True
Files already downloaded and verified
Files already downloaded and verified
Files already downloaded and verified
Files already downloaded and verified
Files already downloaded and verified
Files already downloaded and verified

Reusing trained gates: ./outputs/spear_repl/sparsity_curve_lagrw/bayesian_model.pt
14:13:38 | INFO | Reusing trained gates from ./outputs/spear_repl/sparsity_curve_lagrw/bayesian_model.pt

Gate ranking: NOT USABLE (log_alpha std is 0.048 across 4224 gates, so they never differentiated from each other and the ranking is close to arbitrary)
14:13:40 | INFO | Gate ranking after training: NOT USABLE -- log_alpha std is 0.048 across 4224 gates, so they never differentiated from each other and the ranking is close to arbitrary
14:13:42 | INFO |   conv_layers.0: median_log_alpha=2.08 std=0.04 frac_saturated=0.000 structurally_prunable=True
14:13:42 | INFO |   conv_layers.1: median_log_alpha=2.00 std=0.03 frac_saturated=0.000 structurally_prunable=True
14:13:42 | INFO |   conv_layers.2: median_log_alpha=2.04 std=0.02 frac_saturated=0.000 structurally_prunable=True
14:13:42 | INFO |   conv_layers.3: median_log_alpha=2.01 std=0.02 frac_saturated=0.000 structurally_prunable=True
14:13:42 | INFO |   conv_layers.4: median_log_alpha=2.06 std=0.02 frac_saturated=0.000 structurally_prunable=True
14:13:42 | INFO |   conv_layers.5: median_log_alpha=2.07 std=0.02 frac_saturated=0.000 structurally_prunable=True
14:13:42 | INFO |   conv_layers.6: median_log_alpha=2.08 std=0.02 frac_saturated=0.000 structurally_prunable=True
14:13:42 | INFO |   conv_layers.7: median_log_alpha=2.13 std=0.01 frac_saturated=0.000 structurally_prunable=True
14:13:42 | INFO |   conv_layers.8: median_log_alpha=2.14 std=0.01 frac_saturated=0.000 structurally_prunable=True
14:13:42 | INFO |   conv_layers.9: median_log_alpha=2.15 std=0.01 frac_saturated=0.000 structurally_prunable=True
14:13:42 | INFO |   conv_layers.10: median_log_alpha=2.15 std=0.01 frac_saturated=0.000 structurally_prunable=True
14:13:42 | INFO |   conv_layers.11: median_log_alpha=2.16 std=0.01 frac_saturated=0.000 structurally_prunable=True
14:13:42 | INFO |   conv_layers.12: median_log_alpha=2.14 std=0.04 frac_saturated=0.000 structurally_prunable=True

Measuring per-unit SynOps costs on the gate-trained model...

--- budget point 1/1 (importance): 0.525 of dense SynOps ---
14:13:44 | INFO | [synops0.525_importance] synops_budget(budget=0.525 of measured SynOps, rank_by=importance, achieved=0.5246, kept 871/4224 units)
14:13:44 | WARNING | [synops0.525_importance] RANKING NOT USABLE: log_alpha std is 0.048 across 4224 gates, so they never differentiated from each other and the ranking is close to arbitrary.
14:14:21 | INFO | [finetune] epoch 1/30 train_task_loss=2.3875 train_kl=0.00 beta=0.00000 train_cost=0.00 gamma=0.000000 train_acc=0.1427 val_loss=2.0214 val_acc=0.1762 time=35.3s
14:14:38 | INFO | [finetune] epoch 2/30 train_task_loss=1.7784 train_kl=0.00 beta=0.00000 train_cost=0.00 gamma=0.000000 train_acc=0.2614 val_loss=1.6948 val_acc=0.3311 time=16.9s
14:14:54 | INFO | [finetune] epoch 3/30 train_task_loss=1.4723 train_kl=0.00 beta=0.00000 train_cost=0.00 gamma=0.000000 train_acc=0.3969 val_loss=1.4146 val_acc=0.4355 time=16.7s
14:15:12 | INFO | [finetune] epoch 4/30 train_task_loss=1.3770 train_kl=0.00 beta=0.00000 train_cost=0.00 gamma=0.000000 train_acc=0.4425 val_loss=1.2944 val_acc=0.4879 time=17.1s
14:15:28 | INFO | [finetune] epoch 5/30 train_task_loss=1.2331 train_kl=0.00 beta=0.00000 train_cost=0.00 gamma=0.000000 train_acc=0.5317 val_loss=1.1841 val_acc=0.5986 time=16.8s
14:15:45 | INFO | [finetune] epoch 6/30 train_task_loss=1.1551 train_kl=0.00 beta=0.00000 train_cost=0.00 gamma=0.000000 train_acc=0.5816 val_loss=1.1596 val_acc=0.5885 time=16.9s
14:16:02 | INFO | [finetune] epoch 7/30 train_task_loss=1.0895 train_kl=0.00 beta=0.00000 train_cost=0.00 gamma=0.000000 train_acc=0.6108 val_loss=1.0948 val_acc=0.5666 time=16.9s
14:16:19 | INFO | [finetune] epoch 8/30 train_task_loss=1.0147 train_kl=0.00 beta=0.00000 train_cost=0.00 gamma=0.000000 train_acc=0.6438 val_loss=1.0998 val_acc=0.5953 time=16.9s
14:16:36 | INFO | [finetune] epoch 9/30 train_task_loss=0.9573 train_kl=0.00 beta=0.00000 train_cost=0.00 gamma=0.000000 train_acc=0.6684 val_loss=0.9580 val_acc=0.6494 time=16.9s
14:16:53 | INFO | [finetune] epoch 10/30 train_task_loss=0.9301 train_kl=0.00 beta=0.00000 train_cost=0.00 gamma=0.000000 train_acc=0.6751 val_loss=0.9589 val_acc=0.6287 time=16.8s
14:17:10 | INFO | [finetune] epoch 11/30 train_task_loss=0.9227 train_kl=0.00 beta=0.00000 train_cost=0.00 gamma=0.000000 train_acc=0.6781 val_loss=1.0821 val_acc=0.6125 time=16.9s
14:17:27 | INFO | [finetune] epoch 12/30 train_task_loss=0.9508 train_kl=0.00 beta=0.00000 train_cost=0.00 gamma=0.000000 train_acc=0.6712 val_loss=1.1248 val_acc=0.5932 time=16.9s
14:17:43 | INFO | [finetune] epoch 13/30 train_task_loss=0.9655 train_kl=0.00 beta=0.00000 train_cost=0.00 gamma=0.000000 train_acc=0.6669 val_loss=1.0173 val_acc=0.6344 time=16.9s
14:18:01 | INFO | [finetune] epoch 14/30 train_task_loss=0.8906 train_kl=0.00 beta=0.00000 train_cost=0.00 gamma=0.000000 train_acc=0.6952 val_loss=0.8990 val_acc=0.6666 time=17.2s
14:18:18 | INFO | [finetune] epoch 15/30 train_task_loss=0.9413 train_kl=0.00 beta=0.00000 train_cost=0.00 gamma=0.000000 train_acc=0.6664 val_loss=1.2596 val_acc=0.5307 time=17.2s
14:18:35 | INFO | [finetune] epoch 16/30 train_task_loss=0.9798 train_kl=0.00 beta=0.00000 train_cost=0.00 gamma=0.000000 train_acc=0.6642 val_loss=0.8712 val_acc=0.7055 time=17.3s
14:18:52 | INFO | [finetune] epoch 17/30 train_task_loss=0.9196 train_kl=0.00 beta=0.00000 train_cost=0.00 gamma=0.000000 train_acc=0.6909 val_loss=0.9019 val_acc=0.7047 time=17.4s
14:19:10 | INFO | [finetune] epoch 18/30 train_task_loss=0.9109 train_kl=0.00 beta=0.00000 train_cost=0.00 gamma=0.000000 train_acc=0.6924 val_loss=1.0103 val_acc=0.6434 time=17.4s
14:19:27 | INFO | [finetune] epoch 19/30 train_task_loss=1.0214 train_kl=0.00 beta=0.00000 train_cost=0.00 gamma=0.000000 train_acc=0.6556 val_loss=1.1045 val_acc=0.5811 time=17.2s
14:19:44 | INFO | [finetune] epoch 20/30 train_task_loss=0.9821 train_kl=0.00 beta=0.00000 train_cost=0.00 gamma=0.000000 train_acc=0.6621 val_loss=0.9570 val_acc=0.6676 time=17.2s
14:20:02 | INFO | [finetune] epoch 21/30 train_task_loss=0.8893 train_kl=0.00 beta=0.00000 train_cost=0.00 gamma=0.000000 train_acc=0.6928 val_loss=0.8352 val_acc=0.7148 time=17.3s
14:20:19 | INFO | [finetune] epoch 22/30 train_task_loss=0.8034 train_kl=0.00 beta=0.00000 train_cost=0.00 gamma=0.000000 train_acc=0.7236 val_loss=0.8395 val_acc=0.7174 time=17.4s
14:20:36 | INFO | [finetune] epoch 23/30 train_task_loss=0.7822 train_kl=0.00 beta=0.00000 train_cost=0.00 gamma=0.000000 train_acc=0.7313 val_loss=0.7866 val_acc=0.7363 time=17.4s
14:20:54 | INFO | [finetune] epoch 24/30 train_task_loss=0.7500 train_kl=0.00 beta=0.00000 train_cost=0.00 gamma=0.000000 train_acc=0.7442 val_loss=0.8205 val_acc=0.7266 time=17.6s
14:21:12 | INFO | [finetune] epoch 25/30 train_task_loss=0.7477 train_kl=0.00 beta=0.00000 train_cost=0.00 gamma=0.000000 train_acc=0.7446 val_loss=0.7866 val_acc=0.7490 time=17.6s
14:21:29 | INFO | [finetune] epoch 26/30 train_task_loss=0.7933 train_kl=0.00 beta=0.00000 train_cost=0.00 gamma=0.000000 train_acc=0.7269 val_loss=0.8665 val_acc=0.6986 time=17.5s
14:21:46 | INFO | [finetune] epoch 27/30 train_task_loss=0.8184 train_kl=0.00 beta=0.00000 train_cost=0.00 gamma=0.000000 train_acc=0.7166 val_loss=0.8329 val_acc=0.7201 time=17.4s
14:22:04 | INFO | [finetune] epoch 28/30 train_task_loss=0.8069 train_kl=0.00 beta=0.00000 train_cost=0.00 gamma=0.000000 train_acc=0.7227 val_loss=0.8257 val_acc=0.7365 time=17.3s
14:22:21 | INFO | [finetune] epoch 29/30 train_task_loss=0.8119 train_kl=0.00 beta=0.00000 train_cost=0.00 gamma=0.000000 train_acc=0.7175 val_loss=0.8351 val_acc=0.7191 time=17.6s
14:22:39 | INFO | [finetune] epoch 30/30 train_task_loss=0.8173 train_kl=0.00 beta=0.00000 train_cost=0.00 gamma=0.000000 train_acc=0.7160 val_loss=0.8203 val_acc=0.7186 time=17.6s
14:22:45 | INFO | [synops0.525_importance] test accuracy 0.7225, synops/sample 52,254,192

============================================================
SPARSITY CURVE FINISHED
============================================================
           point          selection   pruned %   accuracy         synops   usable
    synops 0.525         importance      93.35     0.7225     52,254,192       NO

The gates did not produce a usable ranking, so the curve above is
what random structured pruning of this architecture looks like. That
is a legitimate control and worth keeping under that name, but it is
not evidence about the pruning criterion. Fix gate training first.

Wrote ./outputs/spear_repl/sparsity_curve_lagrw_ft/summary.csv
====================================================
Job finished: Thu 13 Aug 14:22:46 BST 2026
====================================================
