====================================================
Job started: Thu 13 Aug 17:07:01 BST 2026
Node: node863.csf3.man.alces.network
====================================================
Thu Aug 13 17:07:03 2026       
+-----------------------------------------------------------------------------------------+
| NVIDIA-SMI 580.159.04             Driver Version: 580.159.04     CUDA Version: 13.0     |
+-----------------------------------------+------------------------+----------------------+
| GPU  Name                 Persistence-M | Bus-Id          Disp.A | Volatile Uncorr. ECC |
| Fan  Temp   Perf          Pwr:Usage/Cap |           Memory-Usage | GPU-Util  Compute M. |
|                                         |                        |               MIG M. |
|=========================================+========================+======================|
|   0  NVIDIA A100-SXM4-80GB          On  |   00000000:41:00.0 Off |                    0 |
| N/A   29C    P0             60W /  400W |       0MiB /  81920MiB |      0%      Default |
|                                         |                        |             Disabled |
+-----------------------------------------+------------------------+----------------------+

+-----------------------------------------------------------------------------------------+
| Processes:                                                                              |
|  GPU   GI   CI              PID   Type   Process name                        GPU Memory |
|        ID   ID                                                               Usage      |
|=========================================================================================|
|  No running processes found                                                             |
+-----------------------------------------------------------------------------------------+
CUDA available: True
Files already downloaded and verified
Files already downloaded and verified
Files already downloaded and verified
Files already downloaded and verified
Files already downloaded and verified
Files already downloaded and verified

Reusing trained gates: ./outputs/spear_repl/sparsity_curve_lagrw/bayesian_model.pt
17:09:13 | INFO | Reusing trained gates from ./outputs/spear_repl/sparsity_curve_lagrw/bayesian_model.pt

Scrambled log_alpha within every prunable layer (ordering control arm).
17:09:25 | INFO | Gates scrambled within layers: this run is the random-ordering control

Gate ranking: NOT USABLE (log_alpha std is 0.048 across 4224 gates, so they never differentiated from each other and the ranking is close to arbitrary)
17:09:25 | INFO | Gate ranking after training: NOT USABLE -- log_alpha std is 0.048 across 4224 gates, so they never differentiated from each other and the ranking is close to arbitrary
17:09:26 | INFO |   conv_layers.0: median_log_alpha=2.08 std=0.04 frac_saturated=0.000 structurally_prunable=True
17:09:26 | INFO |   conv_layers.1: median_log_alpha=2.00 std=0.03 frac_saturated=0.000 structurally_prunable=True
17:09:26 | INFO |   conv_layers.2: median_log_alpha=2.04 std=0.02 frac_saturated=0.000 structurally_prunable=True
17:09:26 | INFO |   conv_layers.3: median_log_alpha=2.01 std=0.02 frac_saturated=0.000 structurally_prunable=True
17:09:26 | INFO |   conv_layers.4: median_log_alpha=2.06 std=0.02 frac_saturated=0.000 structurally_prunable=True
17:09:26 | INFO |   conv_layers.5: median_log_alpha=2.07 std=0.02 frac_saturated=0.000 structurally_prunable=True
17:09:26 | INFO |   conv_layers.6: median_log_alpha=2.08 std=0.02 frac_saturated=0.000 structurally_prunable=True
17:09:26 | INFO |   conv_layers.7: median_log_alpha=2.13 std=0.01 frac_saturated=0.000 structurally_prunable=True
17:09:26 | INFO |   conv_layers.8: median_log_alpha=2.14 std=0.01 frac_saturated=0.000 structurally_prunable=True
17:09:26 | INFO |   conv_layers.9: median_log_alpha=2.15 std=0.01 frac_saturated=0.000 structurally_prunable=True
17:09:26 | INFO |   conv_layers.10: median_log_alpha=2.15 std=0.01 frac_saturated=0.000 structurally_prunable=True
17:09:26 | INFO |   conv_layers.11: median_log_alpha=2.16 std=0.01 frac_saturated=0.000 structurally_prunable=True
17:09:26 | INFO |   conv_layers.12: median_log_alpha=2.14 std=0.04 frac_saturated=0.000 structurally_prunable=True

Measuring per-unit SynOps costs on the gate-trained model...

--- budget point 1/1 (importance): 0.525 of dense SynOps ---
17:09:31 | INFO | [synops0.525_importance] synops_budget(budget=0.525 of measured SynOps, rank_by=importance, achieved=0.5244, kept 1324/4224 units, min_keep_fraction=0.2)
17:09:31 | WARNING | [synops0.525_importance] RANKING NOT USABLE: log_alpha std is 0.048 across 4224 gates, so they never differentiated from each other and the ranking is close to arbitrary.
17:09:56 | INFO | [finetune] epoch 1/30 train_task_loss=2.5738 train_kl=0.00 beta=0.00000 train_cost=0.00 gamma=0.000000 train_acc=0.1041 val_loss=2.3880 val_acc=0.0936 time=24.8s
17:10:13 | INFO | [finetune] epoch 2/30 train_task_loss=1.3494 train_kl=0.00 beta=0.00000 train_cost=0.00 gamma=0.000000 train_acc=0.5152 val_loss=0.6460 val_acc=0.7922 time=17.0s
17:10:30 | INFO | [finetune] epoch 3/30 train_task_loss=0.5970 train_kl=0.00 beta=0.00000 train_cost=0.00 gamma=0.000000 train_acc=0.8088 val_loss=0.5046 val_acc=0.8348 time=16.9s
17:10:47 | INFO | [finetune] epoch 4/30 train_task_loss=0.5047 train_kl=0.00 beta=0.00000 train_cost=0.00 gamma=0.000000 train_acc=0.8381 val_loss=0.4696 val_acc=0.8506 time=17.0s
17:11:04 | INFO | [finetune] epoch 5/30 train_task_loss=0.4554 train_kl=0.00 beta=0.00000 train_cost=0.00 gamma=0.000000 train_acc=0.8542 val_loss=0.4110 val_acc=0.8637 time=17.0s
17:11:21 | INFO | [finetune] epoch 6/30 train_task_loss=0.4459 train_kl=0.00 beta=0.00000 train_cost=0.00 gamma=0.000000 train_acc=0.8597 val_loss=0.4241 val_acc=0.8641 time=17.0s
17:11:38 | INFO | [finetune] epoch 7/30 train_task_loss=0.4385 train_kl=0.00 beta=0.00000 train_cost=0.00 gamma=0.000000 train_acc=0.8620 val_loss=0.4276 val_acc=0.8656 time=17.0s
17:11:55 | INFO | [finetune] epoch 8/30 train_task_loss=0.4402 train_kl=0.00 beta=0.00000 train_cost=0.00 gamma=0.000000 train_acc=0.8615 val_loss=0.4135 val_acc=0.8650 time=17.1s
17:12:12 | INFO | [finetune] epoch 9/30 train_task_loss=0.4289 train_kl=0.00 beta=0.00000 train_cost=0.00 gamma=0.000000 train_acc=0.8651 val_loss=0.5150 val_acc=0.8416 time=17.1s
17:12:29 | INFO | [finetune] epoch 10/30 train_task_loss=0.4536 train_kl=0.00 beta=0.00000 train_cost=0.00 gamma=0.000000 train_acc=0.8571 val_loss=0.4746 val_acc=0.8455 time=17.2s
17:12:46 | INFO | [finetune] epoch 11/30 train_task_loss=0.4496 train_kl=0.00 beta=0.00000 train_cost=0.00 gamma=0.000000 train_acc=0.8575 val_loss=0.4704 val_acc=0.8492 time=17.0s
17:13:03 | INFO | [finetune] epoch 12/30 train_task_loss=0.4377 train_kl=0.00 beta=0.00000 train_cost=0.00 gamma=0.000000 train_acc=0.8605 val_loss=0.4578 val_acc=0.8547 time=17.2s
17:13:21 | INFO | [finetune] epoch 13/30 train_task_loss=0.3946 train_kl=0.00 beta=0.00000 train_cost=0.00 gamma=0.000000 train_acc=0.8734 val_loss=0.4609 val_acc=0.8527 time=17.1s
17:13:37 | INFO | [finetune] epoch 14/30 train_task_loss=0.3798 train_kl=0.00 beta=0.00000 train_cost=0.00 gamma=0.000000 train_acc=0.8782 val_loss=0.4136 val_acc=0.8682 time=16.7s
17:13:54 | INFO | [finetune] epoch 15/30 train_task_loss=0.3581 train_kl=0.00 beta=0.00000 train_cost=0.00 gamma=0.000000 train_acc=0.8843 val_loss=0.4485 val_acc=0.8496 time=16.7s
17:14:11 | INFO | [finetune] epoch 16/30 train_task_loss=0.3526 train_kl=0.00 beta=0.00000 train_cost=0.00 gamma=0.000000 train_acc=0.8875 val_loss=0.3870 val_acc=0.8748 time=16.8s
17:14:28 | INFO | [finetune] epoch 17/30 train_task_loss=0.3181 train_kl=0.00 beta=0.00000 train_cost=0.00 gamma=0.000000 train_acc=0.8971 val_loss=0.4366 val_acc=0.8697 time=16.7s
17:14:45 | INFO | [finetune] epoch 18/30 train_task_loss=0.2915 train_kl=0.00 beta=0.00000 train_cost=0.00 gamma=0.000000 train_acc=0.9053 val_loss=0.3680 val_acc=0.8820 time=16.6s
17:15:01 | INFO | [finetune] epoch 19/30 train_task_loss=0.2662 train_kl=0.00 beta=0.00000 train_cost=0.00 gamma=0.000000 train_acc=0.9131 val_loss=0.3876 val_acc=0.8787 time=16.7s
17:15:18 | INFO | [finetune] epoch 20/30 train_task_loss=0.2468 train_kl=0.00 beta=0.00000 train_cost=0.00 gamma=0.000000 train_acc=0.9192 val_loss=0.3352 val_acc=0.8928 time=17.0s
17:15:35 | INFO | [finetune] epoch 21/30 train_task_loss=0.2237 train_kl=0.00 beta=0.00000 train_cost=0.00 gamma=0.000000 train_acc=0.9251 val_loss=0.3170 val_acc=0.9000 time=16.9s
17:15:52 | INFO | [finetune] epoch 22/30 train_task_loss=0.2024 train_kl=0.00 beta=0.00000 train_cost=0.00 gamma=0.000000 train_acc=0.9333 val_loss=0.3140 val_acc=0.9010 time=16.9s
17:16:09 | INFO | [finetune] epoch 23/30 train_task_loss=0.1888 train_kl=0.00 beta=0.00000 train_cost=0.00 gamma=0.000000 train_acc=0.9381 val_loss=0.3043 val_acc=0.9066 time=17.1s
17:16:26 | INFO | [finetune] epoch 24/30 train_task_loss=0.1702 train_kl=0.00 beta=0.00000 train_cost=0.00 gamma=0.000000 train_acc=0.9443 val_loss=0.3229 val_acc=0.9045 time=17.1s
17:16:43 | INFO | [finetune] epoch 25/30 train_task_loss=0.1562 train_kl=0.00 beta=0.00000 train_cost=0.00 gamma=0.000000 train_acc=0.9469 val_loss=0.2747 val_acc=0.9141 time=16.8s
17:17:00 | INFO | [finetune] epoch 26/30 train_task_loss=0.1445 train_kl=0.00 beta=0.00000 train_cost=0.00 gamma=0.000000 train_acc=0.9514 val_loss=0.2867 val_acc=0.9156 time=16.9s
17:17:17 | INFO | [finetune] epoch 27/30 train_task_loss=0.1362 train_kl=0.00 beta=0.00000 train_cost=0.00 gamma=0.000000 train_acc=0.9542 val_loss=0.2827 val_acc=0.9135 time=16.6s
17:17:33 | INFO | [finetune] epoch 28/30 train_task_loss=0.1277 train_kl=0.00 beta=0.00000 train_cost=0.00 gamma=0.000000 train_acc=0.9564 val_loss=0.2729 val_acc=0.9172 time=16.7s
17:17:53 | INFO | [finetune] epoch 29/30 train_task_loss=0.1253 train_kl=0.00 beta=0.00000 train_cost=0.00 gamma=0.000000 train_acc=0.9578 val_loss=0.2645 val_acc=0.9203 time=19.2s
17:18:10 | INFO | [finetune] epoch 30/30 train_task_loss=0.1221 train_kl=0.00 beta=0.00000 train_cost=0.00 gamma=0.000000 train_acc=0.9585 val_loss=0.2790 val_acc=0.9176 time=17.6s
17:18:15 | INFO | [synops0.525_importance] test accuracy 0.8951, synops/sample 54,764,573

============================================================
SPARSITY CURVE FINISHED
============================================================
           point          selection   pruned %   accuracy         synops   usable
    synops 0.525         importance      91.54     0.8951     54,764,573       NO

The gates did not produce a usable ranking, so the curve above is
what random structured pruning of this architecture looks like. That
is a legitimate control and worth keeping under that name, but it is
not evidence about the pruning criterion. Fix gate training first.

Wrote ./outputs/spear_repl/sparsity_curve_lagrw_floor_scr/summary.csv
====================================================
Job finished: Thu 13 Aug 17:18:22 BST 2026
====================================================
