====================================================
Job started: Thu 13 Aug 13:53:21 BST 2026
Node: node1276.csf3.man.alces.network
====================================================
== seed 0 ==
[running] A dpap-like plain (s0) ...
A dpap-like plain              s0 acc=0.969 gate_median=+0.36 std=0.040 rho_pooled=+0.44 rho_layers=[+0.64, +0.48] true_imp=0.1353+-0.2043 (56s)
[running] B spear-like plain (s0) ...
B spear-like plain             s0 acc=0.995 gate_median=+0.26 std=0.072 rho_pooled=+0.69 rho_layers=[+0.69, +0.88] true_imp=0.0622+-0.0907 (13s)
[running] C spear-like plain, sgd mech (s0) ...
C spear-like plain, sgd mech   s0 acc=0.995 gate_median=-0.16 std=0.091 rho_pooled=+0.66 rho_layers=[+0.71, +0.95] true_imp=0.0622+-0.0907 (13s)
[running] D dpap-like plain, sgd mech (s0) ...
D dpap-like plain, sgd mech    s0 acc=0.969 gate_median=-0.05 std=0.050 rho_pooled=+0.54 rho_layers=[+0.79, +0.71] true_imp=0.1353+-0.2043 (26s)
[running] E spear but T=8 (s0) ...
E spear but T=8                s0 acc=0.969 gate_median=+0.36 std=0.035 rho_pooled=+0.76 rho_layers=[+0.71, +0.93] true_imp=0.0849+-0.1590 (24s)
[running] F spear but thr=0.5 (s0) ...
F spear but thr=0.5            s0 acc=0.964 gate_median=+0.21 std=0.074 rho_pooled=+0.58 rho_layers=[+0.83, +0.93] true_imp=0.1069+-0.1700 (13s)
[running] G spear but subtract reset (s0) ...
G spear but subtract reset     s0 acc=0.990 gate_median=+0.29 std=0.070 rho_pooled=+0.91 rho_layers=[+0.90, +0.83] true_imp=0.0460+-0.0688 (13s)
[running] H spear but spikes readout (s0) ...
H spear but spikes readout     s0 acc=0.990 gate_median=+0.16 std=0.066 rho_pooled=+0.64 rho_layers=[+0.90, +0.60] true_imp=0.0572+-0.0762 (15s)
[running] I residual spear-like (s0) ...
I residual spear-like          s0 acc=0.948 gate_median=+0.03 std=0.117 rho_pooled=-0.04 rho_layers=[-0.64, +0.55] true_imp=0.2034+-0.1409 (31s)
[running] J residual dpap-like (s0) ...
J residual dpap-like           s0 acc=0.938 gate_median=+0.14 std=0.120 rho_pooled=+0.63 rho_layers=[+0.69, +0.81] true_imp=0.6413+-0.4961 (60s)
[running] K spear + TET pretrain (s0) ...
K spear + TET pretrain         s0 acc=0.990 gate_median=+0.27 std=0.047 rho_pooled=+0.76 rho_layers=[+0.57, +0.57] true_imp=0.0265+-0.0347 (14s)
[running] L spear deep (6 conv) (s0) ...
L spear deep (6 conv)          s0 acc=0.969 gate_median=-0.04 std=0.175 rho_pooled=+0.46 rho_layers=[+0.62, +0.76, +0.36, +0.19, +0.67, -0.02] true_imp=0.0906+-0.1384 (112s)
[running] M spear deep + TET pretrain (s0) ...
M spear deep + TET pretrain    s0 acc=0.969 gate_median=-0.09 std=0.188 rho_pooled=+0.22 rho_layers=[+0.90, +0.55, -0.02, -0.29, -0.26, -0.43] true_imp=0.0766+-0.1696 (96s)
== seed 1 ==
[running] A dpap-like plain (s1) ...
A dpap-like plain              s1 acc=0.953 gate_median=+0.33 std=0.044 rho_pooled=+0.15 rho_layers=[+0.21, +0.00] true_imp=0.1174+-0.0996 (26s)
[running] B spear-like plain (s1) ...
B spear-like plain             s1 acc=0.974 gate_median=+0.20 std=0.059 rho_pooled=+0.03 rho_layers=[-0.38, +0.05] true_imp=0.0471+-0.0314 (13s)
[running] C spear-like plain, sgd mech (s1) ...
C spear-like plain, sgd mech   s1 acc=0.974 gate_median=-0.19 std=0.060 rho_pooled=+0.36 rho_layers=[+0.45, +0.71] true_imp=0.0471+-0.0314 (13s)
[running] D dpap-like plain, sgd mech (s1) ...
D dpap-like plain, sgd mech    s1 acc=0.953 gate_median=-0.06 std=0.040 rho_pooled=+0.46 rho_layers=[+0.76, +0.12] true_imp=0.1174+-0.0996 (26s)
[running] E spear but T=8 (s1) ...
E spear but T=8                s1 acc=0.953 gate_median=+0.34 std=0.031 rho_pooled=+0.01 rho_layers=[+0.00, +0.07] true_imp=0.0693+-0.0495 (24s)
[running] F spear but thr=0.5 (s1) ...
F spear but thr=0.5            s1 acc=0.953 gate_median=+0.20 std=0.074 rho_pooled=-0.27 rho_layers=[+0.02, -0.74] true_imp=0.0563+-0.0515 (13s)
[running] G spear but subtract reset (s1) ...
G spear but subtract reset     s1 acc=0.969 gate_median=+0.23 std=0.049 rho_pooled=+0.01 rho_layers=[+0.02, -0.64] true_imp=0.0382+-0.0319 (13s)
[running] H spear but spikes readout (s1) ...
H spear but spikes readout     s1 acc=0.964 gate_median=+0.14 std=0.053 rho_pooled=+0.12 rho_layers=[+0.31, +0.00] true_imp=0.0483+-0.0242 (14s)
[running] I residual spear-like (s1) ...
I residual spear-like          s1 acc=0.938 gate_median=-0.08 std=0.171 rho_pooled=+0.21 rho_layers=[+0.31, +0.71] true_imp=0.2558+-0.1869 (31s)
[running] J residual dpap-like (s1) ...
J residual dpap-like           s1 acc=0.938 gate_median=+0.14 std=0.148 rho_pooled=+0.74 rho_layers=[+0.55, +0.90] true_imp=0.6252+-0.4812 (60s)
[running] K spear + TET pretrain (s1) ...
K spear + TET pretrain         s1 acc=0.964 gate_median=+0.24 std=0.046 rho_pooled=-0.06 rho_layers=[+0.12, -0.64] true_imp=0.0088+-0.0387 (15s)
[running] L spear deep (6 conv) (s1) ...
L spear deep (6 conv)          s1 acc=0.891 gate_median=-0.01 std=0.181 rho_pooled=+0.44 rho_layers=[+0.81, +0.74, +0.52, +0.40, +0.05, +0.83] true_imp=0.0128+-0.0811 (116s)
[running] M spear deep + TET pretrain (s1) ...
M spear deep + TET pretrain    s1 acc=0.932 gate_median=-0.07 std=0.200 rho_pooled=+0.61 rho_layers=[+0.88, +0.90, +0.81, -0.60, -0.55, +0.69] true_imp=0.0475+-0.1476 (181s)
== seed 2 ==
[running] A dpap-like plain (s2) ...
A dpap-like plain              s2 acc=0.974 gate_median=+0.33 std=0.042 rho_pooled=+0.40 rho_layers=[+0.55, +0.33] true_imp=0.2019+-0.3100 (26s)
[running] B spear-like plain (s2) ...
B spear-like plain             s2 acc=0.974 gate_median=+0.19 std=0.088 rho_pooled=+0.46 rho_layers=[+0.52, +0.02] true_imp=0.0871+-0.1073 (13s)
[running] C spear-like plain, sgd mech (s2) ...
C spear-like plain, sgd mech   s2 acc=0.974 gate_median=-0.20 std=0.113 rho_pooled=+0.44 rho_layers=[+0.81, +0.21] true_imp=0.0871+-0.1073 (13s)
[running] D dpap-like plain, sgd mech (s2) ...
D dpap-like plain, sgd mech    s2 acc=0.974 gate_median=-0.05 std=0.063 rho_pooled=+0.39 rho_layers=[+0.62, +0.33] true_imp=0.2019+-0.3100 (26s)
[running] E spear but T=8 (s2) ...
E spear but T=8                s2 acc=0.974 gate_median=+0.33 std=0.049 rho_pooled=+0.26 rho_layers=[+0.40, +0.69] true_imp=0.1318+-0.1757 (24s)
[running] F spear but thr=0.5 (s2) ...
F spear but thr=0.5            s2 acc=0.974 gate_median=+0.17 std=0.096 rho_pooled=+0.39 rho_layers=[+0.50, +0.24] true_imp=0.1467+-0.2161 (13s)
[running] G spear but subtract reset (s2) ...
G spear but subtract reset     s2 acc=0.979 gate_median=+0.22 std=0.104 rho_pooled=+0.55 rho_layers=[+0.69, -0.36] true_imp=0.0720+-0.1014 (13s)
[running] H spear but spikes readout (s2) ...
H spear but spikes readout     s2 acc=0.974 gate_median=+0.13 std=0.086 rho_pooled=+0.35 rho_layers=[+0.55, +0.19] true_imp=0.0753+-0.0880 (15s)
[running] I residual spear-like (s2) ...
I residual spear-like          s2 acc=0.948 gate_median=+0.11 std=0.127 rho_pooled=+0.74 rho_layers=[+0.74, +0.71] true_imp=0.1864+-0.1846 (31s)
[running] J residual dpap-like (s2) ...
J residual dpap-like           s2 acc=0.958 gate_median=+0.14 std=0.118 rho_pooled=+0.80 rho_layers=[+0.48, +0.76] true_imp=0.4815+-0.4363 (60s)
[running] K spear + TET pretrain (s2) ...
K spear + TET pretrain         s2 acc=0.964 gate_median=+0.22 std=0.091 rho_pooled=+0.44 rho_layers=[+0.62, -0.14] true_imp=0.0497+-0.0754 (13s)
[running] L spear deep (6 conv) (s2) ...
L spear deep (6 conv)          s2 acc=0.953 gate_median=-0.05 std=0.204 rho_pooled=+0.56 rho_layers=[+0.79, +0.74, +0.62, +0.31, -0.64, -0.43] true_imp=0.0933+-0.1639 (550s)
[running] M spear deep + TET pretrain (s2) ...
M spear deep + TET pretrain    s2 acc=0.958 gate_median=-0.13 std=0.222 rho_pooled=+0.49 rho_layers=[+0.79, -0.02, -0.10, -0.02, +0.05, -0.05] true_imp=0.0976+-0.2535 (638s)

== summary over seeds (mean +- sd) ==
A dpap-like plain              rho=+0.33+-0.16 gate_std=0.042+-0.002
B spear-like plain             rho=+0.40+-0.34 gate_std=0.073+-0.014
C spear-like plain, sgd mech   rho=+0.48+-0.15 gate_std=0.088+-0.027
D dpap-like plain, sgd mech    rho=+0.46+-0.08 gate_std=0.051+-0.012
E spear but T=8                rho=+0.34+-0.38 gate_std=0.038+-0.010
F spear but thr=0.5            rho=+0.23+-0.45 gate_std=0.081+-0.013
G spear but subtract reset     rho=+0.49+-0.45 gate_std=0.075+-0.028
H spear but spikes readout     rho=+0.37+-0.26 gate_std=0.069+-0.017
I residual spear-like          rho=+0.30+-0.40 gate_std=0.138+-0.029
J residual dpap-like           rho=+0.72+-0.09 gate_std=0.129+-0.017
K spear + TET pretrain         rho=+0.38+-0.41 gate_std=0.061+-0.026
L spear deep (6 conv)          rho=+0.49+-0.06 gate_std=0.187+-0.015
M spear deep + TET pretrain    rho=+0.44+-0.20 gate_std=0.203+-0.017
====================================================
Job finished: Thu 13 Aug 14:35:53 BST 2026
====================================================
