====================================================
Job started: Sun  2 Aug 00:46:15 BST 2026
Node: node856.csf3.man.alces.network
====================================================
----------------------------------------------------
Hardware information
----------------------------------------------------
Sun Aug  2 00:47:11 2026       
+-----------------------------------------------------------------------------------------+
| NVIDIA-SMI 595.71.05              Driver Version: 595.71.05      CUDA Version: 13.2     |
+-----------------------------------------+------------------------+----------------------+
| GPU  Name                 Persistence-M | Bus-Id          Disp.A | Volatile Uncorr. ECC |
| Fan  Temp   Perf          Pwr:Usage/Cap |           Memory-Usage | GPU-Util  Compute M. |
|                                         |                        |               MIG M. |
|=========================================+========================+======================|
|   0  NVIDIA A100-SXM4-80GB          On  |   00000000:81:00.0 Off |                    0 |
| N/A   26C    P0             58W /  400W |       0MiB /  81920MiB |      0%      Default |
|                                         |                        |             Disabled |
+-----------------------------------------+------------------------+----------------------+

+-----------------------------------------------------------------------------------------+
| Processes:                                                                              |
|  GPU   GI   CI              PID   Type   Process name                        GPU Memory |
|        ID   ID                                                               Usage      |
|=========================================================================================|
|  No running processes found                                                             |
+-----------------------------------------------------------------------------------------+
CUDA available: True
Device count: 1
Device name: NVIDIA A100-SXM4-80GB
----------------------------------------------------

============================================================
Running Experiment 1 / 1
DPAP_REPL
============================================================

Building model...
00:48:39 | INFO | Model built with 21362834 parameters (gates excluded from count).
00:48:44 | INFO | Per-unit expected-FLOPs costs computed and set on every Bayesian layer.
Files already downloaded and verified
Files already downloaded and verified
Files already downloaded and verified

Training...
00:50:01 | INFO | [pretrain] epoch 1/300 train_task_loss=0.0903 train_kl=4874.32 beta=0.00000 train_cost=4982018048.00 gamma=0.000000 train_acc=0.1939 val_loss=0.0844 val_acc=0.2600 time=72.0s
00:51:06 | INFO | [pretrain] epoch 2/300 train_task_loss=0.0750 train_kl=4874.32 beta=0.00000 train_cost=4982018048.00 gamma=0.000000 train_acc=0.3974 val_loss=0.0650 val_acc=0.5148 time=64.6s
00:52:11 | INFO | [pretrain] epoch 3/300 train_task_loss=0.0653 train_kl=4874.32 beta=0.00000 train_cost=4982018048.00 gamma=0.000000 train_acc=0.5022 val_loss=0.0570 val_acc=0.5668 time=64.4s
00:53:15 | INFO | [pretrain] epoch 4/300 train_task_loss=0.0580 train_kl=4874.32 beta=0.00000 train_cost=4982018048.00 gamma=0.000000 train_acc=0.5701 val_loss=0.0503 val_acc=0.6368 time=64.5s
00:54:19 | INFO | [pretrain] epoch 5/300 train_task_loss=0.0515 train_kl=4874.32 beta=0.00000 train_cost=4982018048.00 gamma=0.000000 train_acc=0.6241 val_loss=0.0436 val_acc=0.6858 time=64.3s
00:55:24 | INFO | [pretrain] epoch 6/300 train_task_loss=0.0462 train_kl=4874.32 beta=0.00000 train_cost=4982018048.00 gamma=0.000000 train_acc=0.6689 val_loss=0.0396 val_acc=0.7170 time=64.5s
00:56:29 | INFO | [pretrain] epoch 7/300 train_task_loss=0.0409 train_kl=4874.32 beta=0.00000 train_cost=4982018048.00 gamma=0.000000 train_acc=0.7100 val_loss=0.0372 val_acc=0.7362 time=64.5s
00:57:33 | INFO | [pretrain] epoch 8/300 train_task_loss=0.0375 train_kl=4874.32 beta=0.00000 train_cost=4982018048.00 gamma=0.000000 train_acc=0.7360 val_loss=0.0350 val_acc=0.7512 time=64.7s
00:58:38 | INFO | [pretrain] epoch 9/300 train_task_loss=0.0348 train_kl=4874.32 beta=0.00000 train_cost=4982018048.00 gamma=0.000000 train_acc=0.7572 val_loss=0.0327 val_acc=0.7734 time=64.2s
00:59:42 | INFO | [pretrain] epoch 10/300 train_task_loss=0.0326 train_kl=4874.32 beta=0.00000 train_cost=4982018048.00 gamma=0.000000 train_acc=0.7736 val_loss=0.0313 val_acc=0.7848 time=64.3s
01:00:46 | INFO | [pretrain] epoch 11/300 train_task_loss=0.0304 train_kl=4874.32 beta=0.00000 train_cost=4982018048.00 gamma=0.000000 train_acc=0.7918 val_loss=0.0296 val_acc=0.7994 time=64.3s
01:01:51 | INFO | [pretrain] epoch 12/300 train_task_loss=0.0285 train_kl=4874.32 beta=0.00000 train_cost=4982018048.00 gamma=0.000000 train_acc=0.8050 val_loss=0.0282 val_acc=0.8052 time=64.3s
01:02:55 | INFO | [pretrain] epoch 13/300 train_task_loss=0.0269 train_kl=4874.32 beta=0.00000 train_cost=4982018048.00 gamma=0.000000 train_acc=0.8157 val_loss=0.0264 val_acc=0.8210 time=64.6s
01:04:00 | INFO | [pretrain] epoch 14/300 train_task_loss=0.0256 train_kl=4874.32 beta=0.00000 train_cost=4982018048.00 gamma=0.000000 train_acc=0.8266 val_loss=0.0258 val_acc=0.8222 time=64.3s
01:05:04 | INFO | [pretrain] epoch 15/300 train_task_loss=0.0243 train_kl=4874.32 beta=0.00000 train_cost=4982018048.00 gamma=0.000000 train_acc=0.8377 val_loss=0.0253 val_acc=0.8274 time=64.3s
01:06:09 | INFO | [pretrain] epoch 16/300 train_task_loss=0.0227 train_kl=4874.32 beta=0.00000 train_cost=4982018048.00 gamma=0.000000 train_acc=0.8493 val_loss=0.0268 val_acc=0.8268 time=64.4s
01:07:13 | INFO | [pretrain] epoch 17/300 train_task_loss=0.0216 train_kl=4874.32 beta=0.00000 train_cost=4982018048.00 gamma=0.000000 train_acc=0.8558 val_loss=0.0218 val_acc=0.8528 time=64.3s
01:08:17 | INFO | [pretrain] epoch 18/300 train_task_loss=0.0209 train_kl=4874.32 beta=0.00000 train_cost=4982018048.00 gamma=0.000000 train_acc=0.8597 val_loss=0.0224 val_acc=0.8480 time=64.3s
01:09:21 | INFO | [pretrain] epoch 19/300 train_task_loss=0.0199 train_kl=4874.32 beta=0.00000 train_cost=4982018048.00 gamma=0.000000 train_acc=0.8654 val_loss=0.0204 val_acc=0.8636 time=64.2s
01:10:26 | INFO | [pretrain] epoch 20/300 train_task_loss=0.0192 train_kl=4874.32 beta=0.00000 train_cost=4982018048.00 gamma=0.000000 train_acc=0.8705 val_loss=0.0221 val_acc=0.8508 time=64.2s
01:11:30 | INFO | [pretrain] epoch 21/300 train_task_loss=0.0183 train_kl=4874.32 beta=0.00000 train_cost=4982018048.00 gamma=0.000000 train_acc=0.8786 val_loss=0.0209 val_acc=0.8542 time=64.1s
01:12:34 | INFO | [pretrain] epoch 22/300 train_task_loss=0.0177 train_kl=4874.32 beta=0.00000 train_cost=4982018048.00 gamma=0.000000 train_acc=0.8836 val_loss=0.0198 val_acc=0.8600 time=64.2s
01:13:38 | INFO | [pretrain] epoch 23/300 train_task_loss=0.0169 train_kl=4874.32 beta=0.00000 train_cost=4982018048.00 gamma=0.000000 train_acc=0.8889 val_loss=0.0195 val_acc=0.8656 time=64.4s
01:14:43 | INFO | [pretrain] epoch 24/300 train_task_loss=0.0161 train_kl=4874.32 beta=0.00000 train_cost=4982018048.00 gamma=0.000000 train_acc=0.8944 val_loss=0.0196 val_acc=0.8674 time=64.4s
01:15:47 | INFO | [pretrain] epoch 25/300 train_task_loss=0.0157 train_kl=4874.32 beta=0.00000 train_cost=4982018048.00 gamma=0.000000 train_acc=0.8962 val_loss=0.0197 val_acc=0.8666 time=64.2s
01:16:51 | INFO | [pretrain] epoch 26/300 train_task_loss=0.0150 train_kl=4874.32 beta=0.00000 train_cost=4982018048.00 gamma=0.000000 train_acc=0.9014 val_loss=0.0194 val_acc=0.8674 time=64.2s
01:17:56 | INFO | [pretrain] epoch 27/300 train_task_loss=0.0146 train_kl=4874.32 beta=0.00000 train_cost=4982018048.00 gamma=0.000000 train_acc=0.9041 val_loss=0.0179 val_acc=0.8776 time=64.2s
01:19:00 | INFO | [pretrain] epoch 28/300 train_task_loss=0.0140 train_kl=4874.32 beta=0.00000 train_cost=4982018048.00 gamma=0.000000 train_acc=0.9103 val_loss=0.0190 val_acc=0.8682 time=64.2s
01:20:04 | INFO | [pretrain] epoch 29/300 train_task_loss=0.0135 train_kl=4874.32 beta=0.00000 train_cost=4982018048.00 gamma=0.000000 train_acc=0.9127 val_loss=0.0190 val_acc=0.8732 time=64.3s
01:21:08 | INFO | [pretrain] epoch 30/300 train_task_loss=0.0131 train_kl=4874.32 beta=0.00000 train_cost=4982018048.00 gamma=0.000000 train_acc=0.9143 val_loss=0.0186 val_acc=0.8740 time=64.3s
01:22:13 | INFO | [pretrain] epoch 31/300 train_task_loss=0.0126 train_kl=4874.32 beta=0.00000 train_cost=4982018048.00 gamma=0.000000 train_acc=0.9185 val_loss=0.0181 val_acc=0.8804 time=64.3s
01:23:17 | INFO | [pretrain] epoch 32/300 train_task_loss=0.0121 train_kl=4874.32 beta=0.00000 train_cost=4982018048.00 gamma=0.000000 train_acc=0.9220 val_loss=0.0182 val_acc=0.8760 time=64.7s
01:24:22 | INFO | [pretrain] epoch 33/300 train_task_loss=0.0116 train_kl=4874.32 beta=0.00000 train_cost=4982018048.00 gamma=0.000000 train_acc=0.9248 val_loss=0.0169 val_acc=0.8872 time=64.3s
01:25:26 | INFO | [pretrain] epoch 34/300 train_task_loss=0.0115 train_kl=4874.32 beta=0.00000 train_cost=4982018048.00 gamma=0.000000 train_acc=0.9254 val_loss=0.0172 val_acc=0.8866 time=64.2s
01:26:30 | INFO | [pretrain] epoch 35/300 train_task_loss=0.0107 train_kl=4874.32 beta=0.00000 train_cost=4982018048.00 gamma=0.000000 train_acc=0.9316 val_loss=0.0167 val_acc=0.8852 time=64.2s
01:27:34 | INFO | [pretrain] epoch 36/300 train_task_loss=0.0103 train_kl=4874.32 beta=0.00000 train_cost=4982018048.00 gamma=0.000000 train_acc=0.9346 val_loss=0.0163 val_acc=0.8902 time=64.2s
01:28:39 | INFO | [pretrain] epoch 37/300 train_task_loss=0.0103 train_kl=4874.32 beta=0.00000 train_cost=4982018048.00 gamma=0.000000 train_acc=0.9342 val_loss=0.0163 val_acc=0.8922 time=64.3s
01:29:43 | INFO | [pretrain] epoch 38/300 train_task_loss=0.0097 train_kl=4874.32 beta=0.00000 train_cost=4982018048.00 gamma=0.000000 train_acc=0.9376 val_loss=0.0171 val_acc=0.8858 time=64.3s
01:30:47 | INFO | [pretrain] epoch 39/300 train_task_loss=0.0093 train_kl=4874.32 beta=0.00000 train_cost=4982018048.00 gamma=0.000000 train_acc=0.9401 val_loss=0.0179 val_acc=0.8822 time=64.3s
01:31:51 | INFO | [pretrain] epoch 40/300 train_task_loss=0.0091 train_kl=4874.32 beta=0.00000 train_cost=4982018048.00 gamma=0.000000 train_acc=0.9415 val_loss=0.0162 val_acc=0.8908 time=64.1s
01:32:56 | INFO | [pretrain] epoch 41/300 train_task_loss=0.0089 train_kl=4874.32 beta=0.00000 train_cost=4982018048.00 gamma=0.000000 train_acc=0.9427 val_loss=0.0167 val_acc=0.8902 time=64.3s
01:34:00 | INFO | [pretrain] epoch 42/300 train_task_loss=0.0084 train_kl=4874.32 beta=0.00000 train_cost=4982018048.00 gamma=0.000000 train_acc=0.9460 val_loss=0.0165 val_acc=0.8906 time=64.5s
01:35:04 | INFO | [pretrain] epoch 43/300 train_task_loss=0.0082 train_kl=4874.32 beta=0.00000 train_cost=4982018048.00 gamma=0.000000 train_acc=0.9471 val_loss=0.0169 val_acc=0.8892 time=64.3s
01:36:09 | INFO | [pretrain] epoch 44/300 train_task_loss=0.0081 train_kl=4874.32 beta=0.00000 train_cost=4982018048.00 gamma=0.000000 train_acc=0.9493 val_loss=0.0162 val_acc=0.8920 time=64.2s
01:37:13 | INFO | [pretrain] epoch 45/300 train_task_loss=0.0078 train_kl=4874.32 beta=0.00000 train_cost=4982018048.00 gamma=0.000000 train_acc=0.9505 val_loss=0.0169 val_acc=0.8892 time=64.3s
01:38:17 | INFO | [pretrain] epoch 46/300 train_task_loss=0.0074 train_kl=4874.32 beta=0.00000 train_cost=4982018048.00 gamma=0.000000 train_acc=0.9525 val_loss=0.0166 val_acc=0.8946 time=64.2s
01:39:21 | INFO | [pretrain] epoch 47/300 train_task_loss=0.0072 train_kl=4874.32 beta=0.00000 train_cost=4982018048.00 gamma=0.000000 train_acc=0.9536 val_loss=0.0158 val_acc=0.8982 time=64.1s
01:40:26 | INFO | [pretrain] epoch 48/300 train_task_loss=0.0068 train_kl=4874.32 beta=0.00000 train_cost=4982018048.00 gamma=0.000000 train_acc=0.9574 val_loss=0.0157 val_acc=0.8996 time=64.7s
01:41:30 | INFO | [pretrain] epoch 49/300 train_task_loss=0.0068 train_kl=4874.32 beta=0.00000 train_cost=4982018048.00 gamma=0.000000 train_acc=0.9563 val_loss=0.0154 val_acc=0.9018 time=64.1s
01:42:35 | INFO | [pretrain] epoch 50/300 train_task_loss=0.0067 train_kl=4874.32 beta=0.00000 train_cost=4982018048.00 gamma=0.000000 train_acc=0.9572 val_loss=0.0159 val_acc=0.8994 time=64.4s
01:43:39 | INFO | [pretrain] epoch 51/300 train_task_loss=0.0065 train_kl=4874.32 beta=0.00000 train_cost=4982018048.00 gamma=0.000000 train_acc=0.9586 val_loss=0.0163 val_acc=0.8972 time=64.3s
01:44:43 | INFO | [pretrain] epoch 52/300 train_task_loss=0.0061 train_kl=4874.32 beta=0.00000 train_cost=4982018048.00 gamma=0.000000 train_acc=0.9612 val_loss=0.0170 val_acc=0.8868 time=64.2s
01:45:48 | INFO | [pretrain] epoch 53/300 train_task_loss=0.0060 train_kl=4874.32 beta=0.00000 train_cost=4982018048.00 gamma=0.000000 train_acc=0.9632 val_loss=0.0156 val_acc=0.9006 time=64.2s
01:46:52 | INFO | [pretrain] epoch 54/300 train_task_loss=0.0059 train_kl=4874.32 beta=0.00000 train_cost=4982018048.00 gamma=0.000000 train_acc=0.9630 val_loss=0.0160 val_acc=0.8946 time=64.7s
01:47:56 | INFO | [pretrain] epoch 55/300 train_task_loss=0.0056 train_kl=4874.32 beta=0.00000 train_cost=4982018048.00 gamma=0.000000 train_acc=0.9640 val_loss=0.0153 val_acc=0.8974 time=64.3s
01:49:01 | INFO | [pretrain] epoch 56/300 train_task_loss=0.0055 train_kl=4874.32 beta=0.00000 train_cost=4982018048.00 gamma=0.000000 train_acc=0.9655 val_loss=0.0164 val_acc=0.8916 time=64.3s
01:50:05 | INFO | [pretrain] epoch 57/300 train_task_loss=0.0053 train_kl=4874.32 beta=0.00000 train_cost=4982018048.00 gamma=0.000000 train_acc=0.9666 val_loss=0.0154 val_acc=0.9002 time=64.1s
01:51:09 | INFO | [pretrain] epoch 58/300 train_task_loss=0.0051 train_kl=4874.32 beta=0.00000 train_cost=4982018048.00 gamma=0.000000 train_acc=0.9681 val_loss=0.0157 val_acc=0.8996 time=64.5s
01:52:14 | INFO | [pretrain] epoch 59/300 train_task_loss=0.0050 train_kl=4874.32 beta=0.00000 train_cost=4982018048.00 gamma=0.000000 train_acc=0.9693 val_loss=0.0159 val_acc=0.8970 time=64.7s
01:53:19 | INFO | [pretrain] epoch 60/300 train_task_loss=0.0047 train_kl=4874.32 beta=0.00000 train_cost=4982018048.00 gamma=0.000000 train_acc=0.9702 val_loss=0.0148 val_acc=0.9034 time=64.9s
01:54:29 | INFO | [pretrain] epoch 61/300 train_task_loss=0.0047 train_kl=4874.32 beta=0.00000 train_cost=4982018048.00 gamma=0.000000 train_acc=0.9705 val_loss=0.0159 val_acc=0.8946 time=70.0s
01:55:33 | INFO | [pretrain] epoch 62/300 train_task_loss=0.0045 train_kl=4874.32 beta=0.00000 train_cost=4982018048.00 gamma=0.000000 train_acc=0.9718 val_loss=0.0154 val_acc=0.8986 time=64.4s
01:56:38 | INFO | [pretrain] epoch 63/300 train_task_loss=0.0046 train_kl=4874.32 beta=0.00000 train_cost=4982018048.00 gamma=0.000000 train_acc=0.9720 val_loss=0.0150 val_acc=0.9044 time=64.2s
01:57:42 | INFO | [pretrain] epoch 64/300 train_task_loss=0.0044 train_kl=4874.32 beta=0.00000 train_cost=4982018048.00 gamma=0.000000 train_acc=0.9731 val_loss=0.0149 val_acc=0.9046 time=64.1s
01:58:46 | INFO | [pretrain] epoch 65/300 train_task_loss=0.0041 train_kl=4874.32 beta=0.00000 train_cost=4982018048.00 gamma=0.000000 train_acc=0.9751 val_loss=0.0164 val_acc=0.8966 time=64.5s
01:59:50 | INFO | [pretrain] epoch 66/300 train_task_loss=0.0041 train_kl=4874.32 beta=0.00000 train_cost=4982018048.00 gamma=0.000000 train_acc=0.9749 val_loss=0.0152 val_acc=0.9034 time=64.1s
02:00:55 | INFO | [pretrain] epoch 67/300 train_task_loss=0.0040 train_kl=4874.32 beta=0.00000 train_cost=4982018048.00 gamma=0.000000 train_acc=0.9749 val_loss=0.0157 val_acc=0.9018 time=64.3s
02:01:59 | INFO | [pretrain] epoch 68/300 train_task_loss=0.0039 train_kl=4874.32 beta=0.00000 train_cost=4982018048.00 gamma=0.000000 train_acc=0.9763 val_loss=0.0155 val_acc=0.9018 time=64.4s
02:03:03 | INFO | [pretrain] epoch 69/300 train_task_loss=0.0039 train_kl=4874.32 beta=0.00000 train_cost=4982018048.00 gamma=0.000000 train_acc=0.9764 val_loss=0.0157 val_acc=0.9004 time=64.1s
02:04:07 | INFO | [pretrain] epoch 70/300 train_task_loss=0.0036 train_kl=4874.32 beta=0.00000 train_cost=4982018048.00 gamma=0.000000 train_acc=0.9781 val_loss=0.0157 val_acc=0.8988 time=64.0s
02:05:12 | INFO | [pretrain] epoch 71/300 train_task_loss=0.0035 train_kl=4874.32 beta=0.00000 train_cost=4982018048.00 gamma=0.000000 train_acc=0.9786 val_loss=0.0159 val_acc=0.8996 time=64.4s
02:06:16 | INFO | [pretrain] epoch 72/300 train_task_loss=0.0034 train_kl=4874.32 beta=0.00000 train_cost=4982018048.00 gamma=0.000000 train_acc=0.9793 val_loss=0.0154 val_acc=0.9038 time=64.0s
02:07:20 | INFO | [pretrain] epoch 73/300 train_task_loss=0.0033 train_kl=4874.32 beta=0.00000 train_cost=4982018048.00 gamma=0.000000 train_acc=0.9797 val_loss=0.0155 val_acc=0.9016 time=64.1s
02:08:24 | INFO | [pretrain] epoch 74/300 train_task_loss=0.0032 train_kl=4874.32 beta=0.00000 train_cost=4982018048.00 gamma=0.000000 train_acc=0.9807 val_loss=0.0149 val_acc=0.9064 time=64.1s
02:09:28 | INFO | [pretrain] epoch 75/300 train_task_loss=0.0032 train_kl=4874.32 beta=0.00000 train_cost=4982018048.00 gamma=0.000000 train_acc=0.9805 val_loss=0.0155 val_acc=0.9028 time=64.3s
02:10:32 | INFO | [pretrain] epoch 76/300 train_task_loss=0.0031 train_kl=4874.32 beta=0.00000 train_cost=4982018048.00 gamma=0.000000 train_acc=0.9805 val_loss=0.0145 val_acc=0.9044 time=64.3s
02:11:36 | INFO | [pretrain] epoch 77/300 train_task_loss=0.0031 train_kl=4874.32 beta=0.00000 train_cost=4982018048.00 gamma=0.000000 train_acc=0.9818 val_loss=0.0144 val_acc=0.9066 time=64.1s
02:12:41 | INFO | [pretrain] epoch 78/300 train_task_loss=0.0028 train_kl=4874.32 beta=0.00000 train_cost=4982018048.00 gamma=0.000000 train_acc=0.9832 val_loss=0.0151 val_acc=0.9030 time=64.1s
02:13:45 | INFO | [pretrain] epoch 79/300 train_task_loss=0.0030 train_kl=4874.32 beta=0.00000 train_cost=4982018048.00 gamma=0.000000 train_acc=0.9815 val_loss=0.0160 val_acc=0.8988 time=64.3s
02:14:49 | INFO | [pretrain] epoch 80/300 train_task_loss=0.0029 train_kl=4874.32 beta=0.00000 train_cost=4982018048.00 gamma=0.000000 train_acc=0.9821 val_loss=0.0149 val_acc=0.9060 time=64.5s
02:15:54 | INFO | [pretrain] epoch 81/300 train_task_loss=0.0028 train_kl=4874.32 beta=0.00000 train_cost=4982018048.00 gamma=0.000000 train_acc=0.9835 val_loss=0.0145 val_acc=0.9082 time=64.2s
02:16:58 | INFO | [pretrain] epoch 82/300 train_task_loss=0.0028 train_kl=4874.32 beta=0.00000 train_cost=4982018048.00 gamma=0.000000 train_acc=0.9831 val_loss=0.0147 val_acc=0.9084 time=64.1s
02:18:02 | INFO | [pretrain] epoch 83/300 train_task_loss=0.0027 train_kl=4874.32 beta=0.00000 train_cost=4982018048.00 gamma=0.000000 train_acc=0.9841 val_loss=0.0168 val_acc=0.8940 time=64.0s
02:19:06 | INFO | [pretrain] epoch 84/300 train_task_loss=0.0027 train_kl=4874.32 beta=0.00000 train_cost=4982018048.00 gamma=0.000000 train_acc=0.9844 val_loss=0.0155 val_acc=0.9050 time=64.2s
02:20:10 | INFO | [pretrain] epoch 85/300 train_task_loss=0.0026 train_kl=4874.32 beta=0.00000 train_cost=4982018048.00 gamma=0.000000 train_acc=0.9842 val_loss=0.0149 val_acc=0.9052 time=64.0s
02:21:14 | INFO | [pretrain] epoch 86/300 train_task_loss=0.0024 train_kl=4874.32 beta=0.00000 train_cost=4982018048.00 gamma=0.000000 train_acc=0.9857 val_loss=0.0148 val_acc=0.9052 time=64.0s
02:22:18 | INFO | [pretrain] epoch 87/300 train_task_loss=0.0025 train_kl=4874.32 beta=0.00000 train_cost=4982018048.00 gamma=0.000000 train_acc=0.9853 val_loss=0.0151 val_acc=0.9042 time=64.3s
02:23:23 | INFO | [pretrain] epoch 88/300 train_task_loss=0.0024 train_kl=4874.32 beta=0.00000 train_cost=4982018048.00 gamma=0.000000 train_acc=0.9863 val_loss=0.0147 val_acc=0.9106 time=64.1s
02:24:27 | INFO | [pretrain] epoch 89/300 train_task_loss=0.0024 train_kl=4874.32 beta=0.00000 train_cost=4982018048.00 gamma=0.000000 train_acc=0.9853 val_loss=0.0149 val_acc=0.9056 time=64.1s
02:25:31 | INFO | [pretrain] epoch 90/300 train_task_loss=0.0025 train_kl=4874.32 beta=0.00000 train_cost=4982018048.00 gamma=0.000000 train_acc=0.9852 val_loss=0.0154 val_acc=0.9008 time=64.1s
02:26:35 | INFO | [pretrain] epoch 91/300 train_task_loss=0.0022 train_kl=4874.32 beta=0.00000 train_cost=4982018048.00 gamma=0.000000 train_acc=0.9866 val_loss=0.0145 val_acc=0.9094 time=64.5s
02:27:39 | INFO | [pretrain] epoch 92/300 train_task_loss=0.0021 train_kl=4874.32 beta=0.00000 train_cost=4982018048.00 gamma=0.000000 train_acc=0.9882 val_loss=0.0148 val_acc=0.9062 time=64.0s
02:28:43 | INFO | [pretrain] epoch 93/300 train_task_loss=0.0022 train_kl=4874.32 beta=0.00000 train_cost=4982018048.00 gamma=0.000000 train_acc=0.9870 val_loss=0.0155 val_acc=0.9048 time=64.2s
02:29:48 | INFO | [pretrain] epoch 94/300 train_task_loss=0.0020 train_kl=4874.32 beta=0.00000 train_cost=4982018048.00 gamma=0.000000 train_acc=0.9882 val_loss=0.0134 val_acc=0.9174 time=64.4s
02:30:52 | INFO | [pretrain] epoch 95/300 train_task_loss=0.0020 train_kl=4874.32 beta=0.00000 train_cost=4982018048.00 gamma=0.000000 train_acc=0.9883 val_loss=0.0150 val_acc=0.9056 time=63.9s
02:31:56 | INFO | [pretrain] epoch 96/300 train_task_loss=0.0021 train_kl=4874.32 beta=0.00000 train_cost=4982018048.00 gamma=0.000000 train_acc=0.9876 val_loss=0.0143 val_acc=0.9130 time=64.2s
02:33:00 | INFO | [pretrain] epoch 97/300 train_task_loss=0.0020 train_kl=4874.32 beta=0.00000 train_cost=4982018048.00 gamma=0.000000 train_acc=0.9884 val_loss=0.0146 val_acc=0.9096 time=64.0s
02:34:04 | INFO | [pretrain] epoch 98/300 train_task_loss=0.0020 train_kl=4874.32 beta=0.00000 train_cost=4982018048.00 gamma=0.000000 train_acc=0.9883 val_loss=0.0148 val_acc=0.9080 time=64.1s
02:35:08 | INFO | [pretrain] epoch 99/300 train_task_loss=0.0019 train_kl=4874.32 beta=0.00000 train_cost=4982018048.00 gamma=0.000000 train_acc=0.9894 val_loss=0.0143 val_acc=0.9102 time=64.1s
02:36:13 | INFO | [pretrain] epoch 100/300 train_task_loss=0.0020 train_kl=4874.32 beta=0.00000 train_cost=4982018048.00 gamma=0.000000 train_acc=0.9886 val_loss=0.0158 val_acc=0.9024 time=64.3s
02:37:17 | INFO | [pretrain] epoch 101/300 train_task_loss=0.0018 train_kl=4874.32 beta=0.00000 train_cost=4982018048.00 gamma=0.000000 train_acc=0.9896 val_loss=0.0145 val_acc=0.9100 time=64.2s
02:38:21 | INFO | [pretrain] epoch 102/300 train_task_loss=0.0018 train_kl=4874.32 beta=0.00000 train_cost=4982018048.00 gamma=0.000000 train_acc=0.9897 val_loss=0.0151 val_acc=0.9094 time=63.9s
02:39:25 | INFO | [pretrain] epoch 103/300 train_task_loss=0.0018 train_kl=4874.32 beta=0.00000 train_cost=4982018048.00 gamma=0.000000 train_acc=0.9896 val_loss=0.0144 val_acc=0.9082 time=64.1s
02:40:29 | INFO | [pretrain] epoch 104/300 train_task_loss=0.0018 train_kl=4874.32 beta=0.00000 train_cost=4982018048.00 gamma=0.000000 train_acc=0.9900 val_loss=0.0152 val_acc=0.9058 time=64.2s
02:41:33 | INFO | [pretrain] epoch 105/300 train_task_loss=0.0017 train_kl=4874.32 beta=0.00000 train_cost=4982018048.00 gamma=0.000000 train_acc=0.9901 val_loss=0.0138 val_acc=0.9120 time=64.4s
02:42:37 | INFO | [pretrain] epoch 106/300 train_task_loss=0.0017 train_kl=4874.32 beta=0.00000 train_cost=4982018048.00 gamma=0.000000 train_acc=0.9900 val_loss=0.0140 val_acc=0.9108 time=63.9s
02:43:41 | INFO | [pretrain] epoch 107/300 train_task_loss=0.0016 train_kl=4874.32 beta=0.00000 train_cost=4982018048.00 gamma=0.000000 train_acc=0.9909 val_loss=0.0150 val_acc=0.9070 time=63.8s
02:44:45 | INFO | [pretrain] epoch 108/300 train_task_loss=0.0017 train_kl=4874.32 beta=0.00000 train_cost=4982018048.00 gamma=0.000000 train_acc=0.9908 val_loss=0.0140 val_acc=0.9128 time=64.2s
02:45:49 | INFO | [pretrain] epoch 109/300 train_task_loss=0.0015 train_kl=4874.32 beta=0.00000 train_cost=4982018048.00 gamma=0.000000 train_acc=0.9915 val_loss=0.0147 val_acc=0.9056 time=64.1s
02:46:54 | INFO | [pretrain] epoch 110/300 train_task_loss=0.0015 train_kl=4874.32 beta=0.00000 train_cost=4982018048.00 gamma=0.000000 train_acc=0.9912 val_loss=0.0143 val_acc=0.9126 time=64.2s
02:47:58 | INFO | [pretrain] epoch 111/300 train_task_loss=0.0016 train_kl=4874.32 beta=0.00000 train_cost=4982018048.00 gamma=0.000000 train_acc=0.9910 val_loss=0.0151 val_acc=0.9070 time=64.3s
02:49:02 | INFO | [pretrain] epoch 112/300 train_task_loss=0.0015 train_kl=4874.32 beta=0.00000 train_cost=4982018048.00 gamma=0.000000 train_acc=0.9917 val_loss=0.0150 val_acc=0.9068 time=64.2s
02:50:07 | INFO | [pretrain] epoch 113/300 train_task_loss=0.0016 train_kl=4874.32 beta=0.00000 train_cost=4982018048.00 gamma=0.000000 train_acc=0.9912 val_loss=0.0140 val_acc=0.9134 time=64.6s
02:51:11 | INFO | [pretrain] epoch 114/300 train_task_loss=0.0016 train_kl=4874.32 beta=0.00000 train_cost=4982018048.00 gamma=0.000000 train_acc=0.9908 val_loss=0.0145 val_acc=0.9094 time=64.5s
02:52:15 | INFO | [pretrain] epoch 115/300 train_task_loss=0.0015 train_kl=4874.32 beta=0.00000 train_cost=4982018048.00 gamma=0.000000 train_acc=0.9914 val_loss=0.0149 val_acc=0.9106 time=64.1s
02:53:19 | INFO | [pretrain] epoch 116/300 train_task_loss=0.0013 train_kl=4874.32 beta=0.00000 train_cost=4982018048.00 gamma=0.000000 train_acc=0.9928 val_loss=0.0145 val_acc=0.9118 time=64.2s
02:54:24 | INFO | [pretrain] epoch 117/300 train_task_loss=0.0014 train_kl=4874.32 beta=0.00000 train_cost=4982018048.00 gamma=0.000000 train_acc=0.9923 val_loss=0.0155 val_acc=0.9046 time=64.4s
02:55:28 | INFO | [pretrain] epoch 118/300 train_task_loss=0.0014 train_kl=4874.32 beta=0.00000 train_cost=4982018048.00 gamma=0.000000 train_acc=0.9926 val_loss=0.0144 val_acc=0.9110 time=64.2s
02:56:32 | INFO | [pretrain] epoch 119/300 train_task_loss=0.0012 train_kl=4874.32 beta=0.00000 train_cost=4982018048.00 gamma=0.000000 train_acc=0.9933 val_loss=0.0147 val_acc=0.9098 time=64.2s
02:57:37 | INFO | [pretrain] epoch 120/300 train_task_loss=0.0012 train_kl=4874.32 beta=0.00000 train_cost=4982018048.00 gamma=0.000000 train_acc=0.9935 val_loss=0.0155 val_acc=0.9012 time=64.3s
02:58:41 | INFO | [pretrain] epoch 121/300 train_task_loss=0.0014 train_kl=4874.32 beta=0.00000 train_cost=4982018048.00 gamma=0.000000 train_acc=0.9922 val_loss=0.0142 val_acc=0.9136 time=64.6s
02:59:50 | INFO | [pretrain] epoch 122/300 train_task_loss=0.0012 train_kl=4874.32 beta=0.00000 train_cost=4982018048.00 gamma=0.000000 train_acc=0.9934 val_loss=0.0146 val_acc=0.9094 time=69.4s
03:00:55 | INFO | [pretrain] epoch 123/300 train_task_loss=0.0011 train_kl=4874.32 beta=0.00000 train_cost=4982018048.00 gamma=0.000000 train_acc=0.9940 val_loss=0.0152 val_acc=0.9066 time=64.2s
03:01:59 | INFO | [pretrain] epoch 124/300 train_task_loss=0.0012 train_kl=4874.32 beta=0.00000 train_cost=4982018048.00 gamma=0.000000 train_acc=0.9937 val_loss=0.0147 val_acc=0.9142 time=64.5s
03:03:03 | INFO | [pretrain] epoch 125/300 train_task_loss=0.0012 train_kl=4874.32 beta=0.00000 train_cost=4982018048.00 gamma=0.000000 train_acc=0.9935 val_loss=0.0148 val_acc=0.9122 time=64.3s
03:04:07 | INFO | [pretrain] epoch 126/300 train_task_loss=0.0012 train_kl=4874.32 beta=0.00000 train_cost=4982018048.00 gamma=0.000000 train_acc=0.9935 val_loss=0.0146 val_acc=0.9114 time=63.5s
03:05:10 | INFO | [pretrain] epoch 127/300 train_task_loss=0.0012 train_kl=4874.32 beta=0.00000 train_cost=4982018048.00 gamma=0.000000 train_acc=0.9938 val_loss=0.0146 val_acc=0.9106 time=63.3s
03:06:14 | INFO | [pretrain] epoch 128/300 train_task_loss=0.0012 train_kl=4874.32 beta=0.00000 train_cost=4982018048.00 gamma=0.000000 train_acc=0.9933 val_loss=0.0139 val_acc=0.9128 time=63.3s
03:07:17 | INFO | [pretrain] epoch 129/300 train_task_loss=0.0010 train_kl=4874.32 beta=0.00000 train_cost=4982018048.00 gamma=0.000000 train_acc=0.9946 val_loss=0.0150 val_acc=0.9104 time=63.3s
03:08:21 | INFO | [pretrain] epoch 130/300 train_task_loss=0.0011 train_kl=4874.32 beta=0.00000 train_cost=4982018048.00 gamma=0.000000 train_acc=0.9945 val_loss=0.0144 val_acc=0.9106 time=63.6s
03:09:24 | INFO | [pretrain] epoch 131/300 train_task_loss=0.0010 train_kl=4874.32 beta=0.00000 train_cost=4982018048.00 gamma=0.000000 train_acc=0.9947 val_loss=0.0145 val_acc=0.9152 time=63.7s
03:10:28 | INFO | [pretrain] epoch 132/300 train_task_loss=0.0011 train_kl=4874.32 beta=0.00000 train_cost=4982018048.00 gamma=0.000000 train_acc=0.9942 val_loss=0.0150 val_acc=0.9094 time=63.3s
03:11:31 | INFO | [pretrain] epoch 133/300 train_task_loss=0.0010 train_kl=4874.32 beta=0.00000 train_cost=4982018048.00 gamma=0.000000 train_acc=0.9948 val_loss=0.0136 val_acc=0.9156 time=63.6s
03:12:36 | INFO | [pretrain] epoch 134/300 train_task_loss=0.0010 train_kl=4874.32 beta=0.00000 train_cost=4982018048.00 gamma=0.000000 train_acc=0.9945 val_loss=0.0143 val_acc=0.9164 time=64.4s
03:13:40 | INFO | [pretrain] epoch 135/300 train_task_loss=0.0011 train_kl=4874.32 beta=0.00000 train_cost=4982018048.00 gamma=0.000000 train_acc=0.9940 val_loss=0.0140 val_acc=0.9146 time=64.1s
03:14:44 | INFO | [pretrain] epoch 136/300 train_task_loss=0.0010 train_kl=4874.32 beta=0.00000 train_cost=4982018048.00 gamma=0.000000 train_acc=0.9947 val_loss=0.0144 val_acc=0.9134 time=64.7s
03:15:48 | INFO | [pretrain] epoch 137/300 train_task_loss=0.0009 train_kl=4874.32 beta=0.00000 train_cost=4982018048.00 gamma=0.000000 train_acc=0.9952 val_loss=0.0144 val_acc=0.9126 time=64.1s
03:16:52 | INFO | [pretrain] epoch 138/300 train_task_loss=0.0009 train_kl=4874.32 beta=0.00000 train_cost=4982018048.00 gamma=0.000000 train_acc=0.9958 val_loss=0.0136 val_acc=0.9170 time=64.1s
03:17:57 | INFO | [pretrain] epoch 139/300 train_task_loss=0.0009 train_kl=4874.32 beta=0.00000 train_cost=4982018048.00 gamma=0.000000 train_acc=0.9952 val_loss=0.0155 val_acc=0.9074 time=64.4s
03:19:01 | INFO | [pretrain] epoch 140/300 train_task_loss=0.0010 train_kl=4874.32 beta=0.00000 train_cost=4982018048.00 gamma=0.000000 train_acc=0.9950 val_loss=0.0141 val_acc=0.9146 time=64.1s
03:20:05 | INFO | [pretrain] epoch 141/300 train_task_loss=0.0008 train_kl=4874.32 beta=0.00000 train_cost=4982018048.00 gamma=0.000000 train_acc=0.9958 val_loss=0.0147 val_acc=0.9124 time=64.1s
03:21:09 | INFO | [pretrain] epoch 142/300 train_task_loss=0.0009 train_kl=4874.32 beta=0.00000 train_cost=4982018048.00 gamma=0.000000 train_acc=0.9954 val_loss=0.0142 val_acc=0.9148 time=64.2s
03:22:14 | INFO | [pretrain] epoch 143/300 train_task_loss=0.0008 train_kl=4874.32 beta=0.00000 train_cost=4982018048.00 gamma=0.000000 train_acc=0.9959 val_loss=0.0139 val_acc=0.9156 time=64.2s
03:23:17 | INFO | [pretrain] epoch 144/300 train_task_loss=0.0009 train_kl=4874.32 beta=0.00000 train_cost=4982018048.00 gamma=0.000000 train_acc=0.9955 val_loss=0.0138 val_acc=0.9154 time=64.0s
03:24:22 | INFO | [pretrain] epoch 145/300 train_task_loss=0.0008 train_kl=4874.32 beta=0.00000 train_cost=4982018048.00 gamma=0.000000 train_acc=0.9959 val_loss=0.0144 val_acc=0.9116 time=64.2s
03:25:26 | INFO | [pretrain] epoch 146/300 train_task_loss=0.0008 train_kl=4874.32 beta=0.00000 train_cost=4982018048.00 gamma=0.000000 train_acc=0.9960 val_loss=0.0138 val_acc=0.9160 time=64.6s
03:26:30 | INFO | [pretrain] epoch 147/300 train_task_loss=0.0008 train_kl=4874.32 beta=0.00000 train_cost=4982018048.00 gamma=0.000000 train_acc=0.9959 val_loss=0.0141 val_acc=0.9152 time=64.2s
03:27:35 | INFO | [pretrain] epoch 148/300 train_task_loss=0.0008 train_kl=4874.32 beta=0.00000 train_cost=4982018048.00 gamma=0.000000 train_acc=0.9957 val_loss=0.0147 val_acc=0.9124 time=64.3s
03:28:39 | INFO | [pretrain] epoch 149/300 train_task_loss=0.0009 train_kl=4874.32 beta=0.00000 train_cost=4982018048.00 gamma=0.000000 train_acc=0.9955 val_loss=0.0143 val_acc=0.9152 time=64.1s
03:29:43 | INFO | [pretrain] epoch 150/300 train_task_loss=0.0007 train_kl=4874.32 beta=0.00000 train_cost=4982018048.00 gamma=0.000000 train_acc=0.9963 val_loss=0.0141 val_acc=0.9124 time=64.1s
03:30:47 | INFO | [pretrain] epoch 151/300 train_task_loss=0.0008 train_kl=4874.32 beta=0.00000 train_cost=4982018048.00 gamma=0.000000 train_acc=0.9961 val_loss=0.0148 val_acc=0.9120 time=64.2s
03:31:51 | INFO | [pretrain] epoch 152/300 train_task_loss=0.0007 train_kl=4874.32 beta=0.00000 train_cost=4982018048.00 gamma=0.000000 train_acc=0.9966 val_loss=0.0135 val_acc=0.9188 time=64.2s
03:32:56 | INFO | [pretrain] epoch 153/300 train_task_loss=0.0008 train_kl=4874.32 beta=0.00000 train_cost=4982018048.00 gamma=0.000000 train_acc=0.9964 val_loss=0.0141 val_acc=0.9140 time=64.2s
03:34:00 | INFO | [pretrain] epoch 154/300 train_task_loss=0.0007 train_kl=4874.32 beta=0.00000 train_cost=4982018048.00 gamma=0.000000 train_acc=0.9965 val_loss=0.0143 val_acc=0.9146 time=64.5s
03:35:04 | INFO | [pretrain] epoch 155/300 train_task_loss=0.0007 train_kl=4874.32 beta=0.00000 train_cost=4982018048.00 gamma=0.000000 train_acc=0.9970 val_loss=0.0148 val_acc=0.9120 time=64.2s
03:36:09 | INFO | [pretrain] epoch 156/300 train_task_loss=0.0007 train_kl=4874.32 beta=0.00000 train_cost=4982018048.00 gamma=0.000000 train_acc=0.9969 val_loss=0.0138 val_acc=0.9134 time=64.2s
03:37:13 | INFO | [pretrain] epoch 157/300 train_task_loss=0.0007 train_kl=4874.32 beta=0.00000 train_cost=4982018048.00 gamma=0.000000 train_acc=0.9966 val_loss=0.0144 val_acc=0.9128 time=64.3s
03:38:17 | INFO | [pretrain] epoch 158/300 train_task_loss=0.0007 train_kl=4874.32 beta=0.00000 train_cost=4982018048.00 gamma=0.000000 train_acc=0.9969 val_loss=0.0140 val_acc=0.9170 time=64.2s
03:39:21 | INFO | [pretrain] epoch 159/300 train_task_loss=0.0007 train_kl=4874.32 beta=0.00000 train_cost=4982018048.00 gamma=0.000000 train_acc=0.9967 val_loss=0.0140 val_acc=0.9136 time=64.1s
03:40:25 | INFO | [pretrain] epoch 160/300 train_task_loss=0.0006 train_kl=4874.32 beta=0.00000 train_cost=4982018048.00 gamma=0.000000 train_acc=0.9969 val_loss=0.0151 val_acc=0.9092 time=64.3s
03:41:29 | INFO | [pretrain] epoch 161/300 train_task_loss=0.0006 train_kl=4874.32 beta=0.00000 train_cost=4982018048.00 gamma=0.000000 train_acc=0.9973 val_loss=0.0147 val_acc=0.9116 time=64.0s
03:42:34 | INFO | [pretrain] epoch 162/300 train_task_loss=0.0006 train_kl=4874.32 beta=0.00000 train_cost=4982018048.00 gamma=0.000000 train_acc=0.9970 val_loss=0.0142 val_acc=0.9136 time=64.2s
03:43:38 | INFO | [pretrain] epoch 163/300 train_task_loss=0.0006 train_kl=4874.32 beta=0.00000 train_cost=4982018048.00 gamma=0.000000 train_acc=0.9972 val_loss=0.0141 val_acc=0.9148 time=64.7s
03:44:42 | INFO | [pretrain] epoch 164/300 train_task_loss=0.0006 train_kl=4874.32 beta=0.00000 train_cost=4982018048.00 gamma=0.000000 train_acc=0.9969 val_loss=0.0140 val_acc=0.9156 time=64.0s
03:45:48 | INFO | [pretrain] epoch 165/300 train_task_loss=0.0006 train_kl=4874.32 beta=0.00000 train_cost=4982018048.00 gamma=0.000000 train_acc=0.9972 val_loss=0.0149 val_acc=0.9102 time=65.3s
03:46:52 | INFO | [pretrain] epoch 166/300 train_task_loss=0.0007 train_kl=4874.32 beta=0.00000 train_cost=4982018048.00 gamma=0.000000 train_acc=0.9965 val_loss=0.0142 val_acc=0.9148 time=64.1s
03:47:56 | INFO | [pretrain] epoch 167/300 train_task_loss=0.0006 train_kl=4874.32 beta=0.00000 train_cost=4982018048.00 gamma=0.000000 train_acc=0.9976 val_loss=0.0142 val_acc=0.9152 time=64.5s
03:49:01 | INFO | [pretrain] epoch 168/300 train_task_loss=0.0005 train_kl=4874.32 beta=0.00000 train_cost=4982018048.00 gamma=0.000000 train_acc=0.9977 val_loss=0.0134 val_acc=0.9164 time=64.5s
03:50:05 | INFO | [pretrain] epoch 169/300 train_task_loss=0.0005 train_kl=4874.32 beta=0.00000 train_cost=4982018048.00 gamma=0.000000 train_acc=0.9975 val_loss=0.0138 val_acc=0.9182 time=64.2s
03:51:09 | INFO | [pretrain] epoch 170/300 train_task_loss=0.0005 train_kl=4874.32 beta=0.00000 train_cost=4982018048.00 gamma=0.000000 train_acc=0.9975 val_loss=0.0141 val_acc=0.9156 time=64.2s
03:52:13 | INFO | [pretrain] epoch 171/300 train_task_loss=0.0006 train_kl=4874.32 beta=0.00000 train_cost=4982018048.00 gamma=0.000000 train_acc=0.9972 val_loss=0.0135 val_acc=0.9188 time=64.2s
03:53:17 | INFO | [pretrain] epoch 172/300 train_task_loss=0.0005 train_kl=4874.32 beta=0.00000 train_cost=4982018048.00 gamma=0.000000 train_acc=0.9978 val_loss=0.0136 val_acc=0.9178 time=64.2s
03:54:22 | INFO | [pretrain] epoch 173/300 train_task_loss=0.0005 train_kl=4874.32 beta=0.00000 train_cost=4982018048.00 gamma=0.000000 train_acc=0.9978 val_loss=0.0144 val_acc=0.9132 time=64.1s
03:55:26 | INFO | [pretrain] epoch 174/300 train_task_loss=0.0005 train_kl=4874.32 beta=0.00000 train_cost=4982018048.00 gamma=0.000000 train_acc=0.9980 val_loss=0.0138 val_acc=0.9160 time=64.1s
03:56:30 | INFO | [pretrain] epoch 175/300 train_task_loss=0.0005 train_kl=4874.32 beta=0.00000 train_cost=4982018048.00 gamma=0.000000 train_acc=0.9980 val_loss=0.0141 val_acc=0.9154 time=64.3s
03:57:34 | INFO | [pretrain] epoch 176/300 train_task_loss=0.0004 train_kl=4874.32 beta=0.00000 train_cost=4982018048.00 gamma=0.000000 train_acc=0.9981 val_loss=0.0135 val_acc=0.9182 time=64.0s
03:58:38 | INFO | [pretrain] epoch 177/300 train_task_loss=0.0004 train_kl=4874.32 beta=0.00000 train_cost=4982018048.00 gamma=0.000000 train_acc=0.9983 val_loss=0.0140 val_acc=0.9152 time=64.2s
03:59:42 | INFO | [pretrain] epoch 178/300 train_task_loss=0.0004 train_kl=4874.32 beta=0.00000 train_cost=4982018048.00 gamma=0.000000 train_acc=0.9979 val_loss=0.0136 val_acc=0.9176 time=64.1s
04:00:46 | INFO | [pretrain] epoch 179/300 train_task_loss=0.0005 train_kl=4874.32 beta=0.00000 train_cost=4982018048.00 gamma=0.000000 train_acc=0.9979 val_loss=0.0132 val_acc=0.9212 time=64.1s
04:01:50 | INFO | [pretrain] epoch 180/300 train_task_loss=0.0005 train_kl=4874.32 beta=0.00000 train_cost=4982018048.00 gamma=0.000000 train_acc=0.9978 val_loss=0.0136 val_acc=0.9190 time=63.8s
04:02:54 | INFO | [pretrain] epoch 181/300 train_task_loss=0.0005 train_kl=4874.32 beta=0.00000 train_cost=4982018048.00 gamma=0.000000 train_acc=0.9980 val_loss=0.0132 val_acc=0.9180 time=64.1s
04:03:58 | INFO | [pretrain] epoch 182/300 train_task_loss=0.0005 train_kl=4874.32 beta=0.00000 train_cost=4982018048.00 gamma=0.000000 train_acc=0.9979 val_loss=0.0138 val_acc=0.9192 time=64.1s
04:05:06 | INFO | [pretrain] epoch 183/300 train_task_loss=0.0004 train_kl=4874.32 beta=0.00000 train_cost=4982018048.00 gamma=0.000000 train_acc=0.9985 val_loss=0.0142 val_acc=0.9156 time=67.3s
04:06:09 | INFO | [pretrain] epoch 184/300 train_task_loss=0.0004 train_kl=4874.32 beta=0.00000 train_cost=4982018048.00 gamma=0.000000 train_acc=0.9984 val_loss=0.0142 val_acc=0.9128 time=63.9s
04:07:13 | INFO | [pretrain] epoch 185/300 train_task_loss=0.0004 train_kl=4874.32 beta=0.00000 train_cost=4982018048.00 gamma=0.000000 train_acc=0.9981 val_loss=0.0139 val_acc=0.9176 time=64.0s
04:08:17 | INFO | [pretrain] epoch 186/300 train_task_loss=0.0004 train_kl=4874.32 beta=0.00000 train_cost=4982018048.00 gamma=0.000000 train_acc=0.9983 val_loss=0.0143 val_acc=0.9132 time=63.7s
04:09:24 | INFO | [pretrain] epoch 187/300 train_task_loss=0.0004 train_kl=4874.32 beta=0.00000 train_cost=4982018048.00 gamma=0.000000 train_acc=0.9984 val_loss=0.0145 val_acc=0.9138 time=66.8s
04:10:28 | INFO | [pretrain] epoch 188/300 train_task_loss=0.0004 train_kl=4874.32 beta=0.00000 train_cost=4982018048.00 gamma=0.000000 train_acc=0.9984 val_loss=0.0141 val_acc=0.9172 time=64.2s
04:11:33 | INFO | [pretrain] epoch 189/300 train_task_loss=0.0004 train_kl=4874.32 beta=0.00000 train_cost=4982018048.00 gamma=0.000000 train_acc=0.9984 val_loss=0.0134 val_acc=0.9188 time=64.3s
04:12:37 | INFO | [pretrain] epoch 190/300 train_task_loss=0.0004 train_kl=4874.32 beta=0.00000 train_cost=4982018048.00 gamma=0.000000 train_acc=0.9988 val_loss=0.0130 val_acc=0.9228 time=64.6s
04:13:41 | INFO | [pretrain] epoch 191/300 train_task_loss=0.0004 train_kl=4874.32 beta=0.00000 train_cost=4982018048.00 gamma=0.000000 train_acc=0.9980 val_loss=0.0138 val_acc=0.9184 time=64.1s
04:14:45 | INFO | [pretrain] epoch 192/300 train_task_loss=0.0003 train_kl=4874.32 beta=0.00000 train_cost=4982018048.00 gamma=0.000000 train_acc=0.9989 val_loss=0.0136 val_acc=0.9186 time=64.0s
04:15:50 | INFO | [pretrain] epoch 193/300 train_task_loss=0.0003 train_kl=4874.32 beta=0.00000 train_cost=4982018048.00 gamma=0.000000 train_acc=0.9988 val_loss=0.0132 val_acc=0.9204 time=64.5s
04:16:54 | INFO | [pretrain] epoch 194/300 train_task_loss=0.0004 train_kl=4874.32 beta=0.00000 train_cost=4982018048.00 gamma=0.000000 train_acc=0.9983 val_loss=0.0140 val_acc=0.9154 time=64.4s
04:17:59 | INFO | [pretrain] epoch 195/300 train_task_loss=0.0004 train_kl=4874.32 beta=0.00000 train_cost=4982018048.00 gamma=0.000000 train_acc=0.9987 val_loss=0.0130 val_acc=0.9204 time=64.4s
04:19:03 | INFO | [pretrain] epoch 196/300 train_task_loss=0.0003 train_kl=4874.32 beta=0.00000 train_cost=4982018048.00 gamma=0.000000 train_acc=0.9990 val_loss=0.0132 val_acc=0.9186 time=64.0s
04:20:09 | INFO | [pretrain] epoch 197/300 train_task_loss=0.0003 train_kl=4874.32 beta=0.00000 train_cost=4982018048.00 gamma=0.000000 train_acc=0.9988 val_loss=0.0139 val_acc=0.9166 time=66.1s
04:21:13 | INFO | [pretrain] epoch 198/300 train_task_loss=0.0003 train_kl=4874.32 beta=0.00000 train_cost=4982018048.00 gamma=0.000000 train_acc=0.9987 val_loss=0.0133 val_acc=0.9206 time=63.9s
04:22:17 | INFO | [pretrain] epoch 199/300 train_task_loss=0.0003 train_kl=4874.32 beta=0.00000 train_cost=4982018048.00 gamma=0.000000 train_acc=0.9987 val_loss=0.0134 val_acc=0.9186 time=64.0s
04:23:21 | INFO | [pretrain] epoch 200/300 train_task_loss=0.0003 train_kl=4874.32 beta=0.00000 train_cost=4982018048.00 gamma=0.000000 train_acc=0.9987 val_loss=0.0140 val_acc=0.9184 time=64.0s
04:24:25 | INFO | [pretrain] epoch 201/300 train_task_loss=0.0003 train_kl=4874.32 beta=0.00000 train_cost=4982018048.00 gamma=0.000000 train_acc=0.9989 val_loss=0.0137 val_acc=0.9178 time=64.0s
04:25:29 | INFO | [pretrain] epoch 202/300 train_task_loss=0.0003 train_kl=4874.32 beta=0.00000 train_cost=4982018048.00 gamma=0.000000 train_acc=0.9989 val_loss=0.0136 val_acc=0.9196 time=64.0s
04:26:33 | INFO | [pretrain] epoch 203/300 train_task_loss=0.0003 train_kl=4874.32 beta=0.00000 train_cost=4982018048.00 gamma=0.000000 train_acc=0.9986 val_loss=0.0136 val_acc=0.9170 time=64.2s
04:27:37 | INFO | [pretrain] epoch 204/300 train_task_loss=0.0003 train_kl=4874.32 beta=0.00000 train_cost=4982018048.00 gamma=0.000000 train_acc=0.9989 val_loss=0.0139 val_acc=0.9168 time=64.5s
04:28:41 | INFO | [pretrain] epoch 205/300 train_task_loss=0.0003 train_kl=4874.32 beta=0.00000 train_cost=4982018048.00 gamma=0.000000 train_acc=0.9990 val_loss=0.0136 val_acc=0.9178 time=64.0s
04:29:46 | INFO | [pretrain] epoch 206/300 train_task_loss=0.0003 train_kl=4874.32 beta=0.00000 train_cost=4982018048.00 gamma=0.000000 train_acc=0.9990 val_loss=0.0137 val_acc=0.9192 time=64.1s
04:30:50 | INFO | [pretrain] epoch 207/300 train_task_loss=0.0003 train_kl=4874.32 beta=0.00000 train_cost=4982018048.00 gamma=0.000000 train_acc=0.9990 val_loss=0.0142 val_acc=0.9130 time=64.2s
04:31:54 | INFO | [pretrain] epoch 208/300 train_task_loss=0.0002 train_kl=4874.32 beta=0.00000 train_cost=4982018048.00 gamma=0.000000 train_acc=0.9992 val_loss=0.0133 val_acc=0.9186 time=64.1s
04:32:58 | INFO | [pretrain] epoch 209/300 train_task_loss=0.0003 train_kl=4874.32 beta=0.00000 train_cost=4982018048.00 gamma=0.000000 train_acc=0.9991 val_loss=0.0138 val_acc=0.9160 time=64.0s
04:34:02 | INFO | [pretrain] epoch 210/300 train_task_loss=0.0003 train_kl=4874.32 beta=0.00000 train_cost=4982018048.00 gamma=0.000000 train_acc=0.9992 val_loss=0.0127 val_acc=0.9234 time=64.4s
04:35:06 | INFO | [pretrain] epoch 211/300 train_task_loss=0.0002 train_kl=4874.32 beta=0.00000 train_cost=4982018048.00 gamma=0.000000 train_acc=0.9996 val_loss=0.0139 val_acc=0.9166 time=64.1s
04:36:11 | INFO | [pretrain] epoch 212/300 train_task_loss=0.0003 train_kl=4874.32 beta=0.00000 train_cost=4982018048.00 gamma=0.000000 train_acc=0.9990 val_loss=0.0129 val_acc=0.9236 time=64.4s
04:37:15 | INFO | [pretrain] epoch 213/300 train_task_loss=0.0002 train_kl=4874.32 beta=0.00000 train_cost=4982018048.00 gamma=0.000000 train_acc=0.9993 val_loss=0.0129 val_acc=0.9210 time=64.4s
04:38:19 | INFO | [pretrain] epoch 214/300 train_task_loss=0.0002 train_kl=4874.32 beta=0.00000 train_cost=4982018048.00 gamma=0.000000 train_acc=0.9992 val_loss=0.0138 val_acc=0.9178 time=64.1s
04:39:23 | INFO | [pretrain] epoch 215/300 train_task_loss=0.0002 train_kl=4874.32 beta=0.00000 train_cost=4982018048.00 gamma=0.000000 train_acc=0.9992 val_loss=0.0133 val_acc=0.9196 time=64.0s
04:40:28 | INFO | [pretrain] epoch 216/300 train_task_loss=0.0002 train_kl=4874.32 beta=0.00000 train_cost=4982018048.00 gamma=0.000000 train_acc=0.9992 val_loss=0.0139 val_acc=0.9172 time=64.5s
04:41:32 | INFO | [pretrain] epoch 217/300 train_task_loss=0.0002 train_kl=4874.32 beta=0.00000 train_cost=4982018048.00 gamma=0.000000 train_acc=0.9993 val_loss=0.0136 val_acc=0.9166 time=64.1s
04:42:36 | INFO | [pretrain] epoch 218/300 train_task_loss=0.0002 train_kl=4874.32 beta=0.00000 train_cost=4982018048.00 gamma=0.000000 train_acc=0.9993 val_loss=0.0138 val_acc=0.9174 time=64.0s
04:43:40 | INFO | [pretrain] epoch 219/300 train_task_loss=0.0002 train_kl=4874.32 beta=0.00000 train_cost=4982018048.00 gamma=0.000000 train_acc=0.9993 val_loss=0.0136 val_acc=0.9198 time=64.1s
04:44:44 | INFO | [pretrain] epoch 220/300 train_task_loss=0.0002 train_kl=4874.32 beta=0.00000 train_cost=4982018048.00 gamma=0.000000 train_acc=0.9995 val_loss=0.0138 val_acc=0.9166 time=64.0s
04:45:48 | INFO | [pretrain] epoch 221/300 train_task_loss=0.0002 train_kl=4874.32 beta=0.00000 train_cost=4982018048.00 gamma=0.000000 train_acc=0.9994 val_loss=0.0141 val_acc=0.9142 time=64.4s
04:46:52 | INFO | [pretrain] epoch 222/300 train_task_loss=0.0002 train_kl=4874.32 beta=0.00000 train_cost=4982018048.00 gamma=0.000000 train_acc=0.9992 val_loss=0.0129 val_acc=0.9200 time=64.0s
04:47:58 | INFO | [pretrain] epoch 223/300 train_task_loss=0.0002 train_kl=4874.32 beta=0.00000 train_cost=4982018048.00 gamma=0.000000 train_acc=0.9997 val_loss=0.0131 val_acc=0.9208 time=65.3s
04:49:02 | INFO | [pretrain] epoch 224/300 train_task_loss=0.0002 train_kl=4874.32 beta=0.00000 train_cost=4982018048.00 gamma=0.000000 train_acc=0.9995 val_loss=0.0134 val_acc=0.9214 time=64.0s
04:50:06 | INFO | [pretrain] epoch 225/300 train_task_loss=0.0002 train_kl=4874.32 beta=0.00000 train_cost=4982018048.00 gamma=0.000000 train_acc=0.9992 val_loss=0.0140 val_acc=0.9164 time=64.2s
04:51:11 | INFO | [pretrain] epoch 226/300 train_task_loss=0.0002 train_kl=4874.32 beta=0.00000 train_cost=4982018048.00 gamma=0.000000 train_acc=0.9995 val_loss=0.0126 val_acc=0.9234 time=64.7s
04:52:15 | INFO | [pretrain] epoch 227/300 train_task_loss=0.0002 train_kl=4874.32 beta=0.00000 train_cost=4982018048.00 gamma=0.000000 train_acc=0.9995 val_loss=0.0138 val_acc=0.9174 time=64.0s
04:53:19 | INFO | [pretrain] epoch 228/300 train_task_loss=0.0002 train_kl=4874.32 beta=0.00000 train_cost=4982018048.00 gamma=0.000000 train_acc=0.9996 val_loss=0.0138 val_acc=0.9196 time=64.1s
04:54:23 | INFO | [pretrain] epoch 229/300 train_task_loss=0.0002 train_kl=4874.32 beta=0.00000 train_cost=4982018048.00 gamma=0.000000 train_acc=0.9995 val_loss=0.0132 val_acc=0.9222 time=64.5s
04:55:27 | INFO | [pretrain] epoch 230/300 train_task_loss=0.0002 train_kl=4874.32 beta=0.00000 train_cost=4982018048.00 gamma=0.000000 train_acc=0.9995 val_loss=0.0131 val_acc=0.9220 time=64.1s
04:56:31 | INFO | [pretrain] epoch 231/300 train_task_loss=0.0002 train_kl=4874.32 beta=0.00000 train_cost=4982018048.00 gamma=0.000000 train_acc=0.9996 val_loss=0.0134 val_acc=0.9200 time=64.1s
04:57:36 | INFO | [pretrain] epoch 232/300 train_task_loss=0.0002 train_kl=4874.32 beta=0.00000 train_cost=4982018048.00 gamma=0.000000 train_acc=0.9992 val_loss=0.0145 val_acc=0.9160 time=64.5s
04:58:40 | INFO | [pretrain] epoch 233/300 train_task_loss=0.0002 train_kl=4874.32 beta=0.00000 train_cost=4982018048.00 gamma=0.000000 train_acc=0.9996 val_loss=0.0136 val_acc=0.9178 time=64.0s
04:59:44 | INFO | [pretrain] epoch 234/300 train_task_loss=0.0002 train_kl=4874.32 beta=0.00000 train_cost=4982018048.00 gamma=0.000000 train_acc=0.9996 val_loss=0.0134 val_acc=0.9212 time=64.2s
05:00:48 | INFO | [pretrain] epoch 235/300 train_task_loss=0.0002 train_kl=4874.32 beta=0.00000 train_cost=4982018048.00 gamma=0.000000 train_acc=0.9994 val_loss=0.0136 val_acc=0.9184 time=64.1s
05:01:52 | INFO | [pretrain] epoch 236/300 train_task_loss=0.0002 train_kl=4874.32 beta=0.00000 train_cost=4982018048.00 gamma=0.000000 train_acc=0.9994 val_loss=0.0135 val_acc=0.9202 time=64.0s
05:02:56 | INFO | [pretrain] epoch 237/300 train_task_loss=0.0002 train_kl=4874.32 beta=0.00000 train_cost=4982018048.00 gamma=0.000000 train_acc=0.9995 val_loss=0.0132 val_acc=0.9228 time=64.0s
05:04:00 | INFO | [pretrain] epoch 238/300 train_task_loss=0.0001 train_kl=4874.32 beta=0.00000 train_cost=4982018048.00 gamma=0.000000 train_acc=0.9996 val_loss=0.0134 val_acc=0.9202 time=64.1s
05:05:04 | INFO | [pretrain] epoch 239/300 train_task_loss=0.0001 train_kl=4874.32 beta=0.00000 train_cost=4982018048.00 gamma=0.000000 train_acc=0.9998 val_loss=0.0131 val_acc=0.9200 time=64.5s
05:06:09 | INFO | [pretrain] epoch 240/300 train_task_loss=0.0001 train_kl=4874.32 beta=0.00000 train_cost=4982018048.00 gamma=0.000000 train_acc=0.9996 val_loss=0.0134 val_acc=0.9212 time=64.2s
05:07:13 | INFO | [pretrain] epoch 241/300 train_task_loss=0.0001 train_kl=4874.32 beta=0.00000 train_cost=4982018048.00 gamma=0.000000 train_acc=0.9996 val_loss=0.0138 val_acc=0.9168 time=64.8s
05:08:18 | INFO | [pretrain] epoch 242/300 train_task_loss=0.0002 train_kl=4874.32 beta=0.00000 train_cost=4982018048.00 gamma=0.000000 train_acc=0.9996 val_loss=0.0130 val_acc=0.9256 time=64.2s
05:09:22 | INFO | [pretrain] epoch 243/300 train_task_loss=0.0001 train_kl=4874.32 beta=0.00000 train_cost=4982018048.00 gamma=0.000000 train_acc=0.9995 val_loss=0.0134 val_acc=0.9192 time=64.5s
05:10:30 | INFO | [pretrain] epoch 244/300 train_task_loss=0.0001 train_kl=4874.32 beta=0.00000 train_cost=4982018048.00 gamma=0.000000 train_acc=0.9996 val_loss=0.0129 val_acc=0.9252 time=68.2s
05:11:35 | INFO | [pretrain] epoch 245/300 train_task_loss=0.0001 train_kl=4874.32 beta=0.00000 train_cost=4982018048.00 gamma=0.000000 train_acc=0.9996 val_loss=0.0130 val_acc=0.9238 time=64.3s
05:12:39 | INFO | [pretrain] epoch 246/300 train_task_loss=0.0001 train_kl=4874.32 beta=0.00000 train_cost=4982018048.00 gamma=0.000000 train_acc=0.9997 val_loss=0.0134 val_acc=0.9226 time=64.2s
05:13:43 | INFO | [pretrain] epoch 247/300 train_task_loss=0.0001 train_kl=4874.32 beta=0.00000 train_cost=4982018048.00 gamma=0.000000 train_acc=0.9996 val_loss=0.0128 val_acc=0.9238 time=64.0s
05:14:50 | INFO | [pretrain] epoch 248/300 train_task_loss=0.0001 train_kl=4874.32 beta=0.00000 train_cost=4982018048.00 gamma=0.000000 train_acc=0.9997 val_loss=0.0131 val_acc=0.9212 time=67.2s
05:15:55 | INFO | [pretrain] epoch 249/300 train_task_loss=0.0001 train_kl=4874.32 beta=0.00000 train_cost=4982018048.00 gamma=0.000000 train_acc=0.9996 val_loss=0.0131 val_acc=0.9196 time=64.5s
05:16:59 | INFO | [pretrain] epoch 250/300 train_task_loss=0.0001 train_kl=4874.32 beta=0.00000 train_cost=4982018048.00 gamma=0.000000 train_acc=0.9998 val_loss=0.0133 val_acc=0.9224 time=64.4s
05:18:03 | INFO | [pretrain] epoch 251/300 train_task_loss=0.0001 train_kl=4874.32 beta=0.00000 train_cost=4982018048.00 gamma=0.000000 train_acc=0.9997 val_loss=0.0128 val_acc=0.9218 time=64.2s
05:19:08 | INFO | [pretrain] epoch 252/300 train_task_loss=0.0001 train_kl=4874.32 beta=0.00000 train_cost=4982018048.00 gamma=0.000000 train_acc=0.9997 val_loss=0.0137 val_acc=0.9192 time=64.3s
05:20:12 | INFO | [pretrain] epoch 253/300 train_task_loss=0.0001 train_kl=4874.32 beta=0.00000 train_cost=4982018048.00 gamma=0.000000 train_acc=0.9997 val_loss=0.0135 val_acc=0.9182 time=64.2s
05:21:16 | INFO | [pretrain] epoch 254/300 train_task_loss=0.0001 train_kl=4874.32 beta=0.00000 train_cost=4982018048.00 gamma=0.000000 train_acc=0.9997 val_loss=0.0129 val_acc=0.9236 time=64.4s
05:22:20 | INFO | [pretrain] epoch 255/300 train_task_loss=0.0001 train_kl=4874.32 beta=0.00000 train_cost=4982018048.00 gamma=0.000000 train_acc=0.9997 val_loss=0.0133 val_acc=0.9208 time=64.1s
05:23:25 | INFO | [pretrain] epoch 256/300 train_task_loss=0.0001 train_kl=4874.32 beta=0.00000 train_cost=4982018048.00 gamma=0.000000 train_acc=0.9996 val_loss=0.0127 val_acc=0.9236 time=64.4s
05:24:29 | INFO | [pretrain] epoch 257/300 train_task_loss=0.0001 train_kl=4874.32 beta=0.00000 train_cost=4982018048.00 gamma=0.000000 train_acc=0.9998 val_loss=0.0130 val_acc=0.9228 time=64.2s
05:25:34 | INFO | [pretrain] epoch 258/300 train_task_loss=0.0001 train_kl=4874.32 beta=0.00000 train_cost=4982018048.00 gamma=0.000000 train_acc=0.9998 val_loss=0.0126 val_acc=0.9264 time=64.9s
05:26:38 | INFO | [pretrain] epoch 259/300 train_task_loss=0.0001 train_kl=4874.32 beta=0.00000 train_cost=4982018048.00 gamma=0.000000 train_acc=0.9997 val_loss=0.0127 val_acc=0.9240 time=64.1s
05:27:42 | INFO | [pretrain] epoch 260/300 train_task_loss=0.0001 train_kl=4874.32 beta=0.00000 train_cost=4982018048.00 gamma=0.000000 train_acc=0.9998 val_loss=0.0132 val_acc=0.9220 time=64.1s
05:28:46 | INFO | [pretrain] epoch 261/300 train_task_loss=0.0001 train_kl=4874.32 beta=0.00000 train_cost=4982018048.00 gamma=0.000000 train_acc=0.9997 val_loss=0.0129 val_acc=0.9242 time=64.0s
05:29:50 | INFO | [pretrain] epoch 262/300 train_task_loss=0.0001 train_kl=4874.32 beta=0.00000 train_cost=4982018048.00 gamma=0.000000 train_acc=0.9997 val_loss=0.0132 val_acc=0.9212 time=64.1s
05:30:55 | INFO | [pretrain] epoch 263/300 train_task_loss=0.0001 train_kl=4874.32 beta=0.00000 train_cost=4982018048.00 gamma=0.000000 train_acc=0.9998 val_loss=0.0126 val_acc=0.9270 time=64.4s
05:31:59 | INFO | [pretrain] epoch 264/300 train_task_loss=0.0001 train_kl=4874.32 beta=0.00000 train_cost=4982018048.00 gamma=0.000000 train_acc=0.9997 val_loss=0.0131 val_acc=0.9240 time=64.1s
05:33:03 | INFO | [pretrain] epoch 265/300 train_task_loss=0.0001 train_kl=4874.32 beta=0.00000 train_cost=4982018048.00 gamma=0.000000 train_acc=0.9999 val_loss=0.0129 val_acc=0.9232 time=64.2s
05:34:07 | INFO | [pretrain] epoch 266/300 train_task_loss=0.0001 train_kl=4874.32 beta=0.00000 train_cost=4982018048.00 gamma=0.000000 train_acc=0.9998 val_loss=0.0130 val_acc=0.9234 time=64.2s
05:35:12 | INFO | [pretrain] epoch 267/300 train_task_loss=0.0001 train_kl=4874.32 beta=0.00000 train_cost=4982018048.00 gamma=0.000000 train_acc=0.9998 val_loss=0.0128 val_acc=0.9250 time=64.5s
05:36:16 | INFO | [pretrain] epoch 268/300 train_task_loss=0.0001 train_kl=4874.32 beta=0.00000 train_cost=4982018048.00 gamma=0.000000 train_acc=0.9998 val_loss=0.0126 val_acc=0.9258 time=64.1s
05:37:20 | INFO | [pretrain] epoch 269/300 train_task_loss=0.0001 train_kl=4874.32 beta=0.00000 train_cost=4982018048.00 gamma=0.000000 train_acc=0.9998 val_loss=0.0132 val_acc=0.9232 time=64.1s
05:38:24 | INFO | [pretrain] epoch 270/300 train_task_loss=0.0001 train_kl=4874.32 beta=0.00000 train_cost=4982018048.00 gamma=0.000000 train_acc=0.9998 val_loss=0.0128 val_acc=0.9258 time=64.0s
05:39:28 | INFO | [pretrain] epoch 271/300 train_task_loss=0.0001 train_kl=4874.32 beta=0.00000 train_cost=4982018048.00 gamma=0.000000 train_acc=0.9998 val_loss=0.0131 val_acc=0.9224 time=64.3s
05:40:32 | INFO | [pretrain] epoch 272/300 train_task_loss=0.0001 train_kl=4874.32 beta=0.00000 train_cost=4982018048.00 gamma=0.000000 train_acc=0.9998 val_loss=0.0126 val_acc=0.9256 time=64.0s
05:41:37 | INFO | [pretrain] epoch 273/300 train_task_loss=0.0001 train_kl=4874.32 beta=0.00000 train_cost=4982018048.00 gamma=0.000000 train_acc=0.9998 val_loss=0.0132 val_acc=0.9230 time=64.5s
05:42:41 | INFO | [pretrain] epoch 274/300 train_task_loss=0.0001 train_kl=4874.32 beta=0.00000 train_cost=4982018048.00 gamma=0.000000 train_acc=0.9998 val_loss=0.0130 val_acc=0.9230 time=64.3s
05:43:45 | INFO | [pretrain] epoch 275/300 train_task_loss=0.0001 train_kl=4874.32 beta=0.00000 train_cost=4982018048.00 gamma=0.000000 train_acc=0.9998 val_loss=0.0127 val_acc=0.9262 time=64.1s
05:44:49 | INFO | [pretrain] epoch 276/300 train_task_loss=0.0001 train_kl=4874.32 beta=0.00000 train_cost=4982018048.00 gamma=0.000000 train_acc=0.9998 val_loss=0.0132 val_acc=0.9240 time=64.1s
05:45:53 | INFO | [pretrain] epoch 277/300 train_task_loss=0.0001 train_kl=4874.32 beta=0.00000 train_cost=4982018048.00 gamma=0.000000 train_acc=0.9999 val_loss=0.0128 val_acc=0.9262 time=64.1s
05:46:58 | INFO | [pretrain] epoch 278/300 train_task_loss=0.0001 train_kl=4874.32 beta=0.00000 train_cost=4982018048.00 gamma=0.000000 train_acc=0.9998 val_loss=0.0130 val_acc=0.9240 time=64.5s
05:48:02 | INFO | [pretrain] epoch 279/300 train_task_loss=0.0001 train_kl=4874.32 beta=0.00000 train_cost=4982018048.00 gamma=0.000000 train_acc=0.9998 val_loss=0.0127 val_acc=0.9256 time=64.1s
05:49:06 | INFO | [pretrain] epoch 280/300 train_task_loss=0.0001 train_kl=4874.32 beta=0.00000 train_cost=4982018048.00 gamma=0.000000 train_acc=0.9999 val_loss=0.0127 val_acc=0.9262 time=64.2s
05:50:10 | INFO | [pretrain] epoch 281/300 train_task_loss=0.0001 train_kl=4874.32 beta=0.00000 train_cost=4982018048.00 gamma=0.000000 train_acc=0.9998 val_loss=0.0129 val_acc=0.9240 time=64.3s
05:51:14 | INFO | [pretrain] epoch 282/300 train_task_loss=0.0001 train_kl=4874.32 beta=0.00000 train_cost=4982018048.00 gamma=0.000000 train_acc=0.9999 val_loss=0.0129 val_acc=0.9234 time=64.1s
05:52:19 | INFO | [pretrain] epoch 283/300 train_task_loss=0.0001 train_kl=4874.32 beta=0.00000 train_cost=4982018048.00 gamma=0.000000 train_acc=0.9999 val_loss=0.0132 val_acc=0.9224 time=64.4s
05:53:24 | INFO | [pretrain] epoch 284/300 train_task_loss=0.0001 train_kl=4874.32 beta=0.00000 train_cost=4982018048.00 gamma=0.000000 train_acc=0.9998 val_loss=0.0131 val_acc=0.9216 time=65.2s
05:54:29 | INFO | [pretrain] epoch 285/300 train_task_loss=0.0001 train_kl=4874.32 beta=0.00000 train_cost=4982018048.00 gamma=0.000000 train_acc=0.9998 val_loss=0.0126 val_acc=0.9238 time=64.5s
05:55:34 | INFO | [pretrain] epoch 286/300 train_task_loss=0.0001 train_kl=4874.32 beta=0.00000 train_cost=4982018048.00 gamma=0.000000 train_acc=0.9999 val_loss=0.0124 val_acc=0.9274 time=64.9s
05:56:38 | INFO | [pretrain] epoch 287/300 train_task_loss=0.0001 train_kl=4874.32 beta=0.00000 train_cost=4982018048.00 gamma=0.000000 train_acc=0.9999 val_loss=0.0128 val_acc=0.9246 time=64.7s
05:57:42 | INFO | [pretrain] epoch 288/300 train_task_loss=0.0001 train_kl=4874.32 beta=0.00000 train_cost=4982018048.00 gamma=0.000000 train_acc=0.9998 val_loss=0.0128 val_acc=0.9250 time=64.1s
05:58:47 | INFO | [pretrain] epoch 289/300 train_task_loss=0.0001 train_kl=4874.32 beta=0.00000 train_cost=4982018048.00 gamma=0.000000 train_acc=0.9999 val_loss=0.0136 val_acc=0.9198 time=64.2s
05:59:52 | INFO | [pretrain] epoch 290/300 train_task_loss=0.0001 train_kl=4874.32 beta=0.00000 train_cost=4982018048.00 gamma=0.000000 train_acc=0.9998 val_loss=0.0132 val_acc=0.9218 time=65.2s
06:00:57 | INFO | [pretrain] epoch 291/300 train_task_loss=0.0001 train_kl=4874.32 beta=0.00000 train_cost=4982018048.00 gamma=0.000000 train_acc=0.9998 val_loss=0.0128 val_acc=0.9236 time=65.6s
06:02:03 | INFO | [pretrain] epoch 292/300 train_task_loss=0.0001 train_kl=4874.32 beta=0.00000 train_cost=4982018048.00 gamma=0.000000 train_acc=0.9999 val_loss=0.0130 val_acc=0.9232 time=65.5s
06:03:08 | INFO | [pretrain] epoch 293/300 train_task_loss=0.0001 train_kl=4874.32 beta=0.00000 train_cost=4982018048.00 gamma=0.000000 train_acc=0.9998 val_loss=0.0125 val_acc=0.9262 time=65.6s
06:04:14 | INFO | [pretrain] epoch 294/300 train_task_loss=0.0001 train_kl=4874.32 beta=0.00000 train_cost=4982018048.00 gamma=0.000000 train_acc=0.9998 val_loss=0.0127 val_acc=0.9250 time=65.7s
06:05:20 | INFO | [pretrain] epoch 295/300 train_task_loss=0.0001 train_kl=4874.32 beta=0.00000 train_cost=4982018048.00 gamma=0.000000 train_acc=0.9998 val_loss=0.0126 val_acc=0.9252 time=65.4s
06:06:25 | INFO | [pretrain] epoch 296/300 train_task_loss=0.0001 train_kl=4874.32 beta=0.00000 train_cost=4982018048.00 gamma=0.000000 train_acc=0.9999 val_loss=0.0123 val_acc=0.9286 time=65.5s
06:07:31 | INFO | [pretrain] epoch 297/300 train_task_loss=0.0001 train_kl=4874.32 beta=0.00000 train_cost=4982018048.00 gamma=0.000000 train_acc=0.9998 val_loss=0.0124 val_acc=0.9258 time=65.8s
06:08:37 | INFO | [pretrain] epoch 298/300 train_task_loss=0.0001 train_kl=4874.32 beta=0.00000 train_cost=4982018048.00 gamma=0.000000 train_acc=0.9998 val_loss=0.0129 val_acc=0.9244 time=65.6s
06:09:42 | INFO | [pretrain] epoch 299/300 train_task_loss=0.0001 train_kl=4874.32 beta=0.00000 train_cost=4982018048.00 gamma=0.000000 train_acc=0.9999 val_loss=0.0125 val_acc=0.9272 time=65.4s
06:10:48 | INFO | [pretrain] epoch 300/300 train_task_loss=0.0001 train_kl=4874.32 beta=0.00000 train_cost=4982018048.00 gamma=0.000000 train_acc=0.9999 val_loss=0.0131 val_acc=0.9230 time=65.6s

Validation...
06:10:51 | INFO | Post-pretrain validation accuracy: 0.9286
06:11:00 | INFO | Test accuracy before Bayesian conversion: 0.9196

Converting to Bayesian...
06:11:00 | INFO | Bayesian gates activated on every structurally-prunable layer.

Training Bayesian gates...
06:12:17 | INFO | [bayesian_train] epoch 1/75 train_task_loss=0.0043 train_kl=4875.41 beta=0.00000 train_cost=4982039022.93 gamma=0.000000 train_acc=0.9742 val_loss=0.0182 val_acc=0.8900 time=76.6s
06:12:19 | INFO |     log_alpha: min=-3.05 median=-3.00 max=-2.95 frac_prunable=0.000
06:13:34 | INFO | [bayesian_train] epoch 2/75 train_task_loss=0.0046 train_kl=4267.31 beta=0.00889 train_cost=4974187654.26 gamma=0.000000 train_acc=0.9730 val_loss=0.0169 val_acc=0.8938 time=75.6s
06:13:34 | INFO |     log_alpha: min=-2.25 median=-2.21 max=-2.16 frac_prunable=0.000
06:14:53 | INFO | [bayesian_train] epoch 3/75 train_task_loss=0.0045 train_kl=3299.74 beta=0.01778 train_cost=4954044358.54 gamma=0.000000 train_acc=0.9743 val_loss=0.0175 val_acc=0.8984 time=78.7s
06:14:53 | INFO |     log_alpha: min=-1.56 median=-1.52 max=-1.47 frac_prunable=0.000
06:16:08 | INFO | [bayesian_train] epoch 4/75 train_task_loss=0.0060 train_kl=2379.25 beta=0.02667 train_cost=4919120480.71 gamma=0.000000 train_acc=0.9678 val_loss=0.0219 val_acc=0.8944 time=75.1s
06:16:08 | INFO |     log_alpha: min=-0.96 median=-0.91 max=-0.87 frac_prunable=0.000
06:17:23 | INFO | [bayesian_train] epoch 5/75 train_task_loss=0.0080 train_kl=1646.32 beta=0.03556 train_cost=4865257532.87 gamma=0.000000 train_acc=0.9591 val_loss=0.0320 val_acc=0.8768 time=75.0s
06:17:23 | INFO |     log_alpha: min=-0.43 median=-0.39 max=-0.35 frac_prunable=0.000
06:18:38 | INFO | [bayesian_train] epoch 6/75 train_task_loss=0.0108 train_kl=1133.92 beta=0.04444 train_cost=4788837286.68 gamma=0.000000 train_acc=0.9487 val_loss=0.0383 val_acc=0.8364 time=75.0s
06:18:38 | INFO |     log_alpha: min=0.02 median=0.06 max=0.10 frac_prunable=0.000
06:19:57 | INFO | [bayesian_train] epoch 7/75 train_task_loss=0.0130 train_kl=788.95 beta=0.05333 train_cost=4685115648.00 gamma=0.000000 train_acc=0.9372 val_loss=0.0498 val_acc=0.7486 time=78.3s
06:19:57 | INFO |     log_alpha: min=0.44 median=0.48 max=0.51 frac_prunable=0.000
06:21:12 | INFO | [bayesian_train] epoch 8/75 train_task_loss=0.0160 train_kl=555.18 beta=0.06222 train_cost=4548272946.63 gamma=0.000000 train_acc=0.9182 val_loss=0.0537 val_acc=0.6692 time=75.1s
06:21:12 | INFO |     log_alpha: min=0.83 median=0.86 max=0.89 frac_prunable=0.000
06:22:27 | INFO | [bayesian_train] epoch 9/75 train_task_loss=0.0189 train_kl=394.45 beta=0.07111 train_cost=4372543720.39 gamma=0.000000 train_acc=0.8992 val_loss=0.0890 val_acc=0.2612 time=75.0s
06:22:27 | INFO |     log_alpha: min=1.19 median=1.22 max=1.26 frac_prunable=0.000
06:23:42 | INFO | [bayesian_train] epoch 10/75 train_task_loss=0.0220 train_kl=282.58 beta=0.08000 train_cost=4153539847.40 gamma=0.000000 train_acc=0.8780 val_loss=0.1000 val_acc=0.0976 time=75.0s
06:23:42 | INFO |     log_alpha: min=1.54 median=1.57 max=1.60 frac_prunable=0.000
06:24:57 | INFO | [bayesian_train] epoch 11/75 train_task_loss=0.0253 train_kl=203.95 beta=0.08889 train_cost=3889649685.90 gamma=0.000000 train_acc=0.8549 val_loss=0.1000 val_acc=0.0976 time=75.0s
06:24:57 | INFO |     log_alpha: min=1.87 median=1.90 max=1.94 frac_prunable=0.000
06:26:12 | INFO | [bayesian_train] epoch 12/75 train_task_loss=0.0282 train_kl=148.21 beta=0.09778 train_cost=3583297107.06 gamma=0.000000 train_acc=0.8356 val_loss=0.1000 val_acc=0.0976 time=75.4s
06:26:12 | INFO |     log_alpha: min=2.19 median=2.23 max=2.26 frac_prunable=0.000
06:27:27 | INFO | [bayesian_train] epoch 13/75 train_task_loss=0.0314 train_kl=108.40 beta=0.10667 train_cost=3241710102.19 gamma=0.000000 train_acc=0.8107 val_loss=0.1000 val_acc=0.0976 time=75.1s
06:27:27 | INFO |     log_alpha: min=2.51 median=2.54 max=2.57 frac_prunable=0.000
06:28:42 | INFO | [bayesian_train] epoch 14/75 train_task_loss=0.0344 train_kl=79.77 beta=0.11556 train_cost=2876894389.76 gamma=0.000000 train_acc=0.7925 val_loss=0.1000 val_acc=0.0976 time=75.0s
06:28:42 | INFO |     log_alpha: min=2.81 median=2.84 max=2.88 frac_prunable=0.000
06:29:58 | INFO | [bayesian_train] epoch 15/75 train_task_loss=0.0372 train_kl=59.05 beta=0.12444 train_cost=2503697464.60 gamma=0.000000 train_acc=0.7699 val_loss=0.1000 val_acc=0.0976 time=75.7s
06:29:58 | INFO |     log_alpha: min=3.11 median=3.14 max=3.17 frac_prunable=1.000
06:31:14 | INFO | [bayesian_train] epoch 16/75 train_task_loss=0.0397 train_kl=43.93 beta=0.13333 train_cost=2137778280.25 gamma=0.000000 train_acc=0.7562 val_loss=0.1000 val_acc=0.0976 time=76.2s
06:31:14 | INFO |     log_alpha: min=3.40 median=3.44 max=3.47 frac_prunable=1.000
06:32:29 | INFO | [bayesian_train] epoch 17/75 train_task_loss=0.0430 train_kl=32.87 beta=0.14222 train_cost=1793752571.16 gamma=0.000000 train_acc=0.7327 val_loss=0.1000 val_acc=0.0976 time=75.0s
06:32:29 | INFO |     log_alpha: min=3.69 median=3.72 max=3.75 frac_prunable=1.000
06:33:44 | INFO | [bayesian_train] epoch 18/75 train_task_loss=0.0459 train_kl=24.70 beta=0.15111 train_cost=1481627525.69 gamma=0.000000 train_acc=0.7138 val_loss=0.1000 val_acc=0.0976 time=75.0s
06:33:44 | INFO |     log_alpha: min=3.97 median=4.00 max=4.03 frac_prunable=1.000
06:34:59 | INFO | [bayesian_train] epoch 19/75 train_task_loss=0.0495 train_kl=18.66 beta=0.16000 train_cost=1208113259.66 gamma=0.000000 train_acc=0.6875 val_loss=0.1000 val_acc=0.0976 time=75.0s
06:34:59 | INFO |     log_alpha: min=4.25 median=4.28 max=4.31 frac_prunable=1.000
06:36:14 | INFO | [bayesian_train] epoch 20/75 train_task_loss=0.0529 train_kl=14.16 beta=0.16889 train_cost=974631918.15 gamma=0.000000 train_acc=0.6602 val_loss=0.1000 val_acc=0.0976 time=74.7s
06:36:14 | INFO |     log_alpha: min=4.52 median=4.55 max=4.58 frac_prunable=1.000
06:37:29 | INFO | [bayesian_train] epoch 21/75 train_task_loss=0.0561 train_kl=10.80 beta=0.17778 train_cost=780064502.12 gamma=0.000000 train_acc=0.6333 val_loss=0.1000 val_acc=0.0976 time=74.8s
06:37:29 | INFO |     log_alpha: min=4.79 median=4.82 max=4.85 frac_prunable=1.000
06:38:44 | INFO | [bayesian_train] epoch 22/75 train_task_loss=0.0600 train_kl=8.27 beta=0.18667 train_cost=620794080.78 gamma=0.000000 train_acc=0.5981 val_loss=0.1000 val_acc=0.0976 time=75.0s
06:38:44 | INFO |     log_alpha: min=5.04 median=5.08 max=5.11 frac_prunable=1.000
06:39:59 | INFO | [bayesian_train] epoch 23/75 train_task_loss=0.0637 train_kl=6.37 beta=0.19556 train_cost=492199745.56 gamma=0.000000 train_acc=0.5609 val_loss=0.1000 val_acc=0.0976 time=75.1s
06:39:59 | INFO |     log_alpha: min=5.30 median=5.34 max=5.37 frac_prunable=1.000
06:41:14 | INFO | [bayesian_train] epoch 24/75 train_task_loss=0.0672 train_kl=4.92 beta=0.20444 train_cost=389531267.98 gamma=0.000000 train_acc=0.5247 val_loss=0.1000 val_acc=0.0976 time=75.0s
06:41:14 | INFO |     log_alpha: min=5.54 median=5.60 max=5.63 frac_prunable=1.000
06:42:29 | INFO | [bayesian_train] epoch 25/75 train_task_loss=0.0702 train_kl=3.82 beta=0.21333 train_cost=308078189.05 gamma=0.000000 train_acc=0.4911 val_loss=0.1000 val_acc=0.0976 time=75.0s
06:42:29 | INFO |     log_alpha: min=5.78 median=5.85 max=5.88 frac_prunable=1.000
06:43:44 | INFO | [bayesian_train] epoch 26/75 train_task_loss=0.0734 train_kl=2.99 beta=0.22222 train_cost=243870552.91 gamma=0.000000 train_acc=0.4539 val_loss=0.1000 val_acc=0.0976 time=74.9s
06:43:44 | INFO |     log_alpha: min=6.02 median=6.09 max=6.12 frac_prunable=1.000
06:44:59 | INFO | [bayesian_train] epoch 27/75 train_task_loss=0.0767 train_kl=2.34 beta=0.23111 train_cost=193309014.38 gamma=0.000000 train_acc=0.4109 val_loss=0.1000 val_acc=0.0976 time=74.9s
06:44:59 | INFO |     log_alpha: min=6.25 median=6.33 max=6.36 frac_prunable=1.000
06:46:14 | INFO | [bayesian_train] epoch 28/75 train_task_loss=0.0793 train_kl=1.85 beta=0.24000 train_cost=153629997.83 gamma=0.000000 train_acc=0.3759 val_loss=0.1000 val_acc=0.0976 time=75.0s
06:46:14 | INFO |     log_alpha: min=6.48 median=6.57 max=6.60 frac_prunable=1.000
06:47:29 | INFO | [bayesian_train] epoch 29/75 train_task_loss=0.0813 train_kl=1.46 beta=0.24889 train_cost=122469920.44 gamma=0.000000 train_acc=0.3494 val_loss=0.1000 val_acc=0.0976 time=74.9s
06:47:29 | INFO |     log_alpha: min=6.69 median=6.80 max=6.83 frac_prunable=1.000
06:48:44 | INFO | [bayesian_train] epoch 30/75 train_task_loss=0.0836 train_kl=1.16 beta=0.25778 train_cost=97975016.12 gamma=0.000000 train_acc=0.3173 val_loss=0.1000 val_acc=0.0976 time=75.0s
06:48:44 | INFO |     log_alpha: min=6.91 median=7.02 max=7.06 frac_prunable=1.000
06:49:59 | INFO | [bayesian_train] epoch 31/75 train_task_loss=0.0856 train_kl=0.93 beta=0.26667 train_cost=78703516.82 gamma=0.000000 train_acc=0.2863 val_loss=0.1000 val_acc=0.0976 time=75.2s
06:49:59 | INFO |     log_alpha: min=7.11 median=7.25 max=7.28 frac_prunable=1.000
06:51:14 | INFO | [bayesian_train] epoch 32/75 train_task_loss=0.0874 train_kl=0.75 beta=0.27556 train_cost=63488794.54 gamma=0.000000 train_acc=0.2595 val_loss=0.1000 val_acc=0.0976 time=75.0s
06:51:14 | INFO |     log_alpha: min=7.31 median=7.46 max=7.49 frac_prunable=1.000
06:52:29 | INFO | [bayesian_train] epoch 33/75 train_task_loss=0.0884 train_kl=0.61 beta=0.28444 train_cost=51469853.07 gamma=0.000000 train_acc=0.2455 val_loss=0.1000 val_acc=0.0976 time=75.4s
06:52:29 | INFO |     log_alpha: min=7.50 median=7.67 max=7.70 frac_prunable=1.000
06:53:44 | INFO | [bayesian_train] epoch 34/75 train_task_loss=0.0895 train_kl=0.49 beta=0.29333 train_cost=41932398.54 gamma=0.000000 train_acc=0.2296 val_loss=0.1000 val_acc=0.0976 time=74.9s
06:53:44 | INFO |     log_alpha: min=7.69 median=7.87 max=7.91 frac_prunable=1.000
06:54:59 | INFO | [bayesian_train] epoch 35/75 train_task_loss=0.0906 train_kl=0.41 beta=0.30222 train_cost=34810779.10 gamma=0.000000 train_acc=0.2076 val_loss=0.1000 val_acc=0.0976 time=75.0s
06:54:59 | INFO |     log_alpha: min=7.86 median=8.00 max=8.00 frac_prunable=1.000
06:56:14 | INFO | [bayesian_train] epoch 36/75 train_task_loss=0.0915 train_kl=0.39 beta=0.31111 train_cost=33428489.19 gamma=0.000000 train_acc=0.1974 val_loss=0.1000 val_acc=0.0976 time=74.9s
06:56:14 | INFO |     log_alpha: min=8.00 median=8.00 max=8.00 frac_prunable=1.000
06:57:29 | INFO | [bayesian_train] epoch 37/75 train_task_loss=0.0914 train_kl=0.39 beta=0.32000 train_cost=33426436.00 gamma=0.000000 train_acc=0.2005 val_loss=0.1000 val_acc=0.0976 time=75.0s
06:57:29 | INFO |     log_alpha: min=8.00 median=8.00 max=8.00 frac_prunable=1.000
06:58:45 | INFO | [bayesian_train] epoch 38/75 train_task_loss=0.0909 train_kl=0.39 beta=0.32889 train_cost=33426436.00 gamma=0.000000 train_acc=0.2052 val_loss=0.1000 val_acc=0.0976 time=76.0s
06:58:45 | INFO |     log_alpha: min=8.00 median=8.00 max=8.00 frac_prunable=1.000
07:00:00 | INFO | [bayesian_train] epoch 39/75 train_task_loss=0.0910 train_kl=0.39 beta=0.33778 train_cost=33426436.00 gamma=0.000000 train_acc=0.2022 val_loss=0.1000 val_acc=0.0976 time=74.9s
07:00:00 | INFO |     log_alpha: min=8.00 median=8.00 max=8.00 frac_prunable=1.000
07:01:17 | INFO | [bayesian_train] epoch 40/75 train_task_loss=0.0907 train_kl=0.39 beta=0.34667 train_cost=33426436.00 gamma=0.000000 train_acc=0.2055 val_loss=0.1000 val_acc=0.0976 time=76.8s
07:01:17 | INFO |     log_alpha: min=8.00 median=8.00 max=8.00 frac_prunable=1.000
07:02:31 | INFO | [bayesian_train] epoch 41/75 train_task_loss=0.0910 train_kl=0.39 beta=0.35556 train_cost=33426436.00 gamma=0.000000 train_acc=0.2027 val_loss=0.1000 val_acc=0.0976 time=74.8s
07:02:31 | INFO |     log_alpha: min=8.00 median=8.00 max=8.00 frac_prunable=1.000
07:03:46 | INFO | [bayesian_train] epoch 42/75 train_task_loss=0.0905 train_kl=0.39 beta=0.36444 train_cost=33426436.00 gamma=0.000000 train_acc=0.2095 val_loss=0.1000 val_acc=0.0976 time=75.0s
07:03:46 | INFO |     log_alpha: min=8.00 median=8.00 max=8.00 frac_prunable=1.000
07:05:01 | INFO | [bayesian_train] epoch 43/75 train_task_loss=0.0905 train_kl=0.39 beta=0.37333 train_cost=33426436.00 gamma=0.000000 train_acc=0.2064 val_loss=0.1000 val_acc=0.0976 time=75.0s
07:05:01 | INFO |     log_alpha: min=8.00 median=8.00 max=8.00 frac_prunable=1.000
07:06:16 | INFO | [bayesian_train] epoch 44/75 train_task_loss=0.0905 train_kl=0.39 beta=0.38222 train_cost=33426436.00 gamma=0.000000 train_acc=0.2092 val_loss=0.1000 val_acc=0.0976 time=75.0s
07:06:16 | INFO |     log_alpha: min=8.00 median=8.00 max=8.00 frac_prunable=1.000
07:07:31 | INFO | [bayesian_train] epoch 45/75 train_task_loss=0.0900 train_kl=0.39 beta=0.39111 train_cost=33426436.00 gamma=0.000000 train_acc=0.2161 val_loss=0.1000 val_acc=0.0976 time=75.0s
07:07:31 | INFO |     log_alpha: min=8.00 median=8.00 max=8.00 frac_prunable=1.000
07:08:46 | INFO | [bayesian_train] epoch 46/75 train_task_loss=0.0899 train_kl=0.39 beta=0.40000 train_cost=33426436.00 gamma=0.000000 train_acc=0.2162 val_loss=0.1000 val_acc=0.0976 time=74.9s
07:08:46 | INFO |     log_alpha: min=8.00 median=8.00 max=8.00 frac_prunable=1.000
07:10:01 | INFO | [bayesian_train] epoch 47/75 train_task_loss=0.0896 train_kl=0.39 beta=0.40000 train_cost=33426436.00 gamma=0.000000 train_acc=0.2182 val_loss=0.1000 val_acc=0.0976 time=75.0s
07:10:01 | INFO |     log_alpha: min=8.00 median=8.00 max=8.00 frac_prunable=1.000
07:11:16 | INFO | [bayesian_train] epoch 48/75 train_task_loss=0.0893 train_kl=0.39 beta=0.40000 train_cost=33426436.00 gamma=0.000000 train_acc=0.2213 val_loss=0.1000 val_acc=0.0976 time=74.9s
07:11:16 | INFO |     log_alpha: min=8.00 median=8.00 max=8.00 frac_prunable=1.000
07:12:31 | INFO | [bayesian_train] epoch 49/75 train_task_loss=0.0892 train_kl=0.39 beta=0.40000 train_cost=33426436.00 gamma=0.000000 train_acc=0.2214 val_loss=0.1000 val_acc=0.0976 time=75.1s
07:12:31 | INFO |     log_alpha: min=8.00 median=8.00 max=8.00 frac_prunable=1.000
07:13:46 | INFO | [bayesian_train] epoch 50/75 train_task_loss=0.0892 train_kl=0.39 beta=0.40000 train_cost=33426436.00 gamma=0.000000 train_acc=0.2237 val_loss=0.1000 val_acc=0.0976 time=74.8s
07:13:46 | INFO |     log_alpha: min=8.00 median=8.00 max=8.00 frac_prunable=1.000
07:15:01 | INFO | [bayesian_train] epoch 51/75 train_task_loss=0.0889 train_kl=0.39 beta=0.40000 train_cost=33426436.00 gamma=0.000000 train_acc=0.2278 val_loss=0.1000 val_acc=0.0976 time=74.9s
07:15:01 | INFO |     log_alpha: min=8.00 median=8.00 max=8.00 frac_prunable=1.000
07:16:16 | INFO | [bayesian_train] epoch 52/75 train_task_loss=0.0887 train_kl=0.39 beta=0.40000 train_cost=33426436.00 gamma=0.000000 train_acc=0.2293 val_loss=0.1000 val_acc=0.0976 time=74.9s
07:16:16 | INFO |     log_alpha: min=8.00 median=8.00 max=8.00 frac_prunable=1.000
07:17:31 | INFO | [bayesian_train] epoch 53/75 train_task_loss=0.0886 train_kl=0.39 beta=0.40000 train_cost=33426436.00 gamma=0.000000 train_acc=0.2283 val_loss=0.1000 val_acc=0.0976 time=75.1s
07:17:31 | INFO |     log_alpha: min=8.00 median=8.00 max=8.00 frac_prunable=1.000
07:18:46 | INFO | [bayesian_train] epoch 54/75 train_task_loss=0.0883 train_kl=0.39 beta=0.40000 train_cost=33426436.00 gamma=0.000000 train_acc=0.2350 val_loss=0.1000 val_acc=0.0976 time=75.3s
07:18:46 | INFO |     log_alpha: min=8.00 median=8.00 max=8.00 frac_prunable=1.000
07:20:05 | INFO | [bayesian_train] epoch 55/75 train_task_loss=0.0882 train_kl=0.39 beta=0.40000 train_cost=33426436.00 gamma=0.000000 train_acc=0.2351 val_loss=0.1000 val_acc=0.0976 time=78.5s
07:20:05 | INFO |     log_alpha: min=8.00 median=8.00 max=8.00 frac_prunable=1.000
07:21:20 | INFO | [bayesian_train] epoch 56/75 train_task_loss=0.0880 train_kl=0.39 beta=0.40000 train_cost=33426436.00 gamma=0.000000 train_acc=0.2365 val_loss=0.1000 val_acc=0.0976 time=75.4s
07:21:20 | INFO |     log_alpha: min=8.00 median=8.00 max=8.00 frac_prunable=1.000
07:22:35 | INFO | [bayesian_train] epoch 57/75 train_task_loss=0.0879 train_kl=0.39 beta=0.40000 train_cost=33426436.00 gamma=0.000000 train_acc=0.2380 val_loss=0.1000 val_acc=0.0976 time=75.0s
07:22:35 | INFO |     log_alpha: min=8.00 median=8.00 max=8.00 frac_prunable=1.000
07:23:51 | INFO | [bayesian_train] epoch 58/75 train_task_loss=0.0876 train_kl=0.39 beta=0.40000 train_cost=33426436.00 gamma=0.000000 train_acc=0.2434 val_loss=0.1000 val_acc=0.0976 time=75.0s
07:23:51 | INFO |     log_alpha: min=8.00 median=8.00 max=8.00 frac_prunable=1.000
07:25:10 | INFO | [bayesian_train] epoch 59/75 train_task_loss=0.0875 train_kl=0.39 beta=0.40000 train_cost=33426436.00 gamma=0.000000 train_acc=0.2426 val_loss=0.1000 val_acc=0.0976 time=79.6s
07:25:10 | INFO |     log_alpha: min=8.00 median=8.00 max=8.00 frac_prunable=1.000
07:26:25 | INFO | [bayesian_train] epoch 60/75 train_task_loss=0.0876 train_kl=0.39 beta=0.40000 train_cost=33426436.00 gamma=0.000000 train_acc=0.2463 val_loss=0.1000 val_acc=0.0976 time=74.7s
07:26:25 | INFO |     log_alpha: min=8.00 median=8.00 max=8.00 frac_prunable=1.000
07:27:40 | INFO | [bayesian_train] epoch 61/75 train_task_loss=0.0873 train_kl=0.39 beta=0.40000 train_cost=33426436.00 gamma=0.000000 train_acc=0.2460 val_loss=0.1000 val_acc=0.0976 time=75.1s
07:27:40 | INFO |     log_alpha: min=8.00 median=8.00 max=8.00 frac_prunable=1.000
07:28:55 | INFO | [bayesian_train] epoch 62/75 train_task_loss=0.0873 train_kl=0.39 beta=0.40000 train_cost=33426436.00 gamma=0.000000 train_acc=0.2479 val_loss=0.1000 val_acc=0.0976 time=75.0s
07:28:55 | INFO |     log_alpha: min=8.00 median=8.00 max=8.00 frac_prunable=1.000
07:30:10 | INFO | [bayesian_train] epoch 63/75 train_task_loss=0.0873 train_kl=0.39 beta=0.40000 train_cost=33426436.00 gamma=0.000000 train_acc=0.2446 val_loss=0.1000 val_acc=0.0976 time=75.0s
07:30:10 | INFO |     log_alpha: min=8.00 median=8.00 max=8.00 frac_prunable=1.000
07:31:25 | INFO | [bayesian_train] epoch 64/75 train_task_loss=0.0874 train_kl=0.39 beta=0.40000 train_cost=33426436.00 gamma=0.000000 train_acc=0.2443 val_loss=0.1000 val_acc=0.0976 time=75.2s
07:31:25 | INFO |     log_alpha: min=8.00 median=8.00 max=8.00 frac_prunable=1.000
07:32:40 | INFO | [bayesian_train] epoch 65/75 train_task_loss=0.0870 train_kl=0.39 beta=0.40000 train_cost=33426436.00 gamma=0.000000 train_acc=0.2509 val_loss=0.1000 val_acc=0.0976 time=75.0s
07:32:40 | INFO |     log_alpha: min=8.00 median=8.00 max=8.00 frac_prunable=1.000
07:33:55 | INFO | [bayesian_train] epoch 66/75 train_task_loss=0.0871 train_kl=0.39 beta=0.40000 train_cost=33426436.00 gamma=0.000000 train_acc=0.2491 val_loss=0.1000 val_acc=0.0976 time=75.0s
07:33:55 | INFO |     log_alpha: min=8.00 median=8.00 max=8.00 frac_prunable=1.000
07:35:11 | INFO | [bayesian_train] epoch 67/75 train_task_loss=0.0869 train_kl=0.39 beta=0.40000 train_cost=33426436.00 gamma=0.000000 train_acc=0.2503 val_loss=0.1000 val_acc=0.0976 time=76.0s
07:35:11 | INFO |     log_alpha: min=8.00 median=8.00 max=8.00 frac_prunable=1.000
07:36:27 | INFO | [bayesian_train] epoch 68/75 train_task_loss=0.0870 train_kl=0.39 beta=0.40000 train_cost=33426436.00 gamma=0.000000 train_acc=0.2494 val_loss=0.1000 val_acc=0.0976 time=75.3s
07:36:27 | INFO |     log_alpha: min=8.00 median=8.00 max=8.00 frac_prunable=1.000
07:37:42 | INFO | [bayesian_train] epoch 69/75 train_task_loss=0.0869 train_kl=0.39 beta=0.40000 train_cost=33426436.00 gamma=0.000000 train_acc=0.2504 val_loss=0.1000 val_acc=0.0976 time=75.0s
07:37:42 | INFO |     log_alpha: min=8.00 median=8.00 max=8.00 frac_prunable=1.000
07:38:56 | INFO | [bayesian_train] epoch 70/75 train_task_loss=0.0870 train_kl=0.39 beta=0.40000 train_cost=33426436.00 gamma=0.000000 train_acc=0.2494 val_loss=0.1000 val_acc=0.0976 time=74.9s
07:38:56 | INFO |     log_alpha: min=8.00 median=8.00 max=8.00 frac_prunable=1.000
07:40:11 | INFO | [bayesian_train] epoch 71/75 train_task_loss=0.0867 train_kl=0.39 beta=0.40000 train_cost=33426436.00 gamma=0.000000 train_acc=0.2537 val_loss=0.1000 val_acc=0.0976 time=75.0s
07:40:11 | INFO |     log_alpha: min=8.00 median=8.00 max=8.00 frac_prunable=1.000
07:41:27 | INFO | [bayesian_train] epoch 72/75 train_task_loss=0.0868 train_kl=0.39 beta=0.40000 train_cost=33426436.00 gamma=0.000000 train_acc=0.2505 val_loss=0.1000 val_acc=0.0976 time=75.1s
07:41:27 | INFO |     log_alpha: min=8.00 median=8.00 max=8.00 frac_prunable=1.000
07:42:42 | INFO | [bayesian_train] epoch 73/75 train_task_loss=0.0869 train_kl=0.39 beta=0.40000 train_cost=33426436.00 gamma=0.000000 train_acc=0.2503 val_loss=0.1000 val_acc=0.0976 time=75.0s
07:42:42 | INFO |     log_alpha: min=8.00 median=8.00 max=8.00 frac_prunable=1.000
07:43:57 | INFO | [bayesian_train] epoch 74/75 train_task_loss=0.0870 train_kl=0.39 beta=0.40000 train_cost=33426436.00 gamma=0.000000 train_acc=0.2496 val_loss=0.1000 val_acc=0.0976 time=75.1s
07:43:57 | INFO |     log_alpha: min=8.00 median=8.00 max=8.00 frac_prunable=1.000
07:45:12 | INFO | [bayesian_train] epoch 75/75 train_task_loss=0.0869 train_kl=0.39 beta=0.40000 train_cost=33426436.00 gamma=0.000000 train_acc=0.2527 val_loss=0.1000 val_acc=0.0976 time=75.3s
07:45:12 | INFO |     log_alpha: min=8.00 median=8.00 max=8.00 frac_prunable=1.000

Computing posterior uncertainty...
07:45:13 | INFO |   conv_layers.0: median_log_alpha=8.00 frac_prunable=1.000 structurally_prunable=True
07:45:13 | INFO |   conv_layers.1: median_log_alpha=8.00 frac_prunable=1.000 structurally_prunable=True
07:45:13 | INFO |   conv_layers.2: median_log_alpha=8.00 frac_prunable=1.000 structurally_prunable=True
07:45:13 | INFO |   conv_layers.3: median_log_alpha=8.00 frac_prunable=1.000 structurally_prunable=True
07:45:13 | INFO |   conv_layers.4: median_log_alpha=8.00 frac_prunable=1.000 structurally_prunable=True
07:45:13 | INFO |   conv_layers.5: median_log_alpha=8.00 frac_prunable=1.000 structurally_prunable=True
07:45:13 | INFO |   fc_layers.0: median_log_alpha=8.00 frac_prunable=1.000 structurally_prunable=True

Structured pruning...
07:45:15 | INFO | Parameters: 21362834 -> 183 (100.0% pruned)

Fine tuning...
07:46:12 | INFO | [finetune] epoch 1/30 train_task_loss=0.0972 train_kl=0.00 beta=0.00000 train_cost=0.00 gamma=0.000000 train_acc=0.1002 val_loss=0.0916 val_acc=0.0976 time=57.3s
07:47:03 | INFO | [finetune] epoch 2/30 train_task_loss=0.0925 train_kl=0.00 beta=0.00000 train_cost=0.00 gamma=0.000000 train_acc=0.0994 val_loss=0.0916 val_acc=0.0976 time=50.9s
07:47:54 | INFO | [finetune] epoch 3/30 train_task_loss=0.0925 train_kl=0.00 beta=0.00000 train_cost=0.00 gamma=0.000000 train_acc=0.0995 val_loss=0.0934 val_acc=0.1024 time=50.9s
07:48:45 | INFO | [finetune] epoch 4/30 train_task_loss=0.0925 train_kl=0.00 beta=0.00000 train_cost=0.00 gamma=0.000000 train_acc=0.1010 val_loss=0.0926 val_acc=0.0976 time=50.7s
07:49:36 | INFO | [finetune] epoch 5/30 train_task_loss=0.0925 train_kl=0.00 beta=0.00000 train_cost=0.00 gamma=0.000000 train_acc=0.0997 val_loss=0.0953 val_acc=0.1064 time=51.0s
07:50:27 | INFO | [finetune] epoch 6/30 train_task_loss=0.0925 train_kl=0.00 beta=0.00000 train_cost=0.00 gamma=0.000000 train_acc=0.0998 val_loss=0.0927 val_acc=0.0976 time=50.8s
07:51:17 | INFO | [finetune] epoch 7/30 train_task_loss=0.0926 train_kl=0.00 beta=0.00000 train_cost=0.00 gamma=0.000000 train_acc=0.1001 val_loss=0.0944 val_acc=0.1024 time=50.9s
07:52:08 | INFO | [finetune] epoch 8/30 train_task_loss=0.0925 train_kl=0.00 beta=0.00000 train_cost=0.00 gamma=0.000000 train_acc=0.1016 val_loss=0.0914 val_acc=0.0976 time=50.8s
07:52:59 | INFO | [finetune] epoch 9/30 train_task_loss=0.0925 train_kl=0.00 beta=0.00000 train_cost=0.00 gamma=0.000000 train_acc=0.1009 val_loss=0.0944 val_acc=0.1064 time=51.0s
07:53:50 | INFO | [finetune] epoch 10/30 train_task_loss=0.0925 train_kl=0.00 beta=0.00000 train_cost=0.00 gamma=0.000000 train_acc=0.1016 val_loss=0.0924 val_acc=0.0976 time=50.9s
07:54:41 | INFO | [finetune] epoch 11/30 train_task_loss=0.0926 train_kl=0.00 beta=0.00000 train_cost=0.00 gamma=0.000000 train_acc=0.0998 val_loss=0.0963 val_acc=0.1024 time=51.1s
07:55:32 | INFO | [finetune] epoch 12/30 train_task_loss=0.0926 train_kl=0.00 beta=0.00000 train_cost=0.00 gamma=0.000000 train_acc=0.1005 val_loss=0.0943 val_acc=0.0976 time=50.9s
07:56:23 | INFO | [finetune] epoch 13/30 train_task_loss=0.0925 train_kl=0.00 beta=0.00000 train_cost=0.00 gamma=0.000000 train_acc=0.0995 val_loss=0.0926 val_acc=0.0976 time=50.7s
07:57:14 | INFO | [finetune] epoch 14/30 train_task_loss=0.0925 train_kl=0.00 beta=0.00000 train_cost=0.00 gamma=0.000000 train_acc=0.1011 val_loss=0.0945 val_acc=0.0976 time=51.0s
07:58:05 | INFO | [finetune] epoch 15/30 train_task_loss=0.0925 train_kl=0.00 beta=0.00000 train_cost=0.00 gamma=0.000000 train_acc=0.0986 val_loss=0.0945 val_acc=0.0976 time=50.8s
07:58:56 | INFO | [finetune] epoch 16/30 train_task_loss=0.0925 train_kl=0.00 beta=0.00000 train_cost=0.00 gamma=0.000000 train_acc=0.1009 val_loss=0.0980 val_acc=0.0976 time=51.1s
07:59:47 | INFO | [finetune] epoch 17/30 train_task_loss=0.0925 train_kl=0.00 beta=0.00000 train_cost=0.00 gamma=0.000000 train_acc=0.1018 val_loss=0.0951 val_acc=0.0976 time=51.0s
08:00:38 | INFO | [finetune] epoch 18/30 train_task_loss=0.0924 train_kl=0.00 beta=0.00000 train_cost=0.00 gamma=0.000000 train_acc=0.0999 val_loss=0.0973 val_acc=0.0942 time=51.0s
08:01:28 | INFO | [finetune] epoch 19/30 train_task_loss=0.0925 train_kl=0.00 beta=0.00000 train_cost=0.00 gamma=0.000000 train_acc=0.1001 val_loss=0.0935 val_acc=0.1064 time=50.6s
08:02:19 | INFO | [finetune] epoch 20/30 train_task_loss=0.0925 train_kl=0.00 beta=0.00000 train_cost=0.00 gamma=0.000000 train_acc=0.1000 val_loss=0.0982 val_acc=0.1024 time=50.9s
08:03:10 | INFO | [finetune] epoch 21/30 train_task_loss=0.0925 train_kl=0.00 beta=0.00000 train_cost=0.00 gamma=0.000000 train_acc=0.1002 val_loss=0.0972 val_acc=0.0976 time=51.1s
08:04:01 | INFO | [finetune] epoch 22/30 train_task_loss=0.0925 train_kl=0.00 beta=0.00000 train_cost=0.00 gamma=0.000000 train_acc=0.1012 val_loss=0.0933 val_acc=0.1024 time=50.7s
08:04:52 | INFO | [finetune] epoch 23/30 train_task_loss=0.0925 train_kl=0.00 beta=0.00000 train_cost=0.00 gamma=0.000000 train_acc=0.1005 val_loss=0.0916 val_acc=0.0976 time=50.9s
08:05:43 | INFO | [finetune] epoch 24/30 train_task_loss=0.0924 train_kl=0.00 beta=0.00000 train_cost=0.00 gamma=0.000000 train_acc=0.1017 val_loss=0.0906 val_acc=0.0976 time=50.8s
08:06:34 | INFO | [finetune] epoch 25/30 train_task_loss=0.0925 train_kl=0.00 beta=0.00000 train_cost=0.00 gamma=0.000000 train_acc=0.1001 val_loss=0.0906 val_acc=0.0976 time=51.5s
08:07:25 | INFO | [finetune] epoch 26/30 train_task_loss=0.0925 train_kl=0.00 beta=0.00000 train_cost=0.00 gamma=0.000000 train_acc=0.0995 val_loss=0.0906 val_acc=0.0976 time=50.9s
08:08:16 | INFO | [finetune] epoch 27/30 train_task_loss=0.0924 train_kl=0.00 beta=0.00000 train_cost=0.00 gamma=0.000000 train_acc=0.1005 val_loss=0.0906 val_acc=0.0976 time=50.8s
08:09:07 | INFO | [finetune] epoch 28/30 train_task_loss=0.0925 train_kl=0.00 beta=0.00000 train_cost=0.00 gamma=0.000000 train_acc=0.1008 val_loss=0.0906 val_acc=0.0976 time=50.8s
08:09:58 | INFO | [finetune] epoch 29/30 train_task_loss=0.0926 train_kl=0.00 beta=0.00000 train_cost=0.00 gamma=0.000000 train_acc=0.0995 val_loss=0.0906 val_acc=0.0976 time=50.8s
08:10:48 | INFO | [finetune] epoch 30/30 train_task_loss=0.0925 train_kl=0.00 beta=0.00000 train_cost=0.00 gamma=0.000000 train_acc=0.0995 val_loss=0.0906 val_acc=0.0976 time=50.9s

Testing...
08:10:58 | INFO | Final test accuracy after pruning + fine-tuning: 0.1000

Saving checkpoints...

Finished.

============================================================
ALL EXPERIMENTS FINISHED
============================================================
 dpap_repl: 100.0% pruned, accuracy 0.9196 -> 0.1000
====================================================
Job finished: Sun  2 Aug 08:11:28 BST 2026
====================================================
