====================================================
Job started: Thu 13 Aug 01:13:46 BST 2026
Node: node859.csf3.man.alces.network
====================================================
Thu Aug 13 01:14:07 2026       
+-----------------------------------------------------------------------------------------+
| NVIDIA-SMI 595.71.05              Driver Version: 595.71.05      CUDA Version: 13.2     |
+-----------------------------------------+------------------------+----------------------+
| GPU  Name                 Persistence-M | Bus-Id          Disp.A | Volatile Uncorr. ECC |
| Fan  Temp   Perf          Pwr:Usage/Cap |           Memory-Usage | GPU-Util  Compute M. |
|                                         |                        |               MIG M. |
|=========================================+========================+======================|
|   0  NVIDIA A100-SXM4-80GB          On  |   00000000:81:00.0 Off |                    0 |
| N/A   30C    P0             61W /  400W |       0MiB /  81920MiB |      0%      Default |
|                                         |                        |             Disabled |
+-----------------------------------------+------------------------+----------------------+

+-----------------------------------------------------------------------------------------+
| Processes:                                                                              |
|  GPU   GI   CI              PID   Type   Process name                        GPU Memory |
|        ID   ID                                                               Usage      |
|=========================================================================================|
|  No running processes found                                                             |
+-----------------------------------------------------------------------------------------+
CUDA available: True
Files already downloaded and verified
Files already downloaded and verified
Files already downloaded and verified
Files already downloaded and verified
Files already downloaded and verified
Files already downloaded and verified

Loading pretrained baseline: ./outputs/spear_repl/trained_model.pt

Training Bayesian gates (once, for every target on the curve)...
  gate optimizer: sgd (gate_lr=0.05)
01:17:37 | INFO | [bayesian_train] epoch 1/75 train_task_loss=1.1015 train_kl=8937.16 beta=0.00000 train_cost=1249692368.23 gamma=0.000000 train_acc=0.8720 val_loss=0.0415 val_acc=0.9920 time=43.2s
01:17:39 | INFO |     log_alpha: min=-3.03 median=-3.00 max=-2.99 std=0.00 frac_prunable=0.000 frac_saturated=0.000
01:17:40 | INFO |     gate pressure conv_layers.0: |d task/d log_alpha|=2.388e-03 beta*|d KL/d log_alpha|=0.000e+00 ratio=inf
01:17:40 | INFO |     gate pressure conv_layers.1: |d task/d log_alpha|=3.075e-03 beta*|d KL/d log_alpha|=0.000e+00 ratio=inf
01:17:40 | INFO |     gate pressure conv_layers.2: |d task/d log_alpha|=3.663e-03 beta*|d KL/d log_alpha|=0.000e+00 ratio=inf
01:17:40 | INFO |     gate pressure conv_layers.3: |d task/d log_alpha|=3.879e-03 beta*|d KL/d log_alpha|=0.000e+00 ratio=inf
01:17:40 | INFO |     gate pressure conv_layers.4: |d task/d log_alpha|=2.854e-03 beta*|d KL/d log_alpha|=0.000e+00 ratio=inf
01:17:40 | INFO |     gate pressure conv_layers.5: |d task/d log_alpha|=2.355e-03 beta*|d KL/d log_alpha|=0.000e+00 ratio=inf
01:17:40 | INFO |     gate pressure conv_layers.6: |d task/d log_alpha|=1.795e-03 beta*|d KL/d log_alpha|=0.000e+00 ratio=inf
01:17:40 | INFO |     gate pressure conv_layers.7: |d task/d log_alpha|=8.691e-04 beta*|d KL/d log_alpha|=0.000e+00 ratio=inf
01:17:40 | INFO |     gate pressure conv_layers.8: |d task/d log_alpha|=4.400e-04 beta*|d KL/d log_alpha|=0.000e+00 ratio=inf
01:17:40 | INFO |     gate pressure conv_layers.9: |d task/d log_alpha|=2.809e-04 beta*|d KL/d log_alpha|=0.000e+00 ratio=inf
01:17:40 | INFO |     gate pressure conv_layers.10: |d task/d log_alpha|=2.397e-04 beta*|d KL/d log_alpha|=0.000e+00 ratio=inf
01:17:40 | INFO |     gate pressure conv_layers.11: |d task/d log_alpha|=1.579e-04 beta*|d KL/d log_alpha|=0.000e+00 ratio=inf
01:17:40 | INFO |     gate pressure conv_layers.12: |d task/d log_alpha|=1.237e-04 beta*|d KL/d log_alpha|=0.000e+00 ratio=inf
01:18:06 | INFO | [bayesian_train] epoch 2/75 train_task_loss=1.0825 train_kl=8922.60 beta=0.00500 train_cost=1249677415.93 gamma=0.000000 train_acc=0.8745 val_loss=0.0401 val_acc=0.9932 time=25.7s
01:18:06 | INFO |     log_alpha: min=-3.05 median=-2.99 max=-2.97 std=0.00 frac_prunable=0.000 frac_saturated=0.000
01:18:31 | INFO | [bayesian_train] epoch 3/75 train_task_loss=1.0533 train_kl=8874.08 beta=0.01000 train_cost=1249615676.54 gamma=0.000000 train_acc=0.8764 val_loss=0.0405 val_acc=0.9926 time=25.8s
01:18:31 | INFO |     log_alpha: min=-3.05 median=-2.96 max=-2.94 std=0.01 frac_prunable=0.000 frac_saturated=0.000
01:18:57 | INFO | [bayesian_train] epoch 4/75 train_task_loss=1.0162 train_kl=8789.43 beta=0.01500 train_cost=1249501521.69 gamma=0.000000 train_acc=0.8788 val_loss=0.0311 val_acc=0.9943 time=25.7s
01:18:57 | INFO |     log_alpha: min=-3.03 median=-2.91 max=-2.89 std=0.01 frac_prunable=0.000 frac_saturated=0.000
01:19:23 | INFO | [bayesian_train] epoch 5/75 train_task_loss=1.0214 train_kl=8665.73 beta=0.02000 train_cost=1249325734.29 gamma=0.000000 train_acc=0.8770 val_loss=0.0311 val_acc=0.9934 time=25.8s
01:19:23 | INFO |     log_alpha: min=-3.00 median=-2.85 max=-2.82 std=0.01 frac_prunable=0.000 frac_saturated=0.000
01:19:49 | INFO | [bayesian_train] epoch 6/75 train_task_loss=1.0203 train_kl=8500.04 beta=0.02500 train_cost=1249075359.73 gamma=0.000000 train_acc=0.8744 val_loss=0.0424 val_acc=0.9922 time=25.6s
01:19:49 | INFO |     log_alpha: min=-2.95 median=-2.77 max=-2.74 std=0.01 frac_prunable=0.000 frac_saturated=0.000
01:19:49 | INFO |     gate pressure conv_layers.0: |d task/d log_alpha|=1.591e-03 beta*|d KL/d log_alpha|=1.375e-02 ratio=0.116
01:19:49 | INFO |     gate pressure conv_layers.1: |d task/d log_alpha|=2.124e-03 beta*|d KL/d log_alpha|=1.373e-02 ratio=0.155
01:19:49 | INFO |     gate pressure conv_layers.2: |d task/d log_alpha|=2.242e-03 beta*|d KL/d log_alpha|=1.376e-02 ratio=0.163
01:19:49 | INFO |     gate pressure conv_layers.3: |d task/d log_alpha|=2.605e-03 beta*|d KL/d log_alpha|=1.376e-02 ratio=0.189
01:19:49 | INFO |     gate pressure conv_layers.4: |d task/d log_alpha|=1.988e-03 beta*|d KL/d log_alpha|=1.379e-02 ratio=0.144
01:19:49 | INFO |     gate pressure conv_layers.5: |d task/d log_alpha|=1.909e-03 beta*|d KL/d log_alpha|=1.380e-02 ratio=0.138
01:19:49 | INFO |     gate pressure conv_layers.6: |d task/d log_alpha|=1.460e-03 beta*|d KL/d log_alpha|=1.381e-02 ratio=0.106
01:19:49 | INFO |     gate pressure conv_layers.7: |d task/d log_alpha|=6.925e-04 beta*|d KL/d log_alpha|=1.382e-02 ratio=0.050
01:19:49 | INFO |     gate pressure conv_layers.8: |d task/d log_alpha|=3.565e-04 beta*|d KL/d log_alpha|=1.382e-02 ratio=0.026
01:19:49 | INFO |     gate pressure conv_layers.9: |d task/d log_alpha|=2.255e-04 beta*|d KL/d log_alpha|=1.382e-02 ratio=0.016
01:19:49 | INFO |     gate pressure conv_layers.10: |d task/d log_alpha|=1.958e-04 beta*|d KL/d log_alpha|=1.382e-02 ratio=0.014
01:19:49 | INFO |     gate pressure conv_layers.11: |d task/d log_alpha|=1.370e-04 beta*|d KL/d log_alpha|=1.382e-02 ratio=0.010
01:19:49 | INFO |     gate pressure conv_layers.12: |d task/d log_alpha|=1.448e-04 beta*|d KL/d log_alpha|=1.382e-02 ratio=0.010
01:20:14 | INFO | [bayesian_train] epoch 7/75 train_task_loss=1.0130 train_kl=8291.10 beta=0.03000 train_cost=1248735962.80 gamma=0.000000 train_acc=0.8682 val_loss=0.0282 val_acc=0.9932 time=25.6s
01:20:14 | INFO |     log_alpha: min=-2.88 median=-2.66 max=-2.63 std=0.02 frac_prunable=0.000 frac_saturated=0.000
01:20:40 | INFO | [bayesian_train] epoch 8/75 train_task_loss=0.9788 train_kl=8026.08 beta=0.03500 train_cost=1248265621.88 gamma=0.000000 train_acc=0.8644 val_loss=0.0281 val_acc=0.9934 time=25.6s
01:20:40 | INFO |     log_alpha: min=-2.79 median=-2.54 max=-2.50 std=0.02 frac_prunable=0.000 frac_saturated=0.000
01:21:06 | INFO | [bayesian_train] epoch 9/75 train_task_loss=0.9850 train_kl=7689.80 beta=0.04000 train_cost=1247600733.72 gamma=0.000000 train_acc=0.8499 val_loss=0.0293 val_acc=0.9910 time=25.8s
01:21:06 | INFO |     log_alpha: min=-2.67 median=-2.38 max=-2.33 std=0.02 frac_prunable=0.000 frac_saturated=0.000
01:21:31 | INFO | [bayesian_train] epoch 10/75 train_task_loss=0.9872 train_kl=7256.60 beta=0.04500 train_cost=1246621612.13 gamma=0.000000 train_acc=0.8269 val_loss=0.0395 val_acc=0.9881 time=25.7s
01:21:31 | INFO |     log_alpha: min=-2.52 median=-2.19 max=-2.12 std=0.03 frac_prunable=0.000 frac_saturated=0.000
01:21:57 | INFO | [bayesian_train] epoch 11/75 train_task_loss=1.0189 train_kl=6709.67 beta=0.05000 train_cost=1245165744.14 gamma=0.000000 train_acc=0.7831 val_loss=0.0395 val_acc=0.9848 time=25.8s
01:21:57 | INFO |     log_alpha: min=-2.32 median=-1.95 max=-1.86 std=0.03 frac_prunable=0.000 frac_saturated=0.000
01:21:57 | INFO |     gate pressure conv_layers.0: |d task/d log_alpha|=2.771e-03 beta*|d KL/d log_alpha|=3.075e-02 ratio=0.090
01:21:57 | INFO |     gate pressure conv_layers.1: |d task/d log_alpha|=2.721e-03 beta*|d KL/d log_alpha|=3.064e-02 ratio=0.089
01:21:57 | INFO |     gate pressure conv_layers.2: |d task/d log_alpha|=2.754e-03 beta*|d KL/d log_alpha|=3.077e-02 ratio=0.090
01:21:57 | INFO |     gate pressure conv_layers.3: |d task/d log_alpha|=3.202e-03 beta*|d KL/d log_alpha|=3.080e-02 ratio=0.104
01:21:57 | INFO |     gate pressure conv_layers.4: |d task/d log_alpha|=2.274e-03 beta*|d KL/d log_alpha|=3.096e-02 ratio=0.073
01:21:57 | INFO |     gate pressure conv_layers.5: |d task/d log_alpha|=2.285e-03 beta*|d KL/d log_alpha|=3.099e-02 ratio=0.074
01:21:57 | INFO |     gate pressure conv_layers.6: |d task/d log_alpha|=1.830e-03 beta*|d KL/d log_alpha|=3.103e-02 ratio=0.059
01:21:57 | INFO |     gate pressure conv_layers.7: |d task/d log_alpha|=9.142e-04 beta*|d KL/d log_alpha|=3.107e-02 ratio=0.029
01:21:57 | INFO |     gate pressure conv_layers.8: |d task/d log_alpha|=4.550e-04 beta*|d KL/d log_alpha|=3.107e-02 ratio=0.015
01:21:57 | INFO |     gate pressure conv_layers.9: |d task/d log_alpha|=2.871e-04 beta*|d KL/d log_alpha|=3.108e-02 ratio=0.009
01:21:57 | INFO |     gate pressure conv_layers.10: |d task/d log_alpha|=2.640e-04 beta*|d KL/d log_alpha|=3.109e-02 ratio=0.008
01:21:57 | INFO |     gate pressure conv_layers.11: |d task/d log_alpha|=1.682e-04 beta*|d KL/d log_alpha|=3.109e-02 ratio=0.005
01:21:57 | INFO |     gate pressure conv_layers.12: |d task/d log_alpha|=1.574e-04 beta*|d KL/d log_alpha|=3.110e-02 ratio=0.005
01:22:23 | INFO | [bayesian_train] epoch 12/75 train_task_loss=1.1041 train_kl=6052.23 beta=0.05000 train_cost=1243035156.42 gamma=0.000000 train_acc=0.7255 val_loss=0.0798 val_acc=0.9697 time=25.8s
01:22:23 | INFO |     log_alpha: min=-2.11 median=-1.68 max=-1.58 std=0.03 frac_prunable=0.000 frac_saturated=0.000
01:22:49 | INFO | [bayesian_train] epoch 13/75 train_task_loss=1.2416 train_kl=5321.47 beta=0.05000 train_cost=1240043249.78 gamma=0.000000 train_acc=0.6491 val_loss=0.1199 val_acc=0.9553 time=25.6s
01:22:49 | INFO |     log_alpha: min=-1.89 median=-1.40 max=-1.29 std=0.04 frac_prunable=0.000 frac_saturated=0.000
01:23:14 | INFO | [bayesian_train] epoch 14/75 train_task_loss=1.4366 train_kl=4560.37 beta=0.05000 train_cost=1235946359.61 gamma=0.000000 train_acc=0.5689 val_loss=0.1818 val_acc=0.9297 time=25.8s
01:23:14 | INFO |     log_alpha: min=-1.65 median=-1.12 max=-1.02 std=0.04 frac_prunable=0.000 frac_saturated=0.000
01:23:40 | INFO | [bayesian_train] epoch 15/75 train_task_loss=1.6435 train_kl=3853.15 beta=0.05000 train_cost=1230768601.34 gamma=0.000000 train_acc=0.4967 val_loss=0.2776 val_acc=0.8975 time=25.7s
01:23:40 | INFO |     log_alpha: min=-1.40 median=-0.85 max=-0.77 std=0.04 frac_prunable=0.000 frac_saturated=0.000
01:24:06 | INFO | [bayesian_train] epoch 16/75 train_task_loss=1.8280 train_kl=3242.36 beta=0.05000 train_cost=1224558745.16 gamma=0.000000 train_acc=0.4319 val_loss=0.3616 val_acc=0.8662 time=25.7s
01:24:06 | INFO |     log_alpha: min=-1.16 median=-0.61 max=-0.55 std=0.04 frac_prunable=0.000 frac_saturated=0.000
01:24:06 | INFO |     gate pressure conv_layers.0: |d task/d log_alpha|=1.754e-03 beta*|d KL/d log_alpha|=2.700e-02 ratio=0.065
01:24:06 | INFO |     gate pressure conv_layers.1: |d task/d log_alpha|=2.646e-03 beta*|d KL/d log_alpha|=2.737e-02 ratio=0.097
01:24:06 | INFO |     gate pressure conv_layers.2: |d task/d log_alpha|=2.162e-03 beta*|d KL/d log_alpha|=2.687e-02 ratio=0.080
01:24:06 | INFO |     gate pressure conv_layers.3: |d task/d log_alpha|=3.494e-03 beta*|d KL/d log_alpha|=2.677e-02 ratio=0.130
01:24:06 | INFO |     gate pressure conv_layers.4: |d task/d log_alpha|=2.656e-03 beta*|d KL/d log_alpha|=2.614e-02 ratio=0.102
01:24:06 | INFO |     gate pressure conv_layers.5: |d task/d log_alpha|=2.723e-03 beta*|d KL/d log_alpha|=2.600e-02 ratio=0.105
01:24:06 | INFO |     gate pressure conv_layers.6: |d task/d log_alpha|=3.114e-03 beta*|d KL/d log_alpha|=2.580e-02 ratio=0.121
01:24:06 | INFO |     gate pressure conv_layers.7: |d task/d log_alpha|=1.409e-03 beta*|d KL/d log_alpha|=2.561e-02 ratio=0.055
01:24:06 | INFO |     gate pressure conv_layers.8: |d task/d log_alpha|=8.325e-04 beta*|d KL/d log_alpha|=2.558e-02 ratio=0.033
01:24:06 | INFO |     gate pressure conv_layers.9: |d task/d log_alpha|=5.109e-04 beta*|d KL/d log_alpha|=2.557e-02 ratio=0.020
01:24:06 | INFO |     gate pressure conv_layers.10: |d task/d log_alpha|=3.712e-04 beta*|d KL/d log_alpha|=2.553e-02 ratio=0.015
01:24:06 | INFO |     gate pressure conv_layers.11: |d task/d log_alpha|=3.406e-04 beta*|d KL/d log_alpha|=2.553e-02 ratio=0.013
01:24:06 | INFO |     gate pressure conv_layers.12: |d task/d log_alpha|=4.539e-04 beta*|d KL/d log_alpha|=2.551e-02 ratio=0.018
01:24:31 | INFO | [bayesian_train] epoch 17/75 train_task_loss=2.0079 train_kl=2728.65 beta=0.05000 train_cost=1217260596.51 gamma=0.000000 train_acc=0.3697 val_loss=0.4257 val_acc=0.8453 time=25.6s
01:24:31 | INFO |     log_alpha: min=-0.92 median=-0.38 max=-0.33 std=0.04 frac_prunable=0.000 frac_saturated=0.000
01:24:57 | INFO | [bayesian_train] epoch 18/75 train_task_loss=2.1396 train_kl=2306.88 beta=0.05000 train_cost=1208923994.80 gamma=0.000000 train_acc=0.3135 val_loss=0.5090 val_acc=0.8217 time=25.7s
01:24:57 | INFO |     log_alpha: min=-0.70 median=-0.17 max=-0.13 std=0.04 frac_prunable=0.000 frac_saturated=0.000
01:25:23 | INFO | [bayesian_train] epoch 19/75 train_task_loss=2.2567 train_kl=1964.77 beta=0.05000 train_cost=1199629942.15 gamma=0.000000 train_acc=0.2662 val_loss=0.6122 val_acc=0.8041 time=25.8s
01:25:23 | INFO |     log_alpha: min=-0.48 median=0.02 max=0.05 std=0.04 frac_prunable=0.000 frac_saturated=0.000
01:25:49 | INFO | [bayesian_train] epoch 20/75 train_task_loss=2.3528 train_kl=1687.79 beta=0.05000 train_cost=1189463834.62 gamma=0.000000 train_acc=0.2279 val_loss=0.6816 val_acc=0.7816 time=25.7s
01:25:49 | INFO |     log_alpha: min=-0.27 median=0.19 max=0.22 std=0.04 frac_prunable=0.000 frac_saturated=0.000
01:26:14 | INFO | [bayesian_train] epoch 21/75 train_task_loss=2.4337 train_kl=1462.10 beta=0.05000 train_cost=1178476001.00 gamma=0.000000 train_acc=0.1935 val_loss=0.7772 val_acc=0.7594 time=25.7s
01:26:14 | INFO |     log_alpha: min=-0.07 median=0.35 max=0.37 std=0.03 frac_prunable=0.000 frac_saturated=0.000
01:26:14 | INFO |     gate pressure conv_layers.0: |d task/d log_alpha|=9.480e-04 beta*|d KL/d log_alpha|=1.507e-02 ratio=0.063
01:26:14 | INFO |     gate pressure conv_layers.1: |d task/d log_alpha|=1.795e-03 beta*|d KL/d log_alpha|=1.522e-02 ratio=0.118
01:26:14 | INFO |     gate pressure conv_layers.2: |d task/d log_alpha|=1.274e-03 beta*|d KL/d log_alpha|=1.485e-02 ratio=0.086
01:26:14 | INFO |     gate pressure conv_layers.3: |d task/d log_alpha|=2.371e-03 beta*|d KL/d log_alpha|=1.483e-02 ratio=0.160
01:26:14 | INFO |     gate pressure conv_layers.4: |d task/d log_alpha|=1.776e-03 beta*|d KL/d log_alpha|=1.436e-02 ratio=0.124
01:26:14 | INFO |     gate pressure conv_layers.5: |d task/d log_alpha|=2.177e-03 beta*|d KL/d log_alpha|=1.426e-02 ratio=0.153
01:26:14 | INFO |     gate pressure conv_layers.6: |d task/d log_alpha|=2.636e-03 beta*|d KL/d log_alpha|=1.412e-02 ratio=0.187
01:26:14 | INFO |     gate pressure conv_layers.7: |d task/d log_alpha|=1.345e-03 beta*|d KL/d log_alpha|=1.394e-02 ratio=0.096
01:26:14 | INFO |     gate pressure conv_layers.8: |d task/d log_alpha|=8.523e-04 beta*|d KL/d log_alpha|=1.391e-02 ratio=0.061
01:26:14 | INFO |     gate pressure conv_layers.9: |d task/d log_alpha|=5.750e-04 beta*|d KL/d log_alpha|=1.390e-02 ratio=0.041
01:26:14 | INFO |     gate pressure conv_layers.10: |d task/d log_alpha|=4.755e-04 beta*|d KL/d log_alpha|=1.387e-02 ratio=0.034
01:26:14 | INFO |     gate pressure conv_layers.11: |d task/d log_alpha|=5.486e-04 beta*|d KL/d log_alpha|=1.388e-02 ratio=0.040
01:26:14 | INFO |     gate pressure conv_layers.12: |d task/d log_alpha|=6.226e-04 beta*|d KL/d log_alpha|=1.394e-02 ratio=0.045
01:26:40 | INFO | [bayesian_train] epoch 22/75 train_task_loss=2.4926 train_kl=1276.10 beta=0.05000 train_cost=1166684411.99 gamma=0.000000 train_acc=0.1674 val_loss=0.8062 val_acc=0.7475 time=25.7s
01:26:40 | INFO |     log_alpha: min=0.11 median=0.50 max=0.52 std=0.03 frac_prunable=0.000 frac_saturated=0.000
01:27:06 | INFO | [bayesian_train] epoch 23/75 train_task_loss=2.5389 train_kl=1122.83 beta=0.05000 train_cost=1154251481.34 gamma=0.000000 train_acc=0.1515 val_loss=0.8670 val_acc=0.7301 time=25.6s
01:27:06 | INFO |     log_alpha: min=0.28 median=0.64 max=0.66 std=0.03 frac_prunable=0.000 frac_saturated=0.000
01:27:31 | INFO | [bayesian_train] epoch 24/75 train_task_loss=2.5634 train_kl=995.90 beta=0.05000 train_cost=1141312178.69 gamma=0.000000 train_acc=0.1363 val_loss=0.8939 val_acc=0.7207 time=25.7s
01:27:31 | INFO |     log_alpha: min=0.44 median=0.77 max=0.79 std=0.03 frac_prunable=0.000 frac_saturated=0.000
01:27:57 | INFO | [bayesian_train] epoch 25/75 train_task_loss=2.5744 train_kl=889.13 beta=0.05000 train_cost=1127848644.19 gamma=0.000000 train_acc=0.1254 val_loss=0.9088 val_acc=0.7168 time=25.6s
01:27:57 | INFO |     log_alpha: min=0.59 median=0.89 max=0.91 std=0.03 frac_prunable=0.000 frac_saturated=0.000
01:28:23 | INFO | [bayesian_train] epoch 26/75 train_task_loss=2.5873 train_kl=799.14 beta=0.05000 train_cost=1114021111.25 gamma=0.000000 train_acc=0.1188 val_loss=0.9144 val_acc=0.7172 time=25.7s
01:28:23 | INFO |     log_alpha: min=0.68 median=1.00 max=1.02 std=0.03 frac_prunable=0.000 frac_saturated=0.000
01:28:23 | INFO |     gate pressure conv_layers.0: |d task/d log_alpha|=5.493e-04 beta*|d KL/d log_alpha|=8.768e-03 ratio=0.063
01:28:23 | INFO |     gate pressure conv_layers.1: |d task/d log_alpha|=1.194e-03 beta*|d KL/d log_alpha|=8.857e-03 ratio=0.135
01:28:23 | INFO |     gate pressure conv_layers.2: |d task/d log_alpha|=7.505e-04 beta*|d KL/d log_alpha|=8.685e-03 ratio=0.086
01:28:23 | INFO |     gate pressure conv_layers.3: |d task/d log_alpha|=1.404e-03 beta*|d KL/d log_alpha|=8.717e-03 ratio=0.161
01:28:23 | INFO |     gate pressure conv_layers.4: |d task/d log_alpha|=9.257e-04 beta*|d KL/d log_alpha|=8.471e-03 ratio=0.109
01:28:23 | INFO |     gate pressure conv_layers.5: |d task/d log_alpha|=1.188e-03 beta*|d KL/d log_alpha|=8.436e-03 ratio=0.141
01:28:23 | INFO |     gate pressure conv_layers.6: |d task/d log_alpha|=1.350e-03 beta*|d KL/d log_alpha|=8.371e-03 ratio=0.161
01:28:23 | INFO |     gate pressure conv_layers.7: |d task/d log_alpha|=8.368e-04 beta*|d KL/d log_alpha|=8.269e-03 ratio=0.101
01:28:23 | INFO |     gate pressure conv_layers.8: |d task/d log_alpha|=6.486e-04 beta*|d KL/d log_alpha|=8.243e-03 ratio=0.079
01:28:23 | INFO |     gate pressure conv_layers.9: |d task/d log_alpha|=4.414e-04 beta*|d KL/d log_alpha|=8.239e-03 ratio=0.054
01:28:23 | INFO |     gate pressure conv_layers.10: |d task/d log_alpha|=4.569e-04 beta*|d KL/d log_alpha|=8.222e-03 ratio=0.056
01:28:23 | INFO |     gate pressure conv_layers.11: |d task/d log_alpha|=5.985e-04 beta*|d KL/d log_alpha|=8.230e-03 ratio=0.073
01:28:23 | INFO |     gate pressure conv_layers.12: |d task/d log_alpha|=6.774e-04 beta*|d KL/d log_alpha|=8.324e-03 ratio=0.081
01:28:49 | INFO | [bayesian_train] epoch 27/75 train_task_loss=2.5970 train_kl=723.17 beta=0.05000 train_cost=1100001178.26 gamma=0.000000 train_acc=0.1116 val_loss=0.9425 val_acc=0.7029 time=25.8s
01:28:49 | INFO |     log_alpha: min=0.76 median=1.11 max=1.12 std=0.03 frac_prunable=0.000 frac_saturated=0.000
01:29:14 | INFO | [bayesian_train] epoch 28/75 train_task_loss=2.5849 train_kl=658.36 beta=0.05000 train_cost=1085830334.72 gamma=0.000000 train_acc=0.1085 val_loss=0.9490 val_acc=0.7010 time=25.8s
01:29:14 | INFO |     log_alpha: min=0.84 median=1.20 max=1.22 std=0.03 frac_prunable=0.000 frac_saturated=0.000
01:29:40 | INFO | [bayesian_train] epoch 29/75 train_task_loss=2.5879 train_kl=602.35 beta=0.05000 train_cost=1071497583.77 gamma=0.000000 train_acc=0.1060 val_loss=0.9745 val_acc=0.6971 time=25.8s
01:29:40 | INFO |     log_alpha: min=0.91 median=1.29 max=1.31 std=0.03 frac_prunable=0.000 frac_saturated=0.000
01:30:06 | INFO | [bayesian_train] epoch 30/75 train_task_loss=2.5693 train_kl=553.65 beta=0.05000 train_cost=1057059517.81 gamma=0.000000 train_acc=0.1049 val_loss=0.9904 val_acc=0.6906 time=25.6s
01:30:06 | INFO |     log_alpha: min=0.98 median=1.38 max=1.39 std=0.03 frac_prunable=0.000 frac_saturated=0.000
01:30:31 | INFO | [bayesian_train] epoch 31/75 train_task_loss=2.5581 train_kl=511.01 beta=0.05000 train_cost=1042560357.38 gamma=0.000000 train_acc=0.1035 val_loss=1.0164 val_acc=0.6816 time=25.6s
01:30:31 | INFO |     log_alpha: min=1.04 median=1.46 max=1.47 std=0.03 frac_prunable=0.000 frac_saturated=0.000
01:30:32 | INFO |     gate pressure conv_layers.0: |d task/d log_alpha|=5.834e-04 beta*|d KL/d log_alpha|=5.756e-03 ratio=0.101
01:30:32 | INFO |     gate pressure conv_layers.1: |d task/d log_alpha|=8.238e-04 beta*|d KL/d log_alpha|=5.810e-03 ratio=0.142
01:30:32 | INFO |     gate pressure conv_layers.2: |d task/d log_alpha|=5.316e-04 beta*|d KL/d log_alpha|=5.723e-03 ratio=0.093
01:30:32 | INFO |     gate pressure conv_layers.3: |d task/d log_alpha|=9.665e-04 beta*|d KL/d log_alpha|=5.747e-03 ratio=0.168
01:30:32 | INFO |     gate pressure conv_layers.4: |d task/d log_alpha|=6.660e-04 beta*|d KL/d log_alpha|=5.622e-03 ratio=0.118
01:30:32 | INFO |     gate pressure conv_layers.5: |d task/d log_alpha|=8.194e-04 beta*|d KL/d log_alpha|=5.606e-03 ratio=0.146
01:30:32 | INFO |     gate pressure conv_layers.6: |d task/d log_alpha|=8.959e-04 beta*|d KL/d log_alpha|=5.575e-03 ratio=0.161
01:30:32 | INFO |     gate pressure conv_layers.7: |d task/d log_alpha|=5.252e-04 beta*|d KL/d log_alpha|=5.521e-03 ratio=0.095
01:30:32 | INFO |     gate pressure conv_layers.8: |d task/d log_alpha|=4.021e-04 beta*|d KL/d log_alpha|=5.505e-03 ratio=0.073
01:30:32 | INFO |     gate pressure conv_layers.9: |d task/d log_alpha|=3.304e-04 beta*|d KL/d log_alpha|=5.503e-03 ratio=0.060
01:30:32 | INFO |     gate pressure conv_layers.10: |d task/d log_alpha|=3.652e-04 beta*|d KL/d log_alpha|=5.494e-03 ratio=0.066
01:30:32 | INFO |     gate pressure conv_layers.11: |d task/d log_alpha|=5.295e-04 beta*|d KL/d log_alpha|=5.502e-03 ratio=0.096
01:30:32 | INFO |     gate pressure conv_layers.12: |d task/d log_alpha|=7.312e-04 beta*|d KL/d log_alpha|=5.598e-03 ratio=0.131
01:30:57 | INFO | [bayesian_train] epoch 32/75 train_task_loss=2.5408 train_kl=473.78 beta=0.05000 train_cost=1028169701.74 gamma=0.000000 train_acc=0.1010 val_loss=1.0447 val_acc=0.6746 time=25.6s
01:30:57 | INFO |     log_alpha: min=1.10 median=1.54 max=1.55 std=0.03 frac_prunable=0.000 frac_saturated=0.000
01:31:23 | INFO | [bayesian_train] epoch 33/75 train_task_loss=2.5310 train_kl=440.98 beta=0.05000 train_cost=1013886345.12 gamma=0.000000 train_acc=0.1031 val_loss=1.0642 val_acc=0.6732 time=25.6s
01:31:23 | INFO |     log_alpha: min=1.16 median=1.61 max=1.62 std=0.03 frac_prunable=0.000 frac_saturated=0.000
01:31:48 | INFO | [bayesian_train] epoch 34/75 train_task_loss=2.5166 train_kl=411.85 beta=0.05000 train_cost=999699511.25 gamma=0.000000 train_acc=0.1005 val_loss=1.0750 val_acc=0.6627 time=25.7s
01:31:48 | INFO |     log_alpha: min=1.22 median=1.68 max=1.69 std=0.03 frac_prunable=0.000 frac_saturated=0.000
01:32:14 | INFO | [bayesian_train] epoch 35/75 train_task_loss=2.5130 train_kl=385.74 beta=0.05000 train_cost=985571394.01 gamma=0.000000 train_acc=0.1001 val_loss=1.1132 val_acc=0.6576 time=25.1s
01:32:14 | INFO |     log_alpha: min=1.27 median=1.74 max=1.75 std=0.03 frac_prunable=0.000 frac_saturated=0.000
01:32:38 | INFO | [bayesian_train] epoch 36/75 train_task_loss=2.4933 train_kl=362.43 beta=0.05000 train_cost=971650268.81 gamma=0.000000 train_acc=0.1001 val_loss=1.1454 val_acc=0.6395 time=24.5s
01:32:38 | INFO |     log_alpha: min=1.33 median=1.81 max=1.82 std=0.03 frac_prunable=0.000 frac_saturated=0.000
01:32:38 | INFO |     gate pressure conv_layers.0: |d task/d log_alpha|=3.891e-04 beta*|d KL/d log_alpha|=4.143e-03 ratio=0.094
01:32:38 | INFO |     gate pressure conv_layers.1: |d task/d log_alpha|=6.552e-04 beta*|d KL/d log_alpha|=4.174e-03 ratio=0.157
01:32:38 | INFO |     gate pressure conv_layers.2: |d task/d log_alpha|=3.789e-04 beta*|d KL/d log_alpha|=4.127e-03 ratio=0.092
01:32:38 | INFO |     gate pressure conv_layers.3: |d task/d log_alpha|=6.449e-04 beta*|d KL/d log_alpha|=4.141e-03 ratio=0.156
01:32:38 | INFO |     gate pressure conv_layers.4: |d task/d log_alpha|=4.654e-04 beta*|d KL/d log_alpha|=4.072e-03 ratio=0.114
01:32:38 | INFO |     gate pressure conv_layers.5: |d task/d log_alpha|=4.662e-04 beta*|d KL/d log_alpha|=4.063e-03 ratio=0.115
01:32:38 | INFO |     gate pressure conv_layers.6: |d task/d log_alpha|=5.889e-04 beta*|d KL/d log_alpha|=4.046e-03 ratio=0.146
01:32:38 | INFO |     gate pressure conv_layers.7: |d task/d log_alpha|=3.918e-04 beta*|d KL/d log_alpha|=4.016e-03 ratio=0.098
01:32:38 | INFO |     gate pressure conv_layers.8: |d task/d log_alpha|=3.544e-04 beta*|d KL/d log_alpha|=4.006e-03 ratio=0.088
01:32:38 | INFO |     gate pressure conv_layers.9: |d task/d log_alpha|=2.969e-04 beta*|d KL/d log_alpha|=4.006e-03 ratio=0.074
01:32:38 | INFO |     gate pressure conv_layers.10: |d task/d log_alpha|=3.261e-04 beta*|d KL/d log_alpha|=4.001e-03 ratio=0.082
01:32:38 | INFO |     gate pressure conv_layers.11: |d task/d log_alpha|=4.053e-04 beta*|d KL/d log_alpha|=4.007e-03 ratio=0.101
01:32:38 | INFO |     gate pressure conv_layers.12: |d task/d log_alpha|=5.631e-04 beta*|d KL/d log_alpha|=4.092e-03 ratio=0.138
01:33:03 | INFO | [bayesian_train] epoch 37/75 train_task_loss=2.4849 train_kl=341.40 beta=0.05000 train_cost=957861279.18 gamma=0.000000 train_acc=0.1007 val_loss=1.1657 val_acc=0.6381 time=24.5s
01:33:03 | INFO |     log_alpha: min=1.38 median=1.87 max=1.88 std=0.03 frac_prunable=0.000 frac_saturated=0.000
01:33:28 | INFO | [bayesian_train] epoch 38/75 train_task_loss=2.4801 train_kl=322.23 beta=0.05000 train_cost=944127281.78 gamma=0.000000 train_acc=0.0986 val_loss=1.1966 val_acc=0.6229 time=25.4s
01:33:28 | INFO |     log_alpha: min=1.43 median=1.93 max=1.93 std=0.03 frac_prunable=0.000 frac_saturated=0.000
01:33:54 | INFO | [bayesian_train] epoch 39/75 train_task_loss=2.4659 train_kl=304.81 beta=0.05000 train_cost=930558787.65 gamma=0.000000 train_acc=0.0991 val_loss=1.2315 val_acc=0.6086 time=26.3s
01:33:54 | INFO |     log_alpha: min=1.47 median=1.98 max=1.99 std=0.03 frac_prunable=0.000 frac_saturated=0.000
01:34:20 | INFO | [bayesian_train] epoch 40/75 train_task_loss=2.4524 train_kl=288.93 beta=0.05000 train_cost=917169822.45 gamma=0.000000 train_acc=0.1015 val_loss=1.2530 val_acc=0.6035 time=26.0s
01:34:20 | INFO |     log_alpha: min=1.52 median=2.03 max=2.04 std=0.03 frac_prunable=0.000 frac_saturated=0.000
01:34:46 | INFO | [bayesian_train] epoch 41/75 train_task_loss=2.4453 train_kl=274.37 beta=0.05000 train_cost=903930609.78 gamma=0.000000 train_acc=0.1014 val_loss=1.2860 val_acc=0.5900 time=25.6s
01:34:46 | INFO |     log_alpha: min=1.58 median=2.09 max=2.10 std=0.03 frac_prunable=0.000 frac_saturated=0.000
01:34:46 | INFO |     gate pressure conv_layers.0: |d task/d log_alpha|=3.370e-04 beta*|d KL/d log_alpha|=3.163e-03 ratio=0.107
01:34:46 | INFO |     gate pressure conv_layers.1: |d task/d log_alpha|=7.147e-04 beta*|d KL/d log_alpha|=3.183e-03 ratio=0.225
01:34:46 | INFO |     gate pressure conv_layers.2: |d task/d log_alpha|=3.808e-04 beta*|d KL/d log_alpha|=3.154e-03 ratio=0.121
01:34:46 | INFO |     gate pressure conv_layers.3: |d task/d log_alpha|=5.199e-04 beta*|d KL/d log_alpha|=3.162e-03 ratio=0.164
01:34:46 | INFO |     gate pressure conv_layers.4: |d task/d log_alpha|=3.846e-04 beta*|d KL/d log_alpha|=3.121e-03 ratio=0.123
01:34:46 | INFO |     gate pressure conv_layers.5: |d task/d log_alpha|=3.662e-04 beta*|d KL/d log_alpha|=3.116e-03 ratio=0.118
01:34:46 | INFO |     gate pressure conv_layers.6: |d task/d log_alpha|=3.875e-04 beta*|d KL/d log_alpha|=3.106e-03 ratio=0.125
01:34:46 | INFO |     gate pressure conv_layers.7: |d task/d log_alpha|=2.614e-04 beta*|d KL/d log_alpha|=3.088e-03 ratio=0.085
01:34:46 | INFO |     gate pressure conv_layers.8: |d task/d log_alpha|=2.304e-04 beta*|d KL/d log_alpha|=3.081e-03 ratio=0.075
01:34:46 | INFO |     gate pressure conv_layers.9: |d task/d log_alpha|=2.229e-04 beta*|d KL/d log_alpha|=3.081e-03 ratio=0.072
01:34:46 | INFO |     gate pressure conv_layers.10: |d task/d log_alpha|=3.182e-04 beta*|d KL/d log_alpha|=3.078e-03 ratio=0.103
01:34:46 | INFO |     gate pressure conv_layers.11: |d task/d log_alpha|=3.542e-04 beta*|d KL/d log_alpha|=3.084e-03 ratio=0.115
01:34:46 | INFO |     gate pressure conv_layers.12: |d task/d log_alpha|=4.673e-04 beta*|d KL/d log_alpha|=3.155e-03 ratio=0.148
01:35:12 | INFO | [bayesian_train] epoch 42/75 train_task_loss=2.4411 train_kl=261.05 beta=0.05000 train_cost=890908188.81 gamma=0.000000 train_acc=0.1019 val_loss=1.3290 val_acc=0.5781 time=25.7s
01:35:12 | INFO |     log_alpha: min=1.62 median=2.14 max=2.14 std=0.03 frac_prunable=0.000 frac_saturated=0.000
01:35:37 | INFO | [bayesian_train] epoch 43/75 train_task_loss=2.4326 train_kl=248.79 beta=0.05000 train_cost=878088730.07 gamma=0.000000 train_acc=0.0979 val_loss=1.3589 val_acc=0.5699 time=25.8s
01:35:37 | INFO |     log_alpha: min=1.66 median=2.18 max=2.19 std=0.03 frac_prunable=0.000 frac_saturated=0.000
01:36:03 | INFO | [bayesian_train] epoch 44/75 train_task_loss=2.4306 train_kl=237.57 beta=0.05000 train_cost=865568413.72 gamma=0.000000 train_acc=0.0976 val_loss=1.3788 val_acc=0.5592 time=25.6s
01:36:03 | INFO |     log_alpha: min=1.71 median=2.23 max=2.24 std=0.03 frac_prunable=0.000 frac_saturated=0.000
01:36:28 | INFO | [bayesian_train] epoch 45/75 train_task_loss=2.4207 train_kl=227.27 beta=0.05000 train_cost=853329540.01 gamma=0.000000 train_acc=0.1004 val_loss=1.4235 val_acc=0.5354 time=24.7s
01:36:28 | INFO |     log_alpha: min=1.74 median=2.27 max=2.28 std=0.03 frac_prunable=0.000 frac_saturated=0.000
01:36:54 | INFO | [bayesian_train] epoch 46/75 train_task_loss=2.4162 train_kl=217.69 beta=0.05000 train_cost=841280630.34 gamma=0.000000 train_acc=0.1004 val_loss=1.4514 val_acc=0.5385 time=26.1s
01:36:54 | INFO |     log_alpha: min=1.78 median=2.32 max=2.33 std=0.03 frac_prunable=0.000 frac_saturated=0.000
01:36:54 | INFO |     gate pressure conv_layers.0: |d task/d log_alpha|=2.693e-04 beta*|d KL/d log_alpha|=2.526e-03 ratio=0.107
01:36:54 | INFO |     gate pressure conv_layers.1: |d task/d log_alpha|=5.118e-04 beta*|d KL/d log_alpha|=2.539e-03 ratio=0.202
01:36:54 | INFO |     gate pressure conv_layers.2: |d task/d log_alpha|=2.447e-04 beta*|d KL/d log_alpha|=2.519e-03 ratio=0.097
01:36:54 | INFO |     gate pressure conv_layers.3: |d task/d log_alpha|=3.947e-04 beta*|d KL/d log_alpha|=2.525e-03 ratio=0.156
01:36:54 | INFO |     gate pressure conv_layers.4: |d task/d log_alpha|=2.457e-04 beta*|d KL/d log_alpha|=2.498e-03 ratio=0.098
01:36:54 | INFO |     gate pressure conv_layers.5: |d task/d log_alpha|=2.505e-04 beta*|d KL/d log_alpha|=2.495e-03 ratio=0.100
01:36:54 | INFO |     gate pressure conv_layers.6: |d task/d log_alpha|=3.055e-04 beta*|d KL/d log_alpha|=2.489e-03 ratio=0.123
01:36:54 | INFO |     gate pressure conv_layers.7: |d task/d log_alpha|=1.988e-04 beta*|d KL/d log_alpha|=2.477e-03 ratio=0.080
01:36:54 | INFO |     gate pressure conv_layers.8: |d task/d log_alpha|=2.161e-04 beta*|d KL/d log_alpha|=2.472e-03 ratio=0.087
01:36:54 | INFO |     gate pressure conv_layers.9: |d task/d log_alpha|=2.177e-04 beta*|d KL/d log_alpha|=2.472e-03 ratio=0.088
01:36:54 | INFO |     gate pressure conv_layers.10: |d task/d log_alpha|=2.612e-04 beta*|d KL/d log_alpha|=2.471e-03 ratio=0.106
01:36:54 | INFO |     gate pressure conv_layers.11: |d task/d log_alpha|=3.084e-04 beta*|d KL/d log_alpha|=2.475e-03 ratio=0.125
01:36:54 | INFO |     gate pressure conv_layers.12: |d task/d log_alpha|=5.614e-04 beta*|d KL/d log_alpha|=2.535e-03 ratio=0.221
01:37:20 | INFO | [bayesian_train] epoch 47/75 train_task_loss=2.4084 train_kl=208.83 beta=0.05000 train_cost=829493142.61 gamma=0.000000 train_acc=0.0999 val_loss=1.4618 val_acc=0.5354 time=26.2s
01:37:20 | INFO |     log_alpha: min=1.82 median=2.36 max=2.37 std=0.03 frac_prunable=0.000 frac_saturated=0.000
01:37:46 | INFO | [bayesian_train] epoch 48/75 train_task_loss=2.4069 train_kl=200.66 beta=0.05000 train_cost=818021024.82 gamma=0.000000 train_acc=0.0983 val_loss=1.5221 val_acc=0.5107 time=26.1s
01:37:46 | INFO |     log_alpha: min=1.86 median=2.40 max=2.41 std=0.03 frac_prunable=0.000 frac_saturated=0.000
01:38:12 | INFO | [bayesian_train] epoch 49/75 train_task_loss=2.4034 train_kl=193.04 beta=0.05000 train_cost=806773837.49 gamma=0.000000 train_acc=0.1008 val_loss=1.5234 val_acc=0.5076 time=26.2s
01:38:12 | INFO |     log_alpha: min=1.89 median=2.44 max=2.44 std=0.03 frac_prunable=0.000 frac_saturated=0.000
01:38:38 | INFO | [bayesian_train] epoch 50/75 train_task_loss=2.3988 train_kl=185.96 beta=0.05000 train_cost=795817513.39 gamma=0.000000 train_acc=0.1011 val_loss=1.5724 val_acc=0.4920 time=26.0s
01:38:38 | INFO |     log_alpha: min=1.93 median=2.47 max=2.48 std=0.03 frac_prunable=0.000 frac_saturated=0.000
01:39:04 | INFO | [bayesian_train] epoch 51/75 train_task_loss=2.3926 train_kl=179.37 beta=0.05000 train_cost=785134963.60 gamma=0.000000 train_acc=0.1021 val_loss=1.5955 val_acc=0.4701 time=26.0s
01:39:04 | INFO |     log_alpha: min=1.96 median=2.51 max=2.52 std=0.03 frac_prunable=0.000 frac_saturated=0.000
01:39:04 | INFO |     gate pressure conv_layers.0: |d task/d log_alpha|=3.025e-04 beta*|d KL/d log_alpha|=2.091e-03 ratio=0.145
01:39:04 | INFO |     gate pressure conv_layers.1: |d task/d log_alpha|=4.925e-04 beta*|d KL/d log_alpha|=2.100e-03 ratio=0.234
01:39:04 | INFO |     gate pressure conv_layers.2: |d task/d log_alpha|=2.712e-04 beta*|d KL/d log_alpha|=2.087e-03 ratio=0.130
01:39:04 | INFO |     gate pressure conv_layers.3: |d task/d log_alpha|=3.661e-04 beta*|d KL/d log_alpha|=2.090e-03 ratio=0.175
01:39:04 | INFO |     gate pressure conv_layers.4: |d task/d log_alpha|=2.165e-04 beta*|d KL/d log_alpha|=2.072e-03 ratio=0.104
01:39:04 | INFO |     gate pressure conv_layers.5: |d task/d log_alpha|=2.279e-04 beta*|d KL/d log_alpha|=2.070e-03 ratio=0.110
01:39:04 | INFO |     gate pressure conv_layers.6: |d task/d log_alpha|=2.408e-04 beta*|d KL/d log_alpha|=2.066e-03 ratio=0.117
01:39:04 | INFO |     gate pressure conv_layers.7: |d task/d log_alpha|=1.537e-04 beta*|d KL/d log_alpha|=2.057e-03 ratio=0.075
01:39:04 | INFO |     gate pressure conv_layers.8: |d task/d log_alpha|=1.387e-04 beta*|d KL/d log_alpha|=2.054e-03 ratio=0.068
01:39:04 | INFO |     gate pressure conv_layers.9: |d task/d log_alpha|=1.636e-04 beta*|d KL/d log_alpha|=2.054e-03 ratio=0.080
01:39:04 | INFO |     gate pressure conv_layers.10: |d task/d log_alpha|=2.077e-04 beta*|d KL/d log_alpha|=2.053e-03 ratio=0.101
01:39:04 | INFO |     gate pressure conv_layers.11: |d task/d log_alpha|=2.864e-04 beta*|d KL/d log_alpha|=2.057e-03 ratio=0.139
01:39:04 | INFO |     gate pressure conv_layers.12: |d task/d log_alpha|=4.639e-04 beta*|d KL/d log_alpha|=2.107e-03 ratio=0.220
01:39:31 | INFO | [bayesian_train] epoch 52/75 train_task_loss=2.3922 train_kl=173.23 beta=0.05000 train_cost=774746135.16 gamma=0.000000 train_acc=0.0988 val_loss=1.6110 val_acc=0.4756 time=26.2s
01:39:31 | INFO |     log_alpha: min=2.00 median=2.54 max=2.55 std=0.03 frac_prunable=0.000 frac_saturated=0.000
01:39:56 | INFO | [bayesian_train] epoch 53/75 train_task_loss=2.3885 train_kl=167.48 beta=0.05000 train_cost=764595713.64 gamma=0.000000 train_acc=0.1000 val_loss=1.6389 val_acc=0.4518 time=25.8s
01:39:56 | INFO |     log_alpha: min=2.03 median=2.58 max=2.59 std=0.03 frac_prunable=0.000 frac_saturated=0.000
01:40:22 | INFO | [bayesian_train] epoch 54/75 train_task_loss=2.3856 train_kl=162.09 beta=0.05000 train_cost=754696634.89 gamma=0.000000 train_acc=0.1007 val_loss=1.6751 val_acc=0.4363 time=26.1s
01:40:22 | INFO |     log_alpha: min=2.07 median=2.61 max=2.62 std=0.03 frac_prunable=0.000 frac_saturated=0.000
01:40:48 | INFO | [bayesian_train] epoch 55/75 train_task_loss=2.3817 train_kl=157.05 beta=0.05000 train_cost=745065711.59 gamma=0.000000 train_acc=0.1008 val_loss=1.6770 val_acc=0.4287 time=25.9s
01:40:48 | INFO |     log_alpha: min=2.10 median=2.64 max=2.65 std=0.03 frac_prunable=0.000 frac_saturated=0.000
01:41:14 | INFO | [bayesian_train] epoch 56/75 train_task_loss=2.3825 train_kl=152.31 beta=0.05000 train_cost=735691645.63 gamma=0.000000 train_acc=0.0981 val_loss=1.7068 val_acc=0.4197 time=26.1s
01:41:14 | INFO |     log_alpha: min=2.12 median=2.67 max=2.68 std=0.03 frac_prunable=0.000 frac_saturated=0.000
01:41:14 | INFO |     gate pressure conv_layers.0: |d task/d log_alpha|=2.898e-04 beta*|d KL/d log_alpha|=1.782e-03 ratio=0.163
01:41:14 | INFO |     gate pressure conv_layers.1: |d task/d log_alpha|=5.418e-04 beta*|d KL/d log_alpha|=1.789e-03 ratio=0.303
01:41:14 | INFO |     gate pressure conv_layers.2: |d task/d log_alpha|=2.819e-04 beta*|d KL/d log_alpha|=1.779e-03 ratio=0.158
01:41:14 | INFO |     gate pressure conv_layers.3: |d task/d log_alpha|=3.791e-04 beta*|d KL/d log_alpha|=1.782e-03 ratio=0.213
01:41:14 | INFO |     gate pressure conv_layers.4: |d task/d log_alpha|=2.324e-04 beta*|d KL/d log_alpha|=1.768e-03 ratio=0.131
01:41:14 | INFO |     gate pressure conv_layers.5: |d task/d log_alpha|=2.399e-04 beta*|d KL/d log_alpha|=1.766e-03 ratio=0.136
01:41:14 | INFO |     gate pressure conv_layers.6: |d task/d log_alpha|=2.577e-04 beta*|d KL/d log_alpha|=1.763e-03 ratio=0.146
01:41:14 | INFO |     gate pressure conv_layers.7: |d task/d log_alpha|=1.511e-04 beta*|d KL/d log_alpha|=1.757e-03 ratio=0.086
01:41:14 | INFO |     gate pressure conv_layers.8: |d task/d log_alpha|=1.488e-04 beta*|d KL/d log_alpha|=1.754e-03 ratio=0.085
01:41:14 | INFO |     gate pressure conv_layers.9: |d task/d log_alpha|=1.862e-04 beta*|d KL/d log_alpha|=1.755e-03 ratio=0.106
01:41:14 | INFO |     gate pressure conv_layers.10: |d task/d log_alpha|=2.294e-04 beta*|d KL/d log_alpha|=1.754e-03 ratio=0.131
01:41:14 | INFO |     gate pressure conv_layers.11: |d task/d log_alpha|=2.568e-04 beta*|d KL/d log_alpha|=1.757e-03 ratio=0.146
01:41:14 | INFO |     gate pressure conv_layers.12: |d task/d log_alpha|=4.790e-04 beta*|d KL/d log_alpha|=1.800e-03 ratio=0.266
01:41:41 | INFO | [bayesian_train] epoch 57/75 train_task_loss=2.3822 train_kl=147.87 beta=0.05000 train_cost=726581361.05 gamma=0.000000 train_acc=0.0985 val_loss=1.6996 val_acc=0.4229 time=26.1s
01:41:41 | INFO |     log_alpha: min=2.15 median=2.70 max=2.71 std=0.03 frac_prunable=0.000 frac_saturated=0.000
01:42:07 | INFO | [bayesian_train] epoch 58/75 train_task_loss=2.3811 train_kl=143.67 beta=0.05000 train_cost=717692987.81 gamma=0.000000 train_acc=0.0993 val_loss=1.7456 val_acc=0.4033 time=26.0s
01:42:07 | INFO |     log_alpha: min=2.17 median=2.73 max=2.73 std=0.03 frac_prunable=0.000 frac_saturated=0.000
01:42:33 | INFO | [bayesian_train] epoch 59/75 train_task_loss=2.3790 train_kl=139.73 beta=0.05000 train_cost=709057280.36 gamma=0.000000 train_acc=0.0979 val_loss=1.7491 val_acc=0.4066 time=26.0s
01:42:33 | INFO |     log_alpha: min=2.20 median=2.75 max=2.76 std=0.03 frac_prunable=0.000 frac_saturated=0.000
01:42:59 | INFO | [bayesian_train] epoch 60/75 train_task_loss=2.3774 train_kl=136.01 beta=0.05000 train_cost=700672276.42 gamma=0.000000 train_acc=0.0971 val_loss=1.7604 val_acc=0.4000 time=26.0s
01:42:59 | INFO |     log_alpha: min=2.23 median=2.78 max=2.79 std=0.03 frac_prunable=0.000 frac_saturated=0.000
01:43:25 | INFO | [bayesian_train] epoch 61/75 train_task_loss=2.3763 train_kl=132.50 beta=0.05000 train_cost=692527168.18 gamma=0.000000 train_acc=0.1000 val_loss=1.7810 val_acc=0.3977 time=26.1s
01:43:25 | INFO |     log_alpha: min=2.25 median=2.81 max=2.82 std=0.03 frac_prunable=0.000 frac_saturated=0.000
01:43:25 | INFO |     gate pressure conv_layers.0: |d task/d log_alpha|=3.982e-04 beta*|d KL/d log_alpha|=1.554e-03 ratio=0.256
01:43:25 | INFO |     gate pressure conv_layers.1: |d task/d log_alpha|=6.140e-04 beta*|d KL/d log_alpha|=1.559e-03 ratio=0.394
01:43:25 | INFO |     gate pressure conv_layers.2: |d task/d log_alpha|=2.364e-04 beta*|d KL/d log_alpha|=1.552e-03 ratio=0.152
01:43:25 | INFO |     gate pressure conv_layers.3: |d task/d log_alpha|=3.632e-04 beta*|d KL/d log_alpha|=1.554e-03 ratio=0.234
01:43:25 | INFO |     gate pressure conv_layers.4: |d task/d log_alpha|=1.874e-04 beta*|d KL/d log_alpha|=1.544e-03 ratio=0.121
01:43:25 | INFO |     gate pressure conv_layers.5: |d task/d log_alpha|=1.919e-04 beta*|d KL/d log_alpha|=1.543e-03 ratio=0.124
01:43:25 | INFO |     gate pressure conv_layers.6: |d task/d log_alpha|=1.847e-04 beta*|d KL/d log_alpha|=1.540e-03 ratio=0.120
01:43:25 | INFO |     gate pressure conv_layers.7: |d task/d log_alpha|=1.402e-04 beta*|d KL/d log_alpha|=1.536e-03 ratio=0.091
01:43:25 | INFO |     gate pressure conv_layers.8: |d task/d log_alpha|=1.351e-04 beta*|d KL/d log_alpha|=1.533e-03 ratio=0.088
01:43:25 | INFO |     gate pressure conv_layers.9: |d task/d log_alpha|=1.558e-04 beta*|d KL/d log_alpha|=1.534e-03 ratio=0.102
01:43:25 | INFO |     gate pressure conv_layers.10: |d task/d log_alpha|=1.947e-04 beta*|d KL/d log_alpha|=1.534e-03 ratio=0.127
01:43:25 | INFO |     gate pressure conv_layers.11: |d task/d log_alpha|=2.567e-04 beta*|d KL/d log_alpha|=1.536e-03 ratio=0.167
01:43:25 | INFO |     gate pressure conv_layers.12: |d task/d log_alpha|=3.958e-04 beta*|d KL/d log_alpha|=1.574e-03 ratio=0.251
01:43:51 | INFO | [bayesian_train] epoch 62/75 train_task_loss=2.3734 train_kl=129.20 beta=0.05000 train_cost=684641891.74 gamma=0.000000 train_acc=0.0997 val_loss=1.8239 val_acc=0.3615 time=26.2s
01:43:51 | INFO |     log_alpha: min=2.27 median=2.83 max=2.84 std=0.03 frac_prunable=0.000 frac_saturated=0.000
01:44:17 | INFO | [bayesian_train] epoch 63/75 train_task_loss=2.3743 train_kl=126.08 beta=0.05000 train_cost=676969738.39 gamma=0.000000 train_acc=0.1006 val_loss=1.8077 val_acc=0.3854 time=26.2s
01:44:17 | INFO |     log_alpha: min=2.30 median=2.86 max=2.86 std=0.03 frac_prunable=0.000 frac_saturated=0.000
01:44:43 | INFO | [bayesian_train] epoch 64/75 train_task_loss=2.3743 train_kl=123.11 beta=0.05000 train_cost=669512788.06 gamma=0.000000 train_acc=0.1000 val_loss=1.8321 val_acc=0.3617 time=26.2s
01:44:43 | INFO |     log_alpha: min=2.32 median=2.88 max=2.89 std=0.03 frac_prunable=0.000 frac_saturated=0.000
01:45:09 | INFO | [bayesian_train] epoch 65/75 train_task_loss=2.3731 train_kl=120.31 beta=0.05000 train_cost=662285566.54 gamma=0.000000 train_acc=0.0994 val_loss=1.8424 val_acc=0.3641 time=26.0s
01:45:09 | INFO |     log_alpha: min=2.34 median=2.90 max=2.91 std=0.03 frac_prunable=0.000 frac_saturated=0.000
01:45:35 | INFO | [bayesian_train] epoch 66/75 train_task_loss=2.3684 train_kl=117.65 beta=0.05000 train_cost=655251804.44 gamma=0.000000 train_acc=0.1013 val_loss=1.8449 val_acc=0.3607 time=26.0s
01:45:35 | INFO |     log_alpha: min=2.35 median=2.92 max=2.93 std=0.03 frac_prunable=0.000 frac_saturated=0.000
01:45:35 | INFO |     gate pressure conv_layers.0: |d task/d log_alpha|=4.435e-04 beta*|d KL/d log_alpha|=1.383e-03 ratio=0.321
01:45:35 | INFO |     gate pressure conv_layers.1: |d task/d log_alpha|=6.865e-04 beta*|d KL/d log_alpha|=1.387e-03 ratio=0.495
01:45:35 | INFO |     gate pressure conv_layers.2: |d task/d log_alpha|=3.434e-04 beta*|d KL/d log_alpha|=1.381e-03 ratio=0.249
01:45:35 | INFO |     gate pressure conv_layers.3: |d task/d log_alpha|=4.501e-04 beta*|d KL/d log_alpha|=1.383e-03 ratio=0.325
01:45:35 | INFO |     gate pressure conv_layers.4: |d task/d log_alpha|=1.972e-04 beta*|d KL/d log_alpha|=1.375e-03 ratio=0.143
01:45:35 | INFO |     gate pressure conv_layers.5: |d task/d log_alpha|=2.067e-04 beta*|d KL/d log_alpha|=1.374e-03 ratio=0.150
01:45:35 | INFO |     gate pressure conv_layers.6: |d task/d log_alpha|=2.015e-04 beta*|d KL/d log_alpha|=1.372e-03 ratio=0.147
01:45:35 | INFO |     gate pressure conv_layers.7: |d task/d log_alpha|=1.348e-04 beta*|d KL/d log_alpha|=1.368e-03 ratio=0.099
01:45:35 | INFO |     gate pressure conv_layers.8: |d task/d log_alpha|=1.389e-04 beta*|d KL/d log_alpha|=1.366e-03 ratio=0.102
01:45:35 | INFO |     gate pressure conv_layers.9: |d task/d log_alpha|=1.633e-04 beta*|d KL/d log_alpha|=1.367e-03 ratio=0.119
01:45:35 | INFO |     gate pressure conv_layers.10: |d task/d log_alpha|=2.214e-04 beta*|d KL/d log_alpha|=1.367e-03 ratio=0.162
01:45:35 | INFO |     gate pressure conv_layers.11: |d task/d log_alpha|=2.931e-04 beta*|d KL/d log_alpha|=1.369e-03 ratio=0.214
01:45:35 | INFO |     gate pressure conv_layers.12: |d task/d log_alpha|=4.055e-04 beta*|d KL/d log_alpha|=1.403e-03 ratio=0.289
01:46:01 | INFO | [bayesian_train] epoch 67/75 train_task_loss=2.3715 train_kl=115.11 beta=0.05000 train_cost=648403538.96 gamma=0.000000 train_acc=0.0986 val_loss=1.8525 val_acc=0.3443 time=26.1s
01:46:01 | INFO |     log_alpha: min=2.37 median=2.95 max=2.96 std=0.03 frac_prunable=0.000 frac_saturated=0.000
01:46:28 | INFO | [bayesian_train] epoch 68/75 train_task_loss=2.3704 train_kl=112.71 beta=0.05000 train_cost=641761758.27 gamma=0.000000 train_acc=0.1005 val_loss=1.8566 val_acc=0.3533 time=26.1s
01:46:28 | INFO |     log_alpha: min=2.39 median=2.97 max=2.98 std=0.03 frac_prunable=0.000 frac_saturated=0.000
01:46:54 | INFO | [bayesian_train] epoch 69/75 train_task_loss=2.3684 train_kl=110.43 beta=0.05000 train_cost=635349839.13 gamma=0.000000 train_acc=0.1026 val_loss=1.8760 val_acc=0.3371 time=26.1s
01:46:54 | INFO |     log_alpha: min=2.40 median=2.99 max=3.00 std=0.03 frac_prunable=0.000 frac_saturated=0.000
01:47:20 | INFO | [bayesian_train] epoch 70/75 train_task_loss=2.3686 train_kl=108.27 beta=0.05000 train_cost=629118837.24 gamma=0.000000 train_acc=0.1020 val_loss=1.8899 val_acc=0.3404 time=26.2s
01:47:20 | INFO |     log_alpha: min=2.42 median=3.01 max=3.01 std=0.03 frac_prunable=0.869 frac_saturated=0.000
01:47:46 | INFO | [bayesian_train] epoch 71/75 train_task_loss=2.3721 train_kl=106.21 beta=0.05000 train_cost=623056410.99 gamma=0.000000 train_acc=0.1003 val_loss=1.9058 val_acc=0.3238 time=26.1s
01:47:46 | INFO |     log_alpha: min=2.44 median=3.02 max=3.03 std=0.03 frac_prunable=0.979 frac_saturated=0.000
01:47:46 | INFO |     gate pressure conv_layers.0: |d task/d log_alpha|=5.840e-04 beta*|d KL/d log_alpha|=1.251e-03 ratio=0.467
01:47:46 | INFO |     gate pressure conv_layers.1: |d task/d log_alpha|=7.613e-04 beta*|d KL/d log_alpha|=1.254e-03 ratio=0.607
01:47:46 | INFO |     gate pressure conv_layers.2: |d task/d log_alpha|=3.259e-04 beta*|d KL/d log_alpha|=1.249e-03 ratio=0.261
01:47:46 | INFO |     gate pressure conv_layers.3: |d task/d log_alpha|=3.708e-04 beta*|d KL/d log_alpha|=1.250e-03 ratio=0.297
01:47:46 | INFO |     gate pressure conv_layers.4: |d task/d log_alpha|=2.345e-04 beta*|d KL/d log_alpha|=1.244e-03 ratio=0.189
01:47:46 | INFO |     gate pressure conv_layers.5: |d task/d log_alpha|=2.164e-04 beta*|d KL/d log_alpha|=1.243e-03 ratio=0.174
01:47:46 | INFO |     gate pressure conv_layers.6: |d task/d log_alpha|=2.125e-04 beta*|d KL/d log_alpha|=1.241e-03 ratio=0.171
01:47:46 | INFO |     gate pressure conv_layers.7: |d task/d log_alpha|=1.441e-04 beta*|d KL/d log_alpha|=1.238e-03 ratio=0.116
01:47:46 | INFO |     gate pressure conv_layers.8: |d task/d log_alpha|=1.369e-04 beta*|d KL/d log_alpha|=1.237e-03 ratio=0.111
01:47:46 | INFO |     gate pressure conv_layers.9: |d task/d log_alpha|=1.776e-04 beta*|d KL/d log_alpha|=1.238e-03 ratio=0.144
01:47:46 | INFO |     gate pressure conv_layers.10: |d task/d log_alpha|=2.279e-04 beta*|d KL/d log_alpha|=1.237e-03 ratio=0.184
01:47:46 | INFO |     gate pressure conv_layers.11: |d task/d log_alpha|=2.801e-04 beta*|d KL/d log_alpha|=1.239e-03 ratio=0.226
01:47:46 | INFO |     gate pressure conv_layers.12: |d task/d log_alpha|=4.211e-04 beta*|d KL/d log_alpha|=1.270e-03 ratio=0.331
01:48:12 | INFO | [bayesian_train] epoch 72/75 train_task_loss=2.3701 train_kl=104.23 beta=0.05000 train_cost=617163898.35 gamma=0.000000 train_acc=0.0981 val_loss=1.9207 val_acc=0.3178 time=26.1s
01:48:12 | INFO |     log_alpha: min=2.46 median=3.04 max=3.05 std=0.03 frac_prunable=0.985 frac_saturated=0.000
01:48:38 | INFO | [bayesian_train] epoch 73/75 train_task_loss=2.3723 train_kl=102.35 beta=0.05000 train_cost=611434619.44 gamma=0.000000 train_acc=0.0993 val_loss=1.9141 val_acc=0.3230 time=26.0s
01:48:38 | INFO |     log_alpha: min=2.47 median=3.06 max=3.07 std=0.03 frac_prunable=0.989 frac_saturated=0.000
01:49:04 | INFO | [bayesian_train] epoch 74/75 train_task_loss=2.3709 train_kl=100.57 beta=0.05000 train_cost=605924383.00 gamma=0.000000 train_acc=0.0989 val_loss=1.9112 val_acc=0.3174 time=26.1s
01:49:04 | INFO |     log_alpha: min=2.48 median=3.08 max=3.09 std=0.03 frac_prunable=0.991 frac_saturated=0.000
01:49:30 | INFO | [bayesian_train] epoch 75/75 train_task_loss=2.3702 train_kl=98.87 beta=0.05000 train_cost=600549805.77 gamma=0.000000 train_acc=0.0991 val_loss=1.9259 val_acc=0.3223 time=26.1s
01:49:30 | INFO |     log_alpha: min=2.48 median=3.10 max=3.10 std=0.03 frac_prunable=0.992 frac_saturated=0.000

Gate ranking: NOT USABLE (log_alpha std is 0.028 across 4224 gates, so they never differentiated from each other and the ranking is close to arbitrary)
01:49:31 | INFO | Gate ranking after training: NOT USABLE -- log_alpha std is 0.028 across 4224 gates, so they never differentiated from each other and the ranking is close to arbitrary
