====================================================
Job started: Fri 24 Jul 21:21:19 BST 2026
Node: node849.csf3.man.alces.network
====================================================
----------------------------------------------------
Hardware information
----------------------------------------------------
Fri Jul 24 21:21:36 2026       
+-----------------------------------------------------------------------------------------+
| NVIDIA-SMI 580.159.04             Driver Version: 580.159.04     CUDA Version: 13.0     |
+-----------------------------------------+------------------------+----------------------+
| GPU  Name                 Persistence-M | Bus-Id          Disp.A | Volatile Uncorr. ECC |
| Fan  Temp   Perf          Pwr:Usage/Cap |           Memory-Usage | GPU-Util  Compute M. |
|                                         |                        |               MIG M. |
|=========================================+========================+======================|
|   0  NVIDIA A100-SXM4-80GB          On  |   00000000:81:00.0 Off |                    0 |
| N/A   26C    P0             59W /  400W |       0MiB /  81920MiB |      0%      Default |
|                                         |                        |             Disabled |
+-----------------------------------------+------------------------+----------------------+

+-----------------------------------------------------------------------------------------+
| Processes:                                                                              |
|  GPU   GI   CI              PID   Type   Process name                        GPU Memory |
|        ID   ID                                                               Usage      |
|=========================================================================================|
|  No running processes found                                                             |
+-----------------------------------------------------------------------------------------+
CUDA available: True
Device count: 1
Device name: NVIDIA A100-SXM4-80GB
----------------------------------------------------

============================================================
Bio-Inspired Pruning: Experiment 1 / 3
LENET
============================================================
Files already downloaded and verified
Files already downloaded and verified
Files already downloaded and verified
21:25:08 | INFO | Reusing existing pretrained baseline: ./outputs/lenet/trained_model.pt

Running lenet / naive_firing_rate / keep_fraction=0.1 ...
21:25:46 | INFO | [naive_firing_rate] activity pass 1/1 done
21:25:48 | INFO | [naive_firing_rate_kf0.100] Parameters: 62006 -> 934 (98.5% pruned)
21:26:32 | INFO | [finetune] epoch 1/20 train_task_loss=2.3810 train_kl=0.00 beta=0.00000 train_acc=0.0997 val_loss=2.2611 val_acc=0.1096 time=43.9s
21:27:01 | INFO | [finetune] epoch 2/20 train_task_loss=2.2511 train_kl=0.00 beta=0.00000 train_acc=0.1295 val_loss=2.1892 val_acc=0.1463 time=29.3s
21:27:30 | INFO | [finetune] epoch 3/20 train_task_loss=2.1861 train_kl=0.00 beta=0.00000 train_acc=0.1587 val_loss=2.1138 val_acc=0.1727 time=29.3s
21:28:00 | INFO | [finetune] epoch 4/20 train_task_loss=2.1172 train_kl=0.00 beta=0.00000 train_acc=0.1720 val_loss=2.0537 val_acc=0.1967 time=29.4s
21:28:29 | INFO | [finetune] epoch 5/20 train_task_loss=2.0715 train_kl=0.00 beta=0.00000 train_acc=0.1808 val_loss=2.0337 val_acc=0.1885 time=29.4s
21:28:58 | INFO | [finetune] epoch 6/20 train_task_loss=2.0472 train_kl=0.00 beta=0.00000 train_acc=0.1789 val_loss=2.0031 val_acc=0.2002 time=29.3s
21:29:29 | INFO | [finetune] epoch 7/20 train_task_loss=2.0304 train_kl=0.00 beta=0.00000 train_acc=0.1864 val_loss=1.9808 val_acc=0.2051 time=30.8s
21:30:00 | INFO | [finetune] epoch 8/20 train_task_loss=2.0130 train_kl=0.00 beta=0.00000 train_acc=0.1935 val_loss=1.9749 val_acc=0.2053 time=30.8s
21:30:31 | INFO | [finetune] epoch 9/20 train_task_loss=2.0080 train_kl=0.00 beta=0.00000 train_acc=0.1980 val_loss=1.9648 val_acc=0.2227 time=30.7s
21:31:00 | INFO | [finetune] epoch 10/20 train_task_loss=1.9985 train_kl=0.00 beta=0.00000 train_acc=0.2050 val_loss=1.9622 val_acc=0.2244 time=29.6s
21:31:30 | INFO | [finetune] epoch 11/20 train_task_loss=1.9976 train_kl=0.00 beta=0.00000 train_acc=0.2025 val_loss=1.9555 val_acc=0.2311 time=29.4s
21:31:59 | INFO | [finetune] epoch 12/20 train_task_loss=1.9954 train_kl=0.00 beta=0.00000 train_acc=0.2080 val_loss=1.9597 val_acc=0.2279 time=29.5s
21:32:29 | INFO | [finetune] epoch 13/20 train_task_loss=1.9917 train_kl=0.00 beta=0.00000 train_acc=0.2058 val_loss=1.9601 val_acc=0.2246 time=29.5s
21:32:58 | INFO | [finetune] epoch 14/20 train_task_loss=1.9910 train_kl=0.00 beta=0.00000 train_acc=0.2049 val_loss=1.9558 val_acc=0.2248 time=29.5s
21:33:28 | INFO | [finetune] epoch 15/20 train_task_loss=1.9892 train_kl=0.00 beta=0.00000 train_acc=0.2056 val_loss=1.9558 val_acc=0.2270 time=29.6s
21:33:57 | INFO | [finetune] epoch 16/20 train_task_loss=1.9897 train_kl=0.00 beta=0.00000 train_acc=0.2089 val_loss=1.9550 val_acc=0.2271 time=29.6s
21:34:27 | INFO | [finetune] epoch 17/20 train_task_loss=1.9873 train_kl=0.00 beta=0.00000 train_acc=0.2062 val_loss=1.9578 val_acc=0.2289 time=29.7s
21:34:57 | INFO | [finetune] epoch 18/20 train_task_loss=1.9917 train_kl=0.00 beta=0.00000 train_acc=0.2103 val_loss=1.9577 val_acc=0.2207 time=29.4s
21:35:26 | INFO | [finetune] epoch 19/20 train_task_loss=1.9851 train_kl=0.00 beta=0.00000 train_acc=0.2090 val_loss=1.9574 val_acc=0.2311 time=29.4s
21:35:55 | INFO | [finetune] epoch 20/20 train_task_loss=1.9882 train_kl=0.00 beta=0.00000 train_acc=0.2072 val_loss=1.9634 val_acc=0.2234 time=29.4s
21:36:03 | INFO | [naive_firing_rate_kf0.100] Final test accuracy: 0.2235

Running lenet / sca / keep_fraction=0.1 ...
21:36:41 | INFO | [sca_train] cycle 1/6 epoch 1/30 train_acc=0.6623 val_acc=0.6689 time=37.1s
21:37:15 | INFO | [sca_train] cycle 1/6 epoch 2/30 train_acc=0.6644 val_acc=0.6611 time=34.2s
21:37:49 | INFO | [sca_train] cycle 1/6 epoch 3/30 train_acc=0.6612 val_acc=0.6750 time=34.3s
21:38:24 | INFO | [sca_train] cycle 1/6 epoch 4/30 train_acc=0.6628 val_acc=0.6678 time=34.5s
21:38:58 | INFO | [sca_train] cycle 1/6 epoch 5/30 train_acc=0.6643 val_acc=0.6701 time=34.3s
21:38:58 | INFO | [sca_train]   end of cycle 1: target_frac=0.850 alive=192/226 (85.0%)
21:39:32 | INFO | [sca_train] cycle 2/6 epoch 6/30 train_acc=0.5965 val_acc=0.6436 time=34.3s
21:40:07 | INFO | [sca_train] cycle 2/6 epoch 7/30 train_acc=0.6226 val_acc=0.6350 time=34.3s
21:40:41 | INFO | [sca_train] cycle 2/6 epoch 8/30 train_acc=0.6282 val_acc=0.6613 time=34.4s
21:41:16 | INFO | [sca_train] cycle 2/6 epoch 9/30 train_acc=0.6354 val_acc=0.6527 time=34.5s
21:41:50 | INFO | [sca_train] cycle 2/6 epoch 10/30 train_acc=0.6384 val_acc=0.6666 time=34.3s
21:41:50 | INFO | [sca_train]   end of cycle 2: target_frac=0.700 alive=158/226 (69.9%)
21:42:24 | INFO | [sca_train] cycle 3/6 epoch 11/30 train_acc=0.5155 val_acc=0.5697 time=34.1s
21:42:59 | INFO | [sca_train] cycle 3/6 epoch 12/30 train_acc=0.5562 val_acc=0.5922 time=34.5s
21:43:33 | INFO | [sca_train] cycle 3/6 epoch 13/30 train_acc=0.5657 val_acc=0.6062 time=34.4s
21:44:07 | INFO | [sca_train] cycle 3/6 epoch 14/30 train_acc=0.5774 val_acc=0.6078 time=34.4s
21:44:42 | INFO | [sca_train] cycle 3/6 epoch 15/30 train_acc=0.5773 val_acc=0.6129 time=34.3s
21:44:42 | INFO | [sca_train]   end of cycle 3: target_frac=0.550 alive=124/226 (54.9%)
21:45:16 | INFO | [sca_train] cycle 4/6 epoch 16/30 train_acc=0.4278 val_acc=0.4881 time=34.2s
21:45:50 | INFO | [sca_train] cycle 4/6 epoch 17/30 train_acc=0.4670 val_acc=0.5014 time=34.4s
21:46:25 | INFO | [sca_train] cycle 4/6 epoch 18/30 train_acc=0.4806 val_acc=0.5004 time=34.3s
21:46:59 | INFO | [sca_train] cycle 4/6 epoch 19/30 train_acc=0.4894 val_acc=0.5209 time=34.3s
21:47:34 | INFO | [sca_train] cycle 4/6 epoch 20/30 train_acc=0.4955 val_acc=0.5271 time=34.6s
21:47:34 | INFO | [sca_train]   end of cycle 4: target_frac=0.400 alive=90/226 (39.8%)
21:48:13 | INFO | [sca_train] cycle 5/6 epoch 21/30 train_acc=0.3210 val_acc=0.3787 time=39.5s
21:48:48 | INFO | [sca_train] cycle 5/6 epoch 22/30 train_acc=0.3675 val_acc=0.4061 time=34.9s
21:49:25 | INFO | [sca_train] cycle 5/6 epoch 23/30 train_acc=0.3865 val_acc=0.4197 time=36.6s
21:50:00 | INFO | [sca_train] cycle 5/6 epoch 24/30 train_acc=0.3938 val_acc=0.4160 time=35.4s
21:50:35 | INFO | [sca_train] cycle 5/6 epoch 25/30 train_acc=0.4001 val_acc=0.4252 time=34.6s
21:50:35 | INFO | [sca_train]   end of cycle 5: target_frac=0.250 alive=57/226 (25.2%)
21:51:09 | INFO | [sca_train] cycle 6/6 epoch 26/30 train_acc=0.2789 val_acc=0.3391 time=34.6s
21:51:44 | INFO | [sca_train] cycle 6/6 epoch 27/30 train_acc=0.3174 val_acc=0.3459 time=34.4s
21:52:18 | INFO | [sca_train] cycle 6/6 epoch 28/30 train_acc=0.3267 val_acc=0.3564 time=34.4s
21:52:53 | INFO | [sca_train] cycle 6/6 epoch 29/30 train_acc=0.3315 val_acc=0.3609 time=34.9s
21:53:29 | INFO | [sca_train] cycle 6/6 epoch 30/30 train_acc=0.3305 val_acc=0.3625 time=35.7s
21:53:29 | INFO | [sca_train]   end of cycle 6: target_frac=0.100 alive=23/226 (10.2%)
21:53:29 | INFO | [sca_kf0.100] Parameters: 62006 -> 934 (98.5% pruned)
21:54:01 | INFO | [finetune] epoch 1/20 train_task_loss=2.2208 train_kl=0.00 beta=0.00000 train_acc=0.1473 val_loss=2.1015 val_acc=0.1689 time=31.7s
21:54:32 | INFO | [finetune] epoch 2/20 train_task_loss=2.0563 train_kl=0.00 beta=0.00000 train_acc=0.1759 val_loss=2.0207 val_acc=0.1885 time=30.7s
21:55:02 | INFO | [finetune] epoch 3/20 train_task_loss=2.0189 train_kl=0.00 beta=0.00000 train_acc=0.1778 val_loss=1.9897 val_acc=0.1863 time=30.7s
21:55:33 | INFO | [finetune] epoch 4/20 train_task_loss=2.0017 train_kl=0.00 beta=0.00000 train_acc=0.1820 val_loss=1.9676 val_acc=0.1865 time=30.7s
21:56:04 | INFO | [finetune] epoch 5/20 train_task_loss=1.9851 train_kl=0.00 beta=0.00000 train_acc=0.1944 val_loss=1.9581 val_acc=0.2105 time=30.9s
21:56:35 | INFO | [finetune] epoch 6/20 train_task_loss=1.9747 train_kl=0.00 beta=0.00000 train_acc=0.2043 val_loss=1.9459 val_acc=0.2225 time=31.0s
21:57:05 | INFO | [finetune] epoch 7/20 train_task_loss=1.9671 train_kl=0.00 beta=0.00000 train_acc=0.2091 val_loss=1.9331 val_acc=0.2283 time=30.5s
21:57:36 | INFO | [finetune] epoch 8/20 train_task_loss=1.9600 train_kl=0.00 beta=0.00000 train_acc=0.2114 val_loss=1.9269 val_acc=0.2262 time=30.8s
21:58:07 | INFO | [finetune] epoch 9/20 train_task_loss=1.9556 train_kl=0.00 beta=0.00000 train_acc=0.2159 val_loss=1.9242 val_acc=0.2262 time=30.8s
21:58:38 | INFO | [finetune] epoch 10/20 train_task_loss=1.9502 train_kl=0.00 beta=0.00000 train_acc=0.2170 val_loss=1.9253 val_acc=0.2371 time=30.8s
21:59:09 | INFO | [finetune] epoch 11/20 train_task_loss=1.9467 train_kl=0.00 beta=0.00000 train_acc=0.2223 val_loss=1.9201 val_acc=0.2428 time=30.7s
21:59:39 | INFO | [finetune] epoch 12/20 train_task_loss=1.9434 train_kl=0.00 beta=0.00000 train_acc=0.2213 val_loss=1.9102 val_acc=0.2437 time=30.8s
22:00:10 | INFO | [finetune] epoch 13/20 train_task_loss=1.9409 train_kl=0.00 beta=0.00000 train_acc=0.2253 val_loss=1.9142 val_acc=0.2402 time=30.5s
22:00:41 | INFO | [finetune] epoch 14/20 train_task_loss=1.9372 train_kl=0.00 beta=0.00000 train_acc=0.2282 val_loss=1.9029 val_acc=0.2398 time=30.9s
22:01:11 | INFO | [finetune] epoch 15/20 train_task_loss=1.9356 train_kl=0.00 beta=0.00000 train_acc=0.2262 val_loss=1.9117 val_acc=0.2375 time=30.8s
22:01:42 | INFO | [finetune] epoch 16/20 train_task_loss=1.9363 train_kl=0.00 beta=0.00000 train_acc=0.2291 val_loss=1.9003 val_acc=0.2410 time=30.7s
22:02:13 | INFO | [finetune] epoch 17/20 train_task_loss=1.9331 train_kl=0.00 beta=0.00000 train_acc=0.2283 val_loss=1.9051 val_acc=0.2373 time=30.7s
22:02:44 | INFO | [finetune] epoch 18/20 train_task_loss=1.9356 train_kl=0.00 beta=0.00000 train_acc=0.2271 val_loss=1.9070 val_acc=0.2371 time=30.7s
22:03:14 | INFO | [finetune] epoch 19/20 train_task_loss=1.9363 train_kl=0.00 beta=0.00000 train_acc=0.2256 val_loss=1.9101 val_acc=0.2410 time=30.6s
22:03:44 | INFO | [finetune] epoch 20/20 train_task_loss=1.9350 train_kl=0.00 beta=0.00000 train_acc=0.2253 val_loss=1.9008 val_acc=0.2432 time=29.5s
22:03:51 | INFO | [sca_kf0.100] Final test accuracy: 0.2473

Running lenet / dpap / keep_fraction=0.1 ...
22:04:26 | INFO | [dpap_train] epoch 1/30 train_acc=0.6623 val_acc=0.6689 alive=219/226 (96.9%) time=34.5s
22:05:02 | INFO | [dpap_train] epoch 2/30 train_acc=0.6644 val_acc=0.6436 alive=213/226 (94.2%) time=35.5s
22:05:37 | INFO | [dpap_train] epoch 3/30 train_acc=0.6520 val_acc=0.4154 alive=205/226 (90.7%) time=35.5s
22:06:13 | INFO | [dpap_train] epoch 4/30 train_acc=0.6032 val_acc=0.5996 alive=199/226 (88.1%) time=35.5s
22:06:47 | INFO | [dpap_train] epoch 5/30 train_acc=0.6153 val_acc=0.6186 alive=192/226 (85.0%) time=34.6s
22:07:22 | INFO | [dpap_train] epoch 6/30 train_acc=0.6230 val_acc=0.6096 alive=185/226 (81.9%) time=34.5s
22:07:56 | INFO | [dpap_train] epoch 7/30 train_acc=0.6166 val_acc=0.6246 alive=179/226 (79.2%) time=34.5s
22:08:30 | INFO | [dpap_train] epoch 8/30 train_acc=0.6180 val_acc=0.5367 alive=172/226 (76.1%) time=34.0s
22:09:05 | INFO | [dpap_train] epoch 9/30 train_acc=0.6077 val_acc=0.3537 alive=165/226 (73.0%) time=34.3s
22:09:39 | INFO | [dpap_train] epoch 10/30 train_acc=0.5474 val_acc=0.5457 alive=158/226 (69.9%) time=34.5s
22:10:14 | INFO | [dpap_train] epoch 11/30 train_acc=0.5618 val_acc=0.5828 alive=151/226 (66.8%) time=34.4s
22:10:48 | INFO | [dpap_train] epoch 12/30 train_acc=0.5718 val_acc=0.5342 alive=145/226 (64.2%) time=34.4s
22:11:22 | INFO | [dpap_train] epoch 13/30 train_acc=0.5630 val_acc=0.5736 alive=138/226 (61.1%) time=34.3s
22:11:57 | INFO | [dpap_train] epoch 14/30 train_acc=0.5641 val_acc=0.2389 alive=131/226 (58.0%) time=34.4s
22:12:31 | INFO | [dpap_train] epoch 15/30 train_acc=0.4605 val_acc=0.4883 alive=124/226 (54.9%) time=34.6s
22:13:06 | INFO | [dpap_train] epoch 16/30 train_acc=0.4928 val_acc=0.4611 alive=117/226 (51.8%) time=34.4s
22:13:40 | INFO | [dpap_train] epoch 17/30 train_acc=0.4801 val_acc=0.5041 alive=111/226 (49.1%) time=34.4s
22:14:14 | INFO | [dpap_train] epoch 18/30 train_acc=0.4839 val_acc=0.4002 alive=104/226 (46.0%) time=34.3s
22:14:49 | INFO | [dpap_train] epoch 19/30 train_acc=0.4596 val_acc=0.4875 alive=98/226 (43.4%) time=34.1s
22:15:36 | INFO | [dpap_train] epoch 20/30 train_acc=0.4653 val_acc=0.1131 alive=90/226 (39.8%) time=47.0s
22:16:11 | INFO | [dpap_train] epoch 21/30 train_acc=0.3229 val_acc=0.3613 alive=83/226 (36.7%) time=35.5s
22:16:46 | INFO | [dpap_train] epoch 22/30 train_acc=0.3534 val_acc=0.3375 alive=77/226 (34.1%) time=34.4s
22:17:20 | INFO | [dpap_train] epoch 23/30 train_acc=0.3494 val_acc=0.3689 alive=70/226 (31.0%) time=34.5s
22:17:54 | INFO | [dpap_train] epoch 24/30 train_acc=0.3496 val_acc=0.2498 alive=64/226 (28.3%) time=34.2s
22:18:28 | INFO | [dpap_train] epoch 25/30 train_acc=0.3084 val_acc=0.3268 alive=57/226 (25.2%) time=34.2s
22:19:03 | INFO | [dpap_train] epoch 26/30 train_acc=0.3072 val_acc=0.1105 alive=49/226 (21.7%) time=34.2s
22:19:37 | INFO | [dpap_train] epoch 27/30 train_acc=0.1693 val_acc=0.2121 alive=43/226 (19.0%) time=34.2s
22:20:11 | INFO | [dpap_train] epoch 28/30 train_acc=0.1988 val_acc=0.1941 alive=36/226 (15.9%) time=34.1s
22:20:45 | INFO | [dpap_train] epoch 29/30 train_acc=0.1994 val_acc=0.1354 alive=30/226 (13.3%) time=34.4s
22:21:20 | INFO | [dpap_train] epoch 30/30 train_acc=0.1381 val_acc=0.1361 alive=23/226 (10.2%) time=34.2s
22:21:20 | INFO | [dpap_kf0.100] Parameters: 62006 -> 934 (98.5% pruned)
22:21:50 | INFO | [finetune] epoch 1/20 train_task_loss=2.1518 train_kl=0.00 beta=0.00000 train_acc=0.1519 val_loss=2.0574 val_acc=0.1721 time=29.6s
22:22:19 | INFO | [finetune] epoch 2/20 train_task_loss=2.0448 train_kl=0.00 beta=0.00000 train_acc=0.1721 val_loss=2.0174 val_acc=0.1879 time=29.4s
22:22:49 | INFO | [finetune] epoch 3/20 train_task_loss=2.0209 train_kl=0.00 beta=0.00000 train_acc=0.1819 val_loss=1.9941 val_acc=0.1869 time=30.1s
22:23:20 | INFO | [finetune] epoch 4/20 train_task_loss=2.0062 train_kl=0.00 beta=0.00000 train_acc=0.1886 val_loss=1.9811 val_acc=0.1998 time=31.3s
22:23:50 | INFO | [finetune] epoch 5/20 train_task_loss=1.9984 train_kl=0.00 beta=0.00000 train_acc=0.1894 val_loss=1.9781 val_acc=0.1932 time=29.4s
22:24:19 | INFO | [finetune] epoch 6/20 train_task_loss=1.9877 train_kl=0.00 beta=0.00000 train_acc=0.1913 val_loss=1.9589 val_acc=0.2004 time=29.3s
22:24:49 | INFO | [finetune] epoch 7/20 train_task_loss=1.9798 train_kl=0.00 beta=0.00000 train_acc=0.1965 val_loss=1.9562 val_acc=0.2080 time=29.6s
22:25:18 | INFO | [finetune] epoch 8/20 train_task_loss=1.9776 train_kl=0.00 beta=0.00000 train_acc=0.1992 val_loss=1.9493 val_acc=0.2152 time=29.6s
22:25:48 | INFO | [finetune] epoch 9/20 train_task_loss=1.9725 train_kl=0.00 beta=0.00000 train_acc=0.2003 val_loss=1.9448 val_acc=0.2188 time=29.4s
22:26:17 | INFO | [finetune] epoch 10/20 train_task_loss=1.9670 train_kl=0.00 beta=0.00000 train_acc=0.2019 val_loss=1.9302 val_acc=0.2320 time=29.1s
22:26:46 | INFO | [finetune] epoch 11/20 train_task_loss=1.9674 train_kl=0.00 beta=0.00000 train_acc=0.2044 val_loss=1.9314 val_acc=0.2287 time=29.4s
22:27:16 | INFO | [finetune] epoch 12/20 train_task_loss=1.9653 train_kl=0.00 beta=0.00000 train_acc=0.2061 val_loss=1.9271 val_acc=0.2334 time=29.4s
22:27:45 | INFO | [finetune] epoch 13/20 train_task_loss=1.9629 train_kl=0.00 beta=0.00000 train_acc=0.2062 val_loss=1.9275 val_acc=0.2326 time=29.1s
22:28:14 | INFO | [finetune] epoch 14/20 train_task_loss=1.9598 train_kl=0.00 beta=0.00000 train_acc=0.2089 val_loss=1.9270 val_acc=0.2377 time=29.6s
22:28:44 | INFO | [finetune] epoch 15/20 train_task_loss=1.9588 train_kl=0.00 beta=0.00000 train_acc=0.2086 val_loss=1.9260 val_acc=0.2395 time=29.5s
22:29:13 | INFO | [finetune] epoch 16/20 train_task_loss=1.9585 train_kl=0.00 beta=0.00000 train_acc=0.2100 val_loss=1.9216 val_acc=0.2352 time=29.5s
22:29:43 | INFO | [finetune] epoch 17/20 train_task_loss=1.9553 train_kl=0.00 beta=0.00000 train_acc=0.2102 val_loss=1.9221 val_acc=0.2377 time=29.7s
22:30:12 | INFO | [finetune] epoch 18/20 train_task_loss=1.9572 train_kl=0.00 beta=0.00000 train_acc=0.2130 val_loss=1.9168 val_acc=0.2391 time=29.5s
22:30:42 | INFO | [finetune] epoch 19/20 train_task_loss=1.9561 train_kl=0.00 beta=0.00000 train_acc=0.2093 val_loss=1.9212 val_acc=0.2406 time=29.5s
22:31:11 | INFO | [finetune] epoch 20/20 train_task_loss=1.9564 train_kl=0.00 beta=0.00000 train_acc=0.2100 val_loss=1.9165 val_acc=0.2369 time=29.4s
22:31:19 | INFO | [dpap_kf0.100] Final test accuracy: 0.2297

============================================================
Bio-Inspired Pruning: Experiment 2 / 3
VGG9
============================================================
Files already downloaded and verified
Files already downloaded and verified
Files already downloaded and verified
22:31:22 | INFO | Reusing existing pretrained baseline: ./outputs/vgg9/trained_model.pt

Running vgg9 / naive_firing_rate / keep_fraction=0.1 ...
22:32:34 | INFO | [naive_firing_rate] activity pass 1/1 done
22:32:34 | INFO | [naive_firing_rate_kf0.100] Parameters: 8887978 -> 90080 (99.0% pruned)
22:34:32 | INFO | [finetune] epoch 1/30 train_task_loss=1.8141 train_kl=0.00 beta=0.00000 train_acc=0.3312 val_loss=1.5031 val_acc=0.4486 time=117.1s
22:36:22 | INFO | [finetune] epoch 2/30 train_task_loss=1.4620 train_kl=0.00 beta=0.00000 train_acc=0.4547 val_loss=1.3272 val_acc=0.5057 time=110.9s
22:38:13 | INFO | [finetune] epoch 3/30 train_task_loss=1.3315 train_kl=0.00 beta=0.00000 train_acc=0.5093 val_loss=1.2337 val_acc=0.5613 time=110.4s
22:40:09 | INFO | [finetune] epoch 4/30 train_task_loss=1.2483 train_kl=0.00 beta=0.00000 train_acc=0.5441 val_loss=1.1964 val_acc=0.5720 time=116.6s
22:42:04 | INFO | [finetune] epoch 5/30 train_task_loss=1.1926 train_kl=0.00 beta=0.00000 train_acc=0.5674 val_loss=1.1390 val_acc=0.5878 time=114.9s
22:43:59 | INFO | [finetune] epoch 6/30 train_task_loss=1.1699 train_kl=0.00 beta=0.00000 train_acc=0.5768 val_loss=1.1313 val_acc=0.5845 time=115.1s
22:45:55 | INFO | [finetune] epoch 7/30 train_task_loss=1.1350 train_kl=0.00 beta=0.00000 train_acc=0.5923 val_loss=1.1063 val_acc=0.5904 time=115.3s
22:47:49 | INFO | [finetune] epoch 8/30 train_task_loss=1.1129 train_kl=0.00 beta=0.00000 train_acc=0.5980 val_loss=1.1052 val_acc=0.6147 time=114.7s
22:49:43 | INFO | [finetune] epoch 9/30 train_task_loss=1.0942 train_kl=0.00 beta=0.00000 train_acc=0.6044 val_loss=1.0692 val_acc=0.6009 time=113.9s
22:51:37 | INFO | [finetune] epoch 10/30 train_task_loss=1.0793 train_kl=0.00 beta=0.00000 train_acc=0.6118 val_loss=1.0531 val_acc=0.6206 time=113.9s
22:53:31 | INFO | [finetune] epoch 11/30 train_task_loss=1.0672 train_kl=0.00 beta=0.00000 train_acc=0.6152 val_loss=1.0182 val_acc=0.6307 time=114.2s
22:55:25 | INFO | [finetune] epoch 12/30 train_task_loss=1.0520 train_kl=0.00 beta=0.00000 train_acc=0.6222 val_loss=1.0122 val_acc=0.6274 time=113.2s
22:57:18 | INFO | [finetune] epoch 13/30 train_task_loss=1.0419 train_kl=0.00 beta=0.00000 train_acc=0.6263 val_loss=1.0116 val_acc=0.6266 time=113.6s
22:59:12 | INFO | [finetune] epoch 14/30 train_task_loss=1.0260 train_kl=0.00 beta=0.00000 train_acc=0.6338 val_loss=1.0027 val_acc=0.6294 time=113.4s
23:01:07 | INFO | [finetune] epoch 15/30 train_task_loss=1.0213 train_kl=0.00 beta=0.00000 train_acc=0.6329 val_loss=0.9824 val_acc=0.6420 time=115.5s
23:03:03 | INFO | [finetune] epoch 16/30 train_task_loss=1.0152 train_kl=0.00 beta=0.00000 train_acc=0.6357 val_loss=1.0088 val_acc=0.6400 time=115.9s
23:04:58 | INFO | [finetune] epoch 17/30 train_task_loss=1.0043 train_kl=0.00 beta=0.00000 train_acc=0.6396 val_loss=0.9818 val_acc=0.6390 time=115.2s
23:06:54 | INFO | [finetune] epoch 18/30 train_task_loss=0.9987 train_kl=0.00 beta=0.00000 train_acc=0.6410 val_loss=0.9751 val_acc=0.6404 time=115.3s
23:08:48 | INFO | [finetune] epoch 19/30 train_task_loss=0.9971 train_kl=0.00 beta=0.00000 train_acc=0.6407 val_loss=0.9672 val_acc=0.6475 time=114.7s
23:10:43 | INFO | [finetune] epoch 20/30 train_task_loss=0.9893 train_kl=0.00 beta=0.00000 train_acc=0.6473 val_loss=0.9708 val_acc=0.6527 time=114.3s
23:12:37 | INFO | [finetune] epoch 21/30 train_task_loss=0.9836 train_kl=0.00 beta=0.00000 train_acc=0.6507 val_loss=0.9693 val_acc=0.6503 time=114.3s
23:14:31 | INFO | [finetune] epoch 22/30 train_task_loss=0.9867 train_kl=0.00 beta=0.00000 train_acc=0.6448 val_loss=0.9633 val_acc=0.6537 time=113.6s
23:16:21 | INFO | [finetune] epoch 23/30 train_task_loss=0.9780 train_kl=0.00 beta=0.00000 train_acc=0.6486 val_loss=0.9619 val_acc=0.6440 time=110.1s
23:18:11 | INFO | [finetune] epoch 24/30 train_task_loss=0.9775 train_kl=0.00 beta=0.00000 train_acc=0.6496 val_loss=0.9633 val_acc=0.6517 time=110.4s
23:20:01 | INFO | [finetune] epoch 25/30 train_task_loss=0.9798 train_kl=0.00 beta=0.00000 train_acc=0.6463 val_loss=0.9506 val_acc=0.6551 time=109.8s
23:21:52 | INFO | [finetune] epoch 26/30 train_task_loss=0.9711 train_kl=0.00 beta=0.00000 train_acc=0.6528 val_loss=0.9481 val_acc=0.6549 time=110.6s
23:23:42 | INFO | [finetune] epoch 27/30 train_task_loss=0.9684 train_kl=0.00 beta=0.00000 train_acc=0.6528 val_loss=0.9484 val_acc=0.6564 time=110.2s
23:25:32 | INFO | [finetune] epoch 28/30 train_task_loss=0.9741 train_kl=0.00 beta=0.00000 train_acc=0.6503 val_loss=0.9465 val_acc=0.6622 time=110.0s
23:27:22 | INFO | [finetune] epoch 29/30 train_task_loss=0.9695 train_kl=0.00 beta=0.00000 train_acc=0.6525 val_loss=0.9431 val_acc=0.6622 time=110.2s
23:29:12 | INFO | [finetune] epoch 30/30 train_task_loss=0.9674 train_kl=0.00 beta=0.00000 train_acc=0.6530 val_loss=0.9533 val_acc=0.6505 time=110.2s
23:29:36 | INFO | [naive_firing_rate_kf0.100] Final test accuracy: 0.6674

Running vgg9 / sca / keep_fraction=0.1 ...
23:31:53 | INFO | [sca_train] cycle 1/6 epoch 1/30 train_acc=0.8862 val_acc=0.8258 time=136.2s
23:34:04 | INFO | [sca_train] cycle 1/6 epoch 2/30 train_acc=0.8839 val_acc=0.8277 time=130.3s
23:36:14 | INFO | [sca_train] cycle 1/6 epoch 3/30 train_acc=0.8826 val_acc=0.8345 time=130.1s
23:38:24 | INFO | [sca_train] cycle 1/6 epoch 4/30 train_acc=0.8833 val_acc=0.8289 time=130.2s
23:40:47 | INFO | [sca_train] cycle 1/6 epoch 5/30 train_acc=0.8858 val_acc=0.8408 time=143.1s
23:40:48 | INFO | [sca_train]   end of cycle 1: target_frac=0.850 alive=1877/2208 (85.0%)
23:43:00 | INFO | [sca_train] cycle 2/6 epoch 6/30 train_acc=0.8556 val_acc=0.8271 time=132.3s
23:45:13 | INFO | [sca_train] cycle 2/6 epoch 7/30 train_acc=0.8672 val_acc=0.8186 time=132.4s
23:47:25 | INFO | [sca_train] cycle 2/6 epoch 8/30 train_acc=0.8710 val_acc=0.8222 time=131.8s
23:49:36 | INFO | [sca_train] cycle 2/6 epoch 9/30 train_acc=0.8758 val_acc=0.8388 time=131.6s
23:51:48 | INFO | [sca_train] cycle 2/6 epoch 10/30 train_acc=0.8802 val_acc=0.8372 time=131.8s
23:51:48 | INFO | [sca_train]   end of cycle 2: target_frac=0.700 alive=1546/2208 (70.0%)
23:54:00 | INFO | [sca_train] cycle 3/6 epoch 11/30 train_acc=0.8520 val_acc=0.8188 time=131.9s
23:56:12 | INFO | [sca_train] cycle 3/6 epoch 12/30 train_acc=0.8679 val_acc=0.8250 time=132.5s
23:58:24 | INFO | [sca_train] cycle 3/6 epoch 13/30 train_acc=0.8741 val_acc=0.8339 time=131.8s
00:00:36 | INFO | [sca_train] cycle 3/6 epoch 14/30 train_acc=0.8776 val_acc=0.8287 time=131.8s
00:02:48 | INFO | [sca_train] cycle 3/6 epoch 15/30 train_acc=0.8817 val_acc=0.8418 time=132.2s
00:02:48 | INFO | [sca_train]   end of cycle 3: target_frac=0.550 alive=1214/2208 (55.0%)
00:04:59 | INFO | [sca_train] cycle 4/6 epoch 16/30 train_acc=0.7973 val_acc=0.8024 time=131.2s
00:07:11 | INFO | [sca_train] cycle 4/6 epoch 17/30 train_acc=0.8413 val_acc=0.8129 time=131.9s
00:09:23 | INFO | [sca_train] cycle 4/6 epoch 18/30 train_acc=0.8553 val_acc=0.8208 time=131.9s
00:11:35 | INFO | [sca_train] cycle 4/6 epoch 19/30 train_acc=0.8602 val_acc=0.8194 time=132.1s
00:13:47 | INFO | [sca_train] cycle 4/6 epoch 20/30 train_acc=0.8650 val_acc=0.8258 time=132.1s
00:13:47 | INFO | [sca_train]   end of cycle 4: target_frac=0.400 alive=883/2208 (40.0%)
00:15:59 | INFO | [sca_train] cycle 5/6 epoch 21/30 train_acc=0.5743 val_acc=0.6653 time=131.8s
00:18:11 | INFO | [sca_train] cycle 5/6 epoch 22/30 train_acc=0.6876 val_acc=0.6974 time=131.9s
00:20:23 | INFO | [sca_train] cycle 5/6 epoch 23/30 train_acc=0.7261 val_acc=0.7294 time=131.9s
00:22:35 | INFO | [sca_train] cycle 5/6 epoch 24/30 train_acc=0.7432 val_acc=0.7409 time=131.9s
00:24:47 | INFO | [sca_train] cycle 5/6 epoch 25/30 train_acc=0.7565 val_acc=0.7371 time=131.9s
00:24:47 | INFO | [sca_train]   end of cycle 5: target_frac=0.250 alive=552/2208 (25.0%)
00:26:59 | INFO | [sca_train] cycle 6/6 epoch 26/30 train_acc=0.2485 val_acc=0.3141 time=131.8s
00:29:11 | INFO | [sca_train] cycle 6/6 epoch 27/30 train_acc=0.3179 val_acc=0.3653 time=131.9s
00:31:22 | INFO | [sca_train] cycle 6/6 epoch 28/30 train_acc=0.3488 val_acc=0.3691 time=131.9s
00:33:35 | INFO | [sca_train] cycle 6/6 epoch 29/30 train_acc=0.3585 val_acc=0.3811 time=132.2s
00:35:47 | INFO | [sca_train] cycle 6/6 epoch 30/30 train_acc=0.3659 val_acc=0.3877 time=132.3s
00:35:47 | INFO | [sca_train]   end of cycle 6: target_frac=0.100 alive=221/2208 (10.0%)
00:35:48 | INFO | [sca_kf0.100] Parameters: 8887978 -> 90080 (99.0% pruned)
00:37:42 | INFO | [finetune] epoch 1/30 train_task_loss=2.1928 train_kl=0.00 beta=0.00000 train_acc=0.1731 val_loss=1.8920 val_acc=0.2779 time=114.7s
00:39:36 | INFO | [finetune] epoch 2/30 train_task_loss=1.8725 train_kl=0.00 beta=0.00000 train_acc=0.2806 val_loss=1.7768 val_acc=0.3222 time=113.1s
00:41:29 | INFO | [finetune] epoch 3/30 train_task_loss=1.7872 train_kl=0.00 beta=0.00000 train_acc=0.3156 val_loss=1.6957 val_acc=0.3542 time=113.4s
00:43:23 | INFO | [finetune] epoch 4/30 train_task_loss=1.7226 train_kl=0.00 beta=0.00000 train_acc=0.3447 val_loss=1.6457 val_acc=0.3825 time=114.3s
00:45:18 | INFO | [finetune] epoch 5/30 train_task_loss=1.6760 train_kl=0.00 beta=0.00000 train_acc=0.3641 val_loss=1.6378 val_acc=0.3590 time=114.8s
00:47:12 | INFO | [finetune] epoch 6/30 train_task_loss=1.6437 train_kl=0.00 beta=0.00000 train_acc=0.3782 val_loss=1.5743 val_acc=0.4106 time=113.7s
00:49:05 | INFO | [finetune] epoch 7/30 train_task_loss=1.6061 train_kl=0.00 beta=0.00000 train_acc=0.3970 val_loss=1.5345 val_acc=0.4290 time=113.5s
00:50:58 | INFO | [finetune] epoch 8/30 train_task_loss=1.5777 train_kl=0.00 beta=0.00000 train_acc=0.4094 val_loss=1.5227 val_acc=0.4242 time=112.9s
00:52:52 | INFO | [finetune] epoch 9/30 train_task_loss=1.5454 train_kl=0.00 beta=0.00000 train_acc=0.4209 val_loss=1.5153 val_acc=0.4155 time=113.4s
00:54:45 | INFO | [finetune] epoch 10/30 train_task_loss=1.5151 train_kl=0.00 beta=0.00000 train_acc=0.4325 val_loss=1.4629 val_acc=0.4365 time=113.2s
00:56:38 | INFO | [finetune] epoch 11/30 train_task_loss=1.4938 train_kl=0.00 beta=0.00000 train_acc=0.4424 val_loss=1.4561 val_acc=0.4537 time=113.4s
00:58:31 | INFO | [finetune] epoch 12/30 train_task_loss=1.4737 train_kl=0.00 beta=0.00000 train_acc=0.4520 val_loss=1.4149 val_acc=0.4612 time=112.9s
01:00:24 | INFO | [finetune] epoch 13/30 train_task_loss=1.4526 train_kl=0.00 beta=0.00000 train_acc=0.4612 val_loss=1.4235 val_acc=0.4697 time=112.2s
01:02:17 | INFO | [finetune] epoch 14/30 train_task_loss=1.4419 train_kl=0.00 beta=0.00000 train_acc=0.4636 val_loss=1.3785 val_acc=0.4814 time=113.5s
01:04:10 | INFO | [finetune] epoch 15/30 train_task_loss=1.4267 train_kl=0.00 beta=0.00000 train_acc=0.4693 val_loss=1.3708 val_acc=0.4919 time=113.0s
01:06:03 | INFO | [finetune] epoch 16/30 train_task_loss=1.4148 train_kl=0.00 beta=0.00000 train_acc=0.4755 val_loss=1.3664 val_acc=0.4810 time=112.9s
01:07:56 | INFO | [finetune] epoch 17/30 train_task_loss=1.3971 train_kl=0.00 beta=0.00000 train_acc=0.4817 val_loss=1.3668 val_acc=0.4885 time=113.0s
01:09:49 | INFO | [finetune] epoch 18/30 train_task_loss=1.3883 train_kl=0.00 beta=0.00000 train_acc=0.4883 val_loss=1.3430 val_acc=0.5077 time=113.0s
01:11:42 | INFO | [finetune] epoch 19/30 train_task_loss=1.3826 train_kl=0.00 beta=0.00000 train_acc=0.4895 val_loss=1.3407 val_acc=0.5044 time=113.2s
01:13:36 | INFO | [finetune] epoch 20/30 train_task_loss=1.3740 train_kl=0.00 beta=0.00000 train_acc=0.4930 val_loss=1.3391 val_acc=0.5020 time=113.4s
01:15:29 | INFO | [finetune] epoch 21/30 train_task_loss=1.3659 train_kl=0.00 beta=0.00000 train_acc=0.4952 val_loss=1.3243 val_acc=0.5091 time=113.3s
01:17:22 | INFO | [finetune] epoch 22/30 train_task_loss=1.3653 train_kl=0.00 beta=0.00000 train_acc=0.4964 val_loss=1.3327 val_acc=0.5026 time=113.1s
01:19:15 | INFO | [finetune] epoch 23/30 train_task_loss=1.3549 train_kl=0.00 beta=0.00000 train_acc=0.5004 val_loss=1.3155 val_acc=0.5071 time=113.2s
01:21:09 | INFO | [finetune] epoch 24/30 train_task_loss=1.3558 train_kl=0.00 beta=0.00000 train_acc=0.4984 val_loss=1.3111 val_acc=0.5125 time=113.3s
01:23:02 | INFO | [finetune] epoch 25/30 train_task_loss=1.3523 train_kl=0.00 beta=0.00000 train_acc=0.4992 val_loss=1.3163 val_acc=0.5079 time=113.6s
01:24:55 | INFO | [finetune] epoch 26/30 train_task_loss=1.3519 train_kl=0.00 beta=0.00000 train_acc=0.5014 val_loss=1.3035 val_acc=0.5127 time=113.1s
01:26:49 | INFO | [finetune] epoch 27/30 train_task_loss=1.3498 train_kl=0.00 beta=0.00000 train_acc=0.5019 val_loss=1.3110 val_acc=0.5158 time=113.3s
01:28:42 | INFO | [finetune] epoch 28/30 train_task_loss=1.3477 train_kl=0.00 beta=0.00000 train_acc=0.5036 val_loss=1.3060 val_acc=0.5129 time=113.1s
01:30:35 | INFO | [finetune] epoch 29/30 train_task_loss=1.3444 train_kl=0.00 beta=0.00000 train_acc=0.5033 val_loss=1.3013 val_acc=0.5144 time=113.8s
01:32:29 | INFO | [finetune] epoch 30/30 train_task_loss=1.3450 train_kl=0.00 beta=0.00000 train_acc=0.5042 val_loss=1.3084 val_acc=0.5111 time=113.8s
01:32:48 | INFO | [sca_kf0.100] Final test accuracy: 0.5178

Running vgg9 / dpap / keep_fraction=0.1 ...
01:35:01 | INFO | [dpap_train] epoch 1/30 train_acc=0.8862 val_acc=0.8246 alive=2141/2208 (97.0%) time=132.2s
01:37:13 | INFO | [dpap_train] epoch 2/30 train_acc=0.8838 val_acc=0.8348 alive=2075/2208 (94.0%) time=132.2s
01:39:25 | INFO | [dpap_train] epoch 3/30 train_acc=0.8844 val_acc=0.8348 alive=2008/2208 (90.9%) time=131.3s
01:41:36 | INFO | [dpap_train] epoch 4/30 train_acc=0.8846 val_acc=0.8341 alive=1943/2208 (88.0%) time=131.6s
01:43:49 | INFO | [dpap_train] epoch 5/30 train_acc=0.8849 val_acc=0.8404 alive=1877/2208 (85.0%) time=133.0s
01:46:01 | INFO | [dpap_train] epoch 6/30 train_acc=0.8845 val_acc=0.8335 alive=1810/2208 (82.0%) time=131.8s
01:48:16 | INFO | [dpap_train] epoch 7/30 train_acc=0.8843 val_acc=0.8360 alive=1744/2208 (79.0%) time=135.1s
01:50:29 | INFO | [dpap_train] epoch 8/30 train_acc=0.8854 val_acc=0.8380 alive=1679/2208 (76.0%) time=133.2s
01:52:40 | INFO | [dpap_train] epoch 9/30 train_acc=0.8860 val_acc=0.8471 alive=1612/2208 (73.0%) time=130.7s
01:54:52 | INFO | [dpap_train] epoch 10/30 train_acc=0.8872 val_acc=0.8390 alive=1546/2208 (70.0%) time=131.7s
01:57:03 | INFO | [dpap_train] epoch 11/30 train_acc=0.8906 val_acc=0.8333 alive=1481/2208 (67.1%) time=130.9s
01:59:14 | INFO | [dpap_train] epoch 12/30 train_acc=0.8888 val_acc=0.8293 alive=1414/2208 (64.0%) time=130.9s
02:01:25 | INFO | [dpap_train] epoch 13/30 train_acc=0.8911 val_acc=0.8398 alive=1346/2208 (61.0%) time=130.9s
02:03:36 | INFO | [dpap_train] epoch 14/30 train_acc=0.8907 val_acc=0.8329 alive=1279/2208 (57.9%) time=131.0s
02:05:47 | INFO | [dpap_train] epoch 15/30 train_acc=0.8932 val_acc=0.8398 alive=1214/2208 (55.0%) time=131.0s
02:07:57 | INFO | [dpap_train] epoch 16/30 train_acc=0.8955 val_acc=0.8319 alive=1148/2208 (52.0%) time=130.5s
02:10:08 | INFO | [dpap_train] epoch 17/30 train_acc=0.8932 val_acc=0.8210 alive=1081/2208 (49.0%) time=130.9s
02:12:19 | INFO | [dpap_train] epoch 18/30 train_acc=0.8845 val_acc=0.8159 alive=1016/2208 (46.0%) time=130.6s
02:14:30 | INFO | [dpap_train] epoch 19/30 train_acc=0.8780 val_acc=0.8172 alive=950/2208 (43.0%) time=130.9s
02:16:41 | INFO | [dpap_train] epoch 20/30 train_acc=0.8739 val_acc=0.8048 alive=883/2208 (40.0%) time=131.4s
02:18:52 | INFO | [dpap_train] epoch 21/30 train_acc=0.8608 val_acc=0.7506 alive=817/2208 (37.0%) time=131.2s
02:21:03 | INFO | [dpap_train] epoch 22/30 train_acc=0.8465 val_acc=0.7534 alive=752/2208 (34.1%) time=131.1s
02:23:14 | INFO | [dpap_train] epoch 23/30 train_acc=0.8277 val_acc=0.7557 alive=685/2208 (31.0%) time=131.1s
02:25:25 | INFO | [dpap_train] epoch 24/30 train_acc=0.8021 val_acc=0.7255 alive=619/2208 (28.0%) time=130.6s
02:27:37 | INFO | [dpap_train] epoch 25/30 train_acc=0.7783 val_acc=0.6531 alive=552/2208 (25.0%) time=132.0s
02:29:48 | INFO | [dpap_train] epoch 26/30 train_acc=0.7324 val_acc=0.6218 alive=485/2208 (22.0%) time=131.2s
02:31:59 | INFO | [dpap_train] epoch 27/30 train_acc=0.6904 val_acc=0.4033 alive=419/2208 (19.0%) time=130.4s
02:34:09 | INFO | [dpap_train] epoch 28/30 train_acc=0.5557 val_acc=0.3596 alive=352/2208 (15.9%) time=130.9s
02:36:20 | INFO | [dpap_train] epoch 29/30 train_acc=0.4691 val_acc=0.3606 alive=287/2208 (13.0%) time=130.7s
02:38:33 | INFO | [dpap_train] epoch 30/30 train_acc=0.3495 val_acc=0.1727 alive=221/2208 (10.0%) time=132.5s
02:38:33 | INFO | [dpap_kf0.100] Parameters: 8887978 -> 90080 (99.0% pruned)
02:40:27 | INFO | [finetune] epoch 1/30 train_task_loss=1.5307 train_kl=0.00 beta=0.00000 train_acc=0.4289 val_loss=1.2981 val_acc=0.5247 time=114.1s
02:42:19 | INFO | [finetune] epoch 2/30 train_task_loss=1.3004 train_kl=0.00 beta=0.00000 train_acc=0.5224 val_loss=1.2246 val_acc=0.5502 time=111.9s
02:44:12 | INFO | [finetune] epoch 3/30 train_task_loss=1.2333 train_kl=0.00 beta=0.00000 train_acc=0.5504 val_loss=1.1504 val_acc=0.5819 time=112.8s
02:46:05 | INFO | [finetune] epoch 4/30 train_task_loss=1.1844 train_kl=0.00 beta=0.00000 train_acc=0.5682 val_loss=1.1604 val_acc=0.5938 time=113.8s
02:48:00 | INFO | [finetune] epoch 5/30 train_task_loss=1.1641 train_kl=0.00 beta=0.00000 train_acc=0.5755 val_loss=1.0852 val_acc=0.6040 time=114.9s
02:49:53 | INFO | [finetune] epoch 6/30 train_task_loss=1.1396 train_kl=0.00 beta=0.00000 train_acc=0.5863 val_loss=1.0927 val_acc=0.5961 time=113.1s
02:51:47 | INFO | [finetune] epoch 7/30 train_task_loss=1.1194 train_kl=0.00 beta=0.00000 train_acc=0.5944 val_loss=1.0833 val_acc=0.6050 time=113.1s
02:53:45 | INFO | [finetune] epoch 8/30 train_task_loss=1.1052 train_kl=0.00 beta=0.00000 train_acc=0.6002 val_loss=1.0476 val_acc=0.6165 time=118.8s
02:55:41 | INFO | [finetune] epoch 9/30 train_task_loss=1.0933 train_kl=0.00 beta=0.00000 train_acc=0.6037 val_loss=1.0414 val_acc=0.6112 time=115.7s
02:57:34 | INFO | [finetune] epoch 10/30 train_task_loss=1.0789 train_kl=0.00 beta=0.00000 train_acc=0.6093 val_loss=1.0302 val_acc=0.6195 time=113.1s
02:59:27 | INFO | [finetune] epoch 11/30 train_task_loss=1.0706 train_kl=0.00 beta=0.00000 train_acc=0.6095 val_loss=1.0087 val_acc=0.6250 time=113.2s
03:01:21 | INFO | [finetune] epoch 12/30 train_task_loss=1.0577 train_kl=0.00 beta=0.00000 train_acc=0.6180 val_loss=1.0141 val_acc=0.6349 time=113.2s
03:03:14 | INFO | [finetune] epoch 13/30 train_task_loss=1.0497 train_kl=0.00 beta=0.00000 train_acc=0.6204 val_loss=1.0058 val_acc=0.6234 time=113.0s
03:05:07 | INFO | [finetune] epoch 14/30 train_task_loss=1.0433 train_kl=0.00 beta=0.00000 train_acc=0.6234 val_loss=1.0036 val_acc=0.6365 time=112.8s
03:07:00 | INFO | [finetune] epoch 15/30 train_task_loss=1.0362 train_kl=0.00 beta=0.00000 train_acc=0.6256 val_loss=1.0050 val_acc=0.6333 time=113.7s
03:08:53 | INFO | [finetune] epoch 16/30 train_task_loss=1.0282 train_kl=0.00 beta=0.00000 train_acc=0.6296 val_loss=0.9871 val_acc=0.6367 time=113.2s
03:10:47 | INFO | [finetune] epoch 17/30 train_task_loss=1.0206 train_kl=0.00 beta=0.00000 train_acc=0.6313 val_loss=0.9923 val_acc=0.6325 time=113.3s
03:12:40 | INFO | [finetune] epoch 18/30 train_task_loss=1.0173 train_kl=0.00 beta=0.00000 train_acc=0.6348 val_loss=0.9837 val_acc=0.6408 time=113.5s
03:14:33 | INFO | [finetune] epoch 19/30 train_task_loss=1.0129 train_kl=0.00 beta=0.00000 train_acc=0.6354 val_loss=0.9801 val_acc=0.6466 time=112.8s
03:16:27 | INFO | [finetune] epoch 20/30 train_task_loss=1.0117 train_kl=0.00 beta=0.00000 train_acc=0.6358 val_loss=0.9655 val_acc=0.6475 time=113.7s
03:18:20 | INFO | [finetune] epoch 21/30 train_task_loss=1.0014 train_kl=0.00 beta=0.00000 train_acc=0.6399 val_loss=0.9745 val_acc=0.6434 time=112.9s
03:20:13 | INFO | [finetune] epoch 22/30 train_task_loss=1.0017 train_kl=0.00 beta=0.00000 train_acc=0.6404 val_loss=0.9658 val_acc=0.6414 time=113.0s
03:22:06 | INFO | [finetune] epoch 23/30 train_task_loss=0.9994 train_kl=0.00 beta=0.00000 train_acc=0.6383 val_loss=0.9671 val_acc=0.6456 time=113.1s
03:24:00 | INFO | [finetune] epoch 24/30 train_task_loss=0.9965 train_kl=0.00 beta=0.00000 train_acc=0.6413 val_loss=0.9654 val_acc=0.6464 time=113.8s
03:25:53 | INFO | [finetune] epoch 25/30 train_task_loss=0.9959 train_kl=0.00 beta=0.00000 train_acc=0.6445 val_loss=0.9577 val_acc=0.6489 time=113.3s
03:27:46 | INFO | [finetune] epoch 26/30 train_task_loss=0.9912 train_kl=0.00 beta=0.00000 train_acc=0.6431 val_loss=0.9584 val_acc=0.6515 time=113.5s
03:29:40 | INFO | [finetune] epoch 27/30 train_task_loss=0.9956 train_kl=0.00 beta=0.00000 train_acc=0.6427 val_loss=0.9565 val_acc=0.6515 time=113.5s
03:31:33 | INFO | [finetune] epoch 28/30 train_task_loss=0.9900 train_kl=0.00 beta=0.00000 train_acc=0.6437 val_loss=0.9583 val_acc=0.6489 time=112.7s
03:33:26 | INFO | [finetune] epoch 29/30 train_task_loss=0.9978 train_kl=0.00 beta=0.00000 train_acc=0.6395 val_loss=0.9506 val_acc=0.6576 time=113.3s
03:35:20 | INFO | [finetune] epoch 30/30 train_task_loss=0.9916 train_kl=0.00 beta=0.00000 train_acc=0.6423 val_loss=0.9595 val_acc=0.6525 time=113.6s
03:35:38 | INFO | [dpap_kf0.100] Final test accuracy: 0.6592

============================================================
Bio-Inspired Pruning: Experiment 3 / 3
RESNET18
============================================================
Files already downloaded and verified
Files already downloaded and verified
Files already downloaded and verified
03:35:41 | INFO | Reusing existing pretrained baseline: ./outputs/resnet18/trained_model.pt

Running resnet18 / naive_firing_rate / keep_fraction=0.1 ...
03:38:04 | INFO | [naive_firing_rate] activity pass 1/1 done
03:38:04 | INFO | [naive_firing_rate_kf0.100] Parameters: 11177866 -> 1285642 (88.5% pruned)
03:42:54 | INFO | [finetune] epoch 1/30 train_task_loss=1.6239 train_kl=0.00 beta=0.00000 train_acc=0.4254 val_loss=1.5250 val_acc=0.4834 time=290.0s
03:47:33 | INFO | [finetune] epoch 2/30 train_task_loss=1.0715 train_kl=0.00 beta=0.00000 train_acc=0.6202 val_loss=1.1018 val_acc=0.6284 time=279.5s
03:52:13 | INFO | [finetune] epoch 3/30 train_task_loss=0.8740 train_kl=0.00 beta=0.00000 train_acc=0.6995 val_loss=0.9535 val_acc=0.6705 time=279.2s
03:56:55 | INFO | [finetune] epoch 4/30 train_task_loss=0.7904 train_kl=0.00 beta=0.00000 train_acc=0.7299 val_loss=0.8387 val_acc=0.7013 time=282.6s
04:01:38 | INFO | [finetune] epoch 5/30 train_task_loss=0.7275 train_kl=0.00 beta=0.00000 train_acc=0.7546 val_loss=0.8912 val_acc=0.7110 time=283.3s
04:06:18 | INFO | [finetune] epoch 6/30 train_task_loss=0.6894 train_kl=0.00 beta=0.00000 train_acc=0.7667 val_loss=0.6955 val_acc=0.7547 time=279.0s
04:10:58 | INFO | [finetune] epoch 7/30 train_task_loss=0.6529 train_kl=0.00 beta=0.00000 train_acc=0.7808 val_loss=0.7624 val_acc=0.7391 time=280.5s
04:15:37 | INFO | [finetune] epoch 8/30 train_task_loss=0.6214 train_kl=0.00 beta=0.00000 train_acc=0.7905 val_loss=0.6975 val_acc=0.7583 time=279.5s
04:20:17 | INFO | [finetune] epoch 9/30 train_task_loss=0.5999 train_kl=0.00 beta=0.00000 train_acc=0.7996 val_loss=0.6932 val_acc=0.7674 time=279.1s
04:25:39 | INFO | [finetune] epoch 10/30 train_task_loss=0.5775 train_kl=0.00 beta=0.00000 train_acc=0.8073 val_loss=0.7393 val_acc=0.7545 time=322.0s
04:30:33 | INFO | [finetune] epoch 11/30 train_task_loss=0.5622 train_kl=0.00 beta=0.00000 train_acc=0.8125 val_loss=0.7289 val_acc=0.7613 time=294.2s
04:35:18 | INFO | [finetune] epoch 12/30 train_task_loss=0.5411 train_kl=0.00 beta=0.00000 train_acc=0.8188 val_loss=0.5934 val_acc=0.7955 time=285.6s
04:39:58 | INFO | [finetune] epoch 13/30 train_task_loss=0.5278 train_kl=0.00 beta=0.00000 train_acc=0.8240 val_loss=0.6778 val_acc=0.7708 time=279.6s
04:44:33 | INFO | [finetune] epoch 14/30 train_task_loss=0.5115 train_kl=0.00 beta=0.00000 train_acc=0.8312 val_loss=0.6654 val_acc=0.7927 time=274.8s
04:49:25 | INFO | [finetune] epoch 15/30 train_task_loss=0.4997 train_kl=0.00 beta=0.00000 train_acc=0.8328 val_loss=0.6283 val_acc=0.8024 time=292.2s
04:54:18 | INFO | [finetune] epoch 16/30 train_task_loss=0.4901 train_kl=0.00 beta=0.00000 train_acc=0.8362 val_loss=0.6362 val_acc=0.7983 time=292.9s
04:58:49 | INFO | [finetune] epoch 17/30 train_task_loss=0.4746 train_kl=0.00 beta=0.00000 train_acc=0.8427 val_loss=0.6944 val_acc=0.7848 time=271.2s
05:03:20 | INFO | [finetune] epoch 18/30 train_task_loss=0.4626 train_kl=0.00 beta=0.00000 train_acc=0.8460 val_loss=0.5810 val_acc=0.8032 time=270.2s
05:07:50 | INFO | [finetune] epoch 19/30 train_task_loss=0.4545 train_kl=0.00 beta=0.00000 train_acc=0.8492 val_loss=0.6173 val_acc=0.8002 time=270.0s
05:12:36 | INFO | [finetune] epoch 20/30 train_task_loss=0.4495 train_kl=0.00 beta=0.00000 train_acc=0.8502 val_loss=0.5552 val_acc=0.8196 time=286.0s
05:17:23 | INFO | [finetune] epoch 21/30 train_task_loss=0.4365 train_kl=0.00 beta=0.00000 train_acc=0.8545 val_loss=0.5747 val_acc=0.8113 time=287.0s
05:21:59 | INFO | [finetune] epoch 22/30 train_task_loss=0.4305 train_kl=0.00 beta=0.00000 train_acc=0.8572 val_loss=0.6226 val_acc=0.8050 time=276.5s
05:26:40 | INFO | [finetune] epoch 23/30 train_task_loss=0.4245 train_kl=0.00 beta=0.00000 train_acc=0.8580 val_loss=0.5098 val_acc=0.8319 time=280.6s
05:31:20 | INFO | [finetune] epoch 24/30 train_task_loss=0.4150 train_kl=0.00 beta=0.00000 train_acc=0.8615 val_loss=0.7543 val_acc=0.7692 time=280.5s
05:36:01 | INFO | [finetune] epoch 25/30 train_task_loss=0.4119 train_kl=0.00 beta=0.00000 train_acc=0.8636 val_loss=0.6561 val_acc=0.7931 time=280.9s
05:40:50 | INFO | [finetune] epoch 26/30 train_task_loss=0.4062 train_kl=0.00 beta=0.00000 train_acc=0.8657 val_loss=0.6452 val_acc=0.7909 time=288.6s
05:45:38 | INFO | [finetune] epoch 27/30 train_task_loss=0.4018 train_kl=0.00 beta=0.00000 train_acc=0.8668 val_loss=0.5510 val_acc=0.8161 time=288.1s
05:50:25 | INFO | [finetune] epoch 28/30 train_task_loss=0.4004 train_kl=0.00 beta=0.00000 train_acc=0.8686 val_loss=0.6305 val_acc=0.7973 time=287.5s
05:55:16 | INFO | [finetune] epoch 29/30 train_task_loss=0.4018 train_kl=0.00 beta=0.00000 train_acc=0.8653 val_loss=0.5423 val_acc=0.8250 time=290.6s
06:00:01 | INFO | [finetune] epoch 30/30 train_task_loss=0.4013 train_kl=0.00 beta=0.00000 train_acc=0.8663 val_loss=0.5913 val_acc=0.8113 time=285.0s
06:00:50 | INFO | [naive_firing_rate_kf0.100] Final test accuracy: 0.8343

Running resnet18 / sca / keep_fraction=0.1 ...
06:06:09 | INFO | [sca_train] cycle 1/6 epoch 1/30 train_acc=0.9179 val_acc=0.8206 time=317.9s
06:11:21 | INFO | [sca_train] cycle 1/6 epoch 2/30 train_acc=0.9114 val_acc=0.7929 time=311.8s
06:16:54 | INFO | [sca_train] cycle 1/6 epoch 3/30 train_acc=0.9145 val_acc=0.8370 time=332.8s
06:22:10 | INFO | [sca_train] cycle 1/6 epoch 4/30 train_acc=0.9134 val_acc=0.8507 time=316.3s
06:27:24 | INFO | [sca_train] cycle 1/6 epoch 5/30 train_acc=0.9151 val_acc=0.8667 time=313.7s
06:27:24 | INFO | [sca_train]   end of cycle 1: target_frac=0.850 alive=1632/1920 (85.0%)
06:32:38 | INFO | [sca_train] cycle 2/6 epoch 6/30 train_acc=0.8989 val_acc=0.8339 time=313.7s
06:37:51 | INFO | [sca_train] cycle 2/6 epoch 7/30 train_acc=0.9059 val_acc=0.8501 time=312.8s
06:43:05 | INFO | [sca_train] cycle 2/6 epoch 8/30 train_acc=0.9122 val_acc=0.8455 time=313.8s
06:48:15 | INFO | [sca_train] cycle 2/6 epoch 9/30 train_acc=0.9164 val_acc=0.8277 time=310.4s
06:53:28 | INFO | [sca_train] cycle 2/6 epoch 10/30 train_acc=0.9227 val_acc=0.8220 time=312.7s
06:53:28 | INFO | [sca_train]   end of cycle 2: target_frac=0.700 alive=1344/1920 (70.0%)
06:58:40 | INFO | [sca_train] cycle 3/6 epoch 11/30 train_acc=0.9019 val_acc=0.8441 time=312.3s
07:03:52 | INFO | [sca_train] cycle 3/6 epoch 12/30 train_acc=0.9141 val_acc=0.8560 time=311.7s
07:09:02 | INFO | [sca_train] cycle 3/6 epoch 13/30 train_acc=0.9187 val_acc=0.8712 time=310.1s
07:14:10 | INFO | [sca_train] cycle 3/6 epoch 14/30 train_acc=0.9282 val_acc=0.8544 time=307.8s
07:19:17 | INFO | [sca_train] cycle 3/6 epoch 15/30 train_acc=0.9320 val_acc=0.8621 time=306.8s
07:19:17 | INFO | [sca_train]   end of cycle 3: target_frac=0.550 alive=1056/1920 (55.0%)
07:24:33 | INFO | [sca_train] cycle 4/6 epoch 16/30 train_acc=0.8949 val_acc=0.8390 time=316.2s
07:29:39 | INFO | [sca_train] cycle 4/6 epoch 17/30 train_acc=0.9138 val_acc=0.8238 time=306.8s
07:34:47 | INFO | [sca_train] cycle 4/6 epoch 18/30 train_acc=0.9264 val_acc=0.8495 time=307.6s
07:39:55 | INFO | [sca_train] cycle 4/6 epoch 19/30 train_acc=0.9309 val_acc=0.8293 time=307.9s
07:45:03 | INFO | [sca_train] cycle 4/6 epoch 20/30 train_acc=0.9378 val_acc=0.8825 time=307.9s
07:45:03 | INFO | [sca_train]   end of cycle 4: target_frac=0.400 alive=768/1920 (40.0%)
07:50:11 | INFO | [sca_train] cycle 5/6 epoch 21/30 train_acc=0.8724 val_acc=0.8356 time=307.6s
07:55:18 | INFO | [sca_train] cycle 5/6 epoch 22/30 train_acc=0.9036 val_acc=0.8390 time=307.2s
08:00:25 | INFO | [sca_train] cycle 5/6 epoch 23/30 train_acc=0.9148 val_acc=0.8149 time=307.5s
08:05:33 | INFO | [sca_train] cycle 5/6 epoch 24/30 train_acc=0.9186 val_acc=0.8616 time=307.6s
08:10:40 | INFO | [sca_train] cycle 5/6 epoch 25/30 train_acc=0.9275 val_acc=0.8499 time=307.3s
08:10:40 | INFO | [sca_train]   end of cycle 5: target_frac=0.250 alive=480/1920 (25.0%)
08:15:48 | INFO | [sca_train] cycle 6/6 epoch 26/30 train_acc=0.7306 val_acc=0.6701 time=307.6s
08:20:55 | INFO | [sca_train] cycle 6/6 epoch 27/30 train_acc=0.7973 val_acc=0.7312 time=307.6s
08:26:11 | INFO | [sca_train] cycle 6/6 epoch 28/30 train_acc=0.8153 val_acc=0.7241 time=316.1s
08:31:23 | INFO | [sca_train] cycle 6/6 epoch 29/30 train_acc=0.8233 val_acc=0.7666 time=311.4s
08:36:32 | INFO | [sca_train] cycle 6/6 epoch 30/30 train_acc=0.8271 val_acc=0.7435 time=309.3s
08:36:32 | INFO | [sca_train]   end of cycle 6: target_frac=0.100 alive=192/1920 (10.0%)
08:36:33 | INFO | [sca_kf0.100] Parameters: 11177866 -> 1285642 (88.5% pruned)
08:41:04 | INFO | [finetune] epoch 1/30 train_task_loss=1.3614 train_kl=0.00 beta=0.00000 train_acc=0.5031 val_loss=1.3516 val_acc=0.5376 time=271.2s
08:45:37 | INFO | [finetune] epoch 2/30 train_task_loss=0.9933 train_kl=0.00 beta=0.00000 train_acc=0.6498 val_loss=1.0886 val_acc=0.6329 time=272.5s
08:50:17 | INFO | [finetune] epoch 3/30 train_task_loss=0.8463 train_kl=0.00 beta=0.00000 train_acc=0.7065 val_loss=0.9428 val_acc=0.6930 time=280.2s
08:54:57 | INFO | [finetune] epoch 4/30 train_task_loss=0.7543 train_kl=0.00 beta=0.00000 train_acc=0.7405 val_loss=0.8299 val_acc=0.7154 time=279.6s
08:59:37 | INFO | [finetune] epoch 5/30 train_task_loss=0.7051 train_kl=0.00 beta=0.00000 train_acc=0.7580 val_loss=0.8711 val_acc=0.7193 time=280.2s
09:04:18 | INFO | [finetune] epoch 6/30 train_task_loss=0.6661 train_kl=0.00 beta=0.00000 train_acc=0.7746 val_loss=0.7320 val_acc=0.7534 time=280.9s
09:08:57 | INFO | [finetune] epoch 7/30 train_task_loss=0.6310 train_kl=0.00 beta=0.00000 train_acc=0.7875 val_loss=0.9284 val_acc=0.7037 time=279.6s
09:13:37 | INFO | [finetune] epoch 8/30 train_task_loss=0.6035 train_kl=0.00 beta=0.00000 train_acc=0.7967 val_loss=0.7796 val_acc=0.7470 time=279.6s
09:18:18 | INFO | [finetune] epoch 9/30 train_task_loss=0.5830 train_kl=0.00 beta=0.00000 train_acc=0.8044 val_loss=0.8975 val_acc=0.7112 time=281.1s
09:22:58 | INFO | [finetune] epoch 10/30 train_task_loss=0.5632 train_kl=0.00 beta=0.00000 train_acc=0.8107 val_loss=0.7310 val_acc=0.7631 time=279.9s
09:27:39 | INFO | [finetune] epoch 11/30 train_task_loss=0.5497 train_kl=0.00 beta=0.00000 train_acc=0.8141 val_loss=0.6871 val_acc=0.7832 time=281.1s
09:32:22 | INFO | [finetune] epoch 12/30 train_task_loss=0.5350 train_kl=0.00 beta=0.00000 train_acc=0.8196 val_loss=0.6239 val_acc=0.7846 time=283.3s
09:37:03 | INFO | [finetune] epoch 13/30 train_task_loss=0.5155 train_kl=0.00 beta=0.00000 train_acc=0.8277 val_loss=0.6357 val_acc=0.7884 time=280.5s
09:41:51 | INFO | [finetune] epoch 14/30 train_task_loss=0.5060 train_kl=0.00 beta=0.00000 train_acc=0.8302 val_loss=0.7166 val_acc=0.7678 time=288.1s
09:46:33 | INFO | [finetune] epoch 15/30 train_task_loss=0.4902 train_kl=0.00 beta=0.00000 train_acc=0.8367 val_loss=0.7770 val_acc=0.7613 time=281.5s
09:51:12 | INFO | [finetune] epoch 16/30 train_task_loss=0.4712 train_kl=0.00 beta=0.00000 train_acc=0.8408 val_loss=0.6082 val_acc=0.7989 time=279.3s
09:55:52 | INFO | [finetune] epoch 17/30 train_task_loss=0.4655 train_kl=0.00 beta=0.00000 train_acc=0.8454 val_loss=0.7276 val_acc=0.7739 time=280.2s
10:00:24 | INFO | [finetune] epoch 18/30 train_task_loss=0.4561 train_kl=0.00 beta=0.00000 train_acc=0.8469 val_loss=0.7466 val_acc=0.7664 time=272.1s
10:04:56 | INFO | [finetune] epoch 19/30 train_task_loss=0.4512 train_kl=0.00 beta=0.00000 train_acc=0.8492 val_loss=0.6723 val_acc=0.7888 time=271.4s
10:09:28 | INFO | [finetune] epoch 20/30 train_task_loss=0.4374 train_kl=0.00 beta=0.00000 train_acc=0.8529 val_loss=0.7329 val_acc=0.7694 time=272.2s
10:14:04 | INFO | [finetune] epoch 21/30 train_task_loss=0.4350 train_kl=0.00 beta=0.00000 train_acc=0.8552 val_loss=0.5402 val_acc=0.8327 time=275.7s
10:18:36 | INFO | [finetune] epoch 22/30 train_task_loss=0.4233 train_kl=0.00 beta=0.00000 train_acc=0.8590 val_loss=0.5652 val_acc=0.8125 time=272.4s
10:23:10 | INFO | [finetune] epoch 23/30 train_task_loss=0.4227 train_kl=0.00 beta=0.00000 train_acc=0.8593 val_loss=0.6141 val_acc=0.8052 time=273.9s
10:27:44 | INFO | [finetune] epoch 24/30 train_task_loss=0.4102 train_kl=0.00 beta=0.00000 train_acc=0.8627 val_loss=0.6287 val_acc=0.7943 time=273.5s
10:32:19 | INFO | [finetune] epoch 25/30 train_task_loss=0.4126 train_kl=0.00 beta=0.00000 train_acc=0.8610 val_loss=0.6714 val_acc=0.7773 time=275.2s
10:36:53 | INFO | [finetune] epoch 26/30 train_task_loss=0.4068 train_kl=0.00 beta=0.00000 train_acc=0.8626 val_loss=0.5649 val_acc=0.8167 time=274.5s
10:41:36 | INFO | [finetune] epoch 27/30 train_task_loss=0.4050 train_kl=0.00 beta=0.00000 train_acc=0.8648 val_loss=0.7173 val_acc=0.7666 time=282.6s
10:46:13 | INFO | [finetune] epoch 28/30 train_task_loss=0.4015 train_kl=0.00 beta=0.00000 train_acc=0.8650 val_loss=0.7891 val_acc=0.7569 time=276.8s
10:50:48 | INFO | [finetune] epoch 29/30 train_task_loss=0.4044 train_kl=0.00 beta=0.00000 train_acc=0.8648 val_loss=0.6355 val_acc=0.8074 time=275.2s
10:55:23 | INFO | [finetune] epoch 30/30 train_task_loss=0.4034 train_kl=0.00 beta=0.00000 train_acc=0.8659 val_loss=0.6559 val_acc=0.7882 time=274.7s
10:56:09 | INFO | [sca_kf0.100] Final test accuracy: 0.8257

Running resnet18 / dpap / keep_fraction=0.1 ...
11:01:18 | INFO | [dpap_train] epoch 1/30 train_acc=0.9179 val_acc=0.8076 alive=1862/1920 (97.0%) time=307.8s
11:06:26 | INFO | [dpap_train] epoch 2/30 train_acc=0.9119 val_acc=0.8070 alive=1804/1920 (94.0%) time=308.1s
11:11:34 | INFO | [dpap_train] epoch 3/30 train_acc=0.9105 val_acc=0.7965 alive=1746/1920 (90.9%) time=308.2s
11:16:41 | INFO | [dpap_train] epoch 4/30 train_acc=0.9077 val_acc=0.8398 alive=1690/1920 (88.0%) time=307.4s
11:21:49 | INFO | [dpap_train] epoch 5/30 train_acc=0.9105 val_acc=0.8095 alive=1632/1920 (85.0%) time=307.3s
11:26:57 | INFO | [dpap_train] epoch 6/30 train_acc=0.9118 val_acc=0.8038 alive=1574/1920 (82.0%) time=308.6s
11:32:06 | INFO | [dpap_train] epoch 7/30 train_acc=0.9117 val_acc=0.8505 alive=1516/1920 (79.0%) time=308.9s
11:37:14 | INFO | [dpap_train] epoch 8/30 train_acc=0.9135 val_acc=0.8554 alive=1460/1920 (76.0%) time=308.0s
11:42:22 | INFO | [dpap_train] epoch 9/30 train_acc=0.9143 val_acc=0.8449 alive=1402/1920 (73.0%) time=307.6s
11:47:29 | INFO | [dpap_train] epoch 10/30 train_acc=0.9156 val_acc=0.8214 alive=1344/1920 (70.0%) time=307.5s
11:52:37 | INFO | [dpap_train] epoch 11/30 train_acc=0.9170 val_acc=0.7874 alive=1288/1920 (67.1%) time=307.4s
11:57:51 | INFO | [dpap_train] epoch 12/30 train_acc=0.9198 val_acc=0.8091 alive=1230/1920 (64.1%) time=314.9s
12:03:04 | INFO | [dpap_train] epoch 13/30 train_acc=0.9226 val_acc=0.8058 alive=1170/1920 (60.9%) time=312.3s
12:08:10 | INFO | [dpap_train] epoch 14/30 train_acc=0.9215 val_acc=0.7903 alive=1112/1920 (57.9%) time=306.6s
12:13:19 | INFO | [dpap_train] epoch 15/30 train_acc=0.9214 val_acc=0.8121 alive=1056/1920 (55.0%) time=308.4s
12:18:28 | INFO | [dpap_train] epoch 16/30 train_acc=0.9241 val_acc=0.8113 alive=998/1920 (52.0%) time=309.2s
12:23:35 | INFO | [dpap_train] epoch 17/30 train_acc=0.9249 val_acc=0.7441 alive=940/1920 (49.0%) time=307.3s
12:28:43 | INFO | [dpap_train] epoch 18/30 train_acc=0.9251 val_acc=0.8356 alive=884/1920 (46.0%) time=308.0s
12:33:51 | INFO | [dpap_train] epoch 19/30 train_acc=0.9235 val_acc=0.7415 alive=826/1920 (43.0%) time=307.3s
12:38:58 | INFO | [dpap_train] epoch 20/30 train_acc=0.9239 val_acc=0.7905 alive=768/1920 (40.0%) time=307.7s
12:44:08 | INFO | [dpap_train] epoch 21/30 train_acc=0.9205 val_acc=0.7504 alive=710/1920 (37.0%) time=310.0s
12:49:18 | INFO | [dpap_train] epoch 22/30 train_acc=0.9139 val_acc=0.7603 alive=654/1920 (34.1%) time=309.8s
12:54:29 | INFO | [dpap_train] epoch 23/30 train_acc=0.9103 val_acc=0.5615 alive=596/1920 (31.0%) time=310.3s
12:59:36 | INFO | [dpap_train] epoch 24/30 train_acc=0.8988 val_acc=0.5870 alive=538/1920 (28.0%) time=307.2s
13:04:42 | INFO | [dpap_train] epoch 25/30 train_acc=0.8860 val_acc=0.6774 alive=480/1920 (25.0%) time=306.4s
13:09:48 | INFO | [dpap_train] epoch 26/30 train_acc=0.8669 val_acc=0.5030 alive=422/1920 (22.0%) time=305.3s
13:14:54 | INFO | [dpap_train] epoch 27/30 train_acc=0.8329 val_acc=0.5016 alive=364/1920 (19.0%) time=306.8s
13:20:12 | INFO | [dpap_train] epoch 28/30 train_acc=0.7905 val_acc=0.3447 alive=306/1920 (15.9%) time=317.4s
13:25:19 | INFO | [dpap_train] epoch 29/30 train_acc=0.7177 val_acc=0.2822 alive=250/1920 (13.0%) time=307.1s
13:30:25 | INFO | [dpap_train] epoch 30/30 train_acc=0.6334 val_acc=0.1220 alive=192/1920 (10.0%) time=306.6s
13:30:26 | INFO | [dpap_kf0.100] Parameters: 11177866 -> 1285642 (88.5% pruned)
13:35:04 | INFO | [finetune] epoch 1/30 train_task_loss=1.0347 train_kl=0.00 beta=0.00000 train_acc=0.6403 val_loss=0.8384 val_acc=0.7209 time=277.3s
13:39:39 | INFO | [finetune] epoch 2/30 train_task_loss=0.7604 train_kl=0.00 beta=0.00000 train_acc=0.7420 val_loss=0.7994 val_acc=0.7362 time=275.3s
13:44:15 | INFO | [finetune] epoch 3/30 train_task_loss=0.6808 train_kl=0.00 beta=0.00000 train_acc=0.7706 val_loss=0.7167 val_acc=0.7763 time=275.9s
13:48:52 | INFO | [finetune] epoch 4/30 train_task_loss=0.6299 train_kl=0.00 beta=0.00000 train_acc=0.7875 val_loss=0.6642 val_acc=0.7749 time=277.1s
13:53:27 | INFO | [finetune] epoch 5/30 train_task_loss=0.5983 train_kl=0.00 beta=0.00000 train_acc=0.7994 val_loss=0.6758 val_acc=0.7749 time=275.3s
13:58:01 | INFO | [finetune] epoch 6/30 train_task_loss=0.5642 train_kl=0.00 beta=0.00000 train_acc=0.8105 val_loss=0.6449 val_acc=0.7795 time=274.0s
14:02:35 | INFO | [finetune] epoch 7/30 train_task_loss=0.5468 train_kl=0.00 beta=0.00000 train_acc=0.8170 val_loss=0.6706 val_acc=0.7870 time=273.3s
14:07:08 | INFO | [finetune] epoch 8/30 train_task_loss=0.5226 train_kl=0.00 beta=0.00000 train_acc=0.8241 val_loss=0.5607 val_acc=0.8167 time=273.2s
14:11:42 | INFO | [finetune] epoch 9/30 train_task_loss=0.5055 train_kl=0.00 beta=0.00000 train_acc=0.8316 val_loss=0.6140 val_acc=0.7915 time=274.1s
14:16:15 | INFO | [finetune] epoch 10/30 train_task_loss=0.4902 train_kl=0.00 beta=0.00000 train_acc=0.8348 val_loss=0.5613 val_acc=0.8135 time=273.4s
14:20:49 | INFO | [finetune] epoch 11/30 train_task_loss=0.4745 train_kl=0.00 beta=0.00000 train_acc=0.8410 val_loss=0.5849 val_acc=0.8153 time=273.9s
14:25:30 | INFO | [finetune] epoch 12/30 train_task_loss=0.4650 train_kl=0.00 beta=0.00000 train_acc=0.8456 val_loss=0.5152 val_acc=0.8277 time=280.5s
14:30:05 | INFO | [finetune] epoch 13/30 train_task_loss=0.4524 train_kl=0.00 beta=0.00000 train_acc=0.8485 val_loss=0.5143 val_acc=0.8303 time=275.2s
14:34:40 | INFO | [finetune] epoch 14/30 train_task_loss=0.4388 train_kl=0.00 beta=0.00000 train_acc=0.8544 val_loss=0.4969 val_acc=0.8347 time=274.9s
14:39:16 | INFO | [finetune] epoch 15/30 train_task_loss=0.4289 train_kl=0.00 beta=0.00000 train_acc=0.8580 val_loss=0.5335 val_acc=0.8252 time=275.8s
14:43:51 | INFO | [finetune] epoch 16/30 train_task_loss=0.4168 train_kl=0.00 beta=0.00000 train_acc=0.8621 val_loss=0.4804 val_acc=0.8362 time=275.1s
14:48:26 | INFO | [finetune] epoch 17/30 train_task_loss=0.4081 train_kl=0.00 beta=0.00000 train_acc=0.8650 val_loss=0.4905 val_acc=0.8410 time=275.1s
14:53:00 | INFO | [finetune] epoch 18/30 train_task_loss=0.3986 train_kl=0.00 beta=0.00000 train_acc=0.8691 val_loss=0.6251 val_acc=0.8145 time=274.0s
14:57:33 | INFO | [finetune] epoch 19/30 train_task_loss=0.3915 train_kl=0.00 beta=0.00000 train_acc=0.8700 val_loss=0.5069 val_acc=0.8356 time=272.5s
15:02:07 | INFO | [finetune] epoch 20/30 train_task_loss=0.3843 train_kl=0.00 beta=0.00000 train_acc=0.8710 val_loss=0.5125 val_acc=0.8315 time=274.3s
15:06:39 | INFO | [finetune] epoch 21/30 train_task_loss=0.3823 train_kl=0.00 beta=0.00000 train_acc=0.8735 val_loss=0.5950 val_acc=0.8265 time=272.3s
15:11:15 | INFO | [finetune] epoch 22/30 train_task_loss=0.3673 train_kl=0.00 beta=0.00000 train_acc=0.8783 val_loss=0.4716 val_acc=0.8461 time=275.3s
15:15:50 | INFO | [finetune] epoch 23/30 train_task_loss=0.3670 train_kl=0.00 beta=0.00000 train_acc=0.8771 val_loss=0.4807 val_acc=0.8491 time=275.0s
15:20:24 | INFO | [finetune] epoch 24/30 train_task_loss=0.3640 train_kl=0.00 beta=0.00000 train_acc=0.8787 val_loss=0.4834 val_acc=0.8441 time=274.6s
15:24:57 | INFO | [finetune] epoch 25/30 train_task_loss=0.3524 train_kl=0.00 beta=0.00000 train_acc=0.8831 val_loss=0.5392 val_acc=0.8238 time=272.9s
15:29:32 | INFO | [finetune] epoch 26/30 train_task_loss=0.3535 train_kl=0.00 beta=0.00000 train_acc=0.8845 val_loss=0.5518 val_acc=0.8315 time=274.8s
15:34:07 | INFO | [finetune] epoch 27/30 train_task_loss=0.3503 train_kl=0.00 beta=0.00000 train_acc=0.8844 val_loss=0.4625 val_acc=0.8515 time=275.4s
15:38:40 | INFO | [finetune] epoch 28/30 train_task_loss=0.3423 train_kl=0.00 beta=0.00000 train_acc=0.8877 val_loss=0.5394 val_acc=0.8339 time=272.9s
15:43:16 | INFO | [finetune] epoch 29/30 train_task_loss=0.3484 train_kl=0.00 beta=0.00000 train_acc=0.8845 val_loss=0.5048 val_acc=0.8459 time=275.4s
15:47:50 | INFO | [finetune] epoch 30/30 train_task_loss=0.3472 train_kl=0.00 beta=0.00000 train_acc=0.8854 val_loss=0.4815 val_acc=0.8469 time=274.7s
15:48:37 | INFO | [dpap_kf0.100] Final test accuracy: 0.8510

============================================================
ALL BIO-INSPIRED EXPERIMENTS FINISHED
============================================================
     lenet / naive_firing_rate  kf=0.100:  98.5% pruned, accuracy 0.2235
     lenet / sca                kf=0.100:  98.5% pruned, accuracy 0.2473
     lenet / dpap               kf=0.100:  98.5% pruned, accuracy 0.2297
      vgg9 / naive_firing_rate  kf=0.100:  99.0% pruned, accuracy 0.6674
      vgg9 / sca                kf=0.100:  99.0% pruned, accuracy 0.5178
      vgg9 / dpap               kf=0.100:  99.0% pruned, accuracy 0.6592
  resnet18 / naive_firing_rate  kf=0.100:  88.5% pruned, accuracy 0.8343
  resnet18 / sca                kf=0.100:  88.5% pruned, accuracy 0.8257
  resnet18 / dpap               kf=0.100:  88.5% pruned, accuracy 0.8510
====================================================
Job finished: Sat 25 Jul 15:49:00 BST 2026
====================================================
