====================================================
Job started: Thu 13 Aug 05:26:33 BST 2026
Node: node851.csf3.man.alces.network
====================================================
Thu Aug 13 05:26:46 2026       
+-----------------------------------------------------------------------------------------+
| NVIDIA-SMI 595.71.05              Driver Version: 595.71.05      CUDA Version: 13.2     |
+-----------------------------------------+------------------------+----------------------+
| GPU  Name                 Persistence-M | Bus-Id          Disp.A | Volatile Uncorr. ECC |
| Fan  Temp   Perf          Pwr:Usage/Cap |           Memory-Usage | GPU-Util  Compute M. |
|                                         |                        |               MIG M. |
|=========================================+========================+======================|
|   0  NVIDIA A100-SXM4-80GB          On  |   00000000:81:00.0 Off |                    0 |
| N/A   26C    P0             60W /  400W |       0MiB /  81920MiB |      0%      Default |
|                                         |                        |             Disabled |
+-----------------------------------------+------------------------+----------------------+

+-----------------------------------------------------------------------------------------+
| Processes:                                                                              |
|  GPU   GI   CI              PID   Type   Process name                        GPU Memory |
|        ID   ID                                                               Usage      |
|=========================================================================================|
|  No running processes found                                                             |
+-----------------------------------------------------------------------------------------+
CUDA available: True
Files already downloaded and verified
Files already downloaded and verified
Files already downloaded and verified
Files already downloaded and verified
Files already downloaded and verified
Files already downloaded and verified

Loading pretrained baseline: ./outputs/spear_repl_resnet18/trained_model.pt

Training Bayesian gates (once, for every target on the curve)...
  gate optimizer: sgd (gate_lr=0.01)
  SynOps budget term active: 0.392 of dense SynOps
05:27:45 | INFO | [bayesian_train] SynOps budget: 99,921,490 (0.392 of measured dense 254,901,761); lambda_lr=0.05, recount every 1 epoch(s)
05:28:37 | INFO | [bayesian_train] epoch 1/75 train_task_loss=0.0649 train_kl=4062.01 beta=0.00000 train_cost=254271652.88 gamma=0.000000 train_acc=0.9891 val_loss=0.0027 val_acc=0.9992 time=52.1s E_synops=242,815,995 (2.43x budget) lambda=0.0000
05:28:39 | INFO |     log_alpha: min=-3.00 median=-3.00 max=-3.00 std=0.00 frac_prunable=0.000 frac_saturated=0.000
05:28:40 | INFO |     gate pressure stage1.0.conv1: |d task/d log_alpha|=3.817e-04 beta*|d KL/d log_alpha|=0.000e+00 ratio=inf
05:28:40 | INFO |     gate pressure stage1.1.conv1: |d task/d log_alpha|=6.641e-04 beta*|d KL/d log_alpha|=0.000e+00 ratio=inf
05:28:40 | INFO |     gate pressure stage2.0.conv1: |d task/d log_alpha|=3.540e-04 beta*|d KL/d log_alpha|=0.000e+00 ratio=inf
05:28:40 | INFO |     gate pressure stage2.1.conv1: |d task/d log_alpha|=5.157e-04 beta*|d KL/d log_alpha|=0.000e+00 ratio=inf
05:28:40 | INFO |     gate pressure stage3.0.conv1: |d task/d log_alpha|=2.716e-04 beta*|d KL/d log_alpha|=0.000e+00 ratio=inf
05:28:40 | INFO |     gate pressure stage3.1.conv1: |d task/d log_alpha|=2.478e-04 beta*|d KL/d log_alpha|=0.000e+00 ratio=inf
05:28:40 | INFO |     gate pressure stage4.0.conv1: |d task/d log_alpha|=3.821e-05 beta*|d KL/d log_alpha|=0.000e+00 ratio=inf
05:28:40 | INFO |     gate pressure stage4.1.conv1: |d task/d log_alpha|=1.947e-05 beta*|d KL/d log_alpha|=0.000e+00 ratio=inf
05:29:17 | INFO | [bayesian_train] epoch 2/75 train_task_loss=0.0723 train_kl=4058.25 beta=0.00500 train_cost=255027319.25 gamma=0.000000 train_acc=0.9885 val_loss=0.0025 val_acc=0.9996 time=36.6s E_synops=243,502,399 (2.44x budget) lambda=0.0715
05:29:17 | INFO |     log_alpha: min=-3.00 median=-2.99 max=-2.99 std=0.00 frac_prunable=0.000 frac_saturated=0.000
05:29:54 | INFO | [bayesian_train] epoch 3/75 train_task_loss=0.0707 train_kl=4046.62 beta=0.01000 train_cost=253298419.87 gamma=0.000000 train_acc=0.9884 val_loss=0.0009 val_acc=0.9996 time=36.7s E_synops=241,732,630 (2.42x budget) lambda=0.1434
05:29:54 | INFO |     log_alpha: min=-2.99 median=-2.98 max=-2.98 std=0.00 frac_prunable=0.000 frac_saturated=0.000
05:30:30 | INFO | [bayesian_train] epoch 4/75 train_task_loss=0.0814 train_kl=4027.20 beta=0.01500 train_cost=254068535.52 gamma=0.000000 train_acc=0.9870 val_loss=0.0034 val_acc=0.9996 time=36.7s E_synops=242,262,968 (2.42x budget) lambda=0.2143
05:30:30 | INFO |     log_alpha: min=-2.97 median=-2.95 max=-2.95 std=0.00 frac_prunable=0.000 frac_saturated=0.000
05:31:07 | INFO | [bayesian_train] epoch 5/75 train_task_loss=0.0757 train_kl=4000.35 beta=0.02000 train_cost=253666895.04 gamma=0.000000 train_acc=0.9870 val_loss=0.0038 val_acc=0.9992 time=36.8s E_synops=241,590,912 (2.42x budget) lambda=0.2855
05:31:07 | INFO |     log_alpha: min=-2.94 median=-2.93 max=-2.92 std=0.00 frac_prunable=0.000 frac_saturated=0.000
05:31:44 | INFO | [bayesian_train] epoch 6/75 train_task_loss=0.0739 train_kl=3965.35 beta=0.02500 train_cost=254415021.22 gamma=0.000000 train_acc=0.9878 val_loss=0.0009 val_acc=0.9998 time=36.8s E_synops=241,914,919 (2.42x budget) lambda=0.3564
05:31:44 | INFO |     log_alpha: min=-2.91 median=-2.89 max=-2.88 std=0.00 frac_prunable=0.000 frac_saturated=0.000
05:31:44 | INFO |     gate pressure stage1.0.conv1: |d task/d log_alpha|=8.228e-04 beta*|d KL/d log_alpha|=1.360e-02 ratio=0.060
05:31:44 | INFO |     gate pressure stage1.1.conv1: |d task/d log_alpha|=1.156e-03 beta*|d KL/d log_alpha|=1.360e-02 ratio=0.085
05:31:44 | INFO |     gate pressure stage2.0.conv1: |d task/d log_alpha|=6.074e-04 beta*|d KL/d log_alpha|=1.361e-02 ratio=0.045
05:31:44 | INFO |     gate pressure stage2.1.conv1: |d task/d log_alpha|=8.763e-04 beta*|d KL/d log_alpha|=1.361e-02 ratio=0.064
05:31:44 | INFO |     gate pressure stage3.0.conv1: |d task/d log_alpha|=5.610e-04 beta*|d KL/d log_alpha|=1.361e-02 ratio=0.041
05:31:44 | INFO |     gate pressure stage3.1.conv1: |d task/d log_alpha|=4.900e-04 beta*|d KL/d log_alpha|=1.361e-02 ratio=0.036
05:31:44 | INFO |     gate pressure stage4.0.conv1: |d task/d log_alpha|=7.697e-05 beta*|d KL/d log_alpha|=1.361e-02 ratio=0.006
05:31:44 | INFO |     gate pressure stage4.1.conv1: |d task/d log_alpha|=3.737e-05 beta*|d KL/d log_alpha|=1.361e-02 ratio=0.003
05:32:21 | INFO | [bayesian_train] epoch 7/75 train_task_loss=0.0824 train_kl=3922.23 beta=0.03000 train_cost=253340816.00 gamma=0.000000 train_acc=0.9863 val_loss=0.0040 val_acc=0.9994 time=36.7s E_synops=240,401,612 (2.41x budget) lambda=0.4275
05:32:21 | INFO |     log_alpha: min=-2.87 median=-2.84 max=-2.84 std=0.00 frac_prunable=0.000 frac_saturated=0.000
05:32:58 | INFO | [bayesian_train] epoch 8/75 train_task_loss=0.0905 train_kl=3872.33 beta=0.03500 train_cost=253545247.77 gamma=0.000000 train_acc=0.9854 val_loss=0.0023 val_acc=0.9996 time=36.9s E_synops=240,005,503 (2.40x budget) lambda=0.4978
05:32:58 | INFO |     log_alpha: min=-2.82 median=-2.79 max=-2.79 std=0.00 frac_prunable=0.000 frac_saturated=0.000
05:33:35 | INFO | [bayesian_train] epoch 9/75 train_task_loss=0.0873 train_kl=3813.44 beta=0.04000 train_cost=255725639.20 gamma=0.000000 train_acc=0.9847 val_loss=0.0010 val_acc=0.9996 time=36.7s E_synops=241,337,927 (2.42x budget) lambda=0.5679
05:33:35 | INFO |     log_alpha: min=-2.76 median=-2.73 max=-2.73 std=0.00 frac_prunable=0.000 frac_saturated=0.000
05:34:11 | INFO | [bayesian_train] epoch 10/75 train_task_loss=0.0922 train_kl=3745.49 beta=0.04500 train_cost=253457949.31 gamma=0.000000 train_acc=0.9836 val_loss=0.0019 val_acc=0.9998 time=36.1s E_synops=238,321,902 (2.39x budget) lambda=0.6386
05:34:11 | INFO |     log_alpha: min=-2.69 median=-2.66 max=-2.66 std=0.00 frac_prunable=0.000 frac_saturated=0.000
05:34:47 | INFO | [bayesian_train] epoch 11/75 train_task_loss=0.0979 train_kl=3667.44 beta=0.05000 train_cost=253490955.67 gamma=0.000000 train_acc=0.9817 val_loss=0.0023 val_acc=0.9994 time=36.1s E_synops=237,294,332 (2.37x budget) lambda=0.7079
05:34:47 | INFO |     log_alpha: min=-2.62 median=-2.59 max=-2.58 std=0.00 frac_prunable=0.000 frac_saturated=0.000
05:34:47 | INFO |     gate pressure stage1.0.conv1: |d task/d log_alpha|=1.119e-03 beta*|d KL/d log_alpha|=2.827e-02 ratio=0.040
05:34:47 | INFO |     gate pressure stage1.1.conv1: |d task/d log_alpha|=1.608e-03 beta*|d KL/d log_alpha|=2.826e-02 ratio=0.057
05:34:47 | INFO |     gate pressure stage2.0.conv1: |d task/d log_alpha|=7.676e-04 beta*|d KL/d log_alpha|=2.830e-02 ratio=0.027
05:34:47 | INFO |     gate pressure stage2.1.conv1: |d task/d log_alpha|=1.100e-03 beta*|d KL/d log_alpha|=2.829e-02 ratio=0.039
05:34:47 | INFO |     gate pressure stage3.0.conv1: |d task/d log_alpha|=6.849e-04 beta*|d KL/d log_alpha|=2.830e-02 ratio=0.024
05:34:47 | INFO |     gate pressure stage3.1.conv1: |d task/d log_alpha|=8.733e-04 beta*|d KL/d log_alpha|=2.830e-02 ratio=0.031
05:34:47 | INFO |     gate pressure stage4.0.conv1: |d task/d log_alpha|=1.293e-04 beta*|d KL/d log_alpha|=2.831e-02 ratio=0.005
05:34:47 | INFO |     gate pressure stage4.1.conv1: |d task/d log_alpha|=6.087e-05 beta*|d KL/d log_alpha|=2.831e-02 ratio=0.002
05:35:23 | INFO | [bayesian_train] epoch 12/75 train_task_loss=0.1003 train_kl=3585.73 beta=0.05000 train_cost=253089629.49 gamma=0.000000 train_acc=0.9798 val_loss=0.0022 val_acc=0.9994 time=36.1s E_synops=235,752,484 (2.36x budget) lambda=0.7766
05:35:23 | INFO |     log_alpha: min=-2.55 median=-2.51 max=-2.50 std=0.00 frac_prunable=0.000 frac_saturated=0.000
05:35:59 | INFO | [bayesian_train] epoch 13/75 train_task_loss=0.1172 train_kl=3502.86 beta=0.05000 train_cost=252942210.01 gamma=0.000000 train_acc=0.9765 val_loss=0.0022 val_acc=0.9994 time=36.2s E_synops=234,368,237 (2.35x budget) lambda=0.8446
05:35:59 | INFO |     log_alpha: min=-2.48 median=-2.44 max=-2.43 std=0.00 frac_prunable=0.000 frac_saturated=0.000
05:36:35 | INFO | [bayesian_train] epoch 14/75 train_task_loss=0.1152 train_kl=3416.73 beta=0.05000 train_cost=252578363.90 gamma=0.000000 train_acc=0.9762 val_loss=0.0020 val_acc=0.9990 time=36.2s E_synops=232,666,218 (2.33x budget) lambda=0.9119
05:36:35 | INFO |     log_alpha: min=-2.40 median=-2.36 max=-2.35 std=0.00 frac_prunable=0.000 frac_saturated=0.000
05:37:12 | INFO | [bayesian_train] epoch 15/75 train_task_loss=0.1270 train_kl=3329.03 beta=0.05000 train_cost=252786264.62 gamma=0.000000 train_acc=0.9720 val_loss=0.0068 val_acc=0.9984 time=36.1s E_synops=231,391,017 (2.32x budget) lambda=0.9783
05:37:12 | INFO |     log_alpha: min=-2.33 median=-2.28 max=-2.27 std=0.00 frac_prunable=0.000 frac_saturated=0.000
05:37:49 | INFO | [bayesian_train] epoch 16/75 train_task_loss=0.1391 train_kl=3236.38 beta=0.05000 train_cost=252952846.40 gamma=0.000000 train_acc=0.9688 val_loss=0.0033 val_acc=0.9990 time=36.9s E_synops=229,906,475 (2.30x budget) lambda=1.0441
05:37:49 | INFO |     log_alpha: min=-2.25 median=-2.20 max=-2.18 std=0.01 frac_prunable=0.000 frac_saturated=0.000
05:37:49 | INFO |     gate pressure stage1.0.conv1: |d task/d log_alpha|=1.949e-03 beta*|d KL/d log_alpha|=2.998e-02 ratio=0.065
05:37:49 | INFO |     gate pressure stage1.1.conv1: |d task/d log_alpha|=2.225e-03 beta*|d KL/d log_alpha|=2.996e-02 ratio=0.074
05:37:49 | INFO |     gate pressure stage2.0.conv1: |d task/d log_alpha|=1.370e-03 beta*|d KL/d log_alpha|=3.001e-02 ratio=0.046
05:37:49 | INFO |     gate pressure stage2.1.conv1: |d task/d log_alpha|=2.224e-03 beta*|d KL/d log_alpha|=3.000e-02 ratio=0.074
05:37:49 | INFO |     gate pressure stage3.0.conv1: |d task/d log_alpha|=1.279e-03 beta*|d KL/d log_alpha|=3.002e-02 ratio=0.043
05:37:49 | INFO |     gate pressure stage3.1.conv1: |d task/d log_alpha|=1.392e-03 beta*|d KL/d log_alpha|=3.002e-02 ratio=0.046
05:37:49 | INFO |     gate pressure stage4.0.conv1: |d task/d log_alpha|=2.115e-04 beta*|d KL/d log_alpha|=3.003e-02 ratio=0.007
05:37:49 | INFO |     gate pressure stage4.1.conv1: |d task/d log_alpha|=9.851e-05 beta*|d KL/d log_alpha|=3.004e-02 ratio=0.003
05:38:25 | INFO | [bayesian_train] epoch 17/75 train_task_loss=0.1455 train_kl=3141.22 beta=0.05000 train_cost=252915084.99 gamma=0.000000 train_acc=0.9651 val_loss=0.0046 val_acc=0.9982 time=36.7s E_synops=228,098,139 (2.28x budget) lambda=1.1091
05:38:25 | INFO |     log_alpha: min=-2.17 median=-2.11 max=-2.10 std=0.01 frac_prunable=0.000 frac_saturated=0.000
05:39:02 | INFO | [bayesian_train] epoch 18/75 train_task_loss=0.1503 train_kl=3041.64 beta=0.05000 train_cost=252067878.06 gamma=0.000000 train_acc=0.9608 val_loss=0.0034 val_acc=0.9990 time=36.8s E_synops=225,378,702 (2.26x budget) lambda=1.1733
05:39:02 | INFO |     log_alpha: min=-2.09 median=-2.03 max=-2.01 std=0.01 frac_prunable=0.000 frac_saturated=0.000
05:39:39 | INFO | [bayesian_train] epoch 19/75 train_task_loss=0.1682 train_kl=2938.11 beta=0.05000 train_cost=251335491.51 gamma=0.000000 train_acc=0.9549 val_loss=0.0045 val_acc=0.9988 time=36.7s E_synops=222,580,240 (2.23x budget) lambda=1.2360
05:39:39 | INFO |     log_alpha: min=-2.00 median=-1.94 max=-1.92 std=0.01 frac_prunable=0.000 frac_saturated=0.000
05:40:16 | INFO | [bayesian_train] epoch 20/75 train_task_loss=0.1772 train_kl=2831.49 beta=0.05000 train_cost=252412637.22 gamma=0.000000 train_acc=0.9510 val_loss=0.0080 val_acc=0.9969 time=36.7s E_synops=221,188,198 (2.21x budget) lambda=1.2974
05:40:16 | INFO |     log_alpha: min=-1.91 median=-1.85 max=-1.82 std=0.01 frac_prunable=0.000 frac_saturated=0.000
05:40:52 | INFO | [bayesian_train] epoch 21/75 train_task_loss=0.1857 train_kl=2720.90 beta=0.05000 train_cost=252714369.09 gamma=0.000000 train_acc=0.9471 val_loss=0.0068 val_acc=0.9975 time=36.8s E_synops=218,869,499 (2.19x budget) lambda=1.3581
05:40:52 | INFO |     log_alpha: min=-1.83 median=-1.75 max=-1.73 std=0.01 frac_prunable=0.000 frac_saturated=0.000
05:40:52 | INFO |     gate pressure stage1.0.conv1: |d task/d log_alpha|=3.131e-03 beta*|d KL/d log_alpha|=3.164e-02 ratio=0.099
05:40:52 | INFO |     gate pressure stage1.1.conv1: |d task/d log_alpha|=2.366e-03 beta*|d KL/d log_alpha|=3.163e-02 ratio=0.075
05:40:52 | INFO |     gate pressure stage2.0.conv1: |d task/d log_alpha|=1.703e-03 beta*|d KL/d log_alpha|=3.166e-02 ratio=0.054
05:40:52 | INFO |     gate pressure stage2.1.conv1: |d task/d log_alpha|=2.686e-03 beta*|d KL/d log_alpha|=3.165e-02 ratio=0.085
05:40:52 | INFO |     gate pressure stage3.0.conv1: |d task/d log_alpha|=1.696e-03 beta*|d KL/d log_alpha|=3.166e-02 ratio=0.054
05:40:52 | INFO |     gate pressure stage3.1.conv1: |d task/d log_alpha|=1.962e-03 beta*|d KL/d log_alpha|=3.166e-02 ratio=0.062
05:40:52 | INFO |     gate pressure stage4.0.conv1: |d task/d log_alpha|=3.692e-04 beta*|d KL/d log_alpha|=3.167e-02 ratio=0.012
05:40:52 | INFO |     gate pressure stage4.1.conv1: |d task/d log_alpha|=1.879e-04 beta*|d KL/d log_alpha|=3.167e-02 ratio=0.006
05:41:29 | INFO | [bayesian_train] epoch 22/75 train_task_loss=0.1960 train_kl=2606.52 beta=0.05000 train_cost=251837583.82 gamma=0.000000 train_acc=0.9424 val_loss=0.0081 val_acc=0.9979 time=37.0s E_synops=215,281,567 (2.15x budget) lambda=1.4176
05:41:29 | INFO |     log_alpha: min=-1.73 median=-1.66 max=-1.63 std=0.01 frac_prunable=0.000 frac_saturated=0.000
05:42:06 | INFO | [bayesian_train] epoch 23/75 train_task_loss=0.2202 train_kl=2488.12 beta=0.05000 train_cost=253398090.99 gamma=0.000000 train_acc=0.9341 val_loss=0.0086 val_acc=0.9982 time=36.5s E_synops=213,480,121 (2.14x budget) lambda=1.4754
05:42:06 | INFO |     log_alpha: min=-1.64 median=-1.56 max=-1.54 std=0.01 frac_prunable=0.000 frac_saturated=0.000
05:42:43 | INFO | [bayesian_train] epoch 24/75 train_task_loss=0.2338 train_kl=2367.91 beta=0.05000 train_cost=253130448.05 gamma=0.000000 train_acc=0.9286 val_loss=0.0113 val_acc=0.9975 time=36.8s E_synops=209,862,669 (2.10x budget) lambda=1.5322
05:42:43 | INFO |     log_alpha: min=-1.54 median=-1.46 max=-1.43 std=0.01 frac_prunable=0.000 frac_saturated=0.000
05:43:19 | INFO | [bayesian_train] epoch 25/75 train_task_loss=0.2474 train_kl=2246.50 beta=0.05000 train_cost=252982716.67 gamma=0.000000 train_acc=0.9239 val_loss=0.0141 val_acc=0.9967 time=36.6s E_synops=206,079,213 (2.06x budget) lambda=1.5872
05:43:19 | INFO |     log_alpha: min=-1.44 median=-1.36 max=-1.33 std=0.01 frac_prunable=0.000 frac_saturated=0.000
05:43:56 | INFO | [bayesian_train] epoch 26/75 train_task_loss=0.2720 train_kl=2125.86 beta=0.05000 train_cost=254749190.88 gamma=0.000000 train_acc=0.9154 val_loss=0.0178 val_acc=0.9957 time=36.6s E_synops=203,593,439 (2.04x budget) lambda=1.6403
05:43:56 | INFO |     log_alpha: min=-1.34 median=-1.26 max=-1.23 std=0.01 frac_prunable=0.000 frac_saturated=0.000
05:43:56 | INFO |     gate pressure stage1.0.conv1: |d task/d log_alpha|=2.090e-03 beta*|d KL/d log_alpha|=3.130e-02 ratio=0.067
05:43:56 | INFO |     gate pressure stage1.1.conv1: |d task/d log_alpha|=2.781e-03 beta*|d KL/d log_alpha|=3.133e-02 ratio=0.089
05:43:56 | INFO |     gate pressure stage2.0.conv1: |d task/d log_alpha|=1.482e-03 beta*|d KL/d log_alpha|=3.132e-02 ratio=0.047
05:43:56 | INFO |     gate pressure stage2.1.conv1: |d task/d log_alpha|=2.146e-03 beta*|d KL/d log_alpha|=3.134e-02 ratio=0.068
05:43:56 | INFO |     gate pressure stage3.0.conv1: |d task/d log_alpha|=1.434e-03 beta*|d KL/d log_alpha|=3.132e-02 ratio=0.046
05:43:56 | INFO |     gate pressure stage3.1.conv1: |d task/d log_alpha|=2.038e-03 beta*|d KL/d log_alpha|=3.133e-02 ratio=0.065
05:43:56 | INFO |     gate pressure stage4.0.conv1: |d task/d log_alpha|=3.017e-04 beta*|d KL/d log_alpha|=3.131e-02 ratio=0.010
05:43:56 | INFO |     gate pressure stage4.1.conv1: |d task/d log_alpha|=1.726e-04 beta*|d KL/d log_alpha|=3.130e-02 ratio=0.006
05:44:33 | INFO | [bayesian_train] epoch 27/75 train_task_loss=0.3003 train_kl=2006.75 beta=0.05000 train_cost=253316469.38 gamma=0.000000 train_acc=0.9056 val_loss=0.0174 val_acc=0.9959 time=36.7s E_synops=198,315,218 (1.98x budget) lambda=1.6922
05:44:33 | INFO |     log_alpha: min=-1.24 median=-1.16 max=-1.12 std=0.01 frac_prunable=0.000 frac_saturated=0.000
05:45:09 | INFO | [bayesian_train] epoch 28/75 train_task_loss=0.3172 train_kl=1889.94 beta=0.05000 train_cost=252909153.91 gamma=0.000000 train_acc=0.8998 val_loss=0.0177 val_acc=0.9959 time=36.7s E_synops=193,648,269 (1.94x budget) lambda=1.7414
05:45:09 | INFO |     log_alpha: min=-1.14 median=-1.07 max=-1.02 std=0.01 frac_prunable=0.000 frac_saturated=0.000
05:45:46 | INFO | [bayesian_train] epoch 29/75 train_task_loss=0.3469 train_kl=1777.46 beta=0.05000 train_cost=253563269.74 gamma=0.000000 train_acc=0.8903 val_loss=0.0219 val_acc=0.9957 time=36.6s E_synops=189,634,418 (1.90x budget) lambda=1.7883
05:45:46 | INFO |     log_alpha: min=-1.04 median=-0.97 max=-0.92 std=0.01 frac_prunable=0.000 frac_saturated=0.000
05:46:23 | INFO | [bayesian_train] epoch 30/75 train_task_loss=0.3691 train_kl=1670.11 beta=0.05000 train_cost=254116026.71 gamma=0.000000 train_acc=0.8841 val_loss=0.0277 val_acc=0.9943 time=36.8s E_synops=185,402,338 (1.86x budget) lambda=1.8332
05:46:23 | INFO |     log_alpha: min=-0.95 median=-0.88 max=-0.82 std=0.01 frac_prunable=0.000 frac_saturated=0.000
05:47:00 | INFO | [bayesian_train] epoch 31/75 train_task_loss=0.3932 train_kl=1567.82 beta=0.05000 train_cost=252931899.67 gamma=0.000000 train_acc=0.8759 val_loss=0.0297 val_acc=0.9938 time=36.6s E_synops=179,803,633 (1.80x budget) lambda=1.8760
05:47:00 | INFO |     log_alpha: min=-0.85 median=-0.79 max=-0.72 std=0.01 frac_prunable=0.000 frac_saturated=0.000
05:47:00 | INFO |     gate pressure stage1.0.conv1: |d task/d log_alpha|=1.882e-03 beta*|d KL/d log_alpha|=2.741e-02 ratio=0.069
05:47:00 | INFO |     gate pressure stage1.1.conv1: |d task/d log_alpha|=2.048e-03 beta*|d KL/d log_alpha|=2.747e-02 ratio=0.075
05:47:00 | INFO |     gate pressure stage2.0.conv1: |d task/d log_alpha|=1.423e-03 beta*|d KL/d log_alpha|=2.760e-02 ratio=0.052
05:47:00 | INFO |     gate pressure stage2.1.conv1: |d task/d log_alpha|=1.918e-03 beta*|d KL/d log_alpha|=2.767e-02 ratio=0.069
05:47:00 | INFO |     gate pressure stage3.0.conv1: |d task/d log_alpha|=1.352e-03 beta*|d KL/d log_alpha|=2.767e-02 ratio=0.049
05:47:00 | INFO |     gate pressure stage3.1.conv1: |d task/d log_alpha|=2.451e-03 beta*|d KL/d log_alpha|=2.770e-02 ratio=0.089
05:47:00 | INFO |     gate pressure stage4.0.conv1: |d task/d log_alpha|=3.757e-04 beta*|d KL/d log_alpha|=2.764e-02 ratio=0.014
05:47:00 | INFO |     gate pressure stage4.1.conv1: |d task/d log_alpha|=1.964e-04 beta*|d KL/d log_alpha|=2.762e-02 ratio=0.007
05:47:36 | INFO | [bayesian_train] epoch 32/75 train_task_loss=0.4179 train_kl=1470.99 beta=0.05000 train_cost=254161465.07 gamma=0.000000 train_acc=0.8690 val_loss=0.0370 val_acc=0.9916 time=36.7s E_synops=175,836,877 (1.76x budget) lambda=1.9160
05:47:36 | INFO |     log_alpha: min=-0.75 median=-0.70 max=-0.62 std=0.01 frac_prunable=0.000 frac_saturated=0.000
05:48:13 | INFO | [bayesian_train] epoch 33/75 train_task_loss=0.4475 train_kl=1380.74 beta=0.05000 train_cost=254375167.09 gamma=0.000000 train_acc=0.8552 val_loss=0.0371 val_acc=0.9924 time=36.6s E_synops=171,142,021 (1.71x budget) lambda=1.9539
05:48:13 | INFO |     log_alpha: min=-0.66 median=-0.61 max=-0.52 std=0.01 frac_prunable=0.000 frac_saturated=0.000
05:48:50 | INFO | [bayesian_train] epoch 34/75 train_task_loss=0.4710 train_kl=1296.34 beta=0.05000 train_cost=254013945.03 gamma=0.000000 train_acc=0.8487 val_loss=0.0409 val_acc=0.9914 time=36.8s E_synops=166,061,833 (1.66x budget) lambda=1.9896
05:48:50 | INFO |     log_alpha: min=-0.57 median=-0.53 max=-0.43 std=0.01 frac_prunable=0.000 frac_saturated=0.000
05:49:26 | INFO | [bayesian_train] epoch 35/75 train_task_loss=0.5001 train_kl=1217.88 beta=0.05000 train_cost=254123583.91 gamma=0.000000 train_acc=0.8384 val_loss=0.0444 val_acc=0.9912 time=36.7s E_synops=161,323,324 (1.61x budget) lambda=2.0227
05:49:26 | INFO |     log_alpha: min=-0.48 median=-0.45 max=-0.34 std=0.01 frac_prunable=0.000 frac_saturated=0.000
05:50:03 | INFO | [bayesian_train] epoch 36/75 train_task_loss=0.5196 train_kl=1145.37 beta=0.05000 train_cost=253389305.48 gamma=0.000000 train_acc=0.8331 val_loss=0.0516 val_acc=0.9887 time=36.6s E_synops=156,139,061 (1.56x budget) lambda=2.0534
05:50:03 | INFO |     log_alpha: min=-0.40 median=-0.37 max=-0.26 std=0.01 frac_prunable=0.000 frac_saturated=0.000
05:50:03 | INFO |     gate pressure stage1.0.conv1: |d task/d log_alpha|=2.460e-03 beta*|d KL/d log_alpha|=2.198e-02 ratio=0.112
05:50:03 | INFO |     gate pressure stage1.1.conv1: |d task/d log_alpha|=3.181e-03 beta*|d KL/d log_alpha|=2.204e-02 ratio=0.144
05:50:03 | INFO |     gate pressure stage2.0.conv1: |d task/d log_alpha|=1.455e-03 beta*|d KL/d log_alpha|=2.245e-02 ratio=0.065
05:50:03 | INFO |     gate pressure stage2.1.conv1: |d task/d log_alpha|=4.521e-03 beta*|d KL/d log_alpha|=2.255e-02 ratio=0.200
05:50:03 | INFO |     gate pressure stage3.0.conv1: |d task/d log_alpha|=2.200e-03 beta*|d KL/d log_alpha|=2.264e-02 ratio=0.097
05:50:03 | INFO |     gate pressure stage3.1.conv1: |d task/d log_alpha|=4.410e-03 beta*|d KL/d log_alpha|=2.269e-02 ratio=0.194
05:50:03 | INFO |     gate pressure stage4.0.conv1: |d task/d log_alpha|=6.195e-04 beta*|d KL/d log_alpha|=2.261e-02 ratio=0.027
05:50:03 | INFO |     gate pressure stage4.1.conv1: |d task/d log_alpha|=2.434e-04 beta*|d KL/d log_alpha|=2.258e-02 ratio=0.011
05:50:40 | INFO | [bayesian_train] epoch 37/75 train_task_loss=0.5506 train_kl=1078.59 beta=0.05000 train_cost=253292406.79 gamma=0.000000 train_acc=0.8219 val_loss=0.0594 val_acc=0.9879 time=36.6s E_synops=151,463,823 (1.52x budget) lambda=2.0815
05:50:40 | INFO |     log_alpha: min=-0.33 median=-0.29 max=-0.17 std=0.02 frac_prunable=0.000 frac_saturated=0.000
05:51:16 | INFO | [bayesian_train] epoch 38/75 train_task_loss=0.5825 train_kl=1017.26 beta=0.05000 train_cost=252801688.02 gamma=0.000000 train_acc=0.8108 val_loss=0.0670 val_acc=0.9854 time=36.6s E_synops=146,691,961 (1.47x budget) lambda=2.1073
05:51:16 | INFO |     log_alpha: min=-0.26 median=-0.22 max=-0.09 std=0.02 frac_prunable=0.000 frac_saturated=0.000
05:51:53 | INFO | [bayesian_train] epoch 39/75 train_task_loss=0.6053 train_kl=960.71 beta=0.05000 train_cost=252986898.01 gamma=0.000000 train_acc=0.8027 val_loss=0.0788 val_acc=0.9818 time=36.6s E_synops=142,450,823 (1.43x budget) lambda=2.1307
05:51:53 | INFO |     log_alpha: min=-0.20 median=-0.15 max=-0.02 std=0.02 frac_prunable=0.000 frac_saturated=0.000
05:52:29 | INFO | [bayesian_train] epoch 40/75 train_task_loss=0.6306 train_kl=908.84 beta=0.05000 train_cost=253542158.31 gamma=0.000000 train_acc=0.7960 val_loss=0.0835 val_acc=0.9811 time=36.3s E_synops=138,553,325 (1.39x budget) lambda=2.1520
05:52:29 | INFO |     log_alpha: min=-0.14 median=-0.08 max=0.06 std=0.02 frac_prunable=0.000 frac_saturated=0.000
05:53:05 | INFO | [bayesian_train] epoch 41/75 train_task_loss=0.6669 train_kl=861.12 beta=0.05000 train_cost=253233728.18 gamma=0.000000 train_acc=0.7851 val_loss=0.0993 val_acc=0.9787 time=36.1s E_synops=134,324,420 (1.34x budget) lambda=2.1713
05:53:05 | INFO |     log_alpha: min=-0.08 median=-0.02 max=0.13 std=0.02 frac_prunable=0.000 frac_saturated=0.000
05:53:05 | INFO |     gate pressure stage1.0.conv1: |d task/d log_alpha|=2.597e-03 beta*|d KL/d log_alpha|=1.727e-02 ratio=0.150
05:53:05 | INFO |     gate pressure stage1.1.conv1: |d task/d log_alpha|=3.098e-03 beta*|d KL/d log_alpha|=1.732e-02 ratio=0.179
05:53:05 | INFO |     gate pressure stage2.0.conv1: |d task/d log_alpha|=1.620e-03 beta*|d KL/d log_alpha|=1.796e-02 ratio=0.090
05:53:05 | INFO |     gate pressure stage2.1.conv1: |d task/d log_alpha|=3.760e-03 beta*|d KL/d log_alpha|=1.808e-02 ratio=0.208
05:53:05 | INFO |     gate pressure stage3.0.conv1: |d task/d log_alpha|=2.170e-03 beta*|d KL/d log_alpha|=1.824e-02 ratio=0.119
05:53:05 | INFO |     gate pressure stage3.1.conv1: |d task/d log_alpha|=4.765e-03 beta*|d KL/d log_alpha|=1.835e-02 ratio=0.260
05:53:05 | INFO |     gate pressure stage4.0.conv1: |d task/d log_alpha|=5.631e-04 beta*|d KL/d log_alpha|=1.822e-02 ratio=0.031
05:53:05 | INFO |     gate pressure stage4.1.conv1: |d task/d log_alpha|=2.839e-04 beta*|d KL/d log_alpha|=1.818e-02 ratio=0.016
05:53:42 | INFO | [bayesian_train] epoch 42/75 train_task_loss=0.6854 train_kl=817.27 beta=0.05000 train_cost=253931620.60 gamma=0.000000 train_acc=0.7769 val_loss=0.1069 val_acc=0.9742 time=36.3s E_synops=130,786,783 (1.31x budget) lambda=2.1886
05:53:42 | INFO |     log_alpha: min=-0.02 median=0.04 max=0.20 std=0.02 frac_prunable=0.000 frac_saturated=0.000
05:54:18 | INFO | [bayesian_train] epoch 43/75 train_task_loss=0.7224 train_kl=776.81 beta=0.05000 train_cost=252624610.42 gamma=0.000000 train_acc=0.7651 val_loss=0.1136 val_acc=0.9729 time=36.1s E_synops=126,387,949 (1.26x budget) lambda=2.2040
05:54:18 | INFO |     log_alpha: min=0.03 median=0.10 max=0.27 std=0.02 frac_prunable=0.000 frac_saturated=0.000
05:54:54 | INFO | [bayesian_train] epoch 44/75 train_task_loss=0.7554 train_kl=739.58 beta=0.05000 train_cost=254893086.40 gamma=0.000000 train_acc=0.7555 val_loss=0.1181 val_acc=0.9723 time=36.0s E_synops=123,923,303 (1.24x budget) lambda=2.2173
05:54:54 | INFO |     log_alpha: min=0.08 median=0.16 max=0.33 std=0.03 frac_prunable=0.000 frac_saturated=0.000
05:55:30 | INFO | [bayesian_train] epoch 45/75 train_task_loss=0.7747 train_kl=705.23 beta=0.05000 train_cost=253694062.40 gamma=0.000000 train_acc=0.7480 val_loss=0.1346 val_acc=0.9689 time=36.0s E_synops=119,904,261 (1.20x budget) lambda=2.2293
05:55:30 | INFO |     log_alpha: min=0.13 median=0.21 max=0.39 std=0.03 frac_prunable=0.000 frac_saturated=0.000
05:56:06 | INFO | [bayesian_train] epoch 46/75 train_task_loss=0.8089 train_kl=673.46 beta=0.05000 train_cost=254081926.84 gamma=0.000000 train_acc=0.7356 val_loss=0.1481 val_acc=0.9645 time=36.1s E_synops=116,810,285 (1.17x budget) lambda=2.2393
05:56:06 | INFO |     log_alpha: min=0.17 median=0.26 max=0.45 std=0.03 frac_prunable=0.000 frac_saturated=0.000
05:56:06 | INFO |     gate pressure stage1.0.conv1: |d task/d log_alpha|=2.508e-03 beta*|d KL/d log_alpha|=1.378e-02 ratio=0.182
05:56:06 | INFO |     gate pressure stage1.1.conv1: |d task/d log_alpha|=3.159e-03 beta*|d KL/d log_alpha|=1.382e-02 ratio=0.229
05:56:06 | INFO |     gate pressure stage2.0.conv1: |d task/d log_alpha|=1.550e-03 beta*|d KL/d log_alpha|=1.458e-02 ratio=0.106
05:56:06 | INFO |     gate pressure stage2.1.conv1: |d task/d log_alpha|=4.002e-03 beta*|d KL/d log_alpha|=1.474e-02 ratio=0.271
05:56:06 | INFO |     gate pressure stage3.0.conv1: |d task/d log_alpha|=2.312e-03 beta*|d KL/d log_alpha|=1.492e-02 ratio=0.155
05:56:06 | INFO |     gate pressure stage3.1.conv1: |d task/d log_alpha|=6.144e-03 beta*|d KL/d log_alpha|=1.509e-02 ratio=0.407
05:56:06 | INFO |     gate pressure stage4.0.conv1: |d task/d log_alpha|=7.135e-04 beta*|d KL/d log_alpha|=1.491e-02 ratio=0.048
05:56:06 | INFO |     gate pressure stage4.1.conv1: |d task/d log_alpha|=3.224e-04 beta*|d KL/d log_alpha|=1.487e-02 ratio=0.022
05:56:43 | INFO | [bayesian_train] epoch 47/75 train_task_loss=0.8312 train_kl=644.03 beta=0.05000 train_cost=253603049.94 gamma=0.000000 train_acc=0.7288 val_loss=0.1731 val_acc=0.9596 time=36.6s E_synops=113,469,151 (1.14x budget) lambda=2.2477
05:56:43 | INFO |     log_alpha: min=0.21 median=0.31 max=0.51 std=0.03 frac_prunable=0.000 frac_saturated=0.000
05:57:19 | INFO | [bayesian_train] epoch 48/75 train_task_loss=0.8536 train_kl=616.77 beta=0.05000 train_cost=251032232.52 gamma=0.000000 train_acc=0.7212 val_loss=0.1879 val_acc=0.9541 time=36.5s E_synops=109,377,597 (1.09x budget) lambda=2.2545
05:57:19 | INFO |     log_alpha: min=0.26 median=0.36 max=0.57 std=0.03 frac_prunable=0.000 frac_saturated=0.000
05:57:56 | INFO | [bayesian_train] epoch 49/75 train_task_loss=0.8935 train_kl=591.53 beta=0.05000 train_cost=251943659.85 gamma=0.000000 train_acc=0.7031 val_loss=0.2136 val_acc=0.9479 time=36.8s E_synops=106,957,307 (1.07x budget) lambda=2.2592
05:57:56 | INFO |     log_alpha: min=0.30 median=0.41 max=0.62 std=0.03 frac_prunable=0.000 frac_saturated=0.000
05:58:33 | INFO | [bayesian_train] epoch 50/75 train_task_loss=0.9163 train_kl=568.13 beta=0.05000 train_cost=253830070.66 gamma=0.000000 train_acc=0.6989 val_loss=0.2241 val_acc=0.9467 time=36.8s E_synops=105,076,060 (1.05x budget) lambda=2.2627
05:58:33 | INFO |     log_alpha: min=0.34 median=0.45 max=0.67 std=0.03 frac_prunable=0.000 frac_saturated=0.000
05:59:10 | INFO | [bayesian_train] epoch 51/75 train_task_loss=0.9505 train_kl=546.40 beta=0.05000 train_cost=253760978.32 gamma=0.000000 train_acc=0.6865 val_loss=0.2401 val_acc=0.9459 time=36.9s E_synops=102,489,832 (1.03x budget) lambda=2.2653
05:59:10 | INFO |     log_alpha: min=0.37 median=0.50 max=0.72 std=0.04 frac_prunable=0.000 frac_saturated=0.000
05:59:10 | INFO |     gate pressure stage1.0.conv1: |d task/d log_alpha|=3.200e-03 beta*|d KL/d log_alpha|=1.130e-02 ratio=0.283
05:59:10 | INFO |     gate pressure stage1.1.conv1: |d task/d log_alpha|=2.997e-03 beta*|d KL/d log_alpha|=1.134e-02 ratio=0.264
05:59:10 | INFO |     gate pressure stage2.0.conv1: |d task/d log_alpha|=1.569e-03 beta*|d KL/d log_alpha|=1.213e-02 ratio=0.129
05:59:10 | INFO |     gate pressure stage2.1.conv1: |d task/d log_alpha|=4.505e-03 beta*|d KL/d log_alpha|=1.233e-02 ratio=0.365
05:59:10 | INFO |     gate pressure stage3.0.conv1: |d task/d log_alpha|=2.159e-03 beta*|d KL/d log_alpha|=1.250e-02 ratio=0.173
05:59:10 | INFO |     gate pressure stage3.1.conv1: |d task/d log_alpha|=4.643e-03 beta*|d KL/d log_alpha|=1.271e-02 ratio=0.365
05:59:10 | INFO |     gate pressure stage4.0.conv1: |d task/d log_alpha|=7.599e-04 beta*|d KL/d log_alpha|=1.248e-02 ratio=0.061
05:59:10 | INFO |     gate pressure stage4.1.conv1: |d task/d log_alpha|=3.415e-04 beta*|d KL/d log_alpha|=1.244e-02 ratio=0.027
05:59:47 | INFO | [bayesian_train] epoch 52/75 train_task_loss=0.9824 train_kl=526.11 beta=0.05000 train_cost=252215111.07 gamma=0.000000 train_acc=0.6757 val_loss=0.2522 val_acc=0.9430 time=37.1s E_synops=99,431,927 (1.00x budget) lambda=2.2666
05:59:47 | INFO |     log_alpha: min=0.41 median=0.54 max=0.77 std=0.04 frac_prunable=0.000 frac_saturated=0.000
06:00:23 | INFO | [bayesian_train] epoch 53/75 train_task_loss=1.0122 train_kl=507.17 beta=0.05000 train_cost=251816628.79 gamma=0.000000 train_acc=0.6678 val_loss=0.2954 val_acc=0.9271 time=36.6s E_synops=96,979,686 (0.97x budget) lambda=2.2664
06:00:23 | INFO |     log_alpha: min=0.44 median=0.58 max=0.81 std=0.04 frac_prunable=0.000 frac_saturated=0.000
06:01:00 | INFO | [bayesian_train] epoch 54/75 train_task_loss=1.0411 train_kl=489.42 beta=0.05000 train_cost=253039167.27 gamma=0.000000 train_acc=0.6577 val_loss=0.3153 val_acc=0.9250 time=36.8s E_synops=95,244,650 (0.95x budget) lambda=2.2649
06:01:00 | INFO |     log_alpha: min=0.48 median=0.62 max=0.86 std=0.04 frac_prunable=0.000 frac_saturated=0.000
06:01:37 | INFO | [bayesian_train] epoch 55/75 train_task_loss=1.0739 train_kl=472.80 beta=0.05000 train_cost=252466533.52 gamma=0.000000 train_acc=0.6458 val_loss=0.3185 val_acc=0.9225 time=37.0s E_synops=92,918,697 (0.93x budget) lambda=2.2625
06:01:37 | INFO |     log_alpha: min=0.51 median=0.66 max=0.90 std=0.04 frac_prunable=0.000 frac_saturated=0.000
06:02:14 | INFO | [bayesian_train] epoch 56/75 train_task_loss=1.0967 train_kl=457.26 beta=0.05000 train_cost=251366557.17 gamma=0.000000 train_acc=0.6379 val_loss=0.3510 val_acc=0.9187 time=36.8s E_synops=90,528,372 (0.91x budget) lambda=2.2590
06:02:14 | INFO |     log_alpha: min=0.54 median=0.69 max=0.94 std=0.04 frac_prunable=0.000 frac_saturated=0.000
06:02:14 | INFO |     gate pressure stage1.0.conv1: |d task/d log_alpha|=3.138e-03 beta*|d KL/d log_alpha|=9.513e-03 ratio=0.330
06:02:14 | INFO |     gate pressure stage1.1.conv1: |d task/d log_alpha|=3.337e-03 beta*|d KL/d log_alpha|=9.567e-03 ratio=0.349
06:02:14 | INFO |     gate pressure stage2.0.conv1: |d task/d log_alpha|=1.933e-03 beta*|d KL/d log_alpha|=1.033e-02 ratio=0.187
06:02:14 | INFO |     gate pressure stage2.1.conv1: |d task/d log_alpha|=4.156e-03 beta*|d KL/d log_alpha|=1.056e-02 ratio=0.394
06:02:14 | INFO |     gate pressure stage3.0.conv1: |d task/d log_alpha|=2.286e-03 beta*|d KL/d log_alpha|=1.071e-02 ratio=0.213
06:02:14 | INFO |     gate pressure stage3.1.conv1: |d task/d log_alpha|=5.269e-03 beta*|d KL/d log_alpha|=1.097e-02 ratio=0.481
06:02:14 | INFO |     gate pressure stage4.0.conv1: |d task/d log_alpha|=8.239e-04 beta*|d KL/d log_alpha|=1.067e-02 ratio=0.077
06:02:14 | INFO |     gate pressure stage4.1.conv1: |d task/d log_alpha|=3.898e-04 beta*|d KL/d log_alpha|=1.064e-02 ratio=0.037
06:02:51 | INFO | [bayesian_train] epoch 57/75 train_task_loss=1.1293 train_kl=442.75 beta=0.05000 train_cost=251350450.46 gamma=0.000000 train_acc=0.6251 val_loss=0.3605 val_acc=0.9148 time=37.0s E_synops=88,644,842 (0.89x budget) lambda=2.2543
06:02:51 | INFO |     log_alpha: min=0.57 median=0.73 max=0.98 std=0.04 frac_prunable=0.000 frac_saturated=0.000
06:03:28 | INFO | [bayesian_train] epoch 58/75 train_task_loss=1.1612 train_kl=429.15 beta=0.05000 train_cost=251697149.86 gamma=0.000000 train_acc=0.6142 val_loss=0.3965 val_acc=0.9006 time=36.9s E_synops=86,986,069 (0.87x budget) lambda=2.2487
06:03:28 | INFO |     log_alpha: min=0.60 median=0.76 max=1.02 std=0.04 frac_prunable=0.000 frac_saturated=0.000
06:04:05 | INFO | [bayesian_train] epoch 59/75 train_task_loss=1.1781 train_kl=416.35 beta=0.05000 train_cost=250615235.05 gamma=0.000000 train_acc=0.6085 val_loss=0.4021 val_acc=0.9000 time=36.9s E_synops=84,900,155 (0.85x budget) lambda=2.2422
06:04:05 | INFO |     log_alpha: min=0.63 median=0.80 max=1.05 std=0.04 frac_prunable=0.000 frac_saturated=0.000
06:04:42 | INFO | [bayesian_train] epoch 60/75 train_task_loss=1.2092 train_kl=404.29 beta=0.05000 train_cost=251347181.17 gamma=0.000000 train_acc=0.5971 val_loss=0.4209 val_acc=0.8887 time=37.0s E_synops=83,531,556 (0.84x budget) lambda=2.2347
06:04:42 | INFO |     log_alpha: min=0.65 median=0.83 max=1.09 std=0.04 frac_prunable=0.000 frac_saturated=0.000
06:05:19 | INFO | [bayesian_train] epoch 61/75 train_task_loss=1.2446 train_kl=392.94 beta=0.05000 train_cost=253201163.81 gamma=0.000000 train_acc=0.5840 val_loss=0.4760 val_acc=0.8771 time=36.8s E_synops=82,580,422 (0.83x budget) lambda=2.2265
06:05:19 | INFO |     log_alpha: min=0.68 median=0.86 max=1.12 std=0.05 frac_prunable=0.000 frac_saturated=0.000
06:05:19 | INFO |     gate pressure stage1.0.conv1: |d task/d log_alpha|=2.193e-03 beta*|d KL/d log_alpha|=8.212e-03 ratio=0.267
06:05:19 | INFO |     gate pressure stage1.1.conv1: |d task/d log_alpha|=3.192e-03 beta*|d KL/d log_alpha|=8.276e-03 ratio=0.386
06:05:19 | INFO |     gate pressure stage2.0.conv1: |d task/d log_alpha|=1.746e-03 beta*|d KL/d log_alpha|=8.991e-03 ratio=0.194
06:05:19 | INFO |     gate pressure stage2.1.conv1: |d task/d log_alpha|=3.964e-03 beta*|d KL/d log_alpha|=9.260e-03 ratio=0.428
06:05:19 | INFO |     gate pressure stage3.0.conv1: |d task/d log_alpha|=2.507e-03 beta*|d KL/d log_alpha|=9.383e-03 ratio=0.267
06:05:19 | INFO |     gate pressure stage3.1.conv1: |d task/d log_alpha|=5.215e-03 beta*|d KL/d log_alpha|=9.657e-03 ratio=0.540
06:05:19 | INFO |     gate pressure stage4.0.conv1: |d task/d log_alpha|=8.751e-04 beta*|d KL/d log_alpha|=9.312e-03 ratio=0.094
06:05:19 | INFO |     gate pressure stage4.1.conv1: |d task/d log_alpha|=4.196e-04 beta*|d KL/d log_alpha|=9.279e-03 ratio=0.045
06:05:56 | INFO | [bayesian_train] epoch 62/75 train_task_loss=1.2639 train_kl=382.29 beta=0.05000 train_cost=250705356.90 gamma=0.000000 train_acc=0.5771 val_loss=0.5035 val_acc=0.8676 time=37.0s E_synops=80,294,559 (0.80x budget) lambda=2.2178
06:05:56 | INFO |     log_alpha: min=0.70 median=0.89 max=1.16 std=0.05 frac_prunable=0.000 frac_saturated=0.000
06:06:33 | INFO | [bayesian_train] epoch 63/75 train_task_loss=1.2942 train_kl=372.17 beta=0.05000 train_cost=250003114.94 gamma=0.000000 train_acc=0.5682 val_loss=0.5156 val_acc=0.8600 time=36.9s E_synops=78,662,633 (0.79x budget) lambda=2.2080
06:06:33 | INFO |     log_alpha: min=0.72 median=0.92 max=1.19 std=0.05 frac_prunable=0.000 frac_saturated=0.000
06:07:09 | INFO | [bayesian_train] epoch 64/75 train_task_loss=1.3199 train_kl=362.62 beta=0.05000 train_cost=249701889.78 gamma=0.000000 train_acc=0.5596 val_loss=0.5681 val_acc=0.8398 time=36.6s E_synops=77,243,698 (0.77x budget) lambda=2.1974
06:07:09 | INFO |     log_alpha: min=0.74 median=0.95 max=1.22 std=0.05 frac_prunable=0.000 frac_saturated=0.000
06:07:46 | INFO | [bayesian_train] epoch 65/75 train_task_loss=1.3531 train_kl=353.57 beta=0.05000 train_cost=249818424.25 gamma=0.000000 train_acc=0.5461 val_loss=0.5773 val_acc=0.8414 time=36.8s E_synops=75,985,916 (0.76x budget) lambda=2.1860
06:07:46 | INFO |     log_alpha: min=0.77 median=0.97 max=1.25 std=0.05 frac_prunable=0.000 frac_saturated=0.000
06:08:23 | INFO | [bayesian_train] epoch 66/75 train_task_loss=1.3901 train_kl=345.02 beta=0.05000 train_cost=249963527.52 gamma=0.000000 train_acc=0.5325 val_loss=0.6163 val_acc=0.8254 time=37.1s E_synops=74,814,047 (0.75x budget) lambda=2.1741
06:08:23 | INFO |     log_alpha: min=0.79 median=1.00 max=1.28 std=0.05 frac_prunable=0.000 frac_saturated=0.000
06:08:23 | INFO |     gate pressure stage1.0.conv1: |d task/d log_alpha|=2.742e-03 beta*|d KL/d log_alpha|=7.239e-03 ratio=0.379
06:08:23 | INFO |     gate pressure stage1.1.conv1: |d task/d log_alpha|=3.277e-03 beta*|d KL/d log_alpha|=7.318e-03 ratio=0.448
06:08:23 | INFO |     gate pressure stage2.0.conv1: |d task/d log_alpha|=1.533e-03 beta*|d KL/d log_alpha|=7.976e-03 ratio=0.192
06:08:23 | INFO |     gate pressure stage2.1.conv1: |d task/d log_alpha|=4.378e-03 beta*|d KL/d log_alpha|=8.271e-03 ratio=0.529
06:08:23 | INFO |     gate pressure stage3.0.conv1: |d task/d log_alpha|=2.336e-03 beta*|d KL/d log_alpha|=8.364e-03 ratio=0.279
06:08:23 | INFO |     gate pressure stage3.1.conv1: |d task/d log_alpha|=5.087e-03 beta*|d KL/d log_alpha|=8.653e-03 ratio=0.588
06:08:23 | INFO |     gate pressure stage4.0.conv1: |d task/d log_alpha|=9.931e-04 beta*|d KL/d log_alpha|=8.265e-03 ratio=0.120
06:08:23 | INFO |     gate pressure stage4.1.conv1: |d task/d log_alpha|=4.327e-04 beta*|d KL/d log_alpha|=8.235e-03 ratio=0.053
06:09:00 | INFO | [bayesian_train] epoch 67/75 train_task_loss=1.4080 train_kl=336.89 beta=0.05000 train_cost=249983606.93 gamma=0.000000 train_acc=0.5271 val_loss=0.6238 val_acc=0.8248 time=36.8s E_synops=73,673,248 (0.74x budget) lambda=2.1615
06:09:00 | INFO |     log_alpha: min=0.80 median=1.03 max=1.30 std=0.05 frac_prunable=0.000 frac_saturated=0.000
06:09:37 | INFO | [bayesian_train] epoch 68/75 train_task_loss=1.4345 train_kl=329.15 beta=0.05000 train_cost=248935494.52 gamma=0.000000 train_acc=0.5161 val_loss=0.6386 val_acc=0.8199 time=36.8s E_synops=72,246,247 (0.72x budget) lambda=2.1484
06:09:37 | INFO |     log_alpha: min=0.82 median=1.05 max=1.33 std=0.05 frac_prunable=0.000 frac_saturated=0.000
06:10:14 | INFO | [bayesian_train] epoch 69/75 train_task_loss=1.4667 train_kl=321.80 beta=0.05000 train_cost=249150889.48 gamma=0.000000 train_acc=0.5055 val_loss=0.7173 val_acc=0.7957 time=36.6s E_synops=71,230,361 (0.71x budget) lambda=2.1345
06:10:14 | INFO |     log_alpha: min=0.84 median=1.08 max=1.35 std=0.05 frac_prunable=0.000 frac_saturated=0.000
06:10:50 | INFO | [bayesian_train] epoch 70/75 train_task_loss=1.4957 train_kl=314.80 beta=0.05000 train_cost=247417956.24 gamma=0.000000 train_acc=0.4942 val_loss=0.7271 val_acc=0.7869 time=36.7s E_synops=69,731,274 (0.70x budget) lambda=2.1201
06:10:50 | INFO |     log_alpha: min=0.85 median=1.10 max=1.38 std=0.05 frac_prunable=0.000 frac_saturated=0.000
06:11:27 | INFO | [bayesian_train] epoch 71/75 train_task_loss=1.5204 train_kl=308.15 beta=0.05000 train_cost=247687926.47 gamma=0.000000 train_acc=0.4852 val_loss=0.7578 val_acc=0.7811 time=37.1s E_synops=68,835,700 (0.69x budget) lambda=2.1050
06:11:27 | INFO |     log_alpha: min=0.87 median=1.12 max=1.40 std=0.05 frac_prunable=0.000 frac_saturated=0.000
06:11:27 | INFO |     gate pressure stage1.0.conv1: |d task/d log_alpha|=2.583e-03 beta*|d KL/d log_alpha|=6.494e-03 ratio=0.398
06:11:27 | INFO |     gate pressure stage1.1.conv1: |d task/d log_alpha|=3.180e-03 beta*|d KL/d log_alpha|=6.586e-03 ratio=0.483
06:11:27 | INFO |     gate pressure stage2.0.conv1: |d task/d log_alpha|=1.945e-03 beta*|d KL/d log_alpha|=7.185e-03 ratio=0.271
06:11:27 | INFO |     gate pressure stage2.1.conv1: |d task/d log_alpha|=4.181e-03 beta*|d KL/d log_alpha|=7.501e-03 ratio=0.557
06:11:27 | INFO |     gate pressure stage3.0.conv1: |d task/d log_alpha|=2.472e-03 beta*|d KL/d log_alpha|=7.565e-03 ratio=0.327
06:11:27 | INFO |     gate pressure stage3.1.conv1: |d task/d log_alpha|=4.670e-03 beta*|d KL/d log_alpha|=7.861e-03 ratio=0.594
06:11:27 | INFO |     gate pressure stage4.0.conv1: |d task/d log_alpha|=9.016e-04 beta*|d KL/d log_alpha|=7.439e-03 ratio=0.121
06:11:27 | INFO |     gate pressure stage4.1.conv1: |d task/d log_alpha|=5.075e-04 beta*|d KL/d log_alpha|=7.411e-03 ratio=0.068
06:12:04 | INFO | [bayesian_train] epoch 72/75 train_task_loss=1.5337 train_kl=301.79 beta=0.05000 train_cost=248118901.74 gamma=0.000000 train_acc=0.4767 val_loss=0.7925 val_acc=0.7637 time=36.7s E_synops=68,008,519 (0.68x budget) lambda=2.0895
06:12:04 | INFO |     log_alpha: min=0.89 median=1.15 max=1.43 std=0.05 frac_prunable=0.000 frac_saturated=0.000
06:12:41 | INFO | [bayesian_train] epoch 73/75 train_task_loss=1.5761 train_kl=295.73 beta=0.05000 train_cost=247275349.01 gamma=0.000000 train_acc=0.4643 val_loss=0.8559 val_acc=0.7467 time=36.9s E_synops=66,885,363 (0.67x budget) lambda=2.0735
06:12:41 | INFO |     log_alpha: min=0.90 median=1.17 max=1.45 std=0.05 frac_prunable=0.000 frac_saturated=0.000
06:13:17 | INFO | [bayesian_train] epoch 74/75 train_task_loss=1.6000 train_kl=289.94 beta=0.05000 train_cost=247110423.25 gamma=0.000000 train_acc=0.4564 val_loss=0.8594 val_acc=0.7332 time=36.5s E_synops=65,981,233 (0.66x budget) lambda=2.0570
06:13:17 | INFO |     log_alpha: min=0.91 median=1.19 max=1.47 std=0.05 frac_prunable=0.000 frac_saturated=0.000
06:13:54 | INFO | [bayesian_train] epoch 75/75 train_task_loss=1.6269 train_kl=284.41 beta=0.05000 train_cost=247694091.85 gamma=0.000000 train_acc=0.4438 val_loss=0.8896 val_acc=0.7311 time=37.0s E_synops=65,314,405 (0.65x budget) lambda=2.0400
06:13:54 | INFO |     log_alpha: min=0.92 median=1.21 max=1.49 std=0.05 frac_prunable=0.000 frac_saturated=0.000

Gate ranking: NOT USABLE (log_alpha std is 0.054 across 1920 gates, so they never differentiated from each other and the ranking is close to arbitrary)
06:13:55 | INFO | Gate ranking after training: NOT USABLE -- log_alpha std is 0.054 across 1920 gates, so they never differentiated from each other and the ranking is close to arbitrary
