====================================================
Job started: Wed 22 Jul 22:52:35 BST 2026
Node: node851.csf3.man.alces.network
====================================================
----------------------------------------------------
Hardware information
----------------------------------------------------
Wed Jul 22 22:52:46 2026       
+-----------------------------------------------------------------------------------------+
| NVIDIA-SMI 595.71.05              Driver Version: 595.71.05      CUDA Version: 13.2     |
+-----------------------------------------+------------------------+----------------------+
| GPU  Name                 Persistence-M | Bus-Id          Disp.A | Volatile Uncorr. ECC |
| Fan  Temp   Perf          Pwr:Usage/Cap |           Memory-Usage | GPU-Util  Compute M. |
|                                         |                        |               MIG M. |
|=========================================+========================+======================|
|   0  NVIDIA A100-SXM4-80GB          On  |   00000000:41:00.0 Off |                    0 |
| N/A   30C    P0             58W /  400W |       0MiB /  81920MiB |      0%      Default |
|                                         |                        |             Disabled |
+-----------------------------------------+------------------------+----------------------+

+-----------------------------------------------------------------------------------------+
| Processes:                                                                              |
|  GPU   GI   CI              PID   Type   Process name                        GPU Memory |
|        ID   ID                                                               Usage      |
|=========================================================================================|
|  No running processes found                                                             |
+-----------------------------------------------------------------------------------------+
CUDA available: True
Device count: 1
Device name: NVIDIA A100-SXM4-80GB
----------------------------------------------------

============================================================
Running Experiment 1 / 3
LENET
============================================================

Building model...
22:54:49 | INFO | Model built with 62006 parameters (gates excluded from count).
Files already downloaded and verified
Files already downloaded and verified
Files already downloaded and verified

Training...
22:55:59 | INFO | [pretrain] epoch 1/60 train_task_loss=1.8506 train_kl=478.12 beta=0.00000 train_acc=0.3044 val_loss=1.5851 val_acc=0.3854 time=65.8s
22:56:31 | INFO | [pretrain] epoch 2/60 train_task_loss=1.5556 train_kl=478.12 beta=0.00000 train_acc=0.4140 val_loss=1.4692 val_acc=0.4400 time=32.0s
22:57:03 | INFO | [pretrain] epoch 3/60 train_task_loss=1.4673 train_kl=478.12 beta=0.00000 train_acc=0.4531 val_loss=1.3310 val_acc=0.5150 time=31.7s
22:57:34 | INFO | [pretrain] epoch 4/60 train_task_loss=1.3967 train_kl=478.12 beta=0.00000 train_acc=0.4802 val_loss=1.2834 val_acc=0.5268 time=31.8s
22:58:06 | INFO | [pretrain] epoch 5/60 train_task_loss=1.3433 train_kl=478.12 beta=0.00000 train_acc=0.5056 val_loss=1.2799 val_acc=0.5166 time=32.0s
22:58:38 | INFO | [pretrain] epoch 6/60 train_task_loss=1.2995 train_kl=478.12 beta=0.00000 train_acc=0.5220 val_loss=1.1890 val_acc=0.5514 time=31.5s
22:59:09 | INFO | [pretrain] epoch 7/60 train_task_loss=1.2633 train_kl=478.12 beta=0.00000 train_acc=0.5403 val_loss=1.1845 val_acc=0.5375 time=31.6s
22:59:41 | INFO | [pretrain] epoch 8/60 train_task_loss=1.2421 train_kl=478.12 beta=0.00000 train_acc=0.5467 val_loss=1.1712 val_acc=0.5705 time=31.6s
23:00:12 | INFO | [pretrain] epoch 9/60 train_task_loss=1.2080 train_kl=478.12 beta=0.00000 train_acc=0.5579 val_loss=1.1344 val_acc=0.5805 time=31.4s
23:00:44 | INFO | [pretrain] epoch 10/60 train_task_loss=1.1952 train_kl=478.12 beta=0.00000 train_acc=0.5653 val_loss=1.1028 val_acc=0.5906 time=31.8s
23:01:17 | INFO | [pretrain] epoch 11/60 train_task_loss=1.1729 train_kl=478.12 beta=0.00000 train_acc=0.5738 val_loss=1.0941 val_acc=0.5990 time=32.6s
23:01:49 | INFO | [pretrain] epoch 12/60 train_task_loss=1.1439 train_kl=478.12 beta=0.00000 train_acc=0.5842 val_loss=1.0879 val_acc=0.5957 time=32.6s
23:02:22 | INFO | [pretrain] epoch 13/60 train_task_loss=1.1416 train_kl=478.12 beta=0.00000 train_acc=0.5851 val_loss=1.0895 val_acc=0.6104 time=32.2s
23:02:54 | INFO | [pretrain] epoch 14/60 train_task_loss=1.1235 train_kl=478.12 beta=0.00000 train_acc=0.5912 val_loss=1.0561 val_acc=0.6105 time=32.2s
23:03:26 | INFO | [pretrain] epoch 15/60 train_task_loss=1.1178 train_kl=478.12 beta=0.00000 train_acc=0.5960 val_loss=1.0310 val_acc=0.6268 time=32.2s
23:04:49 | INFO | [pretrain] epoch 16/60 train_task_loss=1.1041 train_kl=478.12 beta=0.00000 train_acc=0.6018 val_loss=1.0338 val_acc=0.6287 time=82.6s
23:05:23 | INFO | [pretrain] epoch 17/60 train_task_loss=1.0857 train_kl=478.12 beta=0.00000 train_acc=0.6076 val_loss=1.0239 val_acc=0.6227 time=33.8s
23:05:56 | INFO | [pretrain] epoch 18/60 train_task_loss=1.0800 train_kl=478.12 beta=0.00000 train_acc=0.6089 val_loss=1.0323 val_acc=0.6299 time=33.4s
23:06:28 | INFO | [pretrain] epoch 19/60 train_task_loss=1.0675 train_kl=478.12 beta=0.00000 train_acc=0.6156 val_loss=1.0142 val_acc=0.6289 time=32.2s
23:07:01 | INFO | [pretrain] epoch 20/60 train_task_loss=1.0529 train_kl=478.12 beta=0.00000 train_acc=0.6203 val_loss=1.0127 val_acc=0.6361 time=32.7s
23:07:34 | INFO | [pretrain] epoch 21/60 train_task_loss=1.0481 train_kl=478.12 beta=0.00000 train_acc=0.6222 val_loss=0.9910 val_acc=0.6432 time=32.7s
23:08:06 | INFO | [pretrain] epoch 22/60 train_task_loss=1.0447 train_kl=478.12 beta=0.00000 train_acc=0.6220 val_loss=0.9797 val_acc=0.6398 time=32.4s
23:08:39 | INFO | [pretrain] epoch 23/60 train_task_loss=1.0305 train_kl=478.12 beta=0.00000 train_acc=0.6292 val_loss=0.9819 val_acc=0.6410 time=32.6s
23:09:11 | INFO | [pretrain] epoch 24/60 train_task_loss=1.0307 train_kl=478.12 beta=0.00000 train_acc=0.6277 val_loss=0.9626 val_acc=0.6406 time=32.4s
23:09:44 | INFO | [pretrain] epoch 25/60 train_task_loss=1.0173 train_kl=478.12 beta=0.00000 train_acc=0.6315 val_loss=1.0249 val_acc=0.6398 time=32.5s
23:10:16 | INFO | [pretrain] epoch 26/60 train_task_loss=1.0173 train_kl=478.12 beta=0.00000 train_acc=0.6345 val_loss=0.9440 val_acc=0.6641 time=32.5s
23:10:49 | INFO | [pretrain] epoch 27/60 train_task_loss=1.0071 train_kl=478.12 beta=0.00000 train_acc=0.6368 val_loss=0.9609 val_acc=0.6459 time=32.4s
23:11:21 | INFO | [pretrain] epoch 28/60 train_task_loss=1.0000 train_kl=478.12 beta=0.00000 train_acc=0.6389 val_loss=0.9568 val_acc=0.6539 time=32.5s
23:11:54 | INFO | [pretrain] epoch 29/60 train_task_loss=0.9895 train_kl=478.12 beta=0.00000 train_acc=0.6443 val_loss=0.9703 val_acc=0.6402 time=32.7s
23:12:26 | INFO | [pretrain] epoch 30/60 train_task_loss=0.9800 train_kl=478.12 beta=0.00000 train_acc=0.6453 val_loss=0.9291 val_acc=0.6656 time=32.5s
23:12:59 | INFO | [pretrain] epoch 31/60 train_task_loss=0.9737 train_kl=478.12 beta=0.00000 train_acc=0.6497 val_loss=0.9358 val_acc=0.6537 time=32.7s
23:13:31 | INFO | [pretrain] epoch 32/60 train_task_loss=0.9742 train_kl=478.12 beta=0.00000 train_acc=0.6498 val_loss=0.9306 val_acc=0.6629 time=32.4s
23:14:04 | INFO | [pretrain] epoch 33/60 train_task_loss=0.9628 train_kl=478.12 beta=0.00000 train_acc=0.6527 val_loss=0.9127 val_acc=0.6713 time=32.2s
23:14:36 | INFO | [pretrain] epoch 34/60 train_task_loss=0.9553 train_kl=478.12 beta=0.00000 train_acc=0.6569 val_loss=0.9086 val_acc=0.6727 time=32.5s
23:15:08 | INFO | [pretrain] epoch 35/60 train_task_loss=0.9504 train_kl=478.12 beta=0.00000 train_acc=0.6555 val_loss=0.9026 val_acc=0.6824 time=32.3s
23:15:41 | INFO | [pretrain] epoch 36/60 train_task_loss=0.9479 train_kl=478.12 beta=0.00000 train_acc=0.6597 val_loss=0.9130 val_acc=0.6650 time=32.3s
23:16:13 | INFO | [pretrain] epoch 37/60 train_task_loss=0.9413 train_kl=478.12 beta=0.00000 train_acc=0.6618 val_loss=0.9128 val_acc=0.6693 time=32.7s
23:16:46 | INFO | [pretrain] epoch 38/60 train_task_loss=0.9404 train_kl=478.12 beta=0.00000 train_acc=0.6617 val_loss=0.9010 val_acc=0.6758 time=32.4s
23:17:18 | INFO | [pretrain] epoch 39/60 train_task_loss=0.9281 train_kl=478.12 beta=0.00000 train_acc=0.6658 val_loss=0.9056 val_acc=0.6658 time=32.6s
23:17:51 | INFO | [pretrain] epoch 40/60 train_task_loss=0.9286 train_kl=478.12 beta=0.00000 train_acc=0.6640 val_loss=0.8830 val_acc=0.6785 time=32.4s
23:18:23 | INFO | [pretrain] epoch 41/60 train_task_loss=0.9224 train_kl=478.12 beta=0.00000 train_acc=0.6669 val_loss=0.8747 val_acc=0.6836 time=32.4s
23:18:56 | INFO | [pretrain] epoch 42/60 train_task_loss=0.9218 train_kl=478.12 beta=0.00000 train_acc=0.6677 val_loss=0.8760 val_acc=0.6826 time=32.7s
23:19:28 | INFO | [pretrain] epoch 43/60 train_task_loss=0.9117 train_kl=478.12 beta=0.00000 train_acc=0.6714 val_loss=0.8732 val_acc=0.6826 time=32.5s
23:20:01 | INFO | [pretrain] epoch 44/60 train_task_loss=0.9061 train_kl=478.12 beta=0.00000 train_acc=0.6725 val_loss=0.8641 val_acc=0.6758 time=32.5s
23:20:33 | INFO | [pretrain] epoch 45/60 train_task_loss=0.9036 train_kl=478.12 beta=0.00000 train_acc=0.6741 val_loss=0.8760 val_acc=0.6811 time=32.5s
23:21:06 | INFO | [pretrain] epoch 46/60 train_task_loss=0.9012 train_kl=478.12 beta=0.00000 train_acc=0.6764 val_loss=0.8636 val_acc=0.6859 time=32.5s
23:21:38 | INFO | [pretrain] epoch 47/60 train_task_loss=0.8942 train_kl=478.12 beta=0.00000 train_acc=0.6770 val_loss=0.8570 val_acc=0.6979 time=32.4s
23:22:11 | INFO | [pretrain] epoch 48/60 train_task_loss=0.8959 train_kl=478.12 beta=0.00000 train_acc=0.6782 val_loss=0.8641 val_acc=0.6869 time=32.4s
23:22:43 | INFO | [pretrain] epoch 49/60 train_task_loss=0.8939 train_kl=478.12 beta=0.00000 train_acc=0.6786 val_loss=0.8600 val_acc=0.6861 time=32.3s
23:23:15 | INFO | [pretrain] epoch 50/60 train_task_loss=0.8873 train_kl=478.12 beta=0.00000 train_acc=0.6798 val_loss=0.8496 val_acc=0.6875 time=32.4s
23:23:48 | INFO | [pretrain] epoch 51/60 train_task_loss=0.8916 train_kl=478.12 beta=0.00000 train_acc=0.6766 val_loss=0.8552 val_acc=0.6904 time=32.6s
23:24:20 | INFO | [pretrain] epoch 52/60 train_task_loss=0.8816 train_kl=478.12 beta=0.00000 train_acc=0.6826 val_loss=0.8551 val_acc=0.6869 time=32.5s
23:24:53 | INFO | [pretrain] epoch 53/60 train_task_loss=0.8768 train_kl=478.12 beta=0.00000 train_acc=0.6835 val_loss=0.8520 val_acc=0.6906 time=32.8s
23:25:26 | INFO | [pretrain] epoch 54/60 train_task_loss=0.8795 train_kl=478.12 beta=0.00000 train_acc=0.6831 val_loss=0.8454 val_acc=0.6922 time=32.4s
23:25:58 | INFO | [pretrain] epoch 55/60 train_task_loss=0.8804 train_kl=478.12 beta=0.00000 train_acc=0.6841 val_loss=0.8509 val_acc=0.6945 time=32.5s
23:26:31 | INFO | [pretrain] epoch 56/60 train_task_loss=0.8770 train_kl=478.12 beta=0.00000 train_acc=0.6823 val_loss=0.8471 val_acc=0.6992 time=32.7s
23:27:04 | INFO | [pretrain] epoch 57/60 train_task_loss=0.8791 train_kl=478.12 beta=0.00000 train_acc=0.6850 val_loss=0.8430 val_acc=0.6959 time=32.8s
23:27:36 | INFO | [pretrain] epoch 58/60 train_task_loss=0.8748 train_kl=478.12 beta=0.00000 train_acc=0.6846 val_loss=0.8524 val_acc=0.6932 time=32.6s
23:28:09 | INFO | [pretrain] epoch 59/60 train_task_loss=0.8767 train_kl=478.12 beta=0.00000 train_acc=0.6849 val_loss=0.8403 val_acc=0.6934 time=32.7s
23:28:41 | INFO | [pretrain] epoch 60/60 train_task_loss=0.8733 train_kl=478.12 beta=0.00000 train_acc=0.6847 val_loss=0.8461 val_acc=0.6898 time=32.4s

Validation...
23:28:44 | INFO | Post-pretrain validation accuracy: 0.6992
23:28:55 | INFO | Test accuracy before Bayesian conversion: 0.6895

Converting to Bayesian...
23:28:55 | INFO | Bayesian gates activated on every structurally-prunable layer.

Training Bayesian gates...
23:29:37 | INFO | [bayesian_train] epoch 1/40 train_task_loss=0.9482 train_kl=478.63 beta=0.00000 train_acc=0.6583 val_loss=0.9045 val_acc=0.6766 time=41.7s
23:29:40 | INFO |     log_alpha: min=-3.04 median=-3.01 max=-2.98 frac_prunable=0.000
23:30:21 | INFO | [bayesian_train] epoch 2/40 train_task_loss=0.9475 train_kl=470.45 beta=0.01667 train_acc=0.6599 val_loss=0.9049 val_acc=0.6799 time=40.9s
23:30:21 | INFO |     log_alpha: min=-3.03 median=-2.94 max=-2.69 frac_prunable=0.000
23:31:02 | INFO | [bayesian_train] epoch 3/40 train_task_loss=0.9511 train_kl=452.37 beta=0.03333 train_acc=0.6563 val_loss=0.8849 val_acc=0.6809 time=41.0s
23:31:02 | INFO |     log_alpha: min=-3.05 median=-2.79 max=-2.41 frac_prunable=0.000
23:31:43 | INFO | [bayesian_train] epoch 4/40 train_task_loss=0.9487 train_kl=430.91 beta=0.05000 train_acc=0.6575 val_loss=0.8960 val_acc=0.6805 time=40.8s
23:31:43 | INFO |     log_alpha: min=-3.06 median=-2.60 max=-2.14 frac_prunable=0.000
23:32:23 | INFO | [bayesian_train] epoch 5/40 train_task_loss=0.9565 train_kl=407.01 beta=0.06667 train_acc=0.6567 val_loss=0.9295 val_acc=0.6656 time=40.5s
23:32:23 | INFO |     log_alpha: min=-3.07 median=-2.40 max=-1.88 frac_prunable=0.000
23:33:03 | INFO | [bayesian_train] epoch 6/40 train_task_loss=0.9414 train_kl=381.52 beta=0.08333 train_acc=0.6602 val_loss=0.8935 val_acc=0.6893 time=40.3s
23:33:03 | INFO |     log_alpha: min=-3.08 median=-2.17 max=-1.63 frac_prunable=0.000
23:33:44 | INFO | [bayesian_train] epoch 7/40 train_task_loss=0.9421 train_kl=355.42 beta=0.10000 train_acc=0.6614 val_loss=0.8898 val_acc=0.6859 time=40.4s
23:33:44 | INFO |     log_alpha: min=-3.10 median=-1.96 max=-1.40 frac_prunable=0.000
23:34:24 | INFO | [bayesian_train] epoch 8/40 train_task_loss=0.9416 train_kl=330.01 beta=0.11667 train_acc=0.6617 val_loss=0.9192 val_acc=0.6721 time=40.3s
23:34:24 | INFO |     log_alpha: min=-3.11 median=-1.76 max=-1.19 frac_prunable=0.000
23:35:04 | INFO | [bayesian_train] epoch 9/40 train_task_loss=0.9382 train_kl=305.64 beta=0.13333 train_acc=0.6621 val_loss=0.8735 val_acc=0.6850 time=40.2s
23:35:04 | INFO |     log_alpha: min=-3.11 median=-1.57 max=-0.99 frac_prunable=0.000
23:35:45 | INFO | [bayesian_train] epoch 10/40 train_task_loss=0.9394 train_kl=281.44 beta=0.15000 train_acc=0.6634 val_loss=0.8730 val_acc=0.6965 time=40.5s
23:35:45 | INFO |     log_alpha: min=-3.12 median=-1.37 max=-0.80 frac_prunable=0.000
23:36:25 | INFO | [bayesian_train] epoch 11/40 train_task_loss=0.9417 train_kl=259.40 beta=0.16667 train_acc=0.6616 val_loss=0.8689 val_acc=0.6879 time=40.8s
23:36:25 | INFO |     log_alpha: min=-3.12 median=-1.20 max=-0.62 frac_prunable=0.000
23:37:06 | INFO | [bayesian_train] epoch 12/40 train_task_loss=0.9381 train_kl=238.91 beta=0.18333 train_acc=0.6648 val_loss=0.8835 val_acc=0.6885 time=40.3s
23:37:06 | INFO |     log_alpha: min=-3.11 median=-1.03 max=-0.46 frac_prunable=0.000
23:37:46 | INFO | [bayesian_train] epoch 13/40 train_task_loss=0.9356 train_kl=220.79 beta=0.20000 train_acc=0.6607 val_loss=0.9038 val_acc=0.6822 time=40.4s
23:37:46 | INFO |     log_alpha: min=-3.12 median=-0.88 max=-0.31 frac_prunable=0.000
23:38:26 | INFO | [bayesian_train] epoch 14/40 train_task_loss=0.9455 train_kl=204.30 beta=0.21667 train_acc=0.6585 val_loss=0.8826 val_acc=0.6844 time=40.0s
23:38:26 | INFO |     log_alpha: min=-3.12 median=-0.74 max=-0.17 frac_prunable=0.000
23:39:05 | INFO | [bayesian_train] epoch 15/40 train_task_loss=0.9440 train_kl=189.41 beta=0.23333 train_acc=0.6632 val_loss=0.8641 val_acc=0.6920 time=38.8s
23:39:05 | INFO |     log_alpha: min=-3.12 median=-0.61 max=-0.04 frac_prunable=0.000
23:39:44 | INFO | [bayesian_train] epoch 16/40 train_task_loss=0.9473 train_kl=176.46 beta=0.25000 train_acc=0.6605 val_loss=0.8795 val_acc=0.6850 time=38.9s
23:39:44 | INFO |     log_alpha: min=-3.12 median=-0.48 max=0.08 frac_prunable=0.000
23:40:23 | INFO | [bayesian_train] epoch 17/40 train_task_loss=0.9504 train_kl=165.32 beta=0.25000 train_acc=0.6577 val_loss=0.8647 val_acc=0.6961 time=38.7s
23:40:23 | INFO |     log_alpha: min=-3.12 median=-0.38 max=0.19 frac_prunable=0.000
23:41:02 | INFO | [bayesian_train] epoch 18/40 train_task_loss=0.9489 train_kl=155.78 beta=0.25000 train_acc=0.6604 val_loss=0.8690 val_acc=0.6979 time=38.8s
23:41:02 | INFO |     log_alpha: min=-3.12 median=-0.28 max=0.29 frac_prunable=0.000
23:41:40 | INFO | [bayesian_train] epoch 19/40 train_task_loss=0.9551 train_kl=147.67 beta=0.25000 train_acc=0.6582 val_loss=0.8631 val_acc=0.6936 time=38.8s
23:41:40 | INFO |     log_alpha: min=-3.13 median=-0.19 max=0.38 frac_prunable=0.000
23:42:19 | INFO | [bayesian_train] epoch 20/40 train_task_loss=0.9508 train_kl=140.61 beta=0.25000 train_acc=0.6591 val_loss=0.8653 val_acc=0.6832 time=38.4s
23:42:19 | INFO |     log_alpha: min=-3.12 median=-0.11 max=0.47 frac_prunable=0.000
23:42:58 | INFO | [bayesian_train] epoch 21/40 train_task_loss=0.9524 train_kl=134.54 beta=0.25000 train_acc=0.6593 val_loss=0.8619 val_acc=0.6936 time=39.0s
23:42:58 | INFO |     log_alpha: min=-3.12 median=-0.04 max=0.54 frac_prunable=0.000
23:43:38 | INFO | [bayesian_train] epoch 22/40 train_task_loss=0.9543 train_kl=129.23 beta=0.25000 train_acc=0.6574 val_loss=0.8657 val_acc=0.6932 time=40.5s
23:43:38 | INFO |     log_alpha: min=-3.11 median=0.03 max=0.61 frac_prunable=0.000
23:44:17 | INFO | [bayesian_train] epoch 23/40 train_task_loss=0.9498 train_kl=124.60 beta=0.25000 train_acc=0.6575 val_loss=0.8506 val_acc=0.6982 time=38.7s
23:44:17 | INFO |     log_alpha: min=-3.11 median=0.08 max=0.68 frac_prunable=0.000
23:44:56 | INFO | [bayesian_train] epoch 24/40 train_task_loss=0.9533 train_kl=120.62 beta=0.25000 train_acc=0.6580 val_loss=0.8627 val_acc=0.7000 time=39.1s
23:44:56 | INFO |     log_alpha: min=-3.11 median=0.13 max=0.73 frac_prunable=0.000
23:45:35 | INFO | [bayesian_train] epoch 25/40 train_task_loss=0.9520 train_kl=117.28 beta=0.25000 train_acc=0.6605 val_loss=0.8547 val_acc=0.6965 time=38.9s
23:45:35 | INFO |     log_alpha: min=-3.11 median=0.18 max=0.79 frac_prunable=0.000
23:46:14 | INFO | [bayesian_train] epoch 26/40 train_task_loss=0.9500 train_kl=114.27 beta=0.25000 train_acc=0.6577 val_loss=0.8532 val_acc=0.6979 time=39.1s
23:46:14 | INFO |     log_alpha: min=-3.11 median=0.22 max=0.83 frac_prunable=0.000
23:46:53 | INFO | [bayesian_train] epoch 27/40 train_task_loss=0.9542 train_kl=111.74 beta=0.25000 train_acc=0.6580 val_loss=0.8548 val_acc=0.6971 time=38.6s
23:46:53 | INFO |     log_alpha: min=-3.11 median=0.26 max=0.88 frac_prunable=0.000
23:47:32 | INFO | [bayesian_train] epoch 28/40 train_task_loss=0.9486 train_kl=109.55 beta=0.25000 train_acc=0.6613 val_loss=0.8673 val_acc=0.6967 time=38.9s
23:47:32 | INFO |     log_alpha: min=-3.10 median=0.29 max=0.91 frac_prunable=0.000
23:48:10 | INFO | [bayesian_train] epoch 29/40 train_task_loss=0.9465 train_kl=107.69 beta=0.25000 train_acc=0.6601 val_loss=0.8546 val_acc=0.6955 time=38.8s
23:48:10 | INFO |     log_alpha: min=-3.10 median=0.32 max=0.95 frac_prunable=0.000
23:48:49 | INFO | [bayesian_train] epoch 30/40 train_task_loss=0.9507 train_kl=106.15 beta=0.25000 train_acc=0.6603 val_loss=0.8597 val_acc=0.6951 time=38.4s
23:48:49 | INFO |     log_alpha: min=-3.10 median=0.34 max=0.97 frac_prunable=0.000
23:49:28 | INFO | [bayesian_train] epoch 31/40 train_task_loss=0.9447 train_kl=104.88 beta=0.25000 train_acc=0.6604 val_loss=0.8629 val_acc=0.6896 time=39.0s
23:49:28 | INFO |     log_alpha: min=-3.10 median=0.36 max=1.00 frac_prunable=0.000
23:50:07 | INFO | [bayesian_train] epoch 32/40 train_task_loss=0.9487 train_kl=103.84 beta=0.25000 train_acc=0.6606 val_loss=0.8540 val_acc=0.7002 time=39.2s
23:50:07 | INFO |     log_alpha: min=-3.10 median=0.38 max=1.02 frac_prunable=0.000
23:50:46 | INFO | [bayesian_train] epoch 33/40 train_task_loss=0.9469 train_kl=103.01 beta=0.25000 train_acc=0.6604 val_loss=0.8573 val_acc=0.6996 time=38.9s
23:50:46 | INFO |     log_alpha: min=-3.10 median=0.39 max=1.03 frac_prunable=0.000
23:51:25 | INFO | [bayesian_train] epoch 34/40 train_task_loss=0.9451 train_kl=102.37 beta=0.25000 train_acc=0.6584 val_loss=0.8454 val_acc=0.6941 time=39.2s
23:51:25 | INFO |     log_alpha: min=-3.10 median=0.40 max=1.04 frac_prunable=0.000
23:52:04 | INFO | [bayesian_train] epoch 35/40 train_task_loss=0.9449 train_kl=101.87 beta=0.25000 train_acc=0.6623 val_loss=0.8483 val_acc=0.6967 time=39.0s
23:52:04 | INFO |     log_alpha: min=-3.09 median=0.41 max=1.05 frac_prunable=0.000
23:52:43 | INFO | [bayesian_train] epoch 36/40 train_task_loss=0.9440 train_kl=101.52 beta=0.25000 train_acc=0.6607 val_loss=0.8490 val_acc=0.6980 time=38.9s
23:52:43 | INFO |     log_alpha: min=-3.09 median=0.41 max=1.06 frac_prunable=0.000
23:53:22 | INFO | [bayesian_train] epoch 37/40 train_task_loss=0.9458 train_kl=101.28 beta=0.25000 train_acc=0.6605 val_loss=0.8511 val_acc=0.6955 time=38.8s
23:53:22 | INFO |     log_alpha: min=-3.09 median=0.42 max=1.06 frac_prunable=0.000
23:54:01 | INFO | [bayesian_train] epoch 38/40 train_task_loss=0.9449 train_kl=101.14 beta=0.25000 train_acc=0.6601 val_loss=0.8403 val_acc=0.6996 time=38.9s
23:54:01 | INFO |     log_alpha: min=-3.09 median=0.42 max=1.06 frac_prunable=0.000
23:54:41 | INFO | [bayesian_train] epoch 39/40 train_task_loss=0.9427 train_kl=101.06 beta=0.25000 train_acc=0.6605 val_loss=0.8451 val_acc=0.7021 time=40.3s
23:54:41 | INFO |     log_alpha: min=-3.09 median=0.42 max=1.07 frac_prunable=0.000
23:55:21 | INFO | [bayesian_train] epoch 40/40 train_task_loss=0.9440 train_kl=101.03 beta=0.25000 train_acc=0.6605 val_loss=0.8451 val_acc=0.7008 time=40.4s
23:55:21 | INFO |     log_alpha: min=-3.09 median=0.42 max=1.07 frac_prunable=0.000

Computing posterior uncertainty...
23:55:22 | INFO |   conv1: median_log_alpha=-2.91 frac_prunable=0.000 structurally_prunable=True
23:55:22 | INFO |   conv2: median_log_alpha=-2.27 frac_prunable=0.000 structurally_prunable=True
23:55:22 | INFO |   fc1: median_log_alpha=0.08 frac_prunable=0.000 structurally_prunable=True
23:55:22 | INFO |   fc2: median_log_alpha=0.82 frac_prunable=0.000 structurally_prunable=True

Structured pruning...
23:55:23 | INFO | Parameters: 62006 -> 62006 (0.0% pruned)

Fine tuning...
23:55:53 | INFO | [finetune] epoch 1/20 train_task_loss=0.8846 train_kl=0.00 beta=0.00000 train_acc=0.6823 val_loss=0.8416 val_acc=0.6936 time=30.6s
23:56:24 | INFO | [finetune] epoch 2/20 train_task_loss=0.8734 train_kl=0.00 beta=0.00000 train_acc=0.6861 val_loss=0.8466 val_acc=0.6951 time=30.8s
23:56:55 | INFO | [finetune] epoch 3/20 train_task_loss=0.8738 train_kl=0.00 beta=0.00000 train_acc=0.6863 val_loss=0.8533 val_acc=0.6805 time=30.7s
23:57:26 | INFO | [finetune] epoch 4/20 train_task_loss=0.8760 train_kl=0.00 beta=0.00000 train_acc=0.6848 val_loss=0.8429 val_acc=0.6992 time=30.8s
23:57:57 | INFO | [finetune] epoch 5/20 train_task_loss=0.8642 train_kl=0.00 beta=0.00000 train_acc=0.6889 val_loss=0.8420 val_acc=0.7020 time=31.0s
23:58:27 | INFO | [finetune] epoch 6/20 train_task_loss=0.8665 train_kl=0.00 beta=0.00000 train_acc=0.6872 val_loss=0.8331 val_acc=0.7043 time=30.6s
23:58:58 | INFO | [finetune] epoch 7/20 train_task_loss=0.8646 train_kl=0.00 beta=0.00000 train_acc=0.6895 val_loss=0.8380 val_acc=0.7021 time=30.7s
23:59:29 | INFO | [finetune] epoch 8/20 train_task_loss=0.8608 train_kl=0.00 beta=0.00000 train_acc=0.6909 val_loss=0.8313 val_acc=0.6967 time=30.7s
23:59:59 | INFO | [finetune] epoch 9/20 train_task_loss=0.8603 train_kl=0.00 beta=0.00000 train_acc=0.6924 val_loss=0.8355 val_acc=0.6990 time=30.7s
00:00:30 | INFO | [finetune] epoch 10/20 train_task_loss=0.8589 train_kl=0.00 beta=0.00000 train_acc=0.6915 val_loss=0.8344 val_acc=0.6943 time=30.8s
00:01:01 | INFO | [finetune] epoch 11/20 train_task_loss=0.8522 train_kl=0.00 beta=0.00000 train_acc=0.6911 val_loss=0.8262 val_acc=0.7031 time=30.8s
00:01:32 | INFO | [finetune] epoch 12/20 train_task_loss=0.8567 train_kl=0.00 beta=0.00000 train_acc=0.6916 val_loss=0.8311 val_acc=0.6986 time=31.2s
00:02:03 | INFO | [finetune] epoch 13/20 train_task_loss=0.8493 train_kl=0.00 beta=0.00000 train_acc=0.6969 val_loss=0.8171 val_acc=0.7000 time=31.2s
00:02:34 | INFO | [finetune] epoch 14/20 train_task_loss=0.8491 train_kl=0.00 beta=0.00000 train_acc=0.6932 val_loss=0.8150 val_acc=0.7066 time=30.8s
00:03:05 | INFO | [finetune] epoch 15/20 train_task_loss=0.8402 train_kl=0.00 beta=0.00000 train_acc=0.6996 val_loss=0.8260 val_acc=0.7068 time=30.9s
00:03:36 | INFO | [finetune] epoch 16/20 train_task_loss=0.8395 train_kl=0.00 beta=0.00000 train_acc=0.6991 val_loss=0.8140 val_acc=0.7117 time=30.8s
00:04:07 | INFO | [finetune] epoch 17/20 train_task_loss=0.8363 train_kl=0.00 beta=0.00000 train_acc=0.7016 val_loss=0.8123 val_acc=0.7074 time=30.8s
00:04:37 | INFO | [finetune] epoch 18/20 train_task_loss=0.8368 train_kl=0.00 beta=0.00000 train_acc=0.7027 val_loss=0.8169 val_acc=0.7055 time=30.7s
00:05:08 | INFO | [finetune] epoch 19/20 train_task_loss=0.8368 train_kl=0.00 beta=0.00000 train_acc=0.6974 val_loss=0.8117 val_acc=0.7021 time=30.9s
00:05:39 | INFO | [finetune] epoch 20/20 train_task_loss=0.8388 train_kl=0.00 beta=0.00000 train_acc=0.6991 val_loss=0.8145 val_acc=0.7082 time=30.8s

Testing...
00:05:46 | INFO | Final test accuracy after pruning + fine-tuning: 0.7054

Saving checkpoints...

Finished.

============================================================
Running Experiment 2 / 3
VGG9
============================================================

Building model...
00:05:53 | INFO | Model built with 8887978 parameters (gates excluded from count).
Files already downloaded and verified
Files already downloaded and verified
Files already downloaded and verified

Training...
00:08:01 | INFO | [pretrain] epoch 1/100 train_task_loss=1.9561 train_kl=4671.22 beta=0.00000 train_acc=0.2523 val_loss=1.6565 val_acc=0.3586 time=123.9s
00:10:01 | INFO | [pretrain] epoch 2/100 train_task_loss=1.5459 train_kl=4671.22 beta=0.00000 train_acc=0.4088 val_loss=1.3567 val_acc=0.4678 time=119.7s
00:11:59 | INFO | [pretrain] epoch 3/100 train_task_loss=1.3397 train_kl=4671.22 beta=0.00000 train_acc=0.4988 val_loss=1.2619 val_acc=0.5370 time=118.1s
00:13:57 | INFO | [pretrain] epoch 4/100 train_task_loss=1.2018 train_kl=4671.22 beta=0.00000 train_acc=0.5576 val_loss=1.1439 val_acc=0.5906 time=117.9s
00:15:54 | INFO | [pretrain] epoch 5/100 train_task_loss=1.1080 train_kl=4671.22 beta=0.00000 train_acc=0.5984 val_loss=1.0813 val_acc=0.6117 time=117.3s
00:17:52 | INFO | [pretrain] epoch 6/100 train_task_loss=1.0408 train_kl=4671.22 beta=0.00000 train_acc=0.6249 val_loss=1.0078 val_acc=0.6349 time=118.1s
00:19:50 | INFO | [pretrain] epoch 7/100 train_task_loss=0.9818 train_kl=4671.22 beta=0.00000 train_acc=0.6502 val_loss=0.9568 val_acc=0.6788 time=117.4s
00:21:48 | INFO | [pretrain] epoch 8/100 train_task_loss=0.9190 train_kl=4671.22 beta=0.00000 train_acc=0.6719 val_loss=0.8950 val_acc=0.6831 time=118.1s
00:23:45 | INFO | [pretrain] epoch 9/100 train_task_loss=0.8713 train_kl=4671.22 beta=0.00000 train_acc=0.6932 val_loss=0.7883 val_acc=0.7278 time=117.3s
00:25:43 | INFO | [pretrain] epoch 10/100 train_task_loss=0.8185 train_kl=4671.22 beta=0.00000 train_acc=0.7135 val_loss=0.8316 val_acc=0.7148 time=117.6s
00:27:41 | INFO | [pretrain] epoch 11/100 train_task_loss=0.7872 train_kl=4671.22 beta=0.00000 train_acc=0.7255 val_loss=0.7448 val_acc=0.7413 time=118.0s
00:29:39 | INFO | [pretrain] epoch 12/100 train_task_loss=0.7631 train_kl=4671.22 beta=0.00000 train_acc=0.7342 val_loss=0.7482 val_acc=0.7486 time=118.1s
00:31:37 | INFO | [pretrain] epoch 13/100 train_task_loss=0.7317 train_kl=4671.22 beta=0.00000 train_acc=0.7454 val_loss=0.6819 val_acc=0.7694 time=118.1s
00:33:36 | INFO | [pretrain] epoch 14/100 train_task_loss=0.7021 train_kl=4671.22 beta=0.00000 train_acc=0.7568 val_loss=0.7010 val_acc=0.7654 time=118.6s
00:35:34 | INFO | [pretrain] epoch 15/100 train_task_loss=0.6882 train_kl=4671.22 beta=0.00000 train_acc=0.7619 val_loss=0.6749 val_acc=0.7609 time=117.9s
00:37:32 | INFO | [pretrain] epoch 16/100 train_task_loss=0.6638 train_kl=4671.22 beta=0.00000 train_acc=0.7715 val_loss=0.6628 val_acc=0.7682 time=118.8s
00:39:30 | INFO | [pretrain] epoch 17/100 train_task_loss=0.6437 train_kl=4671.22 beta=0.00000 train_acc=0.7770 val_loss=0.7163 val_acc=0.7589 time=117.9s
00:41:29 | INFO | [pretrain] epoch 18/100 train_task_loss=0.6295 train_kl=4671.22 beta=0.00000 train_acc=0.7825 val_loss=0.6655 val_acc=0.7745 time=118.8s
00:43:27 | INFO | [pretrain] epoch 19/100 train_task_loss=0.6254 train_kl=4671.22 beta=0.00000 train_acc=0.7852 val_loss=0.6427 val_acc=0.7852 time=117.4s
00:45:24 | INFO | [pretrain] epoch 20/100 train_task_loss=0.6086 train_kl=4671.22 beta=0.00000 train_acc=0.7914 val_loss=0.6663 val_acc=0.7698 time=117.6s
00:47:22 | INFO | [pretrain] epoch 21/100 train_task_loss=0.5962 train_kl=4671.22 beta=0.00000 train_acc=0.7950 val_loss=0.6457 val_acc=0.7917 time=118.2s
00:49:20 | INFO | [pretrain] epoch 22/100 train_task_loss=0.5913 train_kl=4671.22 beta=0.00000 train_acc=0.7947 val_loss=0.6065 val_acc=0.7967 time=117.6s
