====================================================
Job started: Thu 13 Aug 13:30:02 BST 2026
Node: node1274.csf3.man.alces.network
====================================================
== main cells ==
[running] A dpap-like + dpap mechanics ...
A dpap-like + dpap mechanics       acc=0.969 gate_median=+0.36 std=0.039 rho_pooled=+0.42 rho_layers=[+0.57, +0.45] true_imp=0.1353+-0.2043 (67s)
[running] B spear-like + dpap mechanics ...
B spear-like + dpap mechanics      acc=0.995 gate_median=+0.24 std=0.066 rho_pooled=+0.86 rho_layers=[+0.71, +0.90] true_imp=0.0622+-0.0907 (13s)
[running] C spear-like + lagr mechanics ...
C spear-like + lagr mechanics      acc=0.995 gate_median=-0.16 std=0.090 rho_pooled=+0.71 rho_layers=[+0.71, +0.98] true_imp=0.0622+-0.0907 (13s)
[running] D dpap-like + lagr mechanics ...
D dpap-like + lagr mechanics       acc=0.969 gate_median=-0.04 std=0.049 rho_pooled=+0.52 rho_layers=[+0.64, +0.57] true_imp=0.1353+-0.2043 (25s)
== single-ingredient flips of spear-like, dpap mechanics ==
[running] E spear but T=8 ...
E spear but T=8                    acc=0.969 gate_median=+0.36 std=0.036 rho_pooled=+0.80 rho_layers=[+0.74, +0.86] true_imp=0.0849+-0.1590 (24s)
[running] F spear but thr=0.5 ...
F spear but thr=0.5                acc=0.964 gate_median=+0.21 std=0.076 rho_pooled=+0.54 rho_layers=[+0.74, +0.81] true_imp=0.1069+-0.1700 (13s)
[running] G spear but subtract reset ...
G spear but subtract reset         acc=0.990 gate_median=+0.28 std=0.065 rho_pooled=+0.95 rho_layers=[+0.95, +0.81] true_imp=0.0460+-0.0688 (13s)
[running] H spear but spikes readout ...
H spear but spikes readout         acc=0.990 gate_median=+0.18 std=0.072 rho_pooled=+0.65 rho_layers=[+0.83, +0.71] true_imp=0.0572+-0.0762 (14s)
== residual cells: does the bypass erase the ground truth? ==
[running] I residual, spear-like + dpap mech ...
I residual, spear-like + dpap mech acc=0.948 gate_median=+0.07 std=0.110 rho_pooled=+0.02 rho_layers=[-0.62, +0.50] true_imp=0.2034+-0.1409 (30s)
[running] J residual, dpap-like + dpap mech ...
J residual, dpap-like + dpap mech  acc=0.938 gate_median=+0.16 std=0.113 rho_pooled=+0.66 rho_layers=[+0.43, +0.86] true_imp=0.6413+-0.4961 (58s)
====================================================
Job finished: Thu 13 Aug 13:36:27 BST 2026
====================================================
