====================================================
Job started: Mon  3 Aug 15:15:12 BST 2026
Node: node862.csf3.man.alces.network
====================================================
Mon Aug  3 15:15:47 2026       
+-----------------------------------------------------------------------------------------+
| NVIDIA-SMI 580.159.04             Driver Version: 580.159.04     CUDA Version: 13.0     |
+-----------------------------------------+------------------------+----------------------+
| GPU  Name                 Persistence-M | Bus-Id          Disp.A | Volatile Uncorr. ECC |
| Fan  Temp   Perf          Pwr:Usage/Cap |           Memory-Usage | GPU-Util  Compute M. |
|                                         |                        |               MIG M. |
|=========================================+========================+======================|
|   0  NVIDIA A100-SXM4-80GB          On  |   00000000:81:00.0 Off |                    0 |
| N/A   29C    P0             57W /  400W |       0MiB /  81920MiB |      0%      Default |
|                                         |                        |             Disabled |
+-----------------------------------------+------------------------+----------------------+

+-----------------------------------------------------------------------------------------+
| Processes:                                                                              |
|  GPU   GI   CI              PID   Type   Process name                        GPU Memory |
|        ID   ID                                                               Usage      |
|=========================================================================================|
|  No running processes found                                                             |
+-----------------------------------------------------------------------------------------+
CUDA available: True
Files already downloaded and verified
Files already downloaded and verified
Files already downloaded and verified

Gate pressure on the pretrained baseline, at beta_max=0.01:

layer                          |d task/d la|   beta*|d KL/d la|      ratio
conv_layers.0                      3.436e-04          5.378e-03     0.0639
conv_layers.1                      6.875e-04          5.378e-03     0.1278
conv_layers.2                      4.123e-04          5.378e-03     0.0767
conv_layers.3                      4.313e-04          5.378e-03     0.0802
conv_layers.4                      2.714e-04          5.378e-03     0.0505
conv_layers.5                      1.425e-04          5.378e-03     0.0265
fc_layers.0                        2.937e-05          5.378e-03     0.0055

Weakest layer ratio: 5.461e-03. Below ~1e-3 the KL is effectively unopposed there
and no beta_max will help -- diagnose before spending a queue slot on the curve.
Files already downloaded and verified
Files already downloaded and verified
Files already downloaded and verified
Files already downloaded and verified
Files already downloaded and verified
Files already downloaded and verified

Loading pretrained baseline: ./outputs/dpap_repl/trained_model.pt

Training Bayesian gates (once, for every target on the curve)...
15:20:30 | INFO | [bayesian_train] epoch 1/75 train_task_loss=0.1767 train_kl=4875.38 beta=0.00000 train_cost=4982036287.72 gamma=0.000000 train_acc=0.9486 val_loss=0.0056 val_acc=0.9996 time=81.2s
15:20:31 | INFO |     log_alpha: min=-3.02 median=-3.00 max=-2.98 std=0.01 frac_prunable=0.000 frac_saturated=0.000
15:20:31 | INFO |     gate pressure conv_layers.0: |d task/d log_alpha|=7.535e-04 beta*|d KL/d log_alpha|=0.000e+00 ratio=inf
15:20:31 | INFO |     gate pressure conv_layers.1: |d task/d log_alpha|=1.657e-03 beta*|d KL/d log_alpha|=0.000e+00 ratio=inf
15:20:31 | INFO |     gate pressure conv_layers.2: |d task/d log_alpha|=7.564e-04 beta*|d KL/d log_alpha|=0.000e+00 ratio=inf
15:20:31 | INFO |     gate pressure conv_layers.3: |d task/d log_alpha|=8.194e-04 beta*|d KL/d log_alpha|=0.000e+00 ratio=inf
15:20:31 | INFO |     gate pressure conv_layers.4: |d task/d log_alpha|=3.850e-04 beta*|d KL/d log_alpha|=0.000e+00 ratio=inf
15:20:31 | INFO |     gate pressure conv_layers.5: |d task/d log_alpha|=1.868e-04 beta*|d KL/d log_alpha|=0.000e+00 ratio=inf
15:20:31 | INFO |     gate pressure fc_layers.0: |d task/d log_alpha|=3.190e-05 beta*|d KL/d log_alpha|=0.000e+00 ratio=inf
15:21:43 | INFO | [bayesian_train] epoch 2/75 train_task_loss=0.1733 train_kl=4764.93 beta=0.00100 train_cost=4981229346.13 gamma=0.000000 train_acc=0.9462 val_loss=0.0097 val_acc=0.9982 time=71.7s
15:21:43 | INFO |     log_alpha: min=-3.01 median=-2.85 max=-2.70 std=0.07 frac_prunable=0.000 frac_saturated=0.000
15:22:55 | INFO | [bayesian_train] epoch 3/75 train_task_loss=0.1750 train_kl=4534.85 beta=0.00200 train_cost=4979070044.16 gamma=0.000000 train_acc=0.9441 val_loss=0.0145 val_acc=0.9962 time=71.8s
15:22:55 | INFO |     log_alpha: min=-2.97 median=-2.65 max=-2.45 std=0.12 frac_prunable=0.000 frac_saturated=0.000
15:24:06 | INFO | [bayesian_train] epoch 4/75 train_task_loss=0.1787 train_kl=4272.11 beta=0.00300 train_cost=4975961063.54 gamma=0.000000 train_acc=0.9426 val_loss=0.0116 val_acc=0.9968 time=71.5s
15:24:06 | INFO |     log_alpha: min=-2.91 median=-2.44 max=-2.22 std=0.14 frac_prunable=0.000 frac_saturated=0.000
15:25:18 | INFO | [bayesian_train] epoch 5/75 train_task_loss=0.1785 train_kl=3998.47 beta=0.00400 train_cost=4972008120.89 gamma=0.000000 train_acc=0.9427 val_loss=0.0123 val_acc=0.9972 time=71.9s
15:25:18 | INFO |     log_alpha: min=-2.83 median=-2.22 max=-2.00 std=0.15 frac_prunable=0.000 frac_saturated=0.000
15:26:30 | INFO | [bayesian_train] epoch 6/75 train_task_loss=0.1858 train_kl=3722.93 beta=0.00500 train_cost=4967227892.62 gamma=0.000000 train_acc=0.9406 val_loss=0.0154 val_acc=0.9958 time=71.6s
15:26:30 | INFO |     log_alpha: min=-2.74 median=-2.03 max=-1.80 std=0.16 frac_prunable=0.000 frac_saturated=0.000
15:26:30 | INFO |     gate pressure conv_layers.0: |d task/d log_alpha|=9.119e-04 beta*|d KL/d log_alpha|=2.998e-03 ratio=0.304
15:26:30 | INFO |     gate pressure conv_layers.1: |d task/d log_alpha|=1.521e-03 beta*|d KL/d log_alpha|=2.938e-03 ratio=0.518
15:26:30 | INFO |     gate pressure conv_layers.2: |d task/d log_alpha|=9.215e-04 beta*|d KL/d log_alpha|=3.013e-03 ratio=0.306
15:26:30 | INFO |     gate pressure conv_layers.3: |d task/d log_alpha|=8.968e-04 beta*|d KL/d log_alpha|=3.009e-03 ratio=0.298
15:26:30 | INFO |     gate pressure conv_layers.4: |d task/d log_alpha|=6.854e-04 beta*|d KL/d log_alpha|=3.062e-03 ratio=0.224
15:26:30 | INFO |     gate pressure conv_layers.5: |d task/d log_alpha|=3.142e-04 beta*|d KL/d log_alpha|=3.114e-03 ratio=0.101
15:26:30 | INFO |     gate pressure fc_layers.0: |d task/d log_alpha|=3.177e-04 beta*|d KL/d log_alpha|=3.143e-03 ratio=0.101
15:27:41 | INFO | [bayesian_train] epoch 7/75 train_task_loss=0.1936 train_kl=3453.50 beta=0.00600 train_cost=4961659060.34 gamma=0.000000 train_acc=0.9381 val_loss=0.0170 val_acc=0.9958 time=71.2s
15:27:41 | INFO |     log_alpha: min=-2.63 median=-1.83 max=-1.60 std=0.17 frac_prunable=0.000 frac_saturated=0.000
15:28:53 | INFO | [bayesian_train] epoch 8/75 train_task_loss=0.2113 train_kl=3183.28 beta=0.00700 train_cost=4955030483.63 gamma=0.000000 train_acc=0.9337 val_loss=0.0146 val_acc=0.9968 time=71.7s
15:28:53 | INFO |     log_alpha: min=-2.51 median=-1.64 max=-1.41 std=0.18 frac_prunable=0.000 frac_saturated=0.000
15:30:04 | INFO | [bayesian_train] epoch 9/75 train_task_loss=0.2223 train_kl=2918.13 beta=0.00800 train_cost=4947280199.68 gamma=0.000000 train_acc=0.9294 val_loss=0.0193 val_acc=0.9946 time=71.3s
15:30:04 | INFO |     log_alpha: min=-2.40 median=-1.46 max=-1.23 std=0.18 frac_prunable=0.000 frac_saturated=0.000
15:31:16 | INFO | [bayesian_train] epoch 10/75 train_task_loss=0.2316 train_kl=2657.73 beta=0.00900 train_cost=4938160847.64 gamma=0.000000 train_acc=0.9262 val_loss=0.0304 val_acc=0.9936 time=71.8s
15:31:16 | INFO |     log_alpha: min=-2.28 median=-1.28 max=-1.05 std=0.18 frac_prunable=0.000 frac_saturated=0.000
15:32:27 | INFO | [bayesian_train] epoch 11/75 train_task_loss=0.2463 train_kl=2410.65 beta=0.01000 train_cost=4927718231.04 gamma=0.000000 train_acc=0.9217 val_loss=0.0409 val_acc=0.9890 time=71.5s
15:32:27 | INFO |     log_alpha: min=-2.16 median=-1.11 max=-0.88 std=0.18 frac_prunable=0.000 frac_saturated=0.000
15:32:28 | INFO |     gate pressure conv_layers.0: |d task/d log_alpha|=2.292e-03 beta*|d KL/d log_alpha|=6.259e-03 ratio=0.366
15:32:28 | INFO |     gate pressure conv_layers.1: |d task/d log_alpha|=2.471e-03 beta*|d KL/d log_alpha|=6.328e-03 ratio=0.391
15:32:28 | INFO |     gate pressure conv_layers.2: |d task/d log_alpha|=2.014e-03 beta*|d KL/d log_alpha|=6.255e-03 ratio=0.322
15:32:28 | INFO |     gate pressure conv_layers.3: |d task/d log_alpha|=1.862e-03 beta*|d KL/d log_alpha|=6.268e-03 ratio=0.297
15:32:28 | INFO |     gate pressure conv_layers.4: |d task/d log_alpha|=2.505e-03 beta*|d KL/d log_alpha|=6.144e-03 ratio=0.408
15:32:28 | INFO |     gate pressure conv_layers.5: |d task/d log_alpha|=8.805e-04 beta*|d KL/d log_alpha|=5.935e-03 ratio=0.148
15:32:28 | INFO |     gate pressure fc_layers.0: |d task/d log_alpha|=1.218e-03 beta*|d KL/d log_alpha|=5.851e-03 ratio=0.208
15:33:39 | INFO | [bayesian_train] epoch 12/75 train_task_loss=0.2590 train_kl=2190.10 beta=0.01000 train_cost=4916488133.97 gamma=0.000000 train_acc=0.9179 val_loss=0.0571 val_acc=0.9848 time=71.6s
15:33:39 | INFO |     log_alpha: min=-2.04 median=-0.96 max=-0.72 std=0.19 frac_prunable=0.000 frac_saturated=0.000
15:34:51 | INFO | [bayesian_train] epoch 13/75 train_task_loss=0.2810 train_kl=1989.98 beta=0.01000 train_cost=4904206601.10 gamma=0.000000 train_acc=0.9119 val_loss=0.0736 val_acc=0.9742 time=71.9s
15:34:51 | INFO |     log_alpha: min=-1.93 median=-0.82 max=-0.57 std=0.19 frac_prunable=0.000 frac_saturated=0.000
15:36:03 | INFO | [bayesian_train] epoch 14/75 train_task_loss=0.2954 train_kl=1811.22 beta=0.01000 train_cost=4891041228.23 gamma=0.000000 train_acc=0.9070 val_loss=0.1087 val_acc=0.9704 time=71.5s
15:36:03 | INFO |     log_alpha: min=-1.82 median=-0.69 max=-0.42 std=0.19 frac_prunable=0.000 frac_saturated=0.000
15:37:14 | INFO | [bayesian_train] epoch 15/75 train_task_loss=0.3189 train_kl=1648.71 beta=0.01000 train_cost=4876703505.07 gamma=0.000000 train_acc=0.9013 val_loss=0.1330 val_acc=0.9356 time=71.5s
15:37:14 | INFO |     log_alpha: min=-1.71 median=-0.56 max=-0.28 std=0.19 frac_prunable=0.000 frac_saturated=0.000
15:38:26 | INFO | [bayesian_train] epoch 16/75 train_task_loss=0.3503 train_kl=1505.62 beta=0.01000 train_cost=4861663011.27 gamma=0.000000 train_acc=0.8906 val_loss=0.1641 val_acc=0.9386 time=71.8s
15:38:26 | INFO |     log_alpha: min=-1.61 median=-0.44 max=-0.14 std=0.20 frac_prunable=0.000 frac_saturated=0.000
15:38:26 | INFO |     gate pressure conv_layers.0: |d task/d log_alpha|=3.350e-03 beta*|d KL/d log_alpha|=5.172e-03 ratio=0.648
15:38:26 | INFO |     gate pressure conv_layers.1: |d task/d log_alpha|=3.970e-03 beta*|d KL/d log_alpha|=5.598e-03 ratio=0.709
15:38:26 | INFO |     gate pressure conv_layers.2: |d task/d log_alpha|=3.880e-03 beta*|d KL/d log_alpha|=5.107e-03 ratio=0.760
15:38:26 | INFO |     gate pressure conv_layers.3: |d task/d log_alpha|=4.226e-03 beta*|d KL/d log_alpha|=5.120e-03 ratio=0.825
15:38:26 | INFO |     gate pressure conv_layers.4: |d task/d log_alpha|=5.162e-03 beta*|d KL/d log_alpha|=4.841e-03 ratio=1.066
15:38:26 | INFO |     gate pressure conv_layers.5: |d task/d log_alpha|=2.637e-03 beta*|d KL/d log_alpha|=4.332e-03 ratio=0.609
15:38:26 | INFO |     gate pressure fc_layers.0: |d task/d log_alpha|=1.965e-03 beta*|d KL/d log_alpha|=4.277e-03 ratio=0.459
15:39:38 | INFO | [bayesian_train] epoch 17/75 train_task_loss=0.3830 train_kl=1377.56 beta=0.01000 train_cost=4845728765.16 gamma=0.000000 train_acc=0.8811 val_loss=0.2117 val_acc=0.9014 time=71.9s
15:39:38 | INFO |     log_alpha: min=-1.52 median=-0.33 max=0.00 std=0.21 frac_prunable=0.000 frac_saturated=0.000
15:40:49 | INFO | [bayesian_train] epoch 18/75 train_task_loss=0.4097 train_kl=1263.97 beta=0.01000 train_cost=4829106319.36 gamma=0.000000 train_acc=0.8748 val_loss=0.2536 val_acc=0.8774 time=71.5s
15:40:49 | INFO |     log_alpha: min=-1.42 median=-0.22 max=0.14 std=0.21 frac_prunable=0.000 frac_saturated=0.000
15:42:01 | INFO | [bayesian_train] epoch 19/75 train_task_loss=0.4542 train_kl=1166.52 beta=0.01000 train_cost=4812486214.54 gamma=0.000000 train_acc=0.8612 val_loss=0.3001 val_acc=0.8532 time=71.6s
15:42:01 | INFO |     log_alpha: min=-1.34 median=-0.13 max=0.27 std=0.22 frac_prunable=0.000 frac_saturated=0.000
15:43:12 | INFO | [bayesian_train] epoch 20/75 train_task_loss=0.4880 train_kl=1081.16 beta=0.01000 train_cost=4795737246.72 gamma=0.000000 train_acc=0.8521 val_loss=0.3523 val_acc=0.8180 time=71.4s
15:43:12 | INFO |     log_alpha: min=-1.25 median=-0.04 max=0.39 std=0.22 frac_prunable=0.000 frac_saturated=0.000
15:44:24 | INFO | [bayesian_train] epoch 21/75 train_task_loss=0.5282 train_kl=1006.68 beta=0.01000 train_cost=4779021991.82 gamma=0.000000 train_acc=0.8386 val_loss=0.3986 val_acc=0.7966 time=71.4s
15:44:24 | INFO |     log_alpha: min=-1.18 median=0.05 max=0.52 std=0.23 frac_prunable=0.000 frac_saturated=0.000
15:44:24 | INFO |     gate pressure conv_layers.0: |d task/d log_alpha|=3.156e-03 beta*|d KL/d log_alpha|=3.864e-03 ratio=0.817
15:44:24 | INFO |     gate pressure conv_layers.1: |d task/d log_alpha|=4.178e-03 beta*|d KL/d log_alpha|=4.539e-03 ratio=0.921
15:44:24 | INFO |     gate pressure conv_layers.2: |d task/d log_alpha|=4.246e-03 beta*|d KL/d log_alpha|=3.910e-03 ratio=1.086
15:44:24 | INFO |     gate pressure conv_layers.3: |d task/d log_alpha|=5.384e-03 beta*|d KL/d log_alpha|=3.949e-03 ratio=1.363
15:44:24 | INFO |     gate pressure conv_layers.4: |d task/d log_alpha|=4.598e-03 beta*|d KL/d log_alpha|=3.637e-03 ratio=1.264
15:44:24 | INFO |     gate pressure conv_layers.5: |d task/d log_alpha|=4.387e-03 beta*|d KL/d log_alpha|=3.107e-03 ratio=1.412
15:44:24 | INFO |     gate pressure fc_layers.0: |d task/d log_alpha|=2.691e-03 beta*|d KL/d log_alpha|=2.986e-03 ratio=0.901
15:45:35 | INFO | [bayesian_train] epoch 22/75 train_task_loss=0.5729 train_kl=940.89 beta=0.01000 train_cost=4762273701.55 gamma=0.000000 train_acc=0.8239 val_loss=0.4622 val_acc=0.7504 time=71.6s
15:45:35 | INFO |     log_alpha: min=-1.10 median=0.13 max=0.64 std=0.23 frac_prunable=0.000 frac_saturated=0.000
15:46:47 | INFO | [bayesian_train] epoch 23/75 train_task_loss=0.6052 train_kl=883.48 beta=0.01000 train_cost=4745789941.19 gamma=0.000000 train_acc=0.8134 val_loss=0.5415 val_acc=0.6878 time=71.3s
15:46:47 | INFO |     log_alpha: min=-1.03 median=0.20 max=0.76 std=0.24 frac_prunable=0.000 frac_saturated=0.000
15:47:58 | INFO | [bayesian_train] epoch 24/75 train_task_loss=0.6274 train_kl=832.93 beta=0.01000 train_cost=4729534581.76 gamma=0.000000 train_acc=0.8067 val_loss=0.5604 val_acc=0.6502 time=71.3s
15:47:58 | INFO |     log_alpha: min=-0.95 median=0.27 max=0.87 std=0.24 frac_prunable=0.000 frac_saturated=0.000
15:49:10 | INFO | [bayesian_train] epoch 25/75 train_task_loss=0.6697 train_kl=788.09 beta=0.01000 train_cost=4713515394.84 gamma=0.000000 train_acc=0.7951 val_loss=0.6359 val_acc=0.6120 time=71.8s
15:49:10 | INFO |     log_alpha: min=-0.89 median=0.34 max=0.97 std=0.25 frac_prunable=0.000 frac_saturated=0.000
15:50:22 | INFO | [bayesian_train] epoch 26/75 train_task_loss=0.7033 train_kl=748.19 beta=0.01000 train_cost=4697762351.79 gamma=0.000000 train_acc=0.7850 val_loss=0.6796 val_acc=0.5666 time=71.9s
15:50:22 | INFO |     log_alpha: min=-0.82 median=0.39 max=1.07 std=0.25 frac_prunable=0.000 frac_saturated=0.000
15:50:22 | INFO |     gate pressure conv_layers.0: |d task/d log_alpha|=3.693e-03 beta*|d KL/d log_alpha|=2.953e-03 ratio=1.250
15:50:22 | INFO |     gate pressure conv_layers.1: |d task/d log_alpha|=4.571e-03 beta*|d KL/d log_alpha|=3.733e-03 ratio=1.224
15:50:22 | INFO |     gate pressure conv_layers.2: |d task/d log_alpha|=4.382e-03 beta*|d KL/d log_alpha|=3.106e-03 ratio=1.411
15:50:22 | INFO |     gate pressure conv_layers.3: |d task/d log_alpha|=5.281e-03 beta*|d KL/d log_alpha|=3.193e-03 ratio=1.654
15:50:22 | INFO |     gate pressure conv_layers.4: |d task/d log_alpha|=3.986e-03 beta*|d KL/d log_alpha|=2.846e-03 ratio=1.400
15:50:22 | INFO |     gate pressure conv_layers.5: |d task/d log_alpha|=3.630e-03 beta*|d KL/d log_alpha|=2.454e-03 ratio=1.479
15:50:22 | INFO |     gate pressure fc_layers.0: |d task/d log_alpha|=3.077e-03 beta*|d KL/d log_alpha|=2.253e-03 ratio=1.366
15:51:33 | INFO | [bayesian_train] epoch 27/75 train_task_loss=0.7429 train_kl=712.80 beta=0.01000 train_cost=4682462113.56 gamma=0.000000 train_acc=0.7698 val_loss=0.7356 val_acc=0.5430 time=71.5s
15:51:33 | INFO |     log_alpha: min=-0.76 median=0.45 max=1.16 std=0.25 frac_prunable=0.000 frac_saturated=0.000
15:52:45 | INFO | [bayesian_train] epoch 28/75 train_task_loss=0.7633 train_kl=681.42 beta=0.01000 train_cost=4667663386.17 gamma=0.000000 train_acc=0.7612 val_loss=0.7598 val_acc=0.5140 time=71.7s
15:52:45 | INFO |     log_alpha: min=-0.72 median=0.49 max=1.25 std=0.26 frac_prunable=0.000 frac_saturated=0.000
15:53:57 | INFO | [bayesian_train] epoch 29/75 train_task_loss=0.7866 train_kl=653.22 beta=0.01000 train_cost=4653225204.05 gamma=0.000000 train_acc=0.7544 val_loss=0.8061 val_acc=0.5102 time=71.7s
15:53:57 | INFO |     log_alpha: min=-0.67 median=0.54 max=1.34 std=0.26 frac_prunable=0.000 frac_saturated=0.000
15:55:08 | INFO | [bayesian_train] epoch 30/75 train_task_loss=0.8040 train_kl=627.34 beta=0.01000 train_cost=4638938654.15 gamma=0.000000 train_acc=0.7463 val_loss=0.8724 val_acc=0.4520 time=71.8s
15:55:08 | INFO |     log_alpha: min=-0.63 median=0.58 max=1.42 std=0.26 frac_prunable=0.000 frac_saturated=0.000
15:56:20 | INFO | [bayesian_train] epoch 31/75 train_task_loss=0.8233 train_kl=603.81 beta=0.01000 train_cost=4624976839.68 gamma=0.000000 train_acc=0.7406 val_loss=0.9072 val_acc=0.4156 time=71.4s
15:56:20 | INFO |     log_alpha: min=-0.59 median=0.62 max=1.51 std=0.27 frac_prunable=0.000 frac_saturated=0.000
15:56:20 | INFO |     gate pressure conv_layers.0: |d task/d log_alpha|=4.518e-03 beta*|d KL/d log_alpha|=2.400e-03 ratio=1.883
15:56:20 | INFO |     gate pressure conv_layers.1: |d task/d log_alpha|=5.726e-03 beta*|d KL/d log_alpha|=3.185e-03 ratio=1.798
15:56:20 | INFO |     gate pressure conv_layers.2: |d task/d log_alpha|=5.518e-03 beta*|d KL/d log_alpha|=2.591e-03 ratio=2.130
15:56:20 | INFO |     gate pressure conv_layers.3: |d task/d log_alpha|=5.375e-03 beta*|d KL/d log_alpha|=2.713e-03 ratio=1.982
15:56:20 | INFO |     gate pressure conv_layers.4: |d task/d log_alpha|=5.147e-03 beta*|d KL/d log_alpha|=2.353e-03 ratio=2.187
15:56:20 | INFO |     gate pressure conv_layers.5: |d task/d log_alpha|=4.553e-03 beta*|d KL/d log_alpha|=2.077e-03 ratio=2.192
15:56:20 | INFO |     gate pressure fc_layers.0: |d task/d log_alpha|=2.705e-03 beta*|d KL/d log_alpha|=1.836e-03 ratio=1.473
15:57:31 | INFO | [bayesian_train] epoch 32/75 train_task_loss=0.8468 train_kl=582.74 beta=0.01000 train_cost=4611601331.77 gamma=0.000000 train_acc=0.7302 val_loss=0.9339 val_acc=0.4158 time=71.1s
15:57:31 | INFO |     log_alpha: min=-0.55 median=0.66 max=1.59 std=0.27 frac_prunable=0.000 frac_saturated=0.000
15:58:42 | INFO | [bayesian_train] epoch 33/75 train_task_loss=0.8657 train_kl=563.73 beta=0.01000 train_cost=4598692650.10 gamma=0.000000 train_acc=0.7267 val_loss=0.9244 val_acc=0.4228 time=71.3s
15:58:42 | INFO |     log_alpha: min=-0.51 median=0.70 max=1.66 std=0.27 frac_prunable=0.000 frac_saturated=0.000
15:59:54 | INFO | [bayesian_train] epoch 34/75 train_task_loss=0.8761 train_kl=546.27 beta=0.01000 train_cost=4586117078.47 gamma=0.000000 train_acc=0.7238 val_loss=0.9741 val_acc=0.3858 time=72.0s
15:59:54 | INFO |     log_alpha: min=-0.48 median=0.73 max=1.73 std=0.27 frac_prunable=0.000 frac_saturated=0.000
16:01:06 | INFO | [bayesian_train] epoch 35/75 train_task_loss=0.9046 train_kl=530.24 beta=0.01000 train_cost=4573925597.87 gamma=0.000000 train_acc=0.7107 val_loss=1.0026 val_acc=0.3628 time=71.9s
16:01:06 | INFO |     log_alpha: min=-0.45 median=0.76 max=1.80 std=0.27 frac_prunable=0.000 frac_saturated=0.000
16:02:18 | INFO | [bayesian_train] epoch 36/75 train_task_loss=0.9191 train_kl=515.64 beta=0.01000 train_cost=4562241802.24 gamma=0.000000 train_acc=0.7076 val_loss=1.0119 val_acc=0.3742 time=71.8s
16:02:18 | INFO |     log_alpha: min=-0.42 median=0.79 max=1.86 std=0.28 frac_prunable=0.000 frac_saturated=0.000
16:02:18 | INFO |     gate pressure conv_layers.0: |d task/d log_alpha|=4.053e-03 beta*|d KL/d log_alpha|=2.057e-03 ratio=1.971
16:02:18 | INFO |     gate pressure conv_layers.1: |d task/d log_alpha|=6.645e-03 beta*|d KL/d log_alpha|=2.816e-03 ratio=2.360
16:02:18 | INFO |     gate pressure conv_layers.2: |d task/d log_alpha|=5.452e-03 beta*|d KL/d log_alpha|=2.252e-03 ratio=2.421
16:02:18 | INFO |     gate pressure conv_layers.3: |d task/d log_alpha|=6.722e-03 beta*|d KL/d log_alpha|=2.394e-03 ratio=2.808
16:02:18 | INFO |     gate pressure conv_layers.4: |d task/d log_alpha|=5.395e-03 beta*|d KL/d log_alpha|=2.038e-03 ratio=2.647
16:02:18 | INFO |     gate pressure conv_layers.5: |d task/d log_alpha|=5.697e-03 beta*|d KL/d log_alpha|=1.836e-03 ratio=3.102
16:02:18 | INFO |     gate pressure fc_layers.0: |d task/d log_alpha|=4.039e-03 beta*|d KL/d log_alpha|=1.581e-03 ratio=2.555
16:03:30 | INFO | [bayesian_train] epoch 37/75 train_task_loss=0.9320 train_kl=502.27 beta=0.01000 train_cost=4550986990.36 gamma=0.000000 train_acc=0.7016 val_loss=1.0309 val_acc=0.3590 time=72.0s
16:03:30 | INFO |     log_alpha: min=-0.40 median=0.82 max=1.92 std=0.28 frac_prunable=0.000 frac_saturated=0.000
16:04:41 | INFO | [bayesian_train] epoch 38/75 train_task_loss=0.9422 train_kl=490.14 beta=0.01000 train_cost=4540290991.79 gamma=0.000000 train_acc=0.6983 val_loss=1.0404 val_acc=0.3624 time=70.8s
16:04:41 | INFO |     log_alpha: min=-0.38 median=0.85 max=1.98 std=0.28 frac_prunable=0.000 frac_saturated=0.000
16:05:52 | INFO | [bayesian_train] epoch 39/75 train_task_loss=0.9573 train_kl=478.76 beta=0.01000 train_cost=4529825923.98 gamma=0.000000 train_acc=0.6927 val_loss=1.0769 val_acc=0.3542 time=70.9s
16:05:52 | INFO |     log_alpha: min=-0.35 median=0.87 max=2.04 std=0.28 frac_prunable=0.000 frac_saturated=0.000
16:07:03 | INFO | [bayesian_train] epoch 40/75 train_task_loss=0.9627 train_kl=468.41 beta=0.01000 train_cost=4519907016.25 gamma=0.000000 train_acc=0.6930 val_loss=1.0675 val_acc=0.3510 time=70.8s
16:07:03 | INFO |     log_alpha: min=-0.33 median=0.89 max=2.09 std=0.28 frac_prunable=0.000 frac_saturated=0.000
16:08:14 | INFO | [bayesian_train] epoch 41/75 train_task_loss=0.9732 train_kl=458.85 beta=0.01000 train_cost=4510399902.15 gamma=0.000000 train_acc=0.6873 val_loss=1.1029 val_acc=0.3464 time=71.5s
16:08:14 | INFO |     log_alpha: min=-0.32 median=0.91 max=2.14 std=0.29 frac_prunable=0.000 frac_saturated=0.000
16:08:14 | INFO |     gate pressure conv_layers.0: |d task/d log_alpha|=2.848e-03 beta*|d KL/d log_alpha|=1.836e-03 ratio=1.552
16:08:14 | INFO |     gate pressure conv_layers.1: |d task/d log_alpha|=5.798e-03 beta*|d KL/d log_alpha|=2.564e-03 ratio=2.261
16:08:14 | INFO |     gate pressure conv_layers.2: |d task/d log_alpha|=4.073e-03 beta*|d KL/d log_alpha|=2.026e-03 ratio=2.010
16:08:14 | INFO |     gate pressure conv_layers.3: |d task/d log_alpha|=6.495e-03 beta*|d KL/d log_alpha|=2.179e-03 ratio=2.981
16:08:14 | INFO |     gate pressure conv_layers.4: |d task/d log_alpha|=5.331e-03 beta*|d KL/d log_alpha|=1.829e-03 ratio=2.914
16:08:14 | INFO |     gate pressure conv_layers.5: |d task/d log_alpha|=5.048e-03 beta*|d KL/d log_alpha|=1.677e-03 ratio=3.011
16:08:14 | INFO |     gate pressure fc_layers.0: |d task/d log_alpha|=3.089e-03 beta*|d KL/d log_alpha|=1.413e-03 ratio=2.186
16:09:25 | INFO | [bayesian_train] epoch 42/75 train_task_loss=0.9919 train_kl=450.12 beta=0.01000 train_cost=4501437635.70 gamma=0.000000 train_acc=0.6791 val_loss=1.1173 val_acc=0.3170 time=71.1s
16:09:25 | INFO |     log_alpha: min=-0.30 median=0.93 max=2.19 std=0.29 frac_prunable=0.000 frac_saturated=0.000
16:10:37 | INFO | [bayesian_train] epoch 43/75 train_task_loss=0.9889 train_kl=442.09 beta=0.01000 train_cost=4492867667.63 gamma=0.000000 train_acc=0.6802 val_loss=1.1219 val_acc=0.3314 time=71.8s
16:10:37 | INFO |     log_alpha: min=-0.28 median=0.95 max=2.23 std=0.29 frac_prunable=0.000 frac_saturated=0.000
16:11:49 | INFO | [bayesian_train] epoch 44/75 train_task_loss=1.0072 train_kl=434.51 beta=0.01000 train_cost=4484502977.42 gamma=0.000000 train_acc=0.6748 val_loss=1.1375 val_acc=0.3286 time=71.8s
16:11:49 | INFO |     log_alpha: min=-0.27 median=0.97 max=2.27 std=0.29 frac_prunable=0.000 frac_saturated=0.000
16:13:01 | INFO | [bayesian_train] epoch 45/75 train_task_loss=1.0089 train_kl=427.66 beta=0.01000 train_cost=4476748043.95 gamma=0.000000 train_acc=0.6725 val_loss=1.1276 val_acc=0.3192 time=71.8s
16:13:01 | INFO |     log_alpha: min=-0.25 median=0.99 max=2.31 std=0.29 frac_prunable=0.000 frac_saturated=0.000
16:14:12 | INFO | [bayesian_train] epoch 46/75 train_task_loss=1.0085 train_kl=421.34 beta=0.01000 train_cost=4469382269.72 gamma=0.000000 train_acc=0.6736 val_loss=1.1294 val_acc=0.3288 time=71.7s
16:14:12 | INFO |     log_alpha: min=-0.24 median=1.00 max=2.34 std=0.29 frac_prunable=0.000 frac_saturated=0.000
16:14:12 | INFO |     gate pressure conv_layers.0: |d task/d log_alpha|=4.382e-03 beta*|d KL/d log_alpha|=1.693e-03 ratio=2.589
16:14:12 | INFO |     gate pressure conv_layers.1: |d task/d log_alpha|=6.313e-03 beta*|d KL/d log_alpha|=2.392e-03 ratio=2.639
16:14:12 | INFO |     gate pressure conv_layers.2: |d task/d log_alpha|=4.896e-03 beta*|d KL/d log_alpha|=1.873e-03 ratio=2.614
16:14:12 | INFO |     gate pressure conv_layers.3: |d task/d log_alpha|=5.900e-03 beta*|d KL/d log_alpha|=2.031e-03 ratio=2.904
16:14:12 | INFO |     gate pressure conv_layers.4: |d task/d log_alpha|=4.894e-03 beta*|d KL/d log_alpha|=1.689e-03 ratio=2.898
16:14:12 | INFO |     gate pressure conv_layers.5: |d task/d log_alpha|=5.037e-03 beta*|d KL/d log_alpha|=1.567e-03 ratio=3.214
16:14:12 | INFO |     gate pressure fc_layers.0: |d task/d log_alpha|=2.845e-03 beta*|d KL/d log_alpha|=1.301e-03 ratio=2.186
16:15:25 | INFO | [bayesian_train] epoch 47/75 train_task_loss=1.0121 train_kl=415.58 beta=0.01000 train_cost=4462509913.88 gamma=0.000000 train_acc=0.6707 val_loss=1.1559 val_acc=0.3264 time=72.3s
16:15:25 | INFO |     log_alpha: min=-0.23 median=1.02 max=2.37 std=0.29 frac_prunable=0.000 frac_saturated=0.000
16:16:37 | INFO | [bayesian_train] epoch 48/75 train_task_loss=1.0193 train_kl=410.30 beta=0.01000 train_cost=4456065658.88 gamma=0.000000 train_acc=0.6695 val_loss=1.1466 val_acc=0.3308 time=72.2s
16:16:37 | INFO |     log_alpha: min=-0.22 median=1.03 max=2.40 std=0.30 frac_prunable=0.000 frac_saturated=0.000
16:17:49 | INFO | [bayesian_train] epoch 49/75 train_task_loss=1.0385 train_kl=405.37 beta=0.01000 train_cost=4449934448.64 gamma=0.000000 train_acc=0.6636 val_loss=1.1534 val_acc=0.3350 time=71.7s
16:17:49 | INFO |     log_alpha: min=-0.21 median=1.04 max=2.43 std=0.30 frac_prunable=0.000 frac_saturated=0.000
16:19:00 | INFO | [bayesian_train] epoch 50/75 train_task_loss=1.0290 train_kl=400.91 beta=0.01000 train_cost=4444259250.63 gamma=0.000000 train_acc=0.6649 val_loss=1.1681 val_acc=0.3322 time=71.7s
16:19:00 | INFO |     log_alpha: min=-0.20 median=1.05 max=2.46 std=0.30 frac_prunable=0.000 frac_saturated=0.000
16:20:12 | INFO | [bayesian_train] epoch 51/75 train_task_loss=1.0344 train_kl=396.81 beta=0.01000 train_cost=4438960637.72 gamma=0.000000 train_acc=0.6626 val_loss=1.1699 val_acc=0.3288 time=72.1s
16:20:12 | INFO |     log_alpha: min=-0.19 median=1.06 max=2.48 std=0.30 frac_prunable=0.000 frac_saturated=0.000
16:20:12 | INFO |     gate pressure conv_layers.0: |d task/d log_alpha|=4.076e-03 beta*|d KL/d log_alpha|=1.600e-03 ratio=2.547
16:20:12 | INFO |     gate pressure conv_layers.1: |d task/d log_alpha|=6.681e-03 beta*|d KL/d log_alpha|=2.277e-03 ratio=2.933
16:20:12 | INFO |     gate pressure conv_layers.2: |d task/d log_alpha|=4.473e-03 beta*|d KL/d log_alpha|=1.773e-03 ratio=2.523
16:20:12 | INFO |     gate pressure conv_layers.3: |d task/d log_alpha|=5.510e-03 beta*|d KL/d log_alpha|=1.934e-03 ratio=2.849
16:20:12 | INFO |     gate pressure conv_layers.4: |d task/d log_alpha|=4.595e-03 beta*|d KL/d log_alpha|=1.597e-03 ratio=2.877
16:20:12 | INFO |     gate pressure conv_layers.5: |d task/d log_alpha|=4.750e-03 beta*|d KL/d log_alpha|=1.495e-03 ratio=3.177
16:20:12 | INFO |     gate pressure fc_layers.0: |d task/d log_alpha|=2.784e-03 beta*|d KL/d log_alpha|=1.227e-03 ratio=2.270
16:21:24 | INFO | [bayesian_train] epoch 52/75 train_task_loss=1.0349 train_kl=393.08 beta=0.01000 train_cost=4434043137.71 gamma=0.000000 train_acc=0.6600 val_loss=1.1535 val_acc=0.3336 time=71.9s
16:21:24 | INFO |     log_alpha: min=-0.18 median=1.07 max=2.50 std=0.30 frac_prunable=0.000 frac_saturated=0.000
16:22:36 | INFO | [bayesian_train] epoch 53/75 train_task_loss=1.0447 train_kl=389.68 beta=0.01000 train_cost=4429490785.85 gamma=0.000000 train_acc=0.6588 val_loss=1.1733 val_acc=0.3178 time=71.7s
16:22:36 | INFO |     log_alpha: min=-0.18 median=1.08 max=2.52 std=0.30 frac_prunable=0.000 frac_saturated=0.000
16:23:48 | INFO | [bayesian_train] epoch 54/75 train_task_loss=1.0498 train_kl=386.57 beta=0.01000 train_cost=4425277912.18 gamma=0.000000 train_acc=0.6575 val_loss=1.1883 val_acc=0.3222 time=71.8s
16:23:48 | INFO |     log_alpha: min=-0.17 median=1.09 max=2.54 std=0.30 frac_prunable=0.000 frac_saturated=0.000
16:25:08 | INFO | [bayesian_train] epoch 55/75 train_task_loss=1.0477 train_kl=383.78 beta=0.01000 train_cost=4421439012.98 gamma=0.000000 train_acc=0.6575 val_loss=1.1810 val_acc=0.3208 time=80.3s
16:25:08 | INFO |     log_alpha: min=-0.17 median=1.10 max=2.55 std=0.30 frac_prunable=0.000 frac_saturated=0.000
16:26:20 | INFO | [bayesian_train] epoch 56/75 train_task_loss=1.0511 train_kl=381.21 beta=0.01000 train_cost=4417864047.50 gamma=0.000000 train_acc=0.6570 val_loss=1.1906 val_acc=0.3078 time=71.8s
16:26:20 | INFO |     log_alpha: min=-0.16 median=1.10 max=2.57 std=0.30 frac_prunable=0.000 frac_saturated=0.000
16:26:21 | INFO |     gate pressure conv_layers.0: |d task/d log_alpha|=3.874e-03 beta*|d KL/d log_alpha|=1.543e-03 ratio=2.511
16:26:21 | INFO |     gate pressure conv_layers.1: |d task/d log_alpha|=6.226e-03 beta*|d KL/d log_alpha|=2.205e-03 ratio=2.824
16:26:21 | INFO |     gate pressure conv_layers.2: |d task/d log_alpha|=4.682e-03 beta*|d KL/d log_alpha|=1.709e-03 ratio=2.739
16:26:21 | INFO |     gate pressure conv_layers.3: |d task/d log_alpha|=7.216e-03 beta*|d KL/d log_alpha|=1.872e-03 ratio=3.854
16:26:21 | INFO |     gate pressure conv_layers.4: |d task/d log_alpha|=5.488e-03 beta*|d KL/d log_alpha|=1.539e-03 ratio=3.567
16:26:21 | INFO |     gate pressure conv_layers.5: |d task/d log_alpha|=4.970e-03 beta*|d KL/d log_alpha|=1.449e-03 ratio=3.430
16:26:21 | INFO |     gate pressure fc_layers.0: |d task/d log_alpha|=2.974e-03 beta*|d KL/d log_alpha|=1.179e-03 ratio=2.523
16:27:32 | INFO | [bayesian_train] epoch 57/75 train_task_loss=1.0573 train_kl=378.93 beta=0.01000 train_cost=4414650063.08 gamma=0.000000 train_acc=0.6538 val_loss=1.1729 val_acc=0.3274 time=71.1s
16:27:32 | INFO |     log_alpha: min=-0.16 median=1.11 max=2.58 std=0.30 frac_prunable=0.000 frac_saturated=0.000
16:28:43 | INFO | [bayesian_train] epoch 58/75 train_task_loss=1.0484 train_kl=376.87 beta=0.01000 train_cost=4411733089.28 gamma=0.000000 train_acc=0.6572 val_loss=1.1971 val_acc=0.3036 time=71.4s
16:28:43 | INFO |     log_alpha: min=-0.15 median=1.12 max=2.59 std=0.30 frac_prunable=0.000 frac_saturated=0.000
16:29:54 | INFO | [bayesian_train] epoch 59/75 train_task_loss=1.0624 train_kl=375.05 beta=0.01000 train_cost=4409131857.92 gamma=0.000000 train_acc=0.6518 val_loss=1.1961 val_acc=0.3104 time=70.9s
16:29:54 | INFO |     log_alpha: min=-0.15 median=1.12 max=2.60 std=0.31 frac_prunable=0.000 frac_saturated=0.000
16:31:06 | INFO | [bayesian_train] epoch 60/75 train_task_loss=1.0496 train_kl=373.42 beta=0.01000 train_cost=4406774208.85 gamma=0.000000 train_acc=0.6531 val_loss=1.1936 val_acc=0.3112 time=71.4s
16:31:06 | INFO |     log_alpha: min=-0.15 median=1.13 max=2.61 std=0.31 frac_prunable=0.000 frac_saturated=0.000
16:32:17 | INFO | [bayesian_train] epoch 61/75 train_task_loss=1.0599 train_kl=372.00 beta=0.01000 train_cost=4404714099.48 gamma=0.000000 train_acc=0.6525 val_loss=1.2000 val_acc=0.3112 time=71.1s
16:32:17 | INFO |     log_alpha: min=-0.14 median=1.13 max=2.62 std=0.31 frac_prunable=0.000 frac_saturated=0.000
16:32:17 | INFO |     gate pressure conv_layers.0: |d task/d log_alpha|=3.580e-03 beta*|d KL/d log_alpha|=1.509e-03 ratio=2.373
16:32:17 | INFO |     gate pressure conv_layers.1: |d task/d log_alpha|=5.907e-03 beta*|d KL/d log_alpha|=2.162e-03 ratio=2.732
16:32:17 | INFO |     gate pressure conv_layers.2: |d task/d log_alpha|=4.201e-03 beta*|d KL/d log_alpha|=1.672e-03 ratio=2.513
16:32:17 | INFO |     gate pressure conv_layers.3: |d task/d log_alpha|=5.606e-03 beta*|d KL/d log_alpha|=1.836e-03 ratio=3.053
16:32:17 | INFO |     gate pressure conv_layers.4: |d task/d log_alpha|=4.897e-03 beta*|d KL/d log_alpha|=1.504e-03 ratio=3.255
16:32:17 | INFO |     gate pressure conv_layers.5: |d task/d log_alpha|=5.451e-03 beta*|d KL/d log_alpha|=1.422e-03 ratio=3.833
16:32:17 | INFO |     gate pressure fc_layers.0: |d task/d log_alpha|=2.882e-03 beta*|d KL/d log_alpha|=1.151e-03 ratio=2.505
16:33:28 | INFO | [bayesian_train] epoch 62/75 train_task_loss=1.0525 train_kl=370.75 beta=0.01000 train_cost=4402884750.79 gamma=0.000000 train_acc=0.6534 val_loss=1.2023 val_acc=0.3098 time=71.5s
16:33:28 | INFO |     log_alpha: min=-0.14 median=1.13 max=2.62 std=0.31 frac_prunable=0.000 frac_saturated=0.000
16:34:39 | INFO | [bayesian_train] epoch 63/75 train_task_loss=1.0599 train_kl=369.67 beta=0.01000 train_cost=4401289951.57 gamma=0.000000 train_acc=0.6523 val_loss=1.1980 val_acc=0.3100 time=71.0s
16:34:39 | INFO |     log_alpha: min=-0.14 median=1.14 max=2.63 std=0.31 frac_prunable=0.000 frac_saturated=0.000
16:35:50 | INFO | [bayesian_train] epoch 64/75 train_task_loss=1.0629 train_kl=368.74 beta=0.01000 train_cost=4399907895.18 gamma=0.000000 train_acc=0.6529 val_loss=1.2042 val_acc=0.3104 time=71.1s
16:35:50 | INFO |     log_alpha: min=-0.14 median=1.14 max=2.64 std=0.31 frac_prunable=0.000 frac_saturated=0.000
16:37:02 | INFO | [bayesian_train] epoch 65/75 train_task_loss=1.0588 train_kl=367.95 beta=0.01000 train_cost=4398736856.75 gamma=0.000000 train_acc=0.6522 val_loss=1.1964 val_acc=0.3114 time=71.4s
16:37:02 | INFO |     log_alpha: min=-0.14 median=1.14 max=2.64 std=0.31 frac_prunable=0.000 frac_saturated=0.000
16:38:13 | INFO | [bayesian_train] epoch 66/75 train_task_loss=1.0616 train_kl=367.30 beta=0.01000 train_cost=4397768531.06 gamma=0.000000 train_acc=0.6510 val_loss=1.2081 val_acc=0.3042 time=71.1s
16:38:13 | INFO |     log_alpha: min=-0.13 median=1.14 max=2.65 std=0.31 frac_prunable=0.000 frac_saturated=0.000
16:38:13 | INFO |     gate pressure conv_layers.0: |d task/d log_alpha|=4.115e-03 beta*|d KL/d log_alpha|=1.491e-03 ratio=2.759
16:38:13 | INFO |     gate pressure conv_layers.1: |d task/d log_alpha|=5.968e-03 beta*|d KL/d log_alpha|=2.140e-03 ratio=2.789
16:38:13 | INFO |     gate pressure conv_layers.2: |d task/d log_alpha|=4.436e-03 beta*|d KL/d log_alpha|=1.653e-03 ratio=2.684
16:38:13 | INFO |     gate pressure conv_layers.3: |d task/d log_alpha|=5.964e-03 beta*|d KL/d log_alpha|=1.818e-03 ratio=3.281
16:38:13 | INFO |     gate pressure conv_layers.4: |d task/d log_alpha|=4.932e-03 beta*|d KL/d log_alpha|=1.487e-03 ratio=3.316
16:38:13 | INFO |     gate pressure conv_layers.5: |d task/d log_alpha|=5.097e-03 beta*|d KL/d log_alpha|=1.408e-03 ratio=3.619
16:38:13 | INFO |     gate pressure fc_layers.0: |d task/d log_alpha|=2.803e-03 beta*|d KL/d log_alpha|=1.137e-03 ratio=2.466
16:39:24 | INFO | [bayesian_train] epoch 67/75 train_task_loss=1.0516 train_kl=366.76 beta=0.01000 train_cost=4396969341.72 gamma=0.000000 train_acc=0.6562 val_loss=1.1988 val_acc=0.3190 time=71.2s
16:39:24 | INFO |     log_alpha: min=-0.13 median=1.14 max=2.65 std=0.31 frac_prunable=0.000 frac_saturated=0.000
16:40:36 | INFO | [bayesian_train] epoch 68/75 train_task_loss=1.0627 train_kl=366.33 beta=0.01000 train_cost=4396327231.15 gamma=0.000000 train_acc=0.6522 val_loss=1.2045 val_acc=0.3136 time=71.7s
16:40:36 | INFO |     log_alpha: min=-0.13 median=1.14 max=2.65 std=0.31 frac_prunable=0.000 frac_saturated=0.000
16:41:48 | INFO | [bayesian_train] epoch 69/75 train_task_loss=1.0617 train_kl=365.99 beta=0.01000 train_cost=4395819315.20 gamma=0.000000 train_acc=0.6520 val_loss=1.2062 val_acc=0.3000 time=72.2s
16:41:48 | INFO |     log_alpha: min=-0.13 median=1.15 max=2.65 std=0.31 frac_prunable=0.000 frac_saturated=0.000
16:43:00 | INFO | [bayesian_train] epoch 70/75 train_task_loss=1.0577 train_kl=365.74 beta=0.01000 train_cost=4395439377.07 gamma=0.000000 train_acc=0.6544 val_loss=1.1961 val_acc=0.3108 time=72.2s
16:43:00 | INFO |     log_alpha: min=-0.13 median=1.15 max=2.66 std=0.31 frac_prunable=0.000 frac_saturated=0.000
16:44:12 | INFO | [bayesian_train] epoch 71/75 train_task_loss=1.0614 train_kl=365.56 beta=0.01000 train_cost=4395162228.05 gamma=0.000000 train_acc=0.6509 val_loss=1.2055 val_acc=0.3092 time=71.4s
16:44:12 | INFO |     log_alpha: min=-0.13 median=1.15 max=2.66 std=0.31 frac_prunable=0.000 frac_saturated=0.000
16:44:12 | INFO |     gate pressure conv_layers.0: |d task/d log_alpha|=4.498e-03 beta*|d KL/d log_alpha|=1.486e-03 ratio=3.028
16:44:12 | INFO |     gate pressure conv_layers.1: |d task/d log_alpha|=6.733e-03 beta*|d KL/d log_alpha|=2.133e-03 ratio=3.157
16:44:12 | INFO |     gate pressure conv_layers.2: |d task/d log_alpha|=4.566e-03 beta*|d KL/d log_alpha|=1.646e-03 ratio=2.773
16:44:12 | INFO |     gate pressure conv_layers.3: |d task/d log_alpha|=5.975e-03 beta*|d KL/d log_alpha|=1.811e-03 ratio=3.299
16:44:12 | INFO |     gate pressure conv_layers.4: |d task/d log_alpha|=4.484e-03 beta*|d KL/d log_alpha|=1.481e-03 ratio=3.027
16:44:12 | INFO |     gate pressure conv_layers.5: |d task/d log_alpha|=5.219e-03 beta*|d KL/d log_alpha|=1.404e-03 ratio=3.718
16:44:12 | INFO |     gate pressure fc_layers.0: |d task/d log_alpha|=2.526e-03 beta*|d KL/d log_alpha|=1.132e-03 ratio=2.232
16:45:24 | INFO | [bayesian_train] epoch 72/75 train_task_loss=1.0538 train_kl=365.43 beta=0.01000 train_cost=4394978388.76 gamma=0.000000 train_acc=0.6540 val_loss=1.1997 val_acc=0.3144 time=71.9s
16:45:24 | INFO |     log_alpha: min=-0.13 median=1.15 max=2.66 std=0.31 frac_prunable=0.000 frac_saturated=0.000
16:46:35 | INFO | [bayesian_train] epoch 73/75 train_task_loss=1.0572 train_kl=365.36 beta=0.01000 train_cost=4394866773.90 gamma=0.000000 train_acc=0.6544 val_loss=1.1990 val_acc=0.3170 time=71.8s
16:46:35 | INFO |     log_alpha: min=-0.13 median=1.15 max=2.66 std=0.31 frac_prunable=0.000 frac_saturated=0.000
16:47:47 | INFO | [bayesian_train] epoch 74/75 train_task_loss=1.0593 train_kl=365.32 beta=0.01000 train_cost=4394808791.61 gamma=0.000000 train_acc=0.6533 val_loss=1.2013 val_acc=0.3098 time=71.4s
16:47:47 | INFO |     log_alpha: min=-0.13 median=1.15 max=2.66 std=0.31 frac_prunable=0.000 frac_saturated=0.000
16:48:59 | INFO | [bayesian_train] epoch 75/75 train_task_loss=1.0547 train_kl=365.31 beta=0.01000 train_cost=4394788491.38 gamma=0.000000 train_acc=0.6527 val_loss=1.2072 val_acc=0.3022 time=71.9s
16:48:59 | INFO |     log_alpha: min=-0.13 median=1.15 max=2.66 std=0.31 frac_prunable=0.000 frac_saturated=0.000

Gate ranking: USABLE (log_alpha std 0.308, 0.0% saturated)
16:49:00 | INFO | Gate ranking after training: USABLE -- log_alpha std 0.308, 0.0% saturated
16:49:00 | INFO |   conv_layers.0: median_log_alpha=1.21 std=0.32 frac_saturated=0.000 structurally_prunable=True
16:49:00 | INFO |   conv_layers.1: median_log_alpha=0.73 std=0.20 frac_saturated=0.000 structurally_prunable=True
16:49:00 | INFO |   conv_layers.2: median_log_alpha=1.05 std=0.19 frac_saturated=0.000 structurally_prunable=True
16:49:00 | INFO |   conv_layers.3: median_log_alpha=0.92 std=0.14 frac_saturated=0.000 structurally_prunable=True
16:49:00 | INFO |   conv_layers.4: median_log_alpha=1.13 std=0.13 frac_saturated=0.000 structurally_prunable=True
16:49:00 | INFO |   conv_layers.5: median_log_alpha=1.19 std=0.10 frac_saturated=0.000 structurally_prunable=True
16:49:00 | INFO |   fc_layers.0: median_log_alpha=1.49 std=0.37 frac_saturated=0.000 structurally_prunable=True

--- point 1/5: 20% of parameters pruned ---
16:49:02 | INFO | [target20] uniform_ratio(keep_fraction=0.8945 -> 19.98% of parameters pruned (target 20%))
16:50:08 | INFO | [finetune] epoch 1/30 train_task_loss=0.6305 train_kl=0.00 beta=0.00000 train_cost=0.00 gamma=0.000000 train_acc=0.8032 val_loss=0.1946 val_acc=0.9358 time=65.5s
16:51:06 | INFO | [finetune] epoch 2/30 train_task_loss=0.3934 train_kl=0.00 beta=0.00000 train_cost=0.00 gamma=0.000000 train_acc=0.8764 val_loss=0.1384 val_acc=0.9562 time=58.4s
16:52:05 | INFO | [finetune] epoch 3/30 train_task_loss=0.3379 train_kl=0.00 beta=0.00000 train_cost=0.00 gamma=0.000000 train_acc=0.8897 val_loss=0.1142 val_acc=0.9632 time=58.9s
16:53:04 | INFO | [finetune] epoch 4/30 train_task_loss=0.2989 train_kl=0.00 beta=0.00000 train_cost=0.00 gamma=0.000000 train_acc=0.9018 val_loss=0.1101 val_acc=0.9652 time=58.5s
16:54:03 | INFO | [finetune] epoch 5/30 train_task_loss=0.2787 train_kl=0.00 beta=0.00000 train_cost=0.00 gamma=0.000000 train_acc=0.9074 val_loss=0.0922 val_acc=0.9690 time=58.8s
16:55:01 | INFO | [finetune] epoch 6/30 train_task_loss=0.2661 train_kl=0.00 beta=0.00000 train_cost=0.00 gamma=0.000000 train_acc=0.9118 val_loss=0.1009 val_acc=0.9634 time=58.4s
16:56:00 | INFO | [finetune] epoch 7/30 train_task_loss=0.2558 train_kl=0.00 beta=0.00000 train_cost=0.00 gamma=0.000000 train_acc=0.9157 val_loss=0.0901 val_acc=0.9726 time=58.9s
16:56:58 | INFO | [finetune] epoch 8/30 train_task_loss=0.2480 train_kl=0.00 beta=0.00000 train_cost=0.00 gamma=0.000000 train_acc=0.9191 val_loss=0.0947 val_acc=0.9682 time=58.6s
16:57:57 | INFO | [finetune] epoch 9/30 train_task_loss=0.2366 train_kl=0.00 beta=0.00000 train_cost=0.00 gamma=0.000000 train_acc=0.9214 val_loss=0.0896 val_acc=0.9710 time=58.2s
16:58:55 | INFO | [finetune] epoch 10/30 train_task_loss=0.2268 train_kl=0.00 beta=0.00000 train_cost=0.00 gamma=0.000000 train_acc=0.9248 val_loss=0.0887 val_acc=0.9700 time=58.6s
16:59:54 | INFO | [finetune] epoch 11/30 train_task_loss=0.2218 train_kl=0.00 beta=0.00000 train_cost=0.00 gamma=0.000000 train_acc=0.9259 val_loss=0.0956 val_acc=0.9668 time=58.4s
17:00:52 | INFO | [finetune] epoch 12/30 train_task_loss=0.2167 train_kl=0.00 beta=0.00000 train_cost=0.00 gamma=0.000000 train_acc=0.9286 val_loss=0.0755 val_acc=0.9740 time=58.3s
17:01:51 | INFO | [finetune] epoch 13/30 train_task_loss=0.2081 train_kl=0.00 beta=0.00000 train_cost=0.00 gamma=0.000000 train_acc=0.9305 val_loss=0.0848 val_acc=0.9752 time=58.6s
17:02:49 | INFO | [finetune] epoch 14/30 train_task_loss=0.2014 train_kl=0.00 beta=0.00000 train_cost=0.00 gamma=0.000000 train_acc=0.9338 val_loss=0.0799 val_acc=0.9720 time=58.5s
17:03:48 | INFO | [finetune] epoch 15/30 train_task_loss=0.1941 train_kl=0.00 beta=0.00000 train_cost=0.00 gamma=0.000000 train_acc=0.9358 val_loss=0.0758 val_acc=0.9750 time=59.0s
17:04:47 | INFO | [finetune] epoch 16/30 train_task_loss=0.1836 train_kl=0.00 beta=0.00000 train_cost=0.00 gamma=0.000000 train_acc=0.9390 val_loss=0.0746 val_acc=0.9748 time=58.8s
17:05:46 | INFO | [finetune] epoch 17/30 train_task_loss=0.1799 train_kl=0.00 beta=0.00000 train_cost=0.00 gamma=0.000000 train_acc=0.9410 val_loss=0.0723 val_acc=0.9790 time=58.8s
17:06:44 | INFO | [finetune] epoch 18/30 train_task_loss=0.1783 train_kl=0.00 beta=0.00000 train_cost=0.00 gamma=0.000000 train_acc=0.9422 val_loss=0.0752 val_acc=0.9772 time=58.6s
17:07:43 | INFO | [finetune] epoch 19/30 train_task_loss=0.1650 train_kl=0.00 beta=0.00000 train_cost=0.00 gamma=0.000000 train_acc=0.9447 val_loss=0.0578 val_acc=0.9810 time=58.9s
17:08:42 | INFO | [finetune] epoch 20/30 train_task_loss=0.1602 train_kl=0.00 beta=0.00000 train_cost=0.00 gamma=0.000000 train_acc=0.9467 val_loss=0.0589 val_acc=0.9812 time=58.6s
17:09:40 | INFO | [finetune] epoch 21/30 train_task_loss=0.1569 train_kl=0.00 beta=0.00000 train_cost=0.00 gamma=0.000000 train_acc=0.9481 val_loss=0.0599 val_acc=0.9808 time=58.4s
17:10:39 | INFO | [finetune] epoch 22/30 train_task_loss=0.1538 train_kl=0.00 beta=0.00000 train_cost=0.00 gamma=0.000000 train_acc=0.9490 val_loss=0.0610 val_acc=0.9810 time=58.6s
17:11:38 | INFO | [finetune] epoch 23/30 train_task_loss=0.1526 train_kl=0.00 beta=0.00000 train_cost=0.00 gamma=0.000000 train_acc=0.9501 val_loss=0.0512 val_acc=0.9848 time=58.7s
17:12:36 | INFO | [finetune] epoch 24/30 train_task_loss=0.1445 train_kl=0.00 beta=0.00000 train_cost=0.00 gamma=0.000000 train_acc=0.9530 val_loss=0.0477 val_acc=0.9858 time=58.5s
17:13:35 | INFO | [finetune] epoch 25/30 train_task_loss=0.1440 train_kl=0.00 beta=0.00000 train_cost=0.00 gamma=0.000000 train_acc=0.9528 val_loss=0.0548 val_acc=0.9838 time=58.7s
17:14:33 | INFO | [finetune] epoch 26/30 train_task_loss=0.1394 train_kl=0.00 beta=0.00000 train_cost=0.00 gamma=0.000000 train_acc=0.9533 val_loss=0.0489 val_acc=0.9848 time=58.2s
17:15:32 | INFO | [finetune] epoch 27/30 train_task_loss=0.1372 train_kl=0.00 beta=0.00000 train_cost=0.00 gamma=0.000000 train_acc=0.9552 val_loss=0.0517 val_acc=0.9842 time=59.1s
17:16:31 | INFO | [finetune] epoch 28/30 train_task_loss=0.1384 train_kl=0.00 beta=0.00000 train_cost=0.00 gamma=0.000000 train_acc=0.9540 val_loss=0.0513 val_acc=0.9850 time=58.4s
17:17:29 | INFO | [finetune] epoch 29/30 train_task_loss=0.1335 train_kl=0.00 beta=0.00000 train_cost=0.00 gamma=0.000000 train_acc=0.9567 val_loss=0.0478 val_acc=0.9852 time=58.5s
17:18:28 | INFO | [finetune] epoch 30/30 train_task_loss=0.1328 train_kl=0.00 beta=0.00000 train_cost=0.00 gamma=0.000000 train_acc=0.9565 val_loss=0.0475 val_acc=0.9866 time=58.9s
17:18:39 | INFO | [target20] test accuracy 0.9328

--- point 2/5: 33.46% of parameters pruned ---
17:18:40 | INFO | [target33.46] uniform_ratio(keep_fraction=0.8164 -> 33.35% of parameters pruned (target 33.46%))
17:19:34 | INFO | [finetune] epoch 1/30 train_task_loss=0.6176 train_kl=0.00 beta=0.00000 train_cost=0.00 gamma=0.000000 train_acc=0.8045 val_loss=0.2136 val_acc=0.9300 time=54.0s
17:20:27 | INFO | [finetune] epoch 2/30 train_task_loss=0.4055 train_kl=0.00 beta=0.00000 train_cost=0.00 gamma=0.000000 train_acc=0.8704 val_loss=0.1484 val_acc=0.9492 time=53.7s
17:21:21 | INFO | [finetune] epoch 3/30 train_task_loss=0.3432 train_kl=0.00 beta=0.00000 train_cost=0.00 gamma=0.000000 train_acc=0.8869 val_loss=0.1288 val_acc=0.9542 time=53.9s
17:22:15 | INFO | [finetune] epoch 4/30 train_task_loss=0.3129 train_kl=0.00 beta=0.00000 train_cost=0.00 gamma=0.000000 train_acc=0.8960 val_loss=0.1098 val_acc=0.9638 time=54.0s
17:23:09 | INFO | [finetune] epoch 5/30 train_task_loss=0.2950 train_kl=0.00 beta=0.00000 train_cost=0.00 gamma=0.000000 train_acc=0.9025 val_loss=0.0994 val_acc=0.9660 time=54.0s
17:24:03 | INFO | [finetune] epoch 6/30 train_task_loss=0.2841 train_kl=0.00 beta=0.00000 train_cost=0.00 gamma=0.000000 train_acc=0.9040 val_loss=0.1141 val_acc=0.9624 time=54.1s
17:24:57 | INFO | [finetune] epoch 7/30 train_task_loss=0.2695 train_kl=0.00 beta=0.00000 train_cost=0.00 gamma=0.000000 train_acc=0.9105 val_loss=0.0970 val_acc=0.9680 time=54.0s
17:25:51 | INFO | [finetune] epoch 8/30 train_task_loss=0.2564 train_kl=0.00 beta=0.00000 train_cost=0.00 gamma=0.000000 train_acc=0.9148 val_loss=0.1056 val_acc=0.9626 time=53.7s
17:26:45 | INFO | [finetune] epoch 9/30 train_task_loss=0.2542 train_kl=0.00 beta=0.00000 train_cost=0.00 gamma=0.000000 train_acc=0.9155 val_loss=0.0994 val_acc=0.9644 time=54.2s
17:27:39 | INFO | [finetune] epoch 10/30 train_task_loss=0.2335 train_kl=0.00 beta=0.00000 train_cost=0.00 gamma=0.000000 train_acc=0.9217 val_loss=0.0977 val_acc=0.9636 time=54.0s
17:28:33 | INFO | [finetune] epoch 11/30 train_task_loss=0.2366 train_kl=0.00 beta=0.00000 train_cost=0.00 gamma=0.000000 train_acc=0.9213 val_loss=0.0961 val_acc=0.9690 time=54.1s
17:29:37 | INFO | [finetune] epoch 12/30 train_task_loss=0.2293 train_kl=0.00 beta=0.00000 train_cost=0.00 gamma=0.000000 train_acc=0.9232 val_loss=0.0951 val_acc=0.9678 time=63.5s
17:30:31 | INFO | [finetune] epoch 13/30 train_task_loss=0.2221 train_kl=0.00 beta=0.00000 train_cost=0.00 gamma=0.000000 train_acc=0.9267 val_loss=0.0934 val_acc=0.9692 time=54.3s
17:31:25 | INFO | [finetune] epoch 14/30 train_task_loss=0.2075 train_kl=0.00 beta=0.00000 train_cost=0.00 gamma=0.000000 train_acc=0.9300 val_loss=0.0973 val_acc=0.9668 time=54.0s
17:32:20 | INFO | [finetune] epoch 15/30 train_task_loss=0.2012 train_kl=0.00 beta=0.00000 train_cost=0.00 gamma=0.000000 train_acc=0.9322 val_loss=0.0914 val_acc=0.9696 time=54.6s
17:33:14 | INFO | [finetune] epoch 16/30 train_task_loss=0.2070 train_kl=0.00 beta=0.00000 train_cost=0.00 gamma=0.000000 train_acc=0.9310 val_loss=0.0882 val_acc=0.9722 time=54.0s
17:34:08 | INFO | [finetune] epoch 17/30 train_task_loss=0.1842 train_kl=0.00 beta=0.00000 train_cost=0.00 gamma=0.000000 train_acc=0.9390 val_loss=0.0835 val_acc=0.9754 time=54.3s
17:35:02 | INFO | [finetune] epoch 18/30 train_task_loss=0.1866 train_kl=0.00 beta=0.00000 train_cost=0.00 gamma=0.000000 train_acc=0.9384 val_loss=0.0723 val_acc=0.9772 time=53.7s
17:35:56 | INFO | [finetune] epoch 19/30 train_task_loss=0.1791 train_kl=0.00 beta=0.00000 train_cost=0.00 gamma=0.000000 train_acc=0.9401 val_loss=0.0765 val_acc=0.9752 time=53.9s
17:36:50 | INFO | [finetune] epoch 20/30 train_task_loss=0.1728 train_kl=0.00 beta=0.00000 train_cost=0.00 gamma=0.000000 train_acc=0.9425 val_loss=0.0774 val_acc=0.9764 time=54.1s
17:37:44 | INFO | [finetune] epoch 21/30 train_task_loss=0.1657 train_kl=0.00 beta=0.00000 train_cost=0.00 gamma=0.000000 train_acc=0.9451 val_loss=0.0705 val_acc=0.9770 time=54.1s
17:38:38 | INFO | [finetune] epoch 22/30 train_task_loss=0.1701 train_kl=0.00 beta=0.00000 train_cost=0.00 gamma=0.000000 train_acc=0.9441 val_loss=0.0697 val_acc=0.9774 time=54.1s
17:39:32 | INFO | [finetune] epoch 23/30 train_task_loss=0.1614 train_kl=0.00 beta=0.00000 train_cost=0.00 gamma=0.000000 train_acc=0.9474 val_loss=0.0677 val_acc=0.9792 time=54.0s
17:40:28 | INFO | [finetune] epoch 24/30 train_task_loss=0.1537 train_kl=0.00 beta=0.00000 train_cost=0.00 gamma=0.000000 train_acc=0.9487 val_loss=0.0684 val_acc=0.9798 time=55.9s
17:41:22 | INFO | [finetune] epoch 25/30 train_task_loss=0.1509 train_kl=0.00 beta=0.00000 train_cost=0.00 gamma=0.000000 train_acc=0.9517 val_loss=0.0679 val_acc=0.9776 time=54.1s
17:42:16 | INFO | [finetune] epoch 26/30 train_task_loss=0.1509 train_kl=0.00 beta=0.00000 train_cost=0.00 gamma=0.000000 train_acc=0.9511 val_loss=0.0605 val_acc=0.9812 time=54.3s
17:43:10 | INFO | [finetune] epoch 27/30 train_task_loss=0.1512 train_kl=0.00 beta=0.00000 train_cost=0.00 gamma=0.000000 train_acc=0.9499 val_loss=0.0590 val_acc=0.9818 time=53.8s
17:44:04 | INFO | [finetune] epoch 28/30 train_task_loss=0.1541 train_kl=0.00 beta=0.00000 train_cost=0.00 gamma=0.000000 train_acc=0.9487 val_loss=0.0640 val_acc=0.9820 time=53.6s
17:44:58 | INFO | [finetune] epoch 29/30 train_task_loss=0.1485 train_kl=0.00 beta=0.00000 train_cost=0.00 gamma=0.000000 train_acc=0.9514 val_loss=0.0606 val_acc=0.9808 time=54.0s
17:45:52 | INFO | [finetune] epoch 30/30 train_task_loss=0.1446 train_kl=0.00 beta=0.00000 train_cost=0.00 gamma=0.000000 train_acc=0.9517 val_loss=0.0694 val_acc=0.9800 time=54.0s
17:46:01 | INFO | [target33.46] test accuracy 0.9338

--- point 3/5: 50.8% of parameters pruned ---
17:46:02 | INFO | [target50.8] uniform_ratio(keep_fraction=0.7012 -> 50.80% of parameters pruned (target 50.8%))
17:46:56 | INFO | [finetune] epoch 1/30 train_task_loss=0.6493 train_kl=0.00 beta=0.00000 train_cost=0.00 gamma=0.000000 train_acc=0.7944 val_loss=0.2347 val_acc=0.9232 time=53.8s
17:47:47 | INFO | [finetune] epoch 2/30 train_task_loss=0.4334 train_kl=0.00 beta=0.00000 train_cost=0.00 gamma=0.000000 train_acc=0.8599 val_loss=0.1864 val_acc=0.9326 time=50.5s
17:48:38 | INFO | [finetune] epoch 3/30 train_task_loss=0.3731 train_kl=0.00 beta=0.00000 train_cost=0.00 gamma=0.000000 train_acc=0.8762 val_loss=0.1566 val_acc=0.9450 time=51.0s
17:49:28 | INFO | [finetune] epoch 4/30 train_task_loss=0.3569 train_kl=0.00 beta=0.00000 train_cost=0.00 gamma=0.000000 train_acc=0.8809 val_loss=0.1467 val_acc=0.9492 time=50.7s
17:50:19 | INFO | [finetune] epoch 5/30 train_task_loss=0.3262 train_kl=0.00 beta=0.00000 train_cost=0.00 gamma=0.000000 train_acc=0.8902 val_loss=0.1312 val_acc=0.9556 time=50.6s
17:51:10 | INFO | [finetune] epoch 6/30 train_task_loss=0.3122 train_kl=0.00 beta=0.00000 train_cost=0.00 gamma=0.000000 train_acc=0.8966 val_loss=0.1343 val_acc=0.9542 time=50.6s
17:52:01 | INFO | [finetune] epoch 7/30 train_task_loss=0.3023 train_kl=0.00 beta=0.00000 train_cost=0.00 gamma=0.000000 train_acc=0.8997 val_loss=0.1405 val_acc=0.9504 time=50.7s
17:52:52 | INFO | [finetune] epoch 8/30 train_task_loss=0.2920 train_kl=0.00 beta=0.00000 train_cost=0.00 gamma=0.000000 train_acc=0.9013 val_loss=0.1237 val_acc=0.9592 time=51.1s
17:53:43 | INFO | [finetune] epoch 9/30 train_task_loss=0.2822 train_kl=0.00 beta=0.00000 train_cost=0.00 gamma=0.000000 train_acc=0.9062 val_loss=0.1154 val_acc=0.9610 time=51.0s
17:54:34 | INFO | [finetune] epoch 10/30 train_task_loss=0.2733 train_kl=0.00 beta=0.00000 train_cost=0.00 gamma=0.000000 train_acc=0.9070 val_loss=0.1211 val_acc=0.9592 time=51.2s
17:55:26 | INFO | [finetune] epoch 11/30 train_task_loss=0.2607 train_kl=0.00 beta=0.00000 train_cost=0.00 gamma=0.000000 train_acc=0.9127 val_loss=0.1053 val_acc=0.9648 time=51.8s
17:56:16 | INFO | [finetune] epoch 12/30 train_task_loss=0.2507 train_kl=0.00 beta=0.00000 train_cost=0.00 gamma=0.000000 train_acc=0.9175 val_loss=0.1122 val_acc=0.9622 time=50.7s
17:57:08 | INFO | [finetune] epoch 13/30 train_task_loss=0.2408 train_kl=0.00 beta=0.00000 train_cost=0.00 gamma=0.000000 train_acc=0.9195 val_loss=0.1108 val_acc=0.9632 time=51.3s
17:57:59 | INFO | [finetune] epoch 14/30 train_task_loss=0.2330 train_kl=0.00 beta=0.00000 train_cost=0.00 gamma=0.000000 train_acc=0.9242 val_loss=0.1042 val_acc=0.9634 time=51.0s
17:58:50 | INFO | [finetune] epoch 15/30 train_task_loss=0.2324 train_kl=0.00 beta=0.00000 train_cost=0.00 gamma=0.000000 train_acc=0.9235 val_loss=0.1086 val_acc=0.9656 time=51.2s
17:59:41 | INFO | [finetune] epoch 16/30 train_task_loss=0.2241 train_kl=0.00 beta=0.00000 train_cost=0.00 gamma=0.000000 train_acc=0.9244 val_loss=0.0951 val_acc=0.9698 time=51.1s
18:00:32 | INFO | [finetune] epoch 17/30 train_task_loss=0.2190 train_kl=0.00 beta=0.00000 train_cost=0.00 gamma=0.000000 train_acc=0.9264 val_loss=0.1003 val_acc=0.9678 time=50.8s
18:01:23 | INFO | [finetune] epoch 18/30 train_task_loss=0.2131 train_kl=0.00 beta=0.00000 train_cost=0.00 gamma=0.000000 train_acc=0.9301 val_loss=0.0939 val_acc=0.9702 time=50.8s
18:02:14 | INFO | [finetune] epoch 19/30 train_task_loss=0.2057 train_kl=0.00 beta=0.00000 train_cost=0.00 gamma=0.000000 train_acc=0.9320 val_loss=0.0977 val_acc=0.9706 time=51.5s
18:03:05 | INFO | [finetune] epoch 20/30 train_task_loss=0.2048 train_kl=0.00 beta=0.00000 train_cost=0.00 gamma=0.000000 train_acc=0.9329 val_loss=0.0829 val_acc=0.9734 time=50.5s
18:03:56 | INFO | [finetune] epoch 21/30 train_task_loss=0.1935 train_kl=0.00 beta=0.00000 train_cost=0.00 gamma=0.000000 train_acc=0.9366 val_loss=0.0845 val_acc=0.9714 time=51.3s
18:04:47 | INFO | [finetune] epoch 22/30 train_task_loss=0.1887 train_kl=0.00 beta=0.00000 train_cost=0.00 gamma=0.000000 train_acc=0.9364 val_loss=0.0903 val_acc=0.9712 time=51.3s
18:05:38 | INFO | [finetune] epoch 23/30 train_task_loss=0.1881 train_kl=0.00 beta=0.00000 train_cost=0.00 gamma=0.000000 train_acc=0.9379 val_loss=0.0797 val_acc=0.9734 time=51.4s
18:06:29 | INFO | [finetune] epoch 24/30 train_task_loss=0.1826 train_kl=0.00 beta=0.00000 train_cost=0.00 gamma=0.000000 train_acc=0.9397 val_loss=0.0782 val_acc=0.9764 time=50.4s
18:07:20 | INFO | [finetune] epoch 25/30 train_task_loss=0.1796 train_kl=0.00 beta=0.00000 train_cost=0.00 gamma=0.000000 train_acc=0.9401 val_loss=0.0769 val_acc=0.9770 time=51.3s
18:08:12 | INFO | [finetune] epoch 26/30 train_task_loss=0.1784 train_kl=0.00 beta=0.00000 train_cost=0.00 gamma=0.000000 train_acc=0.9412 val_loss=0.0780 val_acc=0.9730 time=51.5s
18:09:03 | INFO | [finetune] epoch 27/30 train_task_loss=0.1747 train_kl=0.00 beta=0.00000 train_cost=0.00 gamma=0.000000 train_acc=0.9427 val_loss=0.0753 val_acc=0.9764 time=51.2s
18:09:55 | INFO | [finetune] epoch 28/30 train_task_loss=0.1721 train_kl=0.00 beta=0.00000 train_cost=0.00 gamma=0.000000 train_acc=0.9427 val_loss=0.0727 val_acc=0.9756 time=51.5s
18:10:46 | INFO | [finetune] epoch 29/30 train_task_loss=0.1697 train_kl=0.00 beta=0.00000 train_cost=0.00 gamma=0.000000 train_acc=0.9430 val_loss=0.0744 val_acc=0.9750 time=51.3s
18:11:37 | INFO | [finetune] epoch 30/30 train_task_loss=0.1702 train_kl=0.00 beta=0.00000 train_cost=0.00 gamma=0.000000 train_acc=0.9443 val_loss=0.0752 val_acc=0.9754 time=51.4s
18:11:50 | INFO | [target50.8] test accuracy 0.9334

--- point 4/5: 70% of parameters pruned ---
18:11:51 | INFO | [target70] uniform_ratio(keep_fraction=0.5469 -> 70.08% of parameters pruned (target 70%))
18:12:44 | INFO | [finetune] epoch 1/30 train_task_loss=0.7691 train_kl=0.00 beta=0.00000 train_cost=0.00 gamma=0.000000 train_acc=0.7751 val_loss=0.3337 val_acc=0.8884 time=53.0s
18:13:35 | INFO | [finetune] epoch 2/30 train_task_loss=0.5439 train_kl=0.00 beta=0.00000 train_cost=0.00 gamma=0.000000 train_acc=0.8243 val_loss=0.2472 val_acc=0.9118 time=51.1s
18:14:26 | INFO | [finetune] epoch 3/30 train_task_loss=0.4708 train_kl=0.00 beta=0.00000 train_cost=0.00 gamma=0.000000 train_acc=0.8429 val_loss=0.2278 val_acc=0.9162 time=51.1s
18:15:17 | INFO | [finetune] epoch 4/30 train_task_loss=0.4328 train_kl=0.00 beta=0.00000 train_cost=0.00 gamma=0.000000 train_acc=0.8547 val_loss=0.2155 val_acc=0.9280 time=50.7s
18:16:08 | INFO | [finetune] epoch 5/30 train_task_loss=0.4082 train_kl=0.00 beta=0.00000 train_cost=0.00 gamma=0.000000 train_acc=0.8644 val_loss=0.1967 val_acc=0.9320 time=51.0s
18:16:59 | INFO | [finetune] epoch 6/30 train_task_loss=0.4002 train_kl=0.00 beta=0.00000 train_cost=0.00 gamma=0.000000 train_acc=0.8656 val_loss=0.1879 val_acc=0.9370 time=50.6s
18:17:49 | INFO | [finetune] epoch 7/30 train_task_loss=0.3720 train_kl=0.00 beta=0.00000 train_cost=0.00 gamma=0.000000 train_acc=0.8751 val_loss=0.1895 val_acc=0.9364 time=51.0s
18:18:40 | INFO | [finetune] epoch 8/30 train_task_loss=0.3552 train_kl=0.00 beta=0.00000 train_cost=0.00 gamma=0.000000 train_acc=0.8812 val_loss=0.1740 val_acc=0.9414 time=50.5s
18:19:31 | INFO | [finetune] epoch 9/30 train_task_loss=0.3489 train_kl=0.00 beta=0.00000 train_cost=0.00 gamma=0.000000 train_acc=0.8828 val_loss=0.1555 val_acc=0.9480 time=50.9s
18:20:22 | INFO | [finetune] epoch 10/30 train_task_loss=0.3406 train_kl=0.00 beta=0.00000 train_cost=0.00 gamma=0.000000 train_acc=0.8852 val_loss=0.1648 val_acc=0.9454 time=50.7s
18:21:13 | INFO | [finetune] epoch 11/30 train_task_loss=0.3235 train_kl=0.00 beta=0.00000 train_cost=0.00 gamma=0.000000 train_acc=0.8924 val_loss=0.1528 val_acc=0.9464 time=51.8s
18:22:04 | INFO | [finetune] epoch 12/30 train_task_loss=0.3263 train_kl=0.00 beta=0.00000 train_cost=0.00 gamma=0.000000 train_acc=0.8910 val_loss=0.1583 val_acc=0.9480 time=50.9s
18:22:56 | INFO | [finetune] epoch 13/30 train_task_loss=0.3164 train_kl=0.00 beta=0.00000 train_cost=0.00 gamma=0.000000 train_acc=0.8941 val_loss=0.1595 val_acc=0.9474 time=51.2s
18:23:47 | INFO | [finetune] epoch 14/30 train_task_loss=0.3044 train_kl=0.00 beta=0.00000 train_cost=0.00 gamma=0.000000 train_acc=0.8973 val_loss=0.1484 val_acc=0.9492 time=51.3s
18:24:38 | INFO | [finetune] epoch 15/30 train_task_loss=0.2942 train_kl=0.00 beta=0.00000 train_cost=0.00 gamma=0.000000 train_acc=0.9015 val_loss=0.1417 val_acc=0.9512 time=51.2s
18:25:30 | INFO | [finetune] epoch 16/30 train_task_loss=0.2846 train_kl=0.00 beta=0.00000 train_cost=0.00 gamma=0.000000 train_acc=0.9047 val_loss=0.1334 val_acc=0.9510 time=52.2s
18:26:21 | INFO | [finetune] epoch 17/30 train_task_loss=0.2785 train_kl=0.00 beta=0.00000 train_cost=0.00 gamma=0.000000 train_acc=0.9054 val_loss=0.1284 val_acc=0.9572 time=51.2s
18:27:15 | INFO | [finetune] epoch 18/30 train_task_loss=0.2727 train_kl=0.00 beta=0.00000 train_cost=0.00 gamma=0.000000 train_acc=0.9082 val_loss=0.1330 val_acc=0.9560 time=54.0s
18:28:07 | INFO | [finetune] epoch 19/30 train_task_loss=0.2626 train_kl=0.00 beta=0.00000 train_cost=0.00 gamma=0.000000 train_acc=0.9118 val_loss=0.1384 val_acc=0.9542 time=51.9s
18:28:58 | INFO | [finetune] epoch 20/30 train_task_loss=0.2602 train_kl=0.00 beta=0.00000 train_cost=0.00 gamma=0.000000 train_acc=0.9131 val_loss=0.1274 val_acc=0.9578 time=50.7s
18:29:54 | INFO | [finetune] epoch 21/30 train_task_loss=0.2505 train_kl=0.00 beta=0.00000 train_cost=0.00 gamma=0.000000 train_acc=0.9146 val_loss=0.1292 val_acc=0.9580 time=56.2s
18:30:46 | INFO | [finetune] epoch 22/30 train_task_loss=0.2449 train_kl=0.00 beta=0.00000 train_cost=0.00 gamma=0.000000 train_acc=0.9164 val_loss=0.1187 val_acc=0.9612 time=51.2s
18:31:37 | INFO | [finetune] epoch 23/30 train_task_loss=0.2360 train_kl=0.00 beta=0.00000 train_cost=0.00 gamma=0.000000 train_acc=0.9206 val_loss=0.1219 val_acc=0.9602 time=50.9s
18:32:28 | INFO | [finetune] epoch 24/30 train_task_loss=0.2386 train_kl=0.00 beta=0.00000 train_cost=0.00 gamma=0.000000 train_acc=0.9207 val_loss=0.1258 val_acc=0.9592 time=51.4s
18:33:19 | INFO | [finetune] epoch 25/30 train_task_loss=0.2336 train_kl=0.00 beta=0.00000 train_cost=0.00 gamma=0.000000 train_acc=0.9218 val_loss=0.1157 val_acc=0.9608 time=51.0s
18:34:09 | INFO | [finetune] epoch 26/30 train_task_loss=0.2340 train_kl=0.00 beta=0.00000 train_cost=0.00 gamma=0.000000 train_acc=0.9212 val_loss=0.1175 val_acc=0.9626 time=50.4s
18:35:00 | INFO | [finetune] epoch 27/30 train_task_loss=0.2279 train_kl=0.00 beta=0.00000 train_cost=0.00 gamma=0.000000 train_acc=0.9238 val_loss=0.1202 val_acc=0.9610 time=50.8s
18:35:51 | INFO | [finetune] epoch 28/30 train_task_loss=0.2294 train_kl=0.00 beta=0.00000 train_cost=0.00 gamma=0.000000 train_acc=0.9229 val_loss=0.1163 val_acc=0.9616 time=50.6s
18:36:41 | INFO | [finetune] epoch 29/30 train_task_loss=0.2270 train_kl=0.00 beta=0.00000 train_cost=0.00 gamma=0.000000 train_acc=0.9241 val_loss=0.1134 val_acc=0.9622 time=50.3s
18:37:31 | INFO | [finetune] epoch 30/30 train_task_loss=0.2238 train_kl=0.00 beta=0.00000 train_cost=0.00 gamma=0.000000 train_acc=0.9240 val_loss=0.1149 val_acc=0.9638 time=50.4s
18:37:42 | INFO | [target70] test accuracy 0.9246

--- point 5/5: 90% of parameters pruned ---
18:37:43 | INFO | [target90] uniform_ratio(keep_fraction=0.3164 -> 89.98% of parameters pruned (target 90%))
18:38:38 | INFO | [finetune] epoch 1/30 train_task_loss=1.1287 train_kl=0.00 beta=0.00000 train_cost=0.00 gamma=0.000000 train_acc=0.6581 val_loss=0.5875 val_acc=0.8024 time=55.2s
18:39:28 | INFO | [finetune] epoch 2/30 train_task_loss=0.8134 train_kl=0.00 beta=0.00000 train_cost=0.00 gamma=0.000000 train_acc=0.7302 val_loss=0.4854 val_acc=0.8276 time=50.5s
18:40:19 | INFO | [finetune] epoch 3/30 train_task_loss=0.7299 train_kl=0.00 beta=0.00000 train_cost=0.00 gamma=0.000000 train_acc=0.7549 val_loss=0.4257 val_acc=0.8564 time=50.9s
18:41:10 | INFO | [finetune] epoch 4/30 train_task_loss=0.6756 train_kl=0.00 beta=0.00000 train_cost=0.00 gamma=0.000000 train_acc=0.7701 val_loss=0.4234 val_acc=0.8446 time=50.8s
18:42:01 | INFO | [finetune] epoch 5/30 train_task_loss=0.6468 train_kl=0.00 beta=0.00000 train_cost=0.00 gamma=0.000000 train_acc=0.7814 val_loss=0.3851 val_acc=0.8620 time=51.0s
18:42:52 | INFO | [finetune] epoch 6/30 train_task_loss=0.6097 train_kl=0.00 beta=0.00000 train_cost=0.00 gamma=0.000000 train_acc=0.7939 val_loss=0.3852 val_acc=0.8682 time=50.5s
18:43:43 | INFO | [finetune] epoch 7/30 train_task_loss=0.5941 train_kl=0.00 beta=0.00000 train_cost=0.00 gamma=0.000000 train_acc=0.7973 val_loss=0.3546 val_acc=0.8710 time=51.0s
18:44:34 | INFO | [finetune] epoch 8/30 train_task_loss=0.5715 train_kl=0.00 beta=0.00000 train_cost=0.00 gamma=0.000000 train_acc=0.8062 val_loss=0.3441 val_acc=0.8808 time=51.4s
18:45:25 | INFO | [finetune] epoch 9/30 train_task_loss=0.5504 train_kl=0.00 beta=0.00000 train_cost=0.00 gamma=0.000000 train_acc=0.8130 val_loss=0.3378 val_acc=0.8846 time=50.6s
18:46:16 | INFO | [finetune] epoch 10/30 train_task_loss=0.5388 train_kl=0.00 beta=0.00000 train_cost=0.00 gamma=0.000000 train_acc=0.8148 val_loss=0.3280 val_acc=0.8890 time=50.9s
18:47:07 | INFO | [finetune] epoch 11/30 train_task_loss=0.5284 train_kl=0.00 beta=0.00000 train_cost=0.00 gamma=0.000000 train_acc=0.8206 val_loss=0.3216 val_acc=0.8924 time=50.8s
18:47:57 | INFO | [finetune] epoch 12/30 train_task_loss=0.5208 train_kl=0.00 beta=0.00000 train_cost=0.00 gamma=0.000000 train_acc=0.8233 val_loss=0.2989 val_acc=0.8968 time=50.7s
18:48:48 | INFO | [finetune] epoch 13/30 train_task_loss=0.5049 train_kl=0.00 beta=0.00000 train_cost=0.00 gamma=0.000000 train_acc=0.8278 val_loss=0.3034 val_acc=0.8964 time=50.6s
18:49:39 | INFO | [finetune] epoch 14/30 train_task_loss=0.4903 train_kl=0.00 beta=0.00000 train_cost=0.00 gamma=0.000000 train_acc=0.8330 val_loss=0.3125 val_acc=0.8920 time=50.8s
18:50:30 | INFO | [finetune] epoch 15/30 train_task_loss=0.4936 train_kl=0.00 beta=0.00000 train_cost=0.00 gamma=0.000000 train_acc=0.8325 val_loss=0.2899 val_acc=0.9022 time=51.7s
18:51:21 | INFO | [finetune] epoch 16/30 train_task_loss=0.4751 train_kl=0.00 beta=0.00000 train_cost=0.00 gamma=0.000000 train_acc=0.8372 val_loss=0.2948 val_acc=0.8998 time=50.6s
18:52:12 | INFO | [finetune] epoch 17/30 train_task_loss=0.4725 train_kl=0.00 beta=0.00000 train_cost=0.00 gamma=0.000000 train_acc=0.8391 val_loss=0.2794 val_acc=0.8966 time=51.4s
18:53:03 | INFO | [finetune] epoch 18/30 train_task_loss=0.4589 train_kl=0.00 beta=0.00000 train_cost=0.00 gamma=0.000000 train_acc=0.8430 val_loss=0.2818 val_acc=0.8968 time=50.3s
18:53:54 | INFO | [finetune] epoch 19/30 train_task_loss=0.4564 train_kl=0.00 beta=0.00000 train_cost=0.00 gamma=0.000000 train_acc=0.8456 val_loss=0.2612 val_acc=0.9100 time=51.0s
18:54:45 | INFO | [finetune] epoch 20/30 train_task_loss=0.4459 train_kl=0.00 beta=0.00000 train_cost=0.00 gamma=0.000000 train_acc=0.8500 val_loss=0.2647 val_acc=0.9130 time=51.5s
18:55:36 | INFO | [finetune] epoch 21/30 train_task_loss=0.4466 train_kl=0.00 beta=0.00000 train_cost=0.00 gamma=0.000000 train_acc=0.8468 val_loss=0.2681 val_acc=0.9100 time=50.9s
18:56:27 | INFO | [finetune] epoch 22/30 train_task_loss=0.4383 train_kl=0.00 beta=0.00000 train_cost=0.00 gamma=0.000000 train_acc=0.8496 val_loss=0.2618 val_acc=0.9084 time=50.7s
18:57:18 | INFO | [finetune] epoch 23/30 train_task_loss=0.4400 train_kl=0.00 beta=0.00000 train_cost=0.00 gamma=0.000000 train_acc=0.8504 val_loss=0.2666 val_acc=0.9056 time=50.9s
18:58:09 | INFO | [finetune] epoch 24/30 train_task_loss=0.4365 train_kl=0.00 beta=0.00000 train_cost=0.00 gamma=0.000000 train_acc=0.8522 val_loss=0.2577 val_acc=0.9102 time=50.9s
18:59:02 | INFO | [finetune] epoch 25/30 train_task_loss=0.4265 train_kl=0.00 beta=0.00000 train_cost=0.00 gamma=0.000000 train_acc=0.8540 val_loss=0.2590 val_acc=0.9070 time=52.9s
18:59:54 | INFO | [finetune] epoch 26/30 train_task_loss=0.4314 train_kl=0.00 beta=0.00000 train_cost=0.00 gamma=0.000000 train_acc=0.8540 val_loss=0.2527 val_acc=0.9114 time=52.1s
19:00:45 | INFO | [finetune] epoch 27/30 train_task_loss=0.4219 train_kl=0.00 beta=0.00000 train_cost=0.00 gamma=0.000000 train_acc=0.8543 val_loss=0.2508 val_acc=0.9136 time=51.5s
19:01:37 | INFO | [finetune] epoch 28/30 train_task_loss=0.4220 train_kl=0.00 beta=0.00000 train_cost=0.00 gamma=0.000000 train_acc=0.8554 val_loss=0.2520 val_acc=0.9084 time=51.4s
19:02:27 | INFO | [finetune] epoch 29/30 train_task_loss=0.4206 train_kl=0.00 beta=0.00000 train_cost=0.00 gamma=0.000000 train_acc=0.8560 val_loss=0.2594 val_acc=0.9100 time=50.8s
19:03:18 | INFO | [finetune] epoch 30/30 train_task_loss=0.4216 train_kl=0.00 beta=0.00000 train_cost=0.00 gamma=0.000000 train_acc=0.8582 val_loss=0.2614 val_acc=0.9146 time=50.8s
19:03:26 | INFO | [target90] test accuracy 0.8939

============================================================
SPARSITY CURVE FINISHED
============================================================
  pruned %   accuracy   saturation    la std   usable
     19.98     0.9328        0.000     0.308      yes
     33.35     0.9338        0.000     0.308      yes
     50.80     0.9334        0.000     0.308      yes
     70.08     0.9246        0.000     0.308      yes
     89.98     0.8939        0.000     0.308      yes

Wrote ./outputs/dpap_repl/sparsity_curve_beta0.01/summary.csv
====================================================
Job finished: Mon  3 Aug 19:03:45 BST 2026
====================================================
