====================================================
Job started: Sat  1 Aug 03:17:34 BST 2026
Node: node851.csf3.man.alces.network
====================================================
----------------------------------------------------
Hardware information
----------------------------------------------------
Sat Aug  1 03:17:57 2026       
+-----------------------------------------------------------------------------------------+
| NVIDIA-SMI 595.71.05              Driver Version: 595.71.05      CUDA Version: 13.2     |
+-----------------------------------------+------------------------+----------------------+
| GPU  Name                 Persistence-M | Bus-Id          Disp.A | Volatile Uncorr. ECC |
| Fan  Temp   Perf          Pwr:Usage/Cap |           Memory-Usage | GPU-Util  Compute M. |
|                                         |                        |               MIG M. |
|=========================================+========================+======================|
|   0  NVIDIA A100-SXM4-80GB          On  |   00000000:C1:00.0 Off |                    0 |
| N/A   25C    P0             56W /  400W |       0MiB /  81920MiB |      0%      Default |
|                                         |                        |             Disabled |
+-----------------------------------------+------------------------+----------------------+

+-----------------------------------------------------------------------------------------+
| Processes:                                                                              |
|  GPU   GI   CI              PID   Type   Process name                        GPU Memory |
|        ID   ID                                                               Usage      |
|=========================================================================================|
|  No running processes found                                                             |
+-----------------------------------------------------------------------------------------+
CUDA available: True
Device count: 1
Device name: NVIDIA A100-SXM4-80GB
----------------------------------------------------

============================================================
Running Experiment 1 / 1
LENET
============================================================

Building model...
03:21:08 | INFO | Model built with 62006 parameters (gates excluded from count).
03:21:18 | INFO | Per-unit expected-FLOPs costs computed and set on every Bayesian layer.
Files already downloaded and verified
Files already downloaded and verified
Files already downloaded and verified

Training...
03:22:23 | INFO | [pretrain] epoch 1/60 train_task_loss=1.8506 train_kl=478.12 beta=0.00000 train_cost=16231766.00 gamma=0.000000 train_acc=0.3044 val_loss=1.5851 val_acc=0.3854 time=59.9s
03:23:00 | INFO | [pretrain] epoch 2/60 train_task_loss=1.5556 train_kl=478.12 beta=0.00000 train_cost=16231766.00 gamma=0.000000 train_acc=0.4140 val_loss=1.4692 val_acc=0.4400 time=36.7s
03:23:36 | INFO | [pretrain] epoch 3/60 train_task_loss=1.4673 train_kl=478.12 beta=0.00000 train_cost=16231766.00 gamma=0.000000 train_acc=0.4531 val_loss=1.3310 val_acc=0.5150 time=36.6s
03:24:13 | INFO | [pretrain] epoch 4/60 train_task_loss=1.3967 train_kl=478.12 beta=0.00000 train_cost=16231766.00 gamma=0.000000 train_acc=0.4802 val_loss=1.2834 val_acc=0.5268 time=36.6s
03:24:47 | INFO | [pretrain] epoch 5/60 train_task_loss=1.3433 train_kl=478.12 beta=0.00000 train_cost=16231766.00 gamma=0.000000 train_acc=0.5056 val_loss=1.2799 val_acc=0.5166 time=33.6s
03:25:20 | INFO | [pretrain] epoch 6/60 train_task_loss=1.2995 train_kl=478.12 beta=0.00000 train_cost=16231766.00 gamma=0.000000 train_acc=0.5220 val_loss=1.1890 val_acc=0.5514 time=32.9s
03:25:53 | INFO | [pretrain] epoch 7/60 train_task_loss=1.2633 train_kl=478.12 beta=0.00000 train_cost=16231766.00 gamma=0.000000 train_acc=0.5403 val_loss=1.1845 val_acc=0.5375 time=33.5s
03:26:25 | INFO | [pretrain] epoch 8/60 train_task_loss=1.2421 train_kl=478.12 beta=0.00000 train_cost=16231766.00 gamma=0.000000 train_acc=0.5467 val_loss=1.1712 val_acc=0.5705 time=32.2s
03:26:58 | INFO | [pretrain] epoch 9/60 train_task_loss=1.2080 train_kl=478.12 beta=0.00000 train_cost=16231766.00 gamma=0.000000 train_acc=0.5579 val_loss=1.1344 val_acc=0.5805 time=32.8s
03:27:31 | INFO | [pretrain] epoch 10/60 train_task_loss=1.1952 train_kl=478.12 beta=0.00000 train_cost=16231766.00 gamma=0.000000 train_acc=0.5653 val_loss=1.1028 val_acc=0.5906 time=32.9s
03:28:04 | INFO | [pretrain] epoch 11/60 train_task_loss=1.1729 train_kl=478.12 beta=0.00000 train_cost=16231766.00 gamma=0.000000 train_acc=0.5738 val_loss=1.0941 val_acc=0.5990 time=32.7s
03:28:36 | INFO | [pretrain] epoch 12/60 train_task_loss=1.1439 train_kl=478.12 beta=0.00000 train_cost=16231766.00 gamma=0.000000 train_acc=0.5842 val_loss=1.0879 val_acc=0.5957 time=32.8s
03:29:09 | INFO | [pretrain] epoch 13/60 train_task_loss=1.1416 train_kl=478.12 beta=0.00000 train_cost=16231766.00 gamma=0.000000 train_acc=0.5851 val_loss=1.0895 val_acc=0.6104 time=32.7s
03:29:42 | INFO | [pretrain] epoch 14/60 train_task_loss=1.1235 train_kl=478.12 beta=0.00000 train_cost=16231766.00 gamma=0.000000 train_acc=0.5912 val_loss=1.0561 val_acc=0.6105 time=33.0s
03:30:15 | INFO | [pretrain] epoch 15/60 train_task_loss=1.1178 train_kl=478.12 beta=0.00000 train_cost=16231766.00 gamma=0.000000 train_acc=0.5960 val_loss=1.0310 val_acc=0.6268 time=32.8s
03:30:47 | INFO | [pretrain] epoch 16/60 train_task_loss=1.1041 train_kl=478.12 beta=0.00000 train_cost=16231766.00 gamma=0.000000 train_acc=0.6018 val_loss=1.0338 val_acc=0.6287 time=32.6s
03:31:21 | INFO | [pretrain] epoch 17/60 train_task_loss=1.0857 train_kl=478.12 beta=0.00000 train_cost=16231766.00 gamma=0.000000 train_acc=0.6076 val_loss=1.0239 val_acc=0.6227 time=33.1s
03:31:53 | INFO | [pretrain] epoch 18/60 train_task_loss=1.0800 train_kl=478.12 beta=0.00000 train_cost=16231766.00 gamma=0.000000 train_acc=0.6089 val_loss=1.0323 val_acc=0.6299 time=32.6s
03:32:26 | INFO | [pretrain] epoch 19/60 train_task_loss=1.0675 train_kl=478.12 beta=0.00000 train_cost=16231766.00 gamma=0.000000 train_acc=0.6156 val_loss=1.0142 val_acc=0.6289 time=32.7s
03:32:59 | INFO | [pretrain] epoch 20/60 train_task_loss=1.0529 train_kl=478.12 beta=0.00000 train_cost=16231766.00 gamma=0.000000 train_acc=0.6203 val_loss=1.0127 val_acc=0.6361 time=32.9s
03:33:32 | INFO | [pretrain] epoch 21/60 train_task_loss=1.0481 train_kl=478.12 beta=0.00000 train_cost=16231766.00 gamma=0.000000 train_acc=0.6222 val_loss=0.9910 val_acc=0.6432 time=33.0s
03:34:05 | INFO | [pretrain] epoch 22/60 train_task_loss=1.0447 train_kl=478.12 beta=0.00000 train_cost=16231766.00 gamma=0.000000 train_acc=0.6220 val_loss=0.9797 val_acc=0.6398 time=32.7s
03:34:38 | INFO | [pretrain] epoch 23/60 train_task_loss=1.0305 train_kl=478.12 beta=0.00000 train_cost=16231766.00 gamma=0.000000 train_acc=0.6292 val_loss=0.9819 val_acc=0.6410 time=33.0s
03:35:11 | INFO | [pretrain] epoch 24/60 train_task_loss=1.0307 train_kl=478.12 beta=0.00000 train_cost=16231766.00 gamma=0.000000 train_acc=0.6277 val_loss=0.9626 val_acc=0.6406 time=33.0s
03:35:43 | INFO | [pretrain] epoch 25/60 train_task_loss=1.0173 train_kl=478.12 beta=0.00000 train_cost=16231766.00 gamma=0.000000 train_acc=0.6315 val_loss=1.0249 val_acc=0.6398 time=32.8s
03:36:17 | INFO | [pretrain] epoch 26/60 train_task_loss=1.0173 train_kl=478.12 beta=0.00000 train_cost=16231766.00 gamma=0.000000 train_acc=0.6345 val_loss=0.9440 val_acc=0.6641 time=33.5s
03:36:50 | INFO | [pretrain] epoch 27/60 train_task_loss=1.0071 train_kl=478.12 beta=0.00000 train_cost=16231766.00 gamma=0.000000 train_acc=0.6368 val_loss=0.9609 val_acc=0.6459 time=32.7s
03:37:22 | INFO | [pretrain] epoch 28/60 train_task_loss=1.0000 train_kl=478.12 beta=0.00000 train_cost=16231766.00 gamma=0.000000 train_acc=0.6389 val_loss=0.9568 val_acc=0.6539 time=32.7s
03:37:55 | INFO | [pretrain] epoch 29/60 train_task_loss=0.9895 train_kl=478.12 beta=0.00000 train_cost=16231766.00 gamma=0.000000 train_acc=0.6443 val_loss=0.9703 val_acc=0.6402 time=32.7s
03:38:28 | INFO | [pretrain] epoch 30/60 train_task_loss=0.9800 train_kl=478.12 beta=0.00000 train_cost=16231766.00 gamma=0.000000 train_acc=0.6453 val_loss=0.9291 val_acc=0.6656 time=32.9s
03:39:01 | INFO | [pretrain] epoch 31/60 train_task_loss=0.9737 train_kl=478.12 beta=0.00000 train_cost=16231766.00 gamma=0.000000 train_acc=0.6497 val_loss=0.9358 val_acc=0.6537 time=32.7s
03:39:33 | INFO | [pretrain] epoch 32/60 train_task_loss=0.9742 train_kl=478.12 beta=0.00000 train_cost=16231766.00 gamma=0.000000 train_acc=0.6498 val_loss=0.9306 val_acc=0.6629 time=32.7s
03:40:06 | INFO | [pretrain] epoch 33/60 train_task_loss=0.9628 train_kl=478.12 beta=0.00000 train_cost=16231766.00 gamma=0.000000 train_acc=0.6527 val_loss=0.9127 val_acc=0.6713 time=32.5s
03:40:39 | INFO | [pretrain] epoch 34/60 train_task_loss=0.9553 train_kl=478.12 beta=0.00000 train_cost=16231766.00 gamma=0.000000 train_acc=0.6569 val_loss=0.9086 val_acc=0.6727 time=32.8s
03:41:11 | INFO | [pretrain] epoch 35/60 train_task_loss=0.9504 train_kl=478.12 beta=0.00000 train_cost=16231766.00 gamma=0.000000 train_acc=0.6555 val_loss=0.9026 val_acc=0.6824 time=32.7s
03:41:44 | INFO | [pretrain] epoch 36/60 train_task_loss=0.9479 train_kl=478.12 beta=0.00000 train_cost=16231766.00 gamma=0.000000 train_acc=0.6597 val_loss=0.9130 val_acc=0.6650 time=32.7s
03:42:17 | INFO | [pretrain] epoch 37/60 train_task_loss=0.9413 train_kl=478.12 beta=0.00000 train_cost=16231766.00 gamma=0.000000 train_acc=0.6618 val_loss=0.9128 val_acc=0.6693 time=32.6s
03:42:49 | INFO | [pretrain] epoch 38/60 train_task_loss=0.9404 train_kl=478.12 beta=0.00000 train_cost=16231766.00 gamma=0.000000 train_acc=0.6617 val_loss=0.9010 val_acc=0.6758 time=32.7s
03:43:22 | INFO | [pretrain] epoch 39/60 train_task_loss=0.9281 train_kl=478.12 beta=0.00000 train_cost=16231766.00 gamma=0.000000 train_acc=0.6658 val_loss=0.9056 val_acc=0.6658 time=33.0s
03:43:55 | INFO | [pretrain] epoch 40/60 train_task_loss=0.9286 train_kl=478.12 beta=0.00000 train_cost=16231766.00 gamma=0.000000 train_acc=0.6640 val_loss=0.8830 val_acc=0.6785 time=33.0s
03:44:28 | INFO | [pretrain] epoch 41/60 train_task_loss=0.9224 train_kl=478.12 beta=0.00000 train_cost=16231766.00 gamma=0.000000 train_acc=0.6669 val_loss=0.8747 val_acc=0.6836 time=32.8s
03:45:01 | INFO | [pretrain] epoch 42/60 train_task_loss=0.9218 train_kl=478.12 beta=0.00000 train_cost=16231766.00 gamma=0.000000 train_acc=0.6677 val_loss=0.8760 val_acc=0.6826 time=32.9s
03:45:34 | INFO | [pretrain] epoch 43/60 train_task_loss=0.9117 train_kl=478.12 beta=0.00000 train_cost=16231766.00 gamma=0.000000 train_acc=0.6714 val_loss=0.8732 val_acc=0.6826 time=32.9s
03:46:07 | INFO | [pretrain] epoch 44/60 train_task_loss=0.9061 train_kl=478.12 beta=0.00000 train_cost=16231766.00 gamma=0.000000 train_acc=0.6725 val_loss=0.8641 val_acc=0.6758 time=32.7s
03:46:40 | INFO | [pretrain] epoch 45/60 train_task_loss=0.9036 train_kl=478.12 beta=0.00000 train_cost=16231766.00 gamma=0.000000 train_acc=0.6741 val_loss=0.8760 val_acc=0.6811 time=33.0s
03:47:12 | INFO | [pretrain] epoch 46/60 train_task_loss=0.9012 train_kl=478.12 beta=0.00000 train_cost=16231766.00 gamma=0.000000 train_acc=0.6764 val_loss=0.8636 val_acc=0.6859 time=32.7s
03:47:45 | INFO | [pretrain] epoch 47/60 train_task_loss=0.8942 train_kl=478.12 beta=0.00000 train_cost=16231766.00 gamma=0.000000 train_acc=0.6770 val_loss=0.8570 val_acc=0.6979 time=32.8s
03:48:18 | INFO | [pretrain] epoch 48/60 train_task_loss=0.8959 train_kl=478.12 beta=0.00000 train_cost=16231766.00 gamma=0.000000 train_acc=0.6782 val_loss=0.8641 val_acc=0.6869 time=32.8s
03:48:51 | INFO | [pretrain] epoch 49/60 train_task_loss=0.8939 train_kl=478.12 beta=0.00000 train_cost=16231766.00 gamma=0.000000 train_acc=0.6786 val_loss=0.8600 val_acc=0.6861 time=32.7s
03:49:23 | INFO | [pretrain] epoch 50/60 train_task_loss=0.8873 train_kl=478.12 beta=0.00000 train_cost=16231766.00 gamma=0.000000 train_acc=0.6798 val_loss=0.8496 val_acc=0.6875 time=32.5s
03:49:56 | INFO | [pretrain] epoch 51/60 train_task_loss=0.8916 train_kl=478.12 beta=0.00000 train_cost=16231766.00 gamma=0.000000 train_acc=0.6766 val_loss=0.8552 val_acc=0.6904 time=32.9s
03:50:29 | INFO | [pretrain] epoch 52/60 train_task_loss=0.8816 train_kl=478.12 beta=0.00000 train_cost=16231766.00 gamma=0.000000 train_acc=0.6826 val_loss=0.8551 val_acc=0.6869 time=32.5s
03:51:02 | INFO | [pretrain] epoch 53/60 train_task_loss=0.8768 train_kl=478.12 beta=0.00000 train_cost=16231766.00 gamma=0.000000 train_acc=0.6835 val_loss=0.8520 val_acc=0.6906 time=32.9s
03:51:34 | INFO | [pretrain] epoch 54/60 train_task_loss=0.8795 train_kl=478.12 beta=0.00000 train_cost=16231766.00 gamma=0.000000 train_acc=0.6831 val_loss=0.8454 val_acc=0.6922 time=32.8s
03:52:07 | INFO | [pretrain] epoch 55/60 train_task_loss=0.8804 train_kl=478.12 beta=0.00000 train_cost=16231766.00 gamma=0.000000 train_acc=0.6841 val_loss=0.8509 val_acc=0.6945 time=32.8s
03:52:40 | INFO | [pretrain] epoch 56/60 train_task_loss=0.8770 train_kl=478.12 beta=0.00000 train_cost=16231766.00 gamma=0.000000 train_acc=0.6823 val_loss=0.8471 val_acc=0.6992 time=33.0s
03:53:14 | INFO | [pretrain] epoch 57/60 train_task_loss=0.8791 train_kl=478.12 beta=0.00000 train_cost=16231766.00 gamma=0.000000 train_acc=0.6850 val_loss=0.8430 val_acc=0.6959 time=33.8s
03:53:47 | INFO | [pretrain] epoch 58/60 train_task_loss=0.8748 train_kl=478.12 beta=0.00000 train_cost=16231766.00 gamma=0.000000 train_acc=0.6846 val_loss=0.8524 val_acc=0.6932 time=32.8s
03:54:20 | INFO | [pretrain] epoch 59/60 train_task_loss=0.8767 train_kl=478.12 beta=0.00000 train_cost=16231766.00 gamma=0.000000 train_acc=0.6849 val_loss=0.8403 val_acc=0.6934 time=33.1s
03:54:53 | INFO | [pretrain] epoch 60/60 train_task_loss=0.8733 train_kl=478.12 beta=0.00000 train_cost=16231766.00 gamma=0.000000 train_acc=0.6847 val_loss=0.8461 val_acc=0.6898 time=32.6s

Validation...
03:54:55 | INFO | Post-pretrain validation accuracy: 0.6992
03:55:03 | INFO | Test accuracy before Bayesian conversion: 0.6895

Converting to Bayesian...
03:55:03 | INFO | Bayesian gates activated on every structurally-prunable layer.

Training Bayesian gates...
03:55:44 | INFO | [bayesian_train] epoch 1/75 train_task_loss=0.9425 train_kl=478.56 beta=0.00000 train_cost=16231936.32 gamma=0.000000 train_acc=0.6601 val_loss=0.9091 val_acc=0.6770 time=41.0s
03:55:46 | INFO |     log_alpha: min=-3.04 median=-3.01 max=-2.98 frac_prunable=0.000
03:56:26 | INFO | [bayesian_train] epoch 2/75 train_task_loss=0.9476 train_kl=472.27 beta=0.00800 train_cost=16231862.88 gamma=0.000006 train_acc=0.6581 val_loss=0.8857 val_acc=0.6842 time=40.5s
03:56:26 | INFO |     log_alpha: min=-3.04 median=-2.97 max=-2.69 frac_prunable=0.000
03:57:07 | INFO | [bayesian_train] epoch 3/75 train_task_loss=0.9496 train_kl=458.35 beta=0.01600 train_cost=16231339.61 gamma=0.000012 train_acc=0.6579 val_loss=0.9033 val_acc=0.6760 time=40.3s
03:57:07 | INFO |     log_alpha: min=-3.05 median=-2.90 max=-2.40 frac_prunable=0.000
03:57:47 | INFO | [bayesian_train] epoch 4/75 train_task_loss=0.9456 train_kl=441.46 beta=0.02400 train_cost=16230516.75 gamma=0.000018 train_acc=0.6596 val_loss=0.8965 val_acc=0.6857 time=40.1s
03:57:47 | INFO |     log_alpha: min=-3.05 median=-2.79 max=-2.13 frac_prunable=0.000
03:58:27 | INFO | [bayesian_train] epoch 5/75 train_task_loss=0.9532 train_kl=422.17 beta=0.03200 train_cost=16229325.81 gamma=0.000024 train_acc=0.6567 val_loss=0.9197 val_acc=0.6674 time=40.4s
03:58:27 | INFO |     log_alpha: min=-3.06 median=-2.66 max=-1.86 frac_prunable=0.000
03:59:08 | INFO | [bayesian_train] epoch 6/75 train_task_loss=0.9431 train_kl=400.69 beta=0.04000 train_cost=16227712.38 gamma=0.000030 train_acc=0.6604 val_loss=0.9071 val_acc=0.6850 time=40.5s
03:59:08 | INFO |     log_alpha: min=-3.07 median=-2.50 max=-1.61 frac_prunable=0.000
03:59:48 | INFO | [bayesian_train] epoch 7/75 train_task_loss=0.9423 train_kl=378.72 beta=0.04800 train_cost=16225741.55 gamma=0.000036 train_acc=0.6580 val_loss=0.8940 val_acc=0.6838 time=40.5s
03:59:48 | INFO |     log_alpha: min=-3.08 median=-2.31 max=-1.36 frac_prunable=0.000
04:00:28 | INFO | [bayesian_train] epoch 8/75 train_task_loss=0.9428 train_kl=355.96 beta=0.05600 train_cost=16223299.03 gamma=0.000042 train_acc=0.6592 val_loss=0.9370 val_acc=0.6691 time=40.3s
04:00:29 | INFO |     log_alpha: min=-3.08 median=-2.14 max=-1.13 frac_prunable=0.000
04:01:09 | INFO | [bayesian_train] epoch 9/75 train_task_loss=0.9407 train_kl=333.35 beta=0.06400 train_cost=16220355.11 gamma=0.000048 train_acc=0.6599 val_loss=0.8827 val_acc=0.6842 time=40.2s
04:01:09 | INFO |     log_alpha: min=-3.08 median=-1.95 max=-0.91 frac_prunable=0.000
04:01:49 | INFO | [bayesian_train] epoch 10/75 train_task_loss=0.9408 train_kl=310.06 beta=0.07200 train_cost=16216677.33 gamma=0.000054 train_acc=0.6617 val_loss=0.8951 val_acc=0.6824 time=40.2s
04:01:49 | INFO |     log_alpha: min=-3.07 median=-1.76 max=-0.69 frac_prunable=0.000
04:02:29 | INFO | [bayesian_train] epoch 11/75 train_task_loss=0.9419 train_kl=288.19 beta=0.08000 train_cost=16212413.89 gamma=0.000060 train_acc=0.6608 val_loss=0.8754 val_acc=0.6857 time=40.6s
04:02:29 | INFO |     log_alpha: min=-3.07 median=-1.58 max=-0.48 frac_prunable=0.000
04:03:10 | INFO | [bayesian_train] epoch 12/75 train_task_loss=0.9356 train_kl=267.02 beta=0.08800 train_cost=16207373.98 gamma=0.000066 train_acc=0.6642 val_loss=0.8892 val_acc=0.6850 time=40.1s
04:03:10 | INFO |     log_alpha: min=-3.06 median=-1.40 max=-0.28 frac_prunable=0.000
04:03:50 | INFO | [bayesian_train] epoch 13/75 train_task_loss=0.9398 train_kl=247.21 beta=0.09600 train_cost=16201620.59 gamma=0.000072 train_acc=0.6621 val_loss=0.9010 val_acc=0.6820 time=40.1s
04:03:50 | INFO |     log_alpha: min=-3.05 median=-1.24 max=-0.09 frac_prunable=0.000
04:04:30 | INFO | [bayesian_train] epoch 14/75 train_task_loss=0.9485 train_kl=228.35 beta=0.10400 train_cost=16194931.28 gamma=0.000078 train_acc=0.6585 val_loss=0.8737 val_acc=0.6887 time=40.1s
04:04:30 | INFO |     log_alpha: min=-3.05 median=-1.07 max=0.11 frac_prunable=0.000
04:05:10 | INFO | [bayesian_train] epoch 15/75 train_task_loss=0.9445 train_kl=210.20 beta=0.11200 train_cost=16187019.46 gamma=0.000084 train_acc=0.6612 val_loss=0.8684 val_acc=0.6898 time=40.3s
04:05:10 | INFO |     log_alpha: min=-3.04 median=-0.90 max=0.30 frac_prunable=0.000
04:05:50 | INFO | [bayesian_train] epoch 16/75 train_task_loss=0.9528 train_kl=193.37 beta=0.12000 train_cost=16177960.97 gamma=0.000090 train_acc=0.6586 val_loss=0.8858 val_acc=0.6877 time=40.4s
04:05:50 | INFO |     log_alpha: min=-3.02 median=-0.75 max=0.50 frac_prunable=0.000
04:06:30 | INFO | [bayesian_train] epoch 17/75 train_task_loss=0.9569 train_kl=178.12 beta=0.12800 train_cost=16167713.02 gamma=0.000096 train_acc=0.6569 val_loss=0.8700 val_acc=0.6844 time=40.1s
04:06:30 | INFO |     log_alpha: min=-3.00 median=-0.60 max=0.69 frac_prunable=0.000
04:07:10 | INFO | [bayesian_train] epoch 18/75 train_task_loss=0.9553 train_kl=163.46 beta=0.13600 train_cost=16155414.93 gamma=0.000102 train_acc=0.6584 val_loss=0.9030 val_acc=0.6838 time=40.0s
04:07:10 | INFO |     log_alpha: min=-2.99 median=-0.45 max=0.89 frac_prunable=0.000
04:07:51 | INFO | [bayesian_train] epoch 19/75 train_task_loss=0.9620 train_kl=149.57 beta=0.14400 train_cost=16140804.41 gamma=0.000108 train_acc=0.6534 val_loss=0.8908 val_acc=0.6838 time=40.5s
04:07:51 | INFO |     log_alpha: min=-2.97 median=-0.31 max=1.10 frac_prunable=0.000
04:08:31 | INFO | [bayesian_train] epoch 20/75 train_task_loss=0.9688 train_kl=136.75 beta=0.15200 train_cost=16123828.23 gamma=0.000114 train_acc=0.6538 val_loss=0.8936 val_acc=0.6766 time=40.2s
04:08:31 | INFO |     log_alpha: min=-2.94 median=-0.17 max=1.30 frac_prunable=0.000
04:09:12 | INFO | [bayesian_train] epoch 21/75 train_task_loss=0.9706 train_kl=125.42 beta=0.16000 train_cost=16105164.77 gamma=0.000120 train_acc=0.6513 val_loss=0.9042 val_acc=0.6771 time=40.4s
04:09:12 | INFO |     log_alpha: min=-2.92 median=-0.02 max=1.50 frac_prunable=0.000
04:09:52 | INFO | [bayesian_train] epoch 22/75 train_task_loss=0.9786 train_kl=115.00 beta=0.16800 train_cost=16083928.46 gamma=0.000126 train_acc=0.6497 val_loss=0.8794 val_acc=0.6893 time=40.1s
04:09:52 | INFO |     log_alpha: min=-2.88 median=0.13 max=1.70 frac_prunable=0.000
04:10:32 | INFO | [bayesian_train] epoch 23/75 train_task_loss=0.9764 train_kl=105.32 beta=0.17600 train_cost=16059818.46 gamma=0.000132 train_acc=0.6488 val_loss=0.8767 val_acc=0.6844 time=40.0s
04:10:32 | INFO |     log_alpha: min=-2.85 median=0.26 max=1.89 frac_prunable=0.000
04:11:12 | INFO | [bayesian_train] epoch 24/75 train_task_loss=0.9897 train_kl=96.65 beta=0.18400 train_cost=16033722.82 gamma=0.000138 train_acc=0.6473 val_loss=0.8915 val_acc=0.6916 time=40.5s
04:11:12 | INFO |     log_alpha: min=-2.81 median=0.39 max=2.07 frac_prunable=0.000
04:11:53 | INFO | [bayesian_train] epoch 25/75 train_task_loss=0.9969 train_kl=88.70 beta=0.19200 train_cost=16005195.05 gamma=0.000144 train_acc=0.6430 val_loss=0.8897 val_acc=0.6924 time=40.3s
04:11:53 | INFO |     log_alpha: min=-2.77 median=0.53 max=2.25 frac_prunable=0.000
04:12:33 | INFO | [bayesian_train] epoch 26/75 train_task_loss=1.0060 train_kl=81.08 beta=0.20000 train_cost=15972896.42 gamma=0.000150 train_acc=0.6409 val_loss=0.9072 val_acc=0.6859 time=40.2s
04:12:33 | INFO |     log_alpha: min=-2.72 median=0.65 max=2.42 frac_prunable=0.000
04:13:13 | INFO | [bayesian_train] epoch 27/75 train_task_loss=1.0118 train_kl=74.32 beta=0.20800 train_cost=15939112.24 gamma=0.000156 train_acc=0.6383 val_loss=0.9106 val_acc=0.6873 time=40.1s
04:13:13 | INFO |     log_alpha: min=-2.67 median=0.77 max=2.58 frac_prunable=0.000
04:13:53 | INFO | [bayesian_train] epoch 28/75 train_task_loss=1.0184 train_kl=68.19 beta=0.21600 train_cost=15903555.99 gamma=0.000162 train_acc=0.6361 val_loss=0.9053 val_acc=0.6875 time=40.3s
04:13:53 | INFO |     log_alpha: min=-2.61 median=0.90 max=2.73 frac_prunable=0.000
04:14:34 | INFO | [bayesian_train] epoch 29/75 train_task_loss=1.0289 train_kl=62.42 beta=0.22400 train_cost=15864710.39 gamma=0.000168 train_acc=0.6345 val_loss=0.9212 val_acc=0.6824 time=40.5s
04:14:34 | INFO |     log_alpha: min=-2.55 median=1.03 max=2.88 frac_prunable=0.000
04:15:14 | INFO | [bayesian_train] epoch 30/75 train_task_loss=1.0436 train_kl=57.15 beta=0.23200 train_cost=15823637.14 gamma=0.000174 train_acc=0.6241 val_loss=0.9333 val_acc=0.6785 time=40.1s
04:15:14 | INFO |     log_alpha: min=-2.49 median=1.17 max=3.02 frac_prunable=0.142
04:15:54 | INFO | [bayesian_train] epoch 31/75 train_task_loss=1.0539 train_kl=52.42 beta=0.24000 train_cost=15781093.47 gamma=0.000180 train_acc=0.6250 val_loss=0.9512 val_acc=0.6744 time=40.3s
04:15:54 | INFO |     log_alpha: min=-2.42 median=1.30 max=3.15 frac_prunable=0.142
04:16:39 | INFO | [bayesian_train] epoch 32/75 train_task_loss=1.0700 train_kl=48.08 beta=0.24800 train_cost=15736234.05 gamma=0.000186 train_acc=0.6193 val_loss=0.9565 val_acc=0.6695 time=45.3s
04:16:39 | INFO |     log_alpha: min=-2.35 median=1.42 max=3.28 frac_prunable=0.142
04:17:20 | INFO | [bayesian_train] epoch 33/75 train_task_loss=1.0910 train_kl=44.09 beta=0.25600 train_cost=15688800.43 gamma=0.000192 train_acc=0.6136 val_loss=0.9492 val_acc=0.6693 time=40.3s
04:17:20 | INFO |     log_alpha: min=-2.27 median=1.53 max=3.40 frac_prunable=0.217
04:18:01 | INFO | [bayesian_train] epoch 34/75 train_task_loss=1.1072 train_kl=40.51 beta=0.26400 train_cost=15639868.79 gamma=0.000198 train_acc=0.6062 val_loss=0.9682 val_acc=0.6684 time=40.9s
04:18:01 | INFO |     log_alpha: min=-2.19 median=1.65 max=3.51 frac_prunable=0.217
04:18:41 | INFO | [bayesian_train] epoch 35/75 train_task_loss=1.1214 train_kl=37.13 beta=0.27200 train_cost=15586699.47 gamma=0.000204 train_acc=0.5996 val_loss=0.9669 val_acc=0.6648 time=40.5s
04:18:41 | INFO |     log_alpha: min=-2.10 median=1.78 max=3.63 frac_prunable=0.217
04:19:21 | INFO | [bayesian_train] epoch 36/75 train_task_loss=1.1432 train_kl=34.10 beta=0.28000 train_cost=15531767.88 gamma=0.000210 train_acc=0.5927 val_loss=1.0252 val_acc=0.6537 time=40.3s
04:19:21 | INFO |     log_alpha: min=-2.01 median=1.89 max=3.73 frac_prunable=0.226
04:20:01 | INFO | [bayesian_train] epoch 37/75 train_task_loss=1.1665 train_kl=31.40 beta=0.28800 train_cost=15475651.98 gamma=0.000216 train_acc=0.5824 val_loss=1.0509 val_acc=0.6504 time=40.0s
04:20:01 | INFO |     log_alpha: min=-1.93 median=2.01 max=3.83 frac_prunable=0.252
04:20:41 | INFO | [bayesian_train] epoch 38/75 train_task_loss=1.1866 train_kl=28.93 beta=0.29600 train_cost=15416788.03 gamma=0.000222 train_acc=0.5766 val_loss=1.1038 val_acc=0.6271 time=39.9s
04:20:41 | INFO |     log_alpha: min=-1.83 median=2.12 max=3.93 frac_prunable=0.283
04:21:22 | INFO | [bayesian_train] epoch 39/75 train_task_loss=1.2047 train_kl=26.69 beta=0.30400 train_cost=15355915.05 gamma=0.000228 train_acc=0.5707 val_loss=1.1064 val_acc=0.6307 time=40.4s
04:21:22 | INFO |     log_alpha: min=-1.74 median=2.22 max=4.02 frac_prunable=0.319
04:22:02 | INFO | [bayesian_train] epoch 40/75 train_task_loss=1.2352 train_kl=24.70 beta=0.31200 train_cost=15294285.17 gamma=0.000234 train_acc=0.5602 val_loss=1.1473 val_acc=0.6141 time=40.0s
04:22:02 | INFO |     log_alpha: min=-1.65 median=2.32 max=4.11 frac_prunable=0.354
04:22:42 | INFO | [bayesian_train] epoch 41/75 train_task_loss=1.2610 train_kl=22.90 beta=0.32000 train_cost=15230615.49 gamma=0.000240 train_acc=0.5528 val_loss=1.0901 val_acc=0.6248 time=40.6s
04:22:42 | INFO |     log_alpha: min=-1.56 median=2.41 max=4.19 frac_prunable=0.372
04:23:22 | INFO | [bayesian_train] epoch 42/75 train_task_loss=1.2808 train_kl=21.28 beta=0.32800 train_cost=15166232.12 gamma=0.000246 train_acc=0.5422 val_loss=1.1375 val_acc=0.6143 time=40.2s
04:23:22 | INFO |     log_alpha: min=-1.47 median=2.49 max=4.26 frac_prunable=0.398
04:24:03 | INFO | [bayesian_train] epoch 43/75 train_task_loss=1.2969 train_kl=19.83 beta=0.33600 train_cost=15101216.01 gamma=0.000252 train_acc=0.5367 val_loss=1.2170 val_acc=0.5912 time=40.3s
04:24:03 | INFO |     log_alpha: min=-1.39 median=2.57 max=4.34 frac_prunable=0.416
04:24:43 | INFO | [bayesian_train] epoch 44/75 train_task_loss=1.3106 train_kl=18.56 beta=0.34400 train_cost=15037218.91 gamma=0.000258 train_acc=0.5291 val_loss=1.2107 val_acc=0.5885 time=39.9s
04:24:43 | INFO |     log_alpha: min=-1.31 median=2.64 max=4.41 frac_prunable=0.429
04:25:23 | INFO | [bayesian_train] epoch 45/75 train_task_loss=1.3276 train_kl=17.39 beta=0.35200 train_cost=14971781.35 gamma=0.000264 train_acc=0.5240 val_loss=1.2912 val_acc=0.5682 time=39.9s
04:25:23 | INFO |     log_alpha: min=-1.23 median=2.71 max=4.47 frac_prunable=0.442
04:26:13 | INFO | [bayesian_train] epoch 46/75 train_task_loss=1.3446 train_kl=16.34 beta=0.36000 train_cost=14906412.89 gamma=0.000270 train_acc=0.5200 val_loss=1.2883 val_acc=0.5654 time=50.1s
04:26:14 | INFO |     log_alpha: min=-1.16 median=2.78 max=4.53 frac_prunable=0.442
04:26:58 | INFO | [bayesian_train] epoch 47/75 train_task_loss=1.3631 train_kl=15.40 beta=0.36800 train_cost=14841898.05 gamma=0.000276 train_acc=0.5104 val_loss=1.2690 val_acc=0.5676 time=44.4s
04:26:58 | INFO |     log_alpha: min=-1.09 median=2.84 max=4.59 frac_prunable=0.456
04:27:38 | INFO | [bayesian_train] epoch 48/75 train_task_loss=1.3696 train_kl=14.57 beta=0.37600 train_cost=14779089.87 gamma=0.000282 train_acc=0.5083 val_loss=1.2994 val_acc=0.5592 time=39.9s
04:27:38 | INFO |     log_alpha: min=-1.02 median=2.90 max=4.64 frac_prunable=0.460
04:28:18 | INFO | [bayesian_train] epoch 49/75 train_task_loss=1.3790 train_kl=13.82 beta=0.38400 train_cost=14717335.60 gamma=0.000288 train_acc=0.5077 val_loss=1.2862 val_acc=0.5652 time=40.1s
04:28:18 | INFO |     log_alpha: min=-0.96 median=2.96 max=4.70 frac_prunable=0.487
04:28:58 | INFO | [bayesian_train] epoch 50/75 train_task_loss=1.3876 train_kl=13.15 beta=0.39200 train_cost=14656743.28 gamma=0.000294 train_acc=0.5039 val_loss=1.3473 val_acc=0.5443 time=39.8s
04:28:58 | INFO |     log_alpha: min=-0.90 median=3.01 max=4.74 frac_prunable=0.509
04:29:42 | INFO | [bayesian_train] epoch 51/75 train_task_loss=1.4042 train_kl=12.57 beta=0.40000 train_cost=14600985.10 gamma=0.000300 train_acc=0.4966 val_loss=1.3350 val_acc=0.5453 time=44.0s
04:29:42 | INFO |     log_alpha: min=-0.85 median=3.05 max=4.79 frac_prunable=0.522
04:30:22 | INFO | [bayesian_train] epoch 52/75 train_task_loss=1.4060 train_kl=12.06 beta=0.40000 train_cost=14548041.80 gamma=0.000300 train_acc=0.4959 val_loss=1.3598 val_acc=0.5373 time=39.8s
04:30:22 | INFO |     log_alpha: min=-0.81 median=3.10 max=4.83 frac_prunable=0.531
04:31:01 | INFO | [bayesian_train] epoch 53/75 train_task_loss=1.4239 train_kl=11.61 beta=0.40000 train_cost=14498013.89 gamma=0.000300 train_acc=0.4872 val_loss=1.3340 val_acc=0.5395 time=39.6s
04:31:01 | INFO |     log_alpha: min=-0.77 median=3.14 max=4.86 frac_prunable=0.544
04:31:41 | INFO | [bayesian_train] epoch 54/75 train_task_loss=1.4278 train_kl=11.21 beta=0.40000 train_cost=14451909.10 gamma=0.000300 train_acc=0.4884 val_loss=1.3648 val_acc=0.5287 time=40.0s
04:31:41 | INFO |     log_alpha: min=-0.73 median=3.17 max=4.90 frac_prunable=0.553
04:32:21 | INFO | [bayesian_train] epoch 55/75 train_task_loss=1.4241 train_kl=10.88 beta=0.40000 train_cost=14410638.50 gamma=0.000300 train_acc=0.4908 val_loss=1.3375 val_acc=0.5383 time=39.9s
04:32:21 | INFO |     log_alpha: min=-0.69 median=3.20 max=4.93 frac_prunable=0.562
04:33:01 | INFO | [bayesian_train] epoch 56/75 train_task_loss=1.4399 train_kl=10.57 beta=0.40000 train_cost=14370018.55 gamma=0.000300 train_acc=0.4812 val_loss=1.3573 val_acc=0.5266 time=40.1s
04:33:01 | INFO |     log_alpha: min=-0.66 median=3.23 max=4.95 frac_prunable=0.580
04:33:41 | INFO | [bayesian_train] epoch 57/75 train_task_loss=1.4468 train_kl=10.30 beta=0.40000 train_cost=14333206.77 gamma=0.000300 train_acc=0.4771 val_loss=1.3636 val_acc=0.5254 time=40.1s
04:33:41 | INFO |     log_alpha: min=-0.63 median=3.26 max=4.98 frac_prunable=0.593
04:34:21 | INFO | [bayesian_train] epoch 58/75 train_task_loss=1.4434 train_kl=10.06 beta=0.40000 train_cost=14299847.45 gamma=0.000300 train_acc=0.4784 val_loss=1.4004 val_acc=0.5182 time=40.0s
04:34:21 | INFO |     log_alpha: min=-0.61 median=3.28 max=5.00 frac_prunable=0.593
04:35:01 | INFO | [bayesian_train] epoch 59/75 train_task_loss=1.4550 train_kl=9.86 beta=0.40000 train_cost=14270180.23 gamma=0.000300 train_acc=0.4761 val_loss=1.4437 val_acc=0.5051 time=39.8s
04:35:01 | INFO |     log_alpha: min=-0.59 median=3.30 max=5.02 frac_prunable=0.606
04:35:41 | INFO | [bayesian_train] epoch 60/75 train_task_loss=1.4507 train_kl=9.68 beta=0.40000 train_cost=14243091.27 gamma=0.000300 train_acc=0.4761 val_loss=1.4163 val_acc=0.5104 time=39.8s
04:35:41 | INFO |     log_alpha: min=-0.57 median=3.32 max=5.04 frac_prunable=0.619
04:36:21 | INFO | [bayesian_train] epoch 61/75 train_task_loss=1.4579 train_kl=9.52 beta=0.40000 train_cost=14218601.91 gamma=0.000300 train_acc=0.4749 val_loss=1.4084 val_acc=0.5146 time=39.8s
04:36:21 | INFO |     log_alpha: min=-0.55 median=3.34 max=5.05 frac_prunable=0.633
04:37:01 | INFO | [bayesian_train] epoch 62/75 train_task_loss=1.4552 train_kl=9.38 beta=0.40000 train_cost=14196933.97 gamma=0.000300 train_acc=0.4739 val_loss=1.4132 val_acc=0.5121 time=39.9s
04:37:01 | INFO |     log_alpha: min=-0.53 median=3.35 max=5.07 frac_prunable=0.642
04:37:41 | INFO | [bayesian_train] epoch 63/75 train_task_loss=1.4567 train_kl=9.26 beta=0.40000 train_cost=14177977.85 gamma=0.000300 train_acc=0.4747 val_loss=1.4062 val_acc=0.5090 time=39.7s
04:37:41 | INFO |     log_alpha: min=-0.52 median=3.36 max=5.08 frac_prunable=0.650
04:38:21 | INFO | [bayesian_train] epoch 64/75 train_task_loss=1.4581 train_kl=9.16 beta=0.40000 train_cost=14161608.76 gamma=0.000300 train_acc=0.4706 val_loss=1.4211 val_acc=0.5057 time=39.9s
04:38:21 | INFO |     log_alpha: min=-0.51 median=3.38 max=5.09 frac_prunable=0.650
04:39:00 | INFO | [bayesian_train] epoch 65/75 train_task_loss=1.4682 train_kl=9.08 beta=0.40000 train_cost=14147869.99 gamma=0.000300 train_acc=0.4709 val_loss=1.3961 val_acc=0.5109 time=39.9s
04:39:00 | INFO |     log_alpha: min=-0.50 median=3.38 max=5.10 frac_prunable=0.668
04:39:41 | INFO | [bayesian_train] epoch 66/75 train_task_loss=1.4599 train_kl=9.01 beta=0.40000 train_cost=14136417.49 gamma=0.000300 train_acc=0.4739 val_loss=1.4037 val_acc=0.5115 time=40.3s
04:39:41 | INFO |     log_alpha: min=-0.49 median=3.39 max=5.11 frac_prunable=0.681
04:40:20 | INFO | [bayesian_train] epoch 67/75 train_task_loss=1.4646 train_kl=8.96 beta=0.40000 train_cost=14127043.30 gamma=0.000300 train_acc=0.4675 val_loss=1.4133 val_acc=0.5090 time=39.7s
04:40:20 | INFO |     log_alpha: min=-0.49 median=3.40 max=5.11 frac_prunable=0.686
04:41:01 | INFO | [bayesian_train] epoch 68/75 train_task_loss=1.4641 train_kl=8.92 beta=0.40000 train_cost=14119571.06 gamma=0.000300 train_acc=0.4688 val_loss=1.4203 val_acc=0.5012 time=40.1s
04:41:01 | INFO |     log_alpha: min=-0.48 median=3.40 max=5.12 frac_prunable=0.686
04:41:41 | INFO | [bayesian_train] epoch 69/75 train_task_loss=1.4629 train_kl=8.88 beta=0.40000 train_cost=14113650.50 gamma=0.000300 train_acc=0.4732 val_loss=1.4202 val_acc=0.5082 time=40.1s
04:41:41 | INFO |     log_alpha: min=-0.48 median=3.41 max=5.12 frac_prunable=0.686
04:42:21 | INFO | [bayesian_train] epoch 70/75 train_task_loss=1.4595 train_kl=8.85 beta=0.40000 train_cost=14109121.17 gamma=0.000300 train_acc=0.4707 val_loss=1.4156 val_acc=0.5023 time=39.8s
04:42:21 | INFO |     log_alpha: min=-0.48 median=3.41 max=5.12 frac_prunable=0.686
04:43:01 | INFO | [bayesian_train] epoch 71/75 train_task_loss=1.4569 train_kl=8.84 beta=0.40000 train_cost=14105889.80 gamma=0.000300 train_acc=0.4731 val_loss=1.4149 val_acc=0.5025 time=40.3s
04:43:01 | INFO |     log_alpha: min=-0.47 median=3.41 max=5.12 frac_prunable=0.690
04:43:41 | INFO | [bayesian_train] epoch 72/75 train_task_loss=1.4640 train_kl=8.82 beta=0.40000 train_cost=14103797.06 gamma=0.000300 train_acc=0.4715 val_loss=1.4141 val_acc=0.5039 time=39.8s
04:43:41 | INFO |     log_alpha: min=-0.47 median=3.41 max=5.13 frac_prunable=0.690
04:44:20 | INFO | [bayesian_train] epoch 73/75 train_task_loss=1.4728 train_kl=8.82 beta=0.40000 train_cost=14102481.86 gamma=0.000300 train_acc=0.4679 val_loss=1.4162 val_acc=0.5029 time=39.9s
04:44:20 | INFO |     log_alpha: min=-0.47 median=3.41 max=5.13 frac_prunable=0.695
04:45:01 | INFO | [bayesian_train] epoch 74/75 train_task_loss=1.4637 train_kl=8.81 beta=0.40000 train_cost=14101797.79 gamma=0.000300 train_acc=0.4710 val_loss=1.4212 val_acc=0.5039 time=40.1s
04:45:01 | INFO |     log_alpha: min=-0.47 median=3.41 max=5.13 frac_prunable=0.695
04:45:41 | INFO | [bayesian_train] epoch 75/75 train_task_loss=1.4635 train_kl=8.81 beta=0.40000 train_cost=14101531.38 gamma=0.000300 train_acc=0.4727 val_loss=1.4201 val_acc=0.5008 time=40.1s
04:45:41 | INFO |     log_alpha: min=-0.47 median=3.41 max=5.13 frac_prunable=0.695

Computing posterior uncertainty...
04:45:42 | INFO |   conv1: median_log_alpha=-0.21 frac_prunable=0.000 structurally_prunable=True
04:45:42 | INFO |   conv2: median_log_alpha=1.02 frac_prunable=0.000 structurally_prunable=True
04:45:42 | INFO |   fc1: median_log_alpha=3.09 frac_prunable=0.625 structurally_prunable=True
04:45:42 | INFO |   fc2: median_log_alpha=4.12 frac_prunable=0.976 structurally_prunable=True

Structured pruning...
04:45:43 | INFO | Parameters: 62006 -> 21039 (66.1% pruned)

Fine tuning...
04:46:14 | INFO | [finetune] epoch 1/20 train_task_loss=1.9576 train_kl=0.00 beta=0.00000 train_cost=0.00 gamma=0.000000 train_acc=0.2152 val_loss=1.7983 val_acc=0.2670 time=31.0s
04:46:48 | INFO | [finetune] epoch 2/20 train_task_loss=1.7765 train_kl=0.00 beta=0.00000 train_cost=0.00 gamma=0.000000 train_acc=0.2978 val_loss=1.6761 val_acc=0.3385 time=33.5s
04:47:21 | INFO | [finetune] epoch 3/20 train_task_loss=1.6818 train_kl=0.00 beta=0.00000 train_cost=0.00 gamma=0.000000 train_acc=0.3280 val_loss=1.6076 val_acc=0.3750 time=33.4s
04:47:54 | INFO | [finetune] epoch 4/20 train_task_loss=1.6352 train_kl=0.00 beta=0.00000 train_cost=0.00 gamma=0.000000 train_acc=0.3509 val_loss=1.5729 val_acc=0.3910 time=32.5s
04:48:24 | INFO | [finetune] epoch 5/20 train_task_loss=1.5984 train_kl=0.00 beta=0.00000 train_cost=0.00 gamma=0.000000 train_acc=0.3606 val_loss=1.5242 val_acc=0.4033 time=30.4s
04:48:55 | INFO | [finetune] epoch 6/20 train_task_loss=1.5587 train_kl=0.00 beta=0.00000 train_cost=0.00 gamma=0.000000 train_acc=0.3727 val_loss=1.5202 val_acc=0.4117 time=30.8s
04:49:26 | INFO | [finetune] epoch 7/20 train_task_loss=1.5504 train_kl=0.00 beta=0.00000 train_cost=0.00 gamma=0.000000 train_acc=0.3789 val_loss=1.5021 val_acc=0.4217 time=30.4s
04:49:56 | INFO | [finetune] epoch 8/20 train_task_loss=1.5396 train_kl=0.00 beta=0.00000 train_cost=0.00 gamma=0.000000 train_acc=0.3872 val_loss=1.5094 val_acc=0.4230 time=30.1s
04:50:26 | INFO | [finetune] epoch 9/20 train_task_loss=1.5302 train_kl=0.00 beta=0.00000 train_cost=0.00 gamma=0.000000 train_acc=0.3920 val_loss=1.4840 val_acc=0.4270 time=30.3s
04:50:56 | INFO | [finetune] epoch 10/20 train_task_loss=1.4912 train_kl=0.00 beta=0.00000 train_cost=0.00 gamma=0.000000 train_acc=0.4133 val_loss=1.4320 val_acc=0.4566 time=30.5s
04:51:27 | INFO | [finetune] epoch 11/20 train_task_loss=1.4740 train_kl=0.00 beta=0.00000 train_cost=0.00 gamma=0.000000 train_acc=0.4147 val_loss=1.4301 val_acc=0.4439 time=30.2s
04:51:57 | INFO | [finetune] epoch 12/20 train_task_loss=1.4617 train_kl=0.00 beta=0.00000 train_cost=0.00 gamma=0.000000 train_acc=0.4118 val_loss=1.4246 val_acc=0.4492 time=30.5s
04:52:28 | INFO | [finetune] epoch 13/20 train_task_loss=1.4616 train_kl=0.00 beta=0.00000 train_cost=0.00 gamma=0.000000 train_acc=0.4107 val_loss=1.4114 val_acc=0.4469 time=30.8s
04:52:58 | INFO | [finetune] epoch 14/20 train_task_loss=1.4566 train_kl=0.00 beta=0.00000 train_cost=0.00 gamma=0.000000 train_acc=0.4136 val_loss=1.4055 val_acc=0.4541 time=30.4s
04:53:29 | INFO | [finetune] epoch 15/20 train_task_loss=1.4525 train_kl=0.00 beta=0.00000 train_cost=0.00 gamma=0.000000 train_acc=0.4150 val_loss=1.4073 val_acc=0.4498 time=30.4s
04:53:59 | INFO | [finetune] epoch 16/20 train_task_loss=1.4507 train_kl=0.00 beta=0.00000 train_cost=0.00 gamma=0.000000 train_acc=0.4193 val_loss=1.4017 val_acc=0.4523 time=30.2s
04:54:29 | INFO | [finetune] epoch 17/20 train_task_loss=1.4428 train_kl=0.00 beta=0.00000 train_cost=0.00 gamma=0.000000 train_acc=0.4218 val_loss=1.4029 val_acc=0.4549 time=30.3s
04:55:00 | INFO | [finetune] epoch 18/20 train_task_loss=1.4439 train_kl=0.00 beta=0.00000 train_cost=0.00 gamma=0.000000 train_acc=0.4182 val_loss=1.4058 val_acc=0.4510 time=30.2s
04:55:30 | INFO | [finetune] epoch 19/20 train_task_loss=1.4483 train_kl=0.00 beta=0.00000 train_cost=0.00 gamma=0.000000 train_acc=0.4151 val_loss=1.3987 val_acc=0.4551 time=30.3s
04:56:00 | INFO | [finetune] epoch 20/20 train_task_loss=1.4433 train_kl=0.00 beta=0.00000 train_cost=0.00 gamma=0.000000 train_acc=0.4187 val_loss=1.4004 val_acc=0.4525 time=30.3s

Testing...
04:56:08 | INFO | Final test accuracy after pruning + fine-tuning: 0.4424

Saving checkpoints...

Finished.

============================================================
ALL EXPERIMENTS FINISHED
============================================================
     lenet:  66.1% pruned, accuracy 0.6895 -> 0.4424
====================================================
Job finished: Sat  1 Aug 04:56:43 BST 2026
====================================================
