====================================================
Job started: Thu 13 Aug 04:24:45 BST 2026
Node: node858.csf3.man.alces.network
====================================================
Thu Aug 13 04:25:02 2026       
+-----------------------------------------------------------------------------------------+
| NVIDIA-SMI 595.71.05              Driver Version: 595.71.05      CUDA Version: 13.2     |
+-----------------------------------------+------------------------+----------------------+
| GPU  Name                 Persistence-M | Bus-Id          Disp.A | Volatile Uncorr. ECC |
| Fan  Temp   Perf          Pwr:Usage/Cap |           Memory-Usage | GPU-Util  Compute M. |
|                                         |                        |               MIG M. |
|=========================================+========================+======================|
|   0  NVIDIA A100-SXM4-80GB          On  |   00000000:01:00.0 Off |                    0 |
| N/A   30C    P0             57W /  400W |       0MiB /  81920MiB |      0%      Default |
|                                         |                        |             Disabled |
+-----------------------------------------+------------------------+----------------------+

+-----------------------------------------------------------------------------------------+
| Processes:                                                                              |
|  GPU   GI   CI              PID   Type   Process name                        GPU Memory |
|        ID   ID                                                               Usage      |
|=========================================================================================|
|  No running processes found                                                             |
+-----------------------------------------------------------------------------------------+
CUDA available: True
Files already downloaded and verified
Files already downloaded and verified
Files already downloaded and verified
Files already downloaded and verified
Files already downloaded and verified
Files already downloaded and verified

Loading pretrained baseline: ./outputs/spear_repl/trained_model.pt

Training Bayesian gates (once, for every target on the curve)...
  gate optimizer: sgd (gate_lr=0.01)
  SynOps budget term active: 0.525 of dense SynOps
04:28:47 | INFO | [bayesian_train] SynOps budget: 138,589,478 (0.525 of measured dense 263,979,958); lambda_lr=0.05, recount every 1 epoch(s)
04:29:39 | INFO | [bayesian_train] epoch 1/75 train_task_loss=1.0863 train_kl=8936.44 beta=0.00000 train_cost=263327538.23 gamma=0.000000 train_acc=0.8724 val_loss=0.0334 val_acc=0.9926 time=51.9s E_synops=251,465,675 (1.81x budget) lambda=0.0000
04:29:42 | INFO |     log_alpha: min=-3.01 median=-3.00 max=-3.00 std=0.00 frac_prunable=0.000 frac_saturated=0.000
04:29:43 | INFO |     gate pressure conv_layers.0: |d task/d log_alpha|=2.003e-03 beta*|d KL/d log_alpha|=0.000e+00 ratio=inf
04:29:43 | INFO |     gate pressure conv_layers.1: |d task/d log_alpha|=2.980e-03 beta*|d KL/d log_alpha|=0.000e+00 ratio=inf
04:29:43 | INFO |     gate pressure conv_layers.2: |d task/d log_alpha|=2.773e-03 beta*|d KL/d log_alpha|=0.000e+00 ratio=inf
04:29:43 | INFO |     gate pressure conv_layers.3: |d task/d log_alpha|=2.833e-03 beta*|d KL/d log_alpha|=0.000e+00 ratio=inf
04:29:43 | INFO |     gate pressure conv_layers.4: |d task/d log_alpha|=2.421e-03 beta*|d KL/d log_alpha|=0.000e+00 ratio=inf
04:29:43 | INFO |     gate pressure conv_layers.5: |d task/d log_alpha|=2.014e-03 beta*|d KL/d log_alpha|=0.000e+00 ratio=inf
04:29:43 | INFO |     gate pressure conv_layers.6: |d task/d log_alpha|=1.643e-03 beta*|d KL/d log_alpha|=0.000e+00 ratio=inf
04:29:43 | INFO |     gate pressure conv_layers.7: |d task/d log_alpha|=6.994e-04 beta*|d KL/d log_alpha|=0.000e+00 ratio=inf
04:29:43 | INFO |     gate pressure conv_layers.8: |d task/d log_alpha|=3.788e-04 beta*|d KL/d log_alpha|=0.000e+00 ratio=inf
04:29:43 | INFO |     gate pressure conv_layers.9: |d task/d log_alpha|=2.647e-04 beta*|d KL/d log_alpha|=0.000e+00 ratio=inf
04:29:43 | INFO |     gate pressure conv_layers.10: |d task/d log_alpha|=2.458e-04 beta*|d KL/d log_alpha|=0.000e+00 ratio=inf
04:29:43 | INFO |     gate pressure conv_layers.11: |d task/d log_alpha|=1.447e-04 beta*|d KL/d log_alpha|=0.000e+00 ratio=inf
04:29:43 | INFO |     gate pressure conv_layers.12: |d task/d log_alpha|=1.166e-04 beta*|d KL/d log_alpha|=0.000e+00 ratio=inf
04:30:10 | INFO | [bayesian_train] epoch 2/75 train_task_loss=1.0760 train_kl=8933.54 beta=0.00500 train_cost=266507780.15 gamma=0.000000 train_acc=0.8739 val_loss=0.0436 val_acc=0.9920 time=27.2s E_synops=254,495,915 (1.84x budget) lambda=0.0407
04:30:10 | INFO |     log_alpha: min=-3.01 median=-3.00 max=-2.99 std=0.00 frac_prunable=0.000 frac_saturated=0.000
04:30:37 | INFO | [bayesian_train] epoch 3/75 train_task_loss=1.0306 train_kl=8923.84 beta=0.01000 train_cost=265469034.26 gamma=0.000000 train_acc=0.8769 val_loss=0.0316 val_acc=0.9938 time=27.0s E_synops=253,463,144 (1.83x budget) lambda=0.0825
04:30:37 | INFO |     log_alpha: min=-3.01 median=-2.99 max=-2.99 std=0.00 frac_prunable=0.000 frac_saturated=0.000
04:31:05 | INFO | [bayesian_train] epoch 4/75 train_task_loss=0.9796 train_kl=8906.68 beta=0.01500 train_cost=265997295.95 gamma=0.000000 train_acc=0.8840 val_loss=0.0541 val_acc=0.9906 time=27.3s E_synops=253,888,339 (1.83x budget) lambda=0.1240
04:31:05 | INFO |     log_alpha: min=-3.01 median=-2.98 max=-2.98 std=0.00 frac_prunable=0.000 frac_saturated=0.000
04:31:32 | INFO | [bayesian_train] epoch 5/75 train_task_loss=0.9343 train_kl=8880.90 beta=0.02000 train_cost=265033578.07 gamma=0.000000 train_acc=0.8889 val_loss=0.0334 val_acc=0.9926 time=27.1s E_synops=252,845,398 (1.82x budget) lambda=0.1656
04:31:32 | INFO |     log_alpha: min=-3.00 median=-2.97 max=-2.96 std=0.00 frac_prunable=0.000 frac_saturated=0.000
04:31:59 | INFO | [bayesian_train] epoch 6/75 train_task_loss=0.8297 train_kl=8845.40 beta=0.02500 train_cost=265899449.03 gamma=0.000000 train_acc=0.8949 val_loss=0.0244 val_acc=0.9951 time=27.3s E_synops=253,496,352 (1.83x budget) lambda=0.2068
04:31:59 | INFO |     log_alpha: min=-2.99 median=-2.95 max=-2.94 std=0.00 frac_prunable=0.000 frac_saturated=0.000
04:31:59 | INFO |     gate pressure conv_layers.0: |d task/d log_alpha|=1.134e-03 beta*|d KL/d log_alpha|=1.351e-02 ratio=0.084
04:31:59 | INFO |     gate pressure conv_layers.1: |d task/d log_alpha|=1.520e-03 beta*|d KL/d log_alpha|=1.350e-02 ratio=0.113
04:31:59 | INFO |     gate pressure conv_layers.2: |d task/d log_alpha|=2.043e-03 beta*|d KL/d log_alpha|=1.351e-02 ratio=0.151
04:31:59 | INFO |     gate pressure conv_layers.3: |d task/d log_alpha|=1.978e-03 beta*|d KL/d log_alpha|=1.351e-02 ratio=0.146
04:31:59 | INFO |     gate pressure conv_layers.4: |d task/d log_alpha|=1.639e-03 beta*|d KL/d log_alpha|=1.351e-02 ratio=0.121
04:31:59 | INFO |     gate pressure conv_layers.5: |d task/d log_alpha|=1.232e-03 beta*|d KL/d log_alpha|=1.351e-02 ratio=0.091
04:31:59 | INFO |     gate pressure conv_layers.6: |d task/d log_alpha|=1.074e-03 beta*|d KL/d log_alpha|=1.351e-02 ratio=0.079
04:31:59 | INFO |     gate pressure conv_layers.7: |d task/d log_alpha|=4.549e-04 beta*|d KL/d log_alpha|=1.352e-02 ratio=0.034
04:31:59 | INFO |     gate pressure conv_layers.8: |d task/d log_alpha|=2.304e-04 beta*|d KL/d log_alpha|=1.352e-02 ratio=0.017
04:31:59 | INFO |     gate pressure conv_layers.9: |d task/d log_alpha|=1.656e-04 beta*|d KL/d log_alpha|=1.352e-02 ratio=0.012
04:31:59 | INFO |     gate pressure conv_layers.10: |d task/d log_alpha|=1.396e-04 beta*|d KL/d log_alpha|=1.352e-02 ratio=0.010
04:31:59 | INFO |     gate pressure conv_layers.11: |d task/d log_alpha|=8.079e-05 beta*|d KL/d log_alpha|=1.352e-02 ratio=0.006
04:31:59 | INFO |     gate pressure conv_layers.12: |d task/d log_alpha|=5.769e-05 beta*|d KL/d log_alpha|=1.352e-02 ratio=0.004
04:32:27 | INFO | [bayesian_train] epoch 7/75 train_task_loss=0.7566 train_kl=8797.92 beta=0.03000 train_cost=263387992.66 gamma=0.000000 train_acc=0.8998 val_loss=0.0236 val_acc=0.9939 time=27.5s E_synops=250,864,287 (1.81x budget) lambda=0.2483
04:32:27 | INFO |     log_alpha: min=-2.97 median=-2.93 max=-2.92 std=0.00 frac_prunable=0.000 frac_saturated=0.000
04:32:54 | INFO | [bayesian_train] epoch 8/75 train_task_loss=0.6729 train_kl=8736.21 beta=0.03500 train_cost=263648458.48 gamma=0.000000 train_acc=0.9038 val_loss=0.0193 val_acc=0.9951 time=27.1s E_synops=250,794,693 (1.81x budget) lambda=0.2888
04:32:54 | INFO |     log_alpha: min=-2.94 median=-2.90 max=-2.89 std=0.00 frac_prunable=0.000 frac_saturated=0.000
04:33:21 | INFO | [bayesian_train] epoch 9/75 train_task_loss=0.6201 train_kl=8655.34 beta=0.04000 train_cost=264485828.60 gamma=0.000000 train_acc=0.9011 val_loss=0.0248 val_acc=0.9934 time=27.3s E_synops=251,161,328 (1.81x budget) lambda=0.3292
04:33:21 | INFO |     log_alpha: min=-2.91 median=-2.86 max=-2.85 std=0.00 frac_prunable=0.000 frac_saturated=0.000
04:33:48 | INFO | [bayesian_train] epoch 10/75 train_task_loss=0.5227 train_kl=8549.05 beta=0.04500 train_cost=264128797.54 gamma=0.000000 train_acc=0.9021 val_loss=0.0263 val_acc=0.9926 time=27.1s E_synops=250,237,614 (1.81x budget) lambda=0.3699
04:33:48 | INFO |     log_alpha: min=-2.86 median=-2.80 max=-2.79 std=0.00 frac_prunable=0.000 frac_saturated=0.000
04:34:15 | INFO | [bayesian_train] epoch 11/75 train_task_loss=0.4733 train_kl=8408.77 beta=0.05000 train_cost=263743242.94 gamma=0.000000 train_acc=0.8979 val_loss=0.0233 val_acc=0.9934 time=27.2s E_synops=249,067,184 (1.80x budget) lambda=0.4101
04:34:15 | INFO |     log_alpha: min=-2.80 median=-2.73 max=-2.72 std=0.00 frac_prunable=0.000 frac_saturated=0.000
04:34:15 | INFO |     gate pressure conv_layers.0: |d task/d log_alpha|=9.980e-04 beta*|d KL/d log_alpha|=2.770e-02 ratio=0.036
04:34:15 | INFO |     gate pressure conv_layers.1: |d task/d log_alpha|=1.375e-03 beta*|d KL/d log_alpha|=2.769e-02 ratio=0.050
04:34:15 | INFO |     gate pressure conv_layers.2: |d task/d log_alpha|=1.132e-03 beta*|d KL/d log_alpha|=2.770e-02 ratio=0.041
04:34:15 | INFO |     gate pressure conv_layers.3: |d task/d log_alpha|=1.280e-03 beta*|d KL/d log_alpha|=2.770e-02 ratio=0.046
04:34:15 | INFO |     gate pressure conv_layers.4: |d task/d log_alpha|=1.169e-03 beta*|d KL/d log_alpha|=2.773e-02 ratio=0.042
04:34:15 | INFO |     gate pressure conv_layers.5: |d task/d log_alpha|=1.007e-03 beta*|d KL/d log_alpha|=2.773e-02 ratio=0.036
04:34:15 | INFO |     gate pressure conv_layers.6: |d task/d log_alpha|=7.949e-04 beta*|d KL/d log_alpha|=2.774e-02 ratio=0.029
04:34:15 | INFO |     gate pressure conv_layers.7: |d task/d log_alpha|=3.531e-04 beta*|d KL/d log_alpha|=2.774e-02 ratio=0.013
04:34:15 | INFO |     gate pressure conv_layers.8: |d task/d log_alpha|=1.840e-04 beta*|d KL/d log_alpha|=2.774e-02 ratio=0.007
04:34:15 | INFO |     gate pressure conv_layers.9: |d task/d log_alpha|=1.247e-04 beta*|d KL/d log_alpha|=2.774e-02 ratio=0.004
04:34:15 | INFO |     gate pressure conv_layers.10: |d task/d log_alpha|=1.054e-04 beta*|d KL/d log_alpha|=2.775e-02 ratio=0.004
04:34:15 | INFO |     gate pressure conv_layers.11: |d task/d log_alpha|=7.465e-05 beta*|d KL/d log_alpha|=2.775e-02 ratio=0.003
04:34:15 | INFO |     gate pressure conv_layers.12: |d task/d log_alpha|=8.007e-05 beta*|d KL/d log_alpha|=2.775e-02 ratio=0.003
04:34:43 | INFO | [bayesian_train] epoch 12/75 train_task_loss=0.4321 train_kl=8238.81 beta=0.05000 train_cost=263920476.95 gamma=0.000000 train_acc=0.8907 val_loss=0.0262 val_acc=0.9904 time=27.2s E_synops=248,207,326 (1.79x budget) lambda=0.4500
04:34:43 | INFO |     log_alpha: min=-2.72 median=-2.66 max=-2.65 std=0.00 frac_prunable=0.000 frac_saturated=0.000
04:35:10 | INFO | [bayesian_train] epoch 13/75 train_task_loss=0.4269 train_kl=8049.56 beta=0.05000 train_cost=263928732.90 gamma=0.000000 train_acc=0.8826 val_loss=0.0295 val_acc=0.9883 time=27.3s E_synops=247,006,099 (1.78x budget) lambda=0.4895
04:35:10 | INFO |     log_alpha: min=-2.65 median=-2.57 max=-2.56 std=0.01 frac_prunable=0.000 frac_saturated=0.000
04:35:37 | INFO | [bayesian_train] epoch 14/75 train_task_loss=0.4223 train_kl=7844.33 beta=0.05000 train_cost=264337648.64 gamma=0.000000 train_acc=0.8744 val_loss=0.0373 val_acc=0.9887 time=27.1s E_synops=245,994,371 (1.77x budget) lambda=0.5287
04:35:37 | INFO |     log_alpha: min=-2.56 median=-2.49 max=-2.47 std=0.01 frac_prunable=0.000 frac_saturated=0.000
04:36:04 | INFO | [bayesian_train] epoch 15/75 train_task_loss=0.4493 train_kl=7628.65 beta=0.05000 train_cost=264069206.75 gamma=0.000000 train_acc=0.8624 val_loss=0.0474 val_acc=0.9859 time=27.2s E_synops=244,188,048 (1.76x budget) lambda=0.5674
04:36:04 | INFO |     log_alpha: min=-2.48 median=-2.40 max=-2.38 std=0.01 frac_prunable=0.000 frac_saturated=0.000
04:36:31 | INFO | [bayesian_train] epoch 16/75 train_task_loss=0.4641 train_kl=7405.68 beta=0.05000 train_cost=265592063.91 gamma=0.000000 train_acc=0.8528 val_loss=0.0518 val_acc=0.9826 time=27.0s E_synops=243,875,062 (1.76x budget) lambda=0.6055
04:36:31 | INFO |     log_alpha: min=-2.39 median=-2.30 max=-2.29 std=0.01 frac_prunable=0.000 frac_saturated=0.000
04:36:31 | INFO |     gate pressure conv_layers.0: |d task/d log_alpha|=7.743e-04 beta*|d KL/d log_alpha|=2.946e-02 ratio=0.026
04:36:31 | INFO |     gate pressure conv_layers.1: |d task/d log_alpha|=1.083e-03 beta*|d KL/d log_alpha|=2.944e-02 ratio=0.037
04:36:31 | INFO |     gate pressure conv_layers.2: |d task/d log_alpha|=8.953e-04 beta*|d KL/d log_alpha|=2.946e-02 ratio=0.030
04:36:31 | INFO |     gate pressure conv_layers.3: |d task/d log_alpha|=1.123e-03 beta*|d KL/d log_alpha|=2.946e-02 ratio=0.038
04:36:31 | INFO |     gate pressure conv_layers.4: |d task/d log_alpha|=8.583e-04 beta*|d KL/d log_alpha|=2.951e-02 ratio=0.029
04:36:31 | INFO |     gate pressure conv_layers.5: |d task/d log_alpha|=8.344e-04 beta*|d KL/d log_alpha|=2.952e-02 ratio=0.028
04:36:31 | INFO |     gate pressure conv_layers.6: |d task/d log_alpha|=6.966e-04 beta*|d KL/d log_alpha|=2.953e-02 ratio=0.024
04:36:31 | INFO |     gate pressure conv_layers.7: |d task/d log_alpha|=3.199e-04 beta*|d KL/d log_alpha|=2.954e-02 ratio=0.011
04:36:31 | INFO |     gate pressure conv_layers.8: |d task/d log_alpha|=1.810e-04 beta*|d KL/d log_alpha|=2.954e-02 ratio=0.006
04:36:31 | INFO |     gate pressure conv_layers.9: |d task/d log_alpha|=1.214e-04 beta*|d KL/d log_alpha|=2.954e-02 ratio=0.004
04:36:31 | INFO |     gate pressure conv_layers.10: |d task/d log_alpha|=1.121e-04 beta*|d KL/d log_alpha|=2.954e-02 ratio=0.004
04:36:31 | INFO |     gate pressure conv_layers.11: |d task/d log_alpha|=9.075e-05 beta*|d KL/d log_alpha|=2.954e-02 ratio=0.003
04:36:31 | INFO |     gate pressure conv_layers.12: |d task/d log_alpha|=1.077e-04 beta*|d KL/d log_alpha|=2.955e-02 ratio=0.004
04:36:58 | INFO | [bayesian_train] epoch 17/75 train_task_loss=0.4902 train_kl=7178.35 beta=0.05000 train_cost=267764111.50 gamma=0.000000 train_acc=0.8451 val_loss=0.0562 val_acc=0.9836 time=27.2s E_synops=243,992,462 (1.76x budget) lambda=0.6435
04:36:58 | INFO |     log_alpha: min=-2.31 median=-2.21 max=-2.20 std=0.01 frac_prunable=0.000 frac_saturated=0.000
04:37:26 | INFO | [bayesian_train] epoch 18/75 train_task_loss=0.5194 train_kl=6950.15 beta=0.05000 train_cost=266671216.32 gamma=0.000000 train_acc=0.8360 val_loss=0.0684 val_acc=0.9791 time=27.5s E_synops=241,001,392 (1.74x budget) lambda=0.6815
04:37:26 | INFO |     log_alpha: min=-2.23 median=-2.12 max=-2.11 std=0.01 frac_prunable=0.000 frac_saturated=0.000
04:37:53 | INFO | [bayesian_train] epoch 19/75 train_task_loss=0.5514 train_kl=6723.49 beta=0.05000 train_cost=267405608.89 gamma=0.000000 train_acc=0.8237 val_loss=0.0741 val_acc=0.9791 time=27.1s E_synops=239,563,561 (1.73x budget) lambda=0.7185
04:37:53 | INFO |     log_alpha: min=-2.14 median=-2.04 max=-2.02 std=0.01 frac_prunable=0.000 frac_saturated=0.000
04:38:20 | INFO | [bayesian_train] epoch 20/75 train_task_loss=0.5938 train_kl=6500.81 beta=0.05000 train_cost=269508299.40 gamma=0.000000 train_acc=0.8132 val_loss=0.0865 val_acc=0.9789 time=27.1s E_synops=239,248,010 (1.73x budget) lambda=0.7549
04:38:20 | INFO |     log_alpha: min=-2.06 median=-1.95 max=-1.94 std=0.01 frac_prunable=0.000 frac_saturated=0.000
04:38:47 | INFO | [bayesian_train] epoch 21/75 train_task_loss=0.6224 train_kl=6281.12 beta=0.05000 train_cost=269498166.15 gamma=0.000000 train_acc=0.8036 val_loss=0.1064 val_acc=0.9682 time=27.0s E_synops=236,950,637 (1.71x budget) lambda=0.7912
04:38:47 | INFO |     log_alpha: min=-1.99 median=-1.87 max=-1.85 std=0.01 frac_prunable=0.000 frac_saturated=0.000
04:38:47 | INFO |     gate pressure conv_layers.0: |d task/d log_alpha|=1.415e-03 beta*|d KL/d log_alpha|=3.127e-02 ratio=0.045
04:38:47 | INFO |     gate pressure conv_layers.1: |d task/d log_alpha|=1.311e-03 beta*|d KL/d log_alpha|=3.124e-02 ratio=0.042
04:38:47 | INFO |     gate pressure conv_layers.2: |d task/d log_alpha|=1.141e-03 beta*|d KL/d log_alpha|=3.126e-02 ratio=0.037
04:38:47 | INFO |     gate pressure conv_layers.3: |d task/d log_alpha|=1.425e-03 beta*|d KL/d log_alpha|=3.127e-02 ratio=0.046
04:38:47 | INFO |     gate pressure conv_layers.4: |d task/d log_alpha|=1.195e-03 beta*|d KL/d log_alpha|=3.131e-02 ratio=0.038
04:38:47 | INFO |     gate pressure conv_layers.5: |d task/d log_alpha|=9.918e-04 beta*|d KL/d log_alpha|=3.132e-02 ratio=0.032
04:38:47 | INFO |     gate pressure conv_layers.6: |d task/d log_alpha|=1.018e-03 beta*|d KL/d log_alpha|=3.134e-02 ratio=0.032
04:38:47 | INFO |     gate pressure conv_layers.7: |d task/d log_alpha|=4.687e-04 beta*|d KL/d log_alpha|=3.135e-02 ratio=0.015
04:38:47 | INFO |     gate pressure conv_layers.8: |d task/d log_alpha|=2.696e-04 beta*|d KL/d log_alpha|=3.135e-02 ratio=0.009
04:38:47 | INFO |     gate pressure conv_layers.9: |d task/d log_alpha|=1.915e-04 beta*|d KL/d log_alpha|=3.135e-02 ratio=0.006
04:38:47 | INFO |     gate pressure conv_layers.10: |d task/d log_alpha|=1.673e-04 beta*|d KL/d log_alpha|=3.135e-02 ratio=0.005
04:38:47 | INFO |     gate pressure conv_layers.11: |d task/d log_alpha|=1.291e-04 beta*|d KL/d log_alpha|=3.135e-02 ratio=0.004
04:38:47 | INFO |     gate pressure conv_layers.12: |d task/d log_alpha|=1.662e-04 beta*|d KL/d log_alpha|=3.135e-02 ratio=0.005
04:39:14 | INFO | [bayesian_train] epoch 22/75 train_task_loss=0.6621 train_kl=6064.68 beta=0.05000 train_cost=272105796.83 gamma=0.000000 train_acc=0.7922 val_loss=0.1298 val_acc=0.9613 time=27.1s E_synops=236,844,398 (1.71x budget) lambda=0.8267
04:39:14 | INFO |     log_alpha: min=-1.92 median=-1.79 max=-1.77 std=0.01 frac_prunable=0.000 frac_saturated=0.000
04:39:41 | INFO | [bayesian_train] epoch 23/75 train_task_loss=0.6960 train_kl=5851.50 beta=0.05000 train_cost=273701337.16 gamma=0.000000 train_acc=0.7812 val_loss=0.1356 val_acc=0.9615 time=27.1s E_synops=235,732,843 (1.70x budget) lambda=0.8621
04:39:41 | INFO |     log_alpha: min=-1.84 median=-1.71 max=-1.69 std=0.01 frac_prunable=0.000 frac_saturated=0.000
04:40:09 | INFO | [bayesian_train] epoch 24/75 train_task_loss=0.7511 train_kl=5642.85 beta=0.05000 train_cost=273742928.32 gamma=0.000000 train_acc=0.7642 val_loss=0.1624 val_acc=0.9533 time=27.4s E_synops=233,194,352 (1.68x budget) lambda=0.8972
04:40:09 | INFO |     log_alpha: min=-1.77 median=-1.63 max=-1.62 std=0.01 frac_prunable=0.000 frac_saturated=0.000
04:40:36 | INFO | [bayesian_train] epoch 25/75 train_task_loss=0.7940 train_kl=5437.14 beta=0.05000 train_cost=274831704.62 gamma=0.000000 train_acc=0.7537 val_loss=0.1817 val_acc=0.9434 time=27.3s E_synops=231,445,458 (1.67x budget) lambda=0.9313
04:40:36 | INFO |     log_alpha: min=-1.70 median=-1.56 max=-1.54 std=0.01 frac_prunable=0.000 frac_saturated=0.000
04:41:03 | INFO | [bayesian_train] epoch 26/75 train_task_loss=0.8252 train_kl=5233.27 beta=0.05000 train_cost=276060026.80 gamma=0.000000 train_acc=0.7428 val_loss=0.2068 val_acc=0.9365 time=27.1s E_synops=229,678,116 (1.66x budget) lambda=0.9648
04:41:03 | INFO |     log_alpha: min=-1.63 median=-1.48 max=-1.47 std=0.01 frac_prunable=0.000 frac_saturated=0.000
04:41:03 | INFO |     gate pressure conv_layers.0: |d task/d log_alpha|=1.653e-03 beta*|d KL/d log_alpha|=3.188e-02 ratio=0.052
04:41:03 | INFO |     gate pressure conv_layers.1: |d task/d log_alpha|=1.848e-03 beta*|d KL/d log_alpha|=3.190e-02 ratio=0.058
04:41:03 | INFO |     gate pressure conv_layers.2: |d task/d log_alpha|=1.588e-03 beta*|d KL/d log_alpha|=3.189e-02 ratio=0.050
04:41:03 | INFO |     gate pressure conv_layers.3: |d task/d log_alpha|=1.552e-03 beta*|d KL/d log_alpha|=3.189e-02 ratio=0.049
04:41:03 | INFO |     gate pressure conv_layers.4: |d task/d log_alpha|=1.300e-03 beta*|d KL/d log_alpha|=3.188e-02 ratio=0.041
04:41:03 | INFO |     gate pressure conv_layers.5: |d task/d log_alpha|=1.265e-03 beta*|d KL/d log_alpha|=3.188e-02 ratio=0.040
04:41:03 | INFO |     gate pressure conv_layers.6: |d task/d log_alpha|=1.084e-03 beta*|d KL/d log_alpha|=3.187e-02 ratio=0.034
04:41:03 | INFO |     gate pressure conv_layers.7: |d task/d log_alpha|=5.929e-04 beta*|d KL/d log_alpha|=3.187e-02 ratio=0.019
04:41:03 | INFO |     gate pressure conv_layers.8: |d task/d log_alpha|=3.413e-04 beta*|d KL/d log_alpha|=3.187e-02 ratio=0.011
04:41:03 | INFO |     gate pressure conv_layers.9: |d task/d log_alpha|=2.486e-04 beta*|d KL/d log_alpha|=3.187e-02 ratio=0.008
04:41:03 | INFO |     gate pressure conv_layers.10: |d task/d log_alpha|=1.997e-04 beta*|d KL/d log_alpha|=3.187e-02 ratio=0.006
04:41:03 | INFO |     gate pressure conv_layers.11: |d task/d log_alpha|=1.577e-04 beta*|d KL/d log_alpha|=3.187e-02 ratio=0.005
04:41:03 | INFO |     gate pressure conv_layers.12: |d task/d log_alpha|=1.964e-04 beta*|d KL/d log_alpha|=3.187e-02 ratio=0.006
04:41:30 | INFO | [bayesian_train] epoch 27/75 train_task_loss=0.8682 train_kl=5033.24 beta=0.05000 train_cost=277841601.46 gamma=0.000000 train_acc=0.7289 val_loss=0.2162 val_acc=0.9348 time=27.1s E_synops=228,251,110 (1.65x budget) lambda=0.9977
04:41:30 | INFO |     log_alpha: min=-1.56 median=-1.41 max=-1.39 std=0.01 frac_prunable=0.000 frac_saturated=0.000
04:41:58 | INFO | [bayesian_train] epoch 28/75 train_task_loss=0.9181 train_kl=4837.42 beta=0.05000 train_cost=278022198.70 gamma=0.000000 train_acc=0.7125 val_loss=0.2409 val_acc=0.9242 time=28.0s E_synops=225,409,235 (1.63x budget) lambda=1.0300
04:41:58 | INFO |     log_alpha: min=-1.50 median=-1.33 max=-1.32 std=0.01 frac_prunable=0.000 frac_saturated=0.000
04:42:26 | INFO | [bayesian_train] epoch 29/75 train_task_loss=0.9596 train_kl=4645.17 beta=0.05000 train_cost=279321079.25 gamma=0.000000 train_acc=0.7000 val_loss=0.2671 val_acc=0.9150 time=27.6s E_synops=223,353,601 (1.61x budget) lambda=1.0614
04:42:26 | INFO |     log_alpha: min=-1.43 median=-1.26 max=-1.25 std=0.01 frac_prunable=0.000 frac_saturated=0.000
04:42:53 | INFO | [bayesian_train] epoch 30/75 train_task_loss=0.9944 train_kl=4457.67 beta=0.05000 train_cost=280080351.00 gamma=0.000000 train_acc=0.6885 val_loss=0.2723 val_acc=0.9139 time=27.2s E_synops=220,768,135 (1.59x budget) lambda=1.0919
04:42:53 | INFO |     log_alpha: min=-1.36 median=-1.19 max=-1.18 std=0.01 frac_prunable=0.000 frac_saturated=0.000
04:43:20 | INFO | [bayesian_train] epoch 31/75 train_task_loss=1.0435 train_kl=4276.08 beta=0.05000 train_cost=280467484.08 gamma=0.000000 train_acc=0.6722 val_loss=0.3012 val_acc=0.9012 time=27.0s E_synops=217,812,058 (1.57x budget) lambda=1.1216
04:43:20 | INFO |     log_alpha: min=-1.30 median=-1.12 max=-1.11 std=0.01 frac_prunable=0.000 frac_saturated=0.000
04:43:20 | INFO |     gate pressure conv_layers.0: |d task/d log_alpha|=1.581e-03 beta*|d KL/d log_alpha|=3.074e-02 ratio=0.051
04:43:20 | INFO |     gate pressure conv_layers.1: |d task/d log_alpha|=2.015e-03 beta*|d KL/d log_alpha|=3.080e-02 ratio=0.065
04:43:20 | INFO |     gate pressure conv_layers.2: |d task/d log_alpha|=1.796e-03 beta*|d KL/d log_alpha|=3.078e-02 ratio=0.058
04:43:20 | INFO |     gate pressure conv_layers.3: |d task/d log_alpha|=2.163e-03 beta*|d KL/d log_alpha|=3.076e-02 ratio=0.070
04:43:20 | INFO |     gate pressure conv_layers.4: |d task/d log_alpha|=1.632e-03 beta*|d KL/d log_alpha|=3.066e-02 ratio=0.053
04:43:20 | INFO |     gate pressure conv_layers.5: |d task/d log_alpha|=1.478e-03 beta*|d KL/d log_alpha|=3.064e-02 ratio=0.048
04:43:20 | INFO |     gate pressure conv_layers.6: |d task/d log_alpha|=1.582e-03 beta*|d KL/d log_alpha|=3.059e-02 ratio=0.052
04:43:20 | INFO |     gate pressure conv_layers.7: |d task/d log_alpha|=7.894e-04 beta*|d KL/d log_alpha|=3.056e-02 ratio=0.026
04:43:20 | INFO |     gate pressure conv_layers.8: |d task/d log_alpha|=4.815e-04 beta*|d KL/d log_alpha|=3.056e-02 ratio=0.016
04:43:20 | INFO |     gate pressure conv_layers.9: |d task/d log_alpha|=3.172e-04 beta*|d KL/d log_alpha|=3.056e-02 ratio=0.010
04:43:20 | INFO |     gate pressure conv_layers.10: |d task/d log_alpha|=2.715e-04 beta*|d KL/d log_alpha|=3.055e-02 ratio=0.009
04:43:20 | INFO |     gate pressure conv_layers.11: |d task/d log_alpha|=2.084e-04 beta*|d KL/d log_alpha|=3.056e-02 ratio=0.007
04:43:20 | INFO |     gate pressure conv_layers.12: |d task/d log_alpha|=2.471e-04 beta*|d KL/d log_alpha|=3.056e-02 ratio=0.008
04:43:48 | INFO | [bayesian_train] epoch 32/75 train_task_loss=1.0878 train_kl=4099.55 beta=0.05000 train_cost=282762647.89 gamma=0.000000 train_acc=0.6577 val_loss=0.3117 val_acc=0.8980 time=27.2s E_synops=216,237,520 (1.56x budget) lambda=1.1502
04:43:48 | INFO |     log_alpha: min=-1.23 median=-1.06 max=-1.04 std=0.01 frac_prunable=0.000 frac_saturated=0.000
04:44:15 | INFO | [bayesian_train] epoch 33/75 train_task_loss=1.1338 train_kl=3930.49 beta=0.05000 train_cost=282428988.99 gamma=0.000000 train_acc=0.6404 val_loss=0.3338 val_acc=0.8902 time=27.0s E_synops=212,605,838 (1.53x budget) lambda=1.1782
04:44:15 | INFO |     log_alpha: min=-1.17 median=-0.99 max=-0.98 std=0.01 frac_prunable=0.000 frac_saturated=0.000
04:44:42 | INFO | [bayesian_train] epoch 34/75 train_task_loss=1.1691 train_kl=3766.96 beta=0.05000 train_cost=284028787.51 gamma=0.000000 train_acc=0.6317 val_loss=0.3640 val_acc=0.8803 time=26.9s E_synops=210,358,978 (1.52x budget) lambda=1.2049
04:44:42 | INFO |     log_alpha: min=-1.11 median=-0.92 max=-0.91 std=0.01 frac_prunable=0.000 frac_saturated=0.000
04:45:09 | INFO | [bayesian_train] epoch 35/75 train_task_loss=1.2233 train_kl=3609.66 beta=0.05000 train_cost=286429946.71 gamma=0.000000 train_acc=0.6104 val_loss=0.3740 val_acc=0.8781 time=27.2s E_synops=208,618,111 (1.51x budget) lambda=1.2308
04:45:09 | INFO |     log_alpha: min=-1.04 median=-0.86 max=-0.85 std=0.01 frac_prunable=0.000 frac_saturated=0.000
04:45:36 | INFO | [bayesian_train] epoch 36/75 train_task_loss=1.2659 train_kl=3458.79 beta=0.05000 train_cost=286792136.84 gamma=0.000000 train_acc=0.5977 val_loss=0.4081 val_acc=0.8629 time=27.1s E_synops=205,329,479 (1.48x budget) lambda=1.2560
04:45:36 | INFO |     log_alpha: min=-0.98 median=-0.80 max=-0.79 std=0.01 frac_prunable=0.000 frac_saturated=0.000
04:45:36 | INFO |     gate pressure conv_layers.0: |d task/d log_alpha|=1.753e-03 beta*|d KL/d log_alpha|=2.808e-02 ratio=0.062
04:45:36 | INFO |     gate pressure conv_layers.1: |d task/d log_alpha|=2.112e-03 beta*|d KL/d log_alpha|=2.815e-02 ratio=0.075
04:45:36 | INFO |     gate pressure conv_layers.2: |d task/d log_alpha|=1.633e-03 beta*|d KL/d log_alpha|=2.815e-02 ratio=0.058
04:45:36 | INFO |     gate pressure conv_layers.3: |d task/d log_alpha|=2.107e-03 beta*|d KL/d log_alpha|=2.813e-02 ratio=0.075
04:45:36 | INFO |     gate pressure conv_layers.4: |d task/d log_alpha|=1.846e-03 beta*|d KL/d log_alpha|=2.797e-02 ratio=0.066
04:45:36 | INFO |     gate pressure conv_layers.5: |d task/d log_alpha|=1.815e-03 beta*|d KL/d log_alpha|=2.791e-02 ratio=0.065
04:45:36 | INFO |     gate pressure conv_layers.6: |d task/d log_alpha|=1.938e-03 beta*|d KL/d log_alpha|=2.784e-02 ratio=0.070
04:45:36 | INFO |     gate pressure conv_layers.7: |d task/d log_alpha|=1.057e-03 beta*|d KL/d log_alpha|=2.779e-02 ratio=0.038
04:45:36 | INFO |     gate pressure conv_layers.8: |d task/d log_alpha|=6.393e-04 beta*|d KL/d log_alpha|=2.777e-02 ratio=0.023
04:45:36 | INFO |     gate pressure conv_layers.9: |d task/d log_alpha|=4.193e-04 beta*|d KL/d log_alpha|=2.777e-02 ratio=0.015
04:45:36 | INFO |     gate pressure conv_layers.10: |d task/d log_alpha|=3.130e-04 beta*|d KL/d log_alpha|=2.777e-02 ratio=0.011
04:45:36 | INFO |     gate pressure conv_layers.11: |d task/d log_alpha|=2.680e-04 beta*|d KL/d log_alpha|=2.777e-02 ratio=0.010
04:45:36 | INFO |     gate pressure conv_layers.12: |d task/d log_alpha|=3.276e-04 beta*|d KL/d log_alpha|=2.779e-02 ratio=0.012
04:46:03 | INFO | [bayesian_train] epoch 37/75 train_task_loss=1.3086 train_kl=3314.40 beta=0.05000 train_cost=287387980.13 gamma=0.000000 train_acc=0.5838 val_loss=0.4192 val_acc=0.8627 time=27.4s E_synops=202,178,989 (1.46x budget) lambda=1.2801
04:46:03 | INFO |     log_alpha: min=-0.92 median=-0.74 max=-0.73 std=0.01 frac_prunable=0.000 frac_saturated=0.000
04:46:31 | INFO | [bayesian_train] epoch 38/75 train_task_loss=1.3493 train_kl=3177.42 beta=0.05000 train_cost=288543050.12 gamma=0.000000 train_acc=0.5699 val_loss=0.4276 val_acc=0.8551 time=27.3s E_synops=199,430,213 (1.44x budget) lambda=1.3031
04:46:31 | INFO |     log_alpha: min=-0.86 median=-0.68 max=-0.67 std=0.01 frac_prunable=0.000 frac_saturated=0.000
04:46:58 | INFO | [bayesian_train] epoch 39/75 train_task_loss=1.3927 train_kl=3046.52 beta=0.05000 train_cost=289559542.88 gamma=0.000000 train_acc=0.5549 val_loss=0.4776 val_acc=0.8381 time=27.1s E_synops=196,543,862 (1.42x budget) lambda=1.3250
04:46:58 | INFO |     log_alpha: min=-0.80 median=-0.62 max=-0.61 std=0.01 frac_prunable=0.000 frac_saturated=0.000
04:47:25 | INFO | [bayesian_train] epoch 40/75 train_task_loss=1.4417 train_kl=2922.10 beta=0.05000 train_cost=291090894.40 gamma=0.000000 train_acc=0.5364 val_loss=0.4733 val_acc=0.8443 time=27.1s E_synops=193,996,408 (1.40x budget) lambda=1.3459
04:47:25 | INFO |     log_alpha: min=-0.75 median=-0.57 max=-0.55 std=0.01 frac_prunable=0.000 frac_saturated=0.000
04:47:52 | INFO | [bayesian_train] epoch 41/75 train_task_loss=1.4734 train_kl=2804.09 beta=0.05000 train_cost=292164508.44 gamma=0.000000 train_acc=0.5204 val_loss=0.4732 val_acc=0.8422 time=27.0s E_synops=191,145,524 (1.38x budget) lambda=1.3659
04:47:52 | INFO |     log_alpha: min=-0.69 median=-0.51 max=-0.50 std=0.01 frac_prunable=0.000 frac_saturated=0.000
04:47:52 | INFO |     gate pressure conv_layers.0: |d task/d log_alpha|=1.527e-03 beta*|d KL/d log_alpha|=2.474e-02 ratio=0.062
04:47:52 | INFO |     gate pressure conv_layers.1: |d task/d log_alpha|=1.931e-03 beta*|d KL/d log_alpha|=2.480e-02 ratio=0.078
04:47:52 | INFO |     gate pressure conv_layers.2: |d task/d log_alpha|=1.723e-03 beta*|d KL/d log_alpha|=2.486e-02 ratio=0.069
04:47:52 | INFO |     gate pressure conv_layers.3: |d task/d log_alpha|=2.016e-03 beta*|d KL/d log_alpha|=2.483e-02 ratio=0.081
04:47:52 | INFO |     gate pressure conv_layers.4: |d task/d log_alpha|=1.799e-03 beta*|d KL/d log_alpha|=2.465e-02 ratio=0.073
04:47:52 | INFO |     gate pressure conv_layers.5: |d task/d log_alpha|=1.882e-03 beta*|d KL/d log_alpha|=2.458e-02 ratio=0.077
04:47:52 | INFO |     gate pressure conv_layers.6: |d task/d log_alpha|=1.684e-03 beta*|d KL/d log_alpha|=2.450e-02 ratio=0.069
04:47:52 | INFO |     gate pressure conv_layers.7: |d task/d log_alpha|=8.790e-04 beta*|d KL/d log_alpha|=2.444e-02 ratio=0.036
04:47:52 | INFO |     gate pressure conv_layers.8: |d task/d log_alpha|=5.587e-04 beta*|d KL/d log_alpha|=2.442e-02 ratio=0.023
04:47:52 | INFO |     gate pressure conv_layers.9: |d task/d log_alpha|=3.968e-04 beta*|d KL/d log_alpha|=2.442e-02 ratio=0.016
04:47:52 | INFO |     gate pressure conv_layers.10: |d task/d log_alpha|=3.200e-04 beta*|d KL/d log_alpha|=2.441e-02 ratio=0.013
04:47:52 | INFO |     gate pressure conv_layers.11: |d task/d log_alpha|=2.892e-04 beta*|d KL/d log_alpha|=2.442e-02 ratio=0.012
04:47:52 | INFO |     gate pressure conv_layers.12: |d task/d log_alpha|=3.835e-04 beta*|d KL/d log_alpha|=2.446e-02 ratio=0.016
04:48:19 | INFO | [bayesian_train] epoch 42/75 train_task_loss=1.5143 train_kl=2692.03 beta=0.05000 train_cost=291379956.06 gamma=0.000000 train_acc=0.5121 val_loss=0.5027 val_acc=0.8281 time=27.4s E_synops=187,106,413 (1.35x budget) lambda=1.3849
04:48:19 | INFO |     log_alpha: min=-0.64 median=-0.46 max=-0.44 std=0.01 frac_prunable=0.000 frac_saturated=0.000
04:48:46 | INFO | [bayesian_train] epoch 43/75 train_task_loss=1.5703 train_kl=2585.86 beta=0.05000 train_cost=291623557.47 gamma=0.000000 train_acc=0.4911 val_loss=0.5088 val_acc=0.8281 time=27.1s E_synops=183,770,914 (1.33x budget) lambda=1.4024
04:48:46 | INFO |     log_alpha: min=-0.58 median=-0.41 max=-0.38 std=0.01 frac_prunable=0.000 frac_saturated=0.000
04:49:14 | INFO | [bayesian_train] epoch 44/75 train_task_loss=1.5889 train_kl=2485.30 beta=0.05000 train_cost=293598129.96 gamma=0.000000 train_acc=0.4819 val_loss=0.5286 val_acc=0.8219 time=27.1s E_synops=181,557,484 (1.31x budget) lambda=1.4187
04:49:14 | INFO |     log_alpha: min=-0.53 median=-0.36 max=-0.33 std=0.01 frac_prunable=0.000 frac_saturated=0.000
04:49:41 | INFO | [bayesian_train] epoch 45/75 train_task_loss=1.6287 train_kl=2390.28 beta=0.05000 train_cost=295946191.50 gamma=0.000000 train_acc=0.4690 val_loss=0.5431 val_acc=0.8127 time=27.1s E_synops=179,577,823 (1.30x budget) lambda=1.4342
04:49:41 | INFO |     log_alpha: min=-0.48 median=-0.31 max=-0.28 std=0.01 frac_prunable=0.000 frac_saturated=0.000
04:50:08 | INFO | [bayesian_train] epoch 46/75 train_task_loss=1.6766 train_kl=2300.47 beta=0.05000 train_cost=294578916.01 gamma=0.000000 train_acc=0.4519 val_loss=0.5462 val_acc=0.8137 time=27.1s E_synops=175,395,572 (1.27x budget) lambda=1.4490
04:50:08 | INFO |     log_alpha: min=-0.43 median=-0.26 max=-0.22 std=0.01 frac_prunable=0.000 frac_saturated=0.000
04:50:08 | INFO |     gate pressure conv_layers.0: |d task/d log_alpha|=1.150e-03 beta*|d KL/d log_alpha|=2.145e-02 ratio=0.054
04:50:08 | INFO |     gate pressure conv_layers.1: |d task/d log_alpha|=1.769e-03 beta*|d KL/d log_alpha|=2.148e-02 ratio=0.082
04:50:08 | INFO |     gate pressure conv_layers.2: |d task/d log_alpha|=1.594e-03 beta*|d KL/d log_alpha|=2.161e-02 ratio=0.074
04:50:08 | INFO |     gate pressure conv_layers.3: |d task/d log_alpha|=2.246e-03 beta*|d KL/d log_alpha|=2.158e-02 ratio=0.104
04:50:08 | INFO |     gate pressure conv_layers.4: |d task/d log_alpha|=1.590e-03 beta*|d KL/d log_alpha|=2.143e-02 ratio=0.074
04:50:08 | INFO |     gate pressure conv_layers.5: |d task/d log_alpha|=1.785e-03 beta*|d KL/d log_alpha|=2.136e-02 ratio=0.084
04:50:08 | INFO |     gate pressure conv_layers.6: |d task/d log_alpha|=1.931e-03 beta*|d KL/d log_alpha|=2.128e-02 ratio=0.091
04:50:08 | INFO |     gate pressure conv_layers.7: |d task/d log_alpha|=9.707e-04 beta*|d KL/d log_alpha|=2.121e-02 ratio=0.046
04:50:08 | INFO |     gate pressure conv_layers.8: |d task/d log_alpha|=6.379e-04 beta*|d KL/d log_alpha|=2.119e-02 ratio=0.030
04:50:08 | INFO |     gate pressure conv_layers.9: |d task/d log_alpha|=4.375e-04 beta*|d KL/d log_alpha|=2.119e-02 ratio=0.021
04:50:08 | INFO |     gate pressure conv_layers.10: |d task/d log_alpha|=3.998e-04 beta*|d KL/d log_alpha|=2.119e-02 ratio=0.019
04:50:08 | INFO |     gate pressure conv_layers.11: |d task/d log_alpha|=3.024e-04 beta*|d KL/d log_alpha|=2.120e-02 ratio=0.014
04:50:08 | INFO |     gate pressure conv_layers.12: |d task/d log_alpha|=4.714e-04 beta*|d KL/d log_alpha|=2.125e-02 ratio=0.022
04:50:35 | INFO | [bayesian_train] epoch 47/75 train_task_loss=1.7330 train_kl=2215.39 beta=0.05000 train_cost=296423092.60 gamma=0.000000 train_acc=0.4308 val_loss=0.5820 val_acc=0.7998 time=27.0s E_synops=173,185,548 (1.25x budget) lambda=1.4622
04:50:35 | INFO |     log_alpha: min=-0.38 median=-0.21 max=-0.17 std=0.01 frac_prunable=0.000 frac_saturated=0.000
04:51:02 | INFO | [bayesian_train] epoch 48/75 train_task_loss=1.7572 train_kl=2134.69 beta=0.05000 train_cost=299618939.26 gamma=0.000000 train_acc=0.4205 val_loss=0.5936 val_acc=0.7947 time=27.3s E_synops=171,765,026 (1.24x budget) lambda=1.4747
04:51:02 | INFO |     log_alpha: min=-0.33 median=-0.17 max=-0.12 std=0.01 frac_prunable=0.000 frac_saturated=0.000
04:51:29 | INFO | [bayesian_train] epoch 49/75 train_task_loss=1.7892 train_kl=2058.31 beta=0.05000 train_cost=298936869.20 gamma=0.000000 train_acc=0.4096 val_loss=0.5912 val_acc=0.8014 time=27.0s E_synops=168,161,178 (1.21x budget) lambda=1.4867
04:51:29 | INFO |     log_alpha: min=-0.29 median=-0.12 max=-0.07 std=0.01 frac_prunable=0.000 frac_saturated=0.000
04:51:56 | INFO | [bayesian_train] epoch 50/75 train_task_loss=1.8303 train_kl=1986.32 beta=0.05000 train_cost=299647164.63 gamma=0.000000 train_acc=0.3970 val_loss=0.6173 val_acc=0.7889 time=27.3s E_synops=165,428,177 (1.19x budget) lambda=1.4974
04:51:56 | INFO |     log_alpha: min=-0.24 median=-0.08 max=-0.03 std=0.01 frac_prunable=0.000 frac_saturated=0.000
04:52:24 | INFO | [bayesian_train] epoch 51/75 train_task_loss=1.8729 train_kl=1918.08 beta=0.05000 train_cost=299808776.66 gamma=0.000000 train_acc=0.3773 val_loss=0.6244 val_acc=0.7953 time=27.5s E_synops=162,450,454 (1.17x budget) lambda=1.5070
04:52:24 | INFO |     log_alpha: min=-0.20 median=-0.04 max=0.02 std=0.01 frac_prunable=0.000 frac_saturated=0.000
04:52:24 | INFO |     gate pressure conv_layers.0: |d task/d log_alpha|=1.395e-03 beta*|d KL/d log_alpha|=1.856e-02 ratio=0.075
04:52:24 | INFO |     gate pressure conv_layers.1: |d task/d log_alpha|=2.287e-03 beta*|d KL/d log_alpha|=1.856e-02 ratio=0.123
04:52:24 | INFO |     gate pressure conv_layers.2: |d task/d log_alpha|=1.693e-03 beta*|d KL/d log_alpha|=1.876e-02 ratio=0.090
04:52:24 | INFO |     gate pressure conv_layers.3: |d task/d log_alpha|=2.239e-03 beta*|d KL/d log_alpha|=1.875e-02 ratio=0.119
04:52:24 | INFO |     gate pressure conv_layers.4: |d task/d log_alpha|=1.730e-03 beta*|d KL/d log_alpha|=1.862e-02 ratio=0.093
04:52:24 | INFO |     gate pressure conv_layers.5: |d task/d log_alpha|=1.883e-03 beta*|d KL/d log_alpha|=1.855e-02 ratio=0.102
04:52:24 | INFO |     gate pressure conv_layers.6: |d task/d log_alpha|=1.845e-03 beta*|d KL/d log_alpha|=1.848e-02 ratio=0.100
04:52:24 | INFO |     gate pressure conv_layers.7: |d task/d log_alpha|=9.973e-04 beta*|d KL/d log_alpha|=1.842e-02 ratio=0.054
04:52:24 | INFO |     gate pressure conv_layers.8: |d task/d log_alpha|=6.858e-04 beta*|d KL/d log_alpha|=1.840e-02 ratio=0.037
04:52:24 | INFO |     gate pressure conv_layers.9: |d task/d log_alpha|=4.799e-04 beta*|d KL/d log_alpha|=1.840e-02 ratio=0.026
04:52:24 | INFO |     gate pressure conv_layers.10: |d task/d log_alpha|=4.647e-04 beta*|d KL/d log_alpha|=1.840e-02 ratio=0.025
04:52:24 | INFO |     gate pressure conv_layers.11: |d task/d log_alpha|=3.883e-04 beta*|d KL/d log_alpha|=1.841e-02 ratio=0.021
04:52:24 | INFO |     gate pressure conv_layers.12: |d task/d log_alpha|=5.087e-04 beta*|d KL/d log_alpha|=1.847e-02 ratio=0.028
04:52:51 | INFO | [bayesian_train] epoch 52/75 train_task_loss=1.8953 train_kl=1853.73 beta=0.05000 train_cost=300102829.86 gamma=0.000000 train_acc=0.3711 val_loss=0.6225 val_acc=0.7922 time=27.1s E_synops=159,633,844 (1.15x budget) lambda=1.5157
04:52:51 | INFO |     log_alpha: min=-0.15 median=0.00 max=0.06 std=0.01 frac_prunable=0.000 frac_saturated=0.000
04:53:18 | INFO | [bayesian_train] epoch 53/75 train_task_loss=1.9307 train_kl=1792.77 beta=0.05000 train_cost=299257340.81 gamma=0.000000 train_acc=0.3550 val_loss=0.6218 val_acc=0.7879 time=27.2s E_synops=156,289,435 (1.13x budget) lambda=1.5232
04:53:18 | INFO |     log_alpha: min=-0.11 median=0.04 max=0.11 std=0.01 frac_prunable=0.000 frac_saturated=0.000
04:53:45 | INFO | [bayesian_train] epoch 54/75 train_task_loss=1.9707 train_kl=1735.09 beta=0.05000 train_cost=301576111.59 gamma=0.000000 train_acc=0.3429 val_loss=0.6477 val_acc=0.7820 time=27.1s E_synops=154,662,361 (1.12x budget) lambda=1.5296
04:53:45 | INFO |     log_alpha: min=-0.07 median=0.08 max=0.15 std=0.01 frac_prunable=0.000 frac_saturated=0.000
04:54:12 | INFO | [bayesian_train] epoch 55/75 train_task_loss=2.0096 train_kl=1680.37 beta=0.05000 train_cost=302599200.46 gamma=0.000000 train_acc=0.3270 val_loss=0.6447 val_acc=0.7818 time=27.0s E_synops=152,414,148 (1.10x budget) lambda=1.5354
04:54:12 | INFO |     log_alpha: min=-0.04 median=0.12 max=0.19 std=0.01 frac_prunable=0.000 frac_saturated=0.000
04:54:40 | INFO | [bayesian_train] epoch 56/75 train_task_loss=2.0457 train_kl=1628.35 beta=0.05000 train_cost=302246585.44 gamma=0.000000 train_acc=0.3163 val_loss=0.6816 val_acc=0.7748 time=27.4s E_synops=149,537,927 (1.08x budget) lambda=1.5404
04:54:40 | INFO |     log_alpha: min=-0.00 median=0.16 max=0.23 std=0.01 frac_prunable=0.000 frac_saturated=0.000
04:54:40 | INFO |     gate pressure conv_layers.0: |d task/d log_alpha|=1.232e-03 beta*|d KL/d log_alpha|=1.616e-02 ratio=0.076
04:54:40 | INFO |     gate pressure conv_layers.1: |d task/d log_alpha|=1.912e-03 beta*|d KL/d log_alpha|=1.614e-02 ratio=0.118
04:54:40 | INFO |     gate pressure conv_layers.2: |d task/d log_alpha|=1.546e-03 beta*|d KL/d log_alpha|=1.639e-02 ratio=0.094
04:54:40 | INFO |     gate pressure conv_layers.3: |d task/d log_alpha|=2.454e-03 beta*|d KL/d log_alpha|=1.639e-02 ratio=0.150
04:54:40 | INFO |     gate pressure conv_layers.4: |d task/d log_alpha|=1.778e-03 beta*|d KL/d log_alpha|=1.630e-02 ratio=0.109
04:54:40 | INFO |     gate pressure conv_layers.5: |d task/d log_alpha|=1.764e-03 beta*|d KL/d log_alpha|=1.623e-02 ratio=0.109
04:54:40 | INFO |     gate pressure conv_layers.6: |d task/d log_alpha|=1.941e-03 beta*|d KL/d log_alpha|=1.618e-02 ratio=0.120
04:54:40 | INFO |     gate pressure conv_layers.7: |d task/d log_alpha|=8.369e-04 beta*|d KL/d log_alpha|=1.612e-02 ratio=0.052
04:54:40 | INFO |     gate pressure conv_layers.8: |d task/d log_alpha|=5.996e-04 beta*|d KL/d log_alpha|=1.609e-02 ratio=0.037
04:54:40 | INFO |     gate pressure conv_layers.9: |d task/d log_alpha|=4.422e-04 beta*|d KL/d log_alpha|=1.609e-02 ratio=0.027
04:54:40 | INFO |     gate pressure conv_layers.10: |d task/d log_alpha|=4.388e-04 beta*|d KL/d log_alpha|=1.609e-02 ratio=0.027
04:54:40 | INFO |     gate pressure conv_layers.11: |d task/d log_alpha|=4.058e-04 beta*|d KL/d log_alpha|=1.611e-02 ratio=0.025
04:54:40 | INFO |     gate pressure conv_layers.12: |d task/d log_alpha|=5.117e-04 beta*|d KL/d log_alpha|=1.618e-02 ratio=0.032
04:55:07 | INFO | [bayesian_train] epoch 57/75 train_task_loss=2.0755 train_kl=1579.24 beta=0.05000 train_cost=306153975.07 gamma=0.000000 train_acc=0.3031 val_loss=0.6745 val_acc=0.7738 time=27.6s E_synops=148,826,332 (1.07x budget) lambda=1.5444
04:55:07 | INFO |     log_alpha: min=0.03 median=0.19 max=0.27 std=0.01 frac_prunable=0.000 frac_saturated=0.000
04:55:35 | INFO | [bayesian_train] epoch 58/75 train_task_loss=2.1046 train_kl=1532.58 beta=0.05000 train_cost=304276833.28 gamma=0.000000 train_acc=0.2928 val_loss=0.6821 val_acc=0.7754 time=27.2s E_synops=145,362,904 (1.05x budget) lambda=1.5481
04:55:35 | INFO |     log_alpha: min=0.05 median=0.23 max=0.31 std=0.01 frac_prunable=0.000 frac_saturated=0.000
04:56:02 | INFO | [bayesian_train] epoch 59/75 train_task_loss=2.1395 train_kl=1488.19 beta=0.05000 train_cost=304290348.31 gamma=0.000000 train_acc=0.2803 val_loss=0.6953 val_acc=0.7656 time=27.1s E_synops=142,886,908 (1.03x budget) lambda=1.5505
04:56:02 | INFO |     log_alpha: min=0.08 median=0.26 max=0.35 std=0.01 frac_prunable=0.000 frac_saturated=0.000
04:56:29 | INFO | [bayesian_train] epoch 60/75 train_task_loss=2.1629 train_kl=1445.99 beta=0.05000 train_cost=305166363.17 gamma=0.000000 train_acc=0.2730 val_loss=0.6906 val_acc=0.7703 time=27.6s E_synops=140,880,297 (1.02x budget) lambda=1.5521
04:56:29 | INFO |     log_alpha: min=0.11 median=0.29 max=0.38 std=0.01 frac_prunable=0.000 frac_saturated=0.000
04:56:57 | INFO | [bayesian_train] epoch 61/75 train_task_loss=2.1908 train_kl=1405.90 beta=0.05000 train_cost=305623295.54 gamma=0.000000 train_acc=0.2651 val_loss=0.6941 val_acc=0.7643 time=27.5s E_synops=138,743,391 (1.00x budget) lambda=1.5529
04:56:57 | INFO |     log_alpha: min=0.14 median=0.32 max=0.42 std=0.01 frac_prunable=0.000 frac_saturated=0.000
04:56:57 | INFO |     gate pressure conv_layers.0: |d task/d log_alpha|=1.205e-03 beta*|d KL/d log_alpha|=1.419e-02 ratio=0.085
04:56:57 | INFO |     gate pressure conv_layers.1: |d task/d log_alpha|=2.398e-03 beta*|d KL/d log_alpha|=1.416e-02 ratio=0.169
04:56:57 | INFO |     gate pressure conv_layers.2: |d task/d log_alpha|=1.194e-03 beta*|d KL/d log_alpha|=1.445e-02 ratio=0.083
04:56:57 | INFO |     gate pressure conv_layers.3: |d task/d log_alpha|=2.165e-03 beta*|d KL/d log_alpha|=1.447e-02 ratio=0.150
04:56:57 | INFO |     gate pressure conv_layers.4: |d task/d log_alpha|=1.645e-03 beta*|d KL/d log_alpha|=1.440e-02 ratio=0.114
04:56:57 | INFO |     gate pressure conv_layers.5: |d task/d log_alpha|=1.709e-03 beta*|d KL/d log_alpha|=1.434e-02 ratio=0.119
04:56:57 | INFO |     gate pressure conv_layers.6: |d task/d log_alpha|=1.659e-03 beta*|d KL/d log_alpha|=1.430e-02 ratio=0.116
04:56:57 | INFO |     gate pressure conv_layers.7: |d task/d log_alpha|=9.413e-04 beta*|d KL/d log_alpha|=1.424e-02 ratio=0.066
04:56:57 | INFO |     gate pressure conv_layers.8: |d task/d log_alpha|=6.187e-04 beta*|d KL/d log_alpha|=1.422e-02 ratio=0.044
04:56:57 | INFO |     gate pressure conv_layers.9: |d task/d log_alpha|=4.596e-04 beta*|d KL/d log_alpha|=1.422e-02 ratio=0.032
04:56:57 | INFO |     gate pressure conv_layers.10: |d task/d log_alpha|=4.921e-04 beta*|d KL/d log_alpha|=1.422e-02 ratio=0.035
04:56:57 | INFO |     gate pressure conv_layers.11: |d task/d log_alpha|=4.354e-04 beta*|d KL/d log_alpha|=1.423e-02 ratio=0.031
04:56:57 | INFO |     gate pressure conv_layers.12: |d task/d log_alpha|=5.093e-04 beta*|d KL/d log_alpha|=1.431e-02 ratio=0.036
04:57:24 | INFO | [bayesian_train] epoch 62/75 train_task_loss=2.2303 train_kl=1367.74 beta=0.05000 train_cost=305752704.46 gamma=0.000000 train_acc=0.2516 val_loss=0.6905 val_acc=0.7711 time=27.1s E_synops=136,520,720 (0.99x budget) lambda=1.5529
04:57:24 | INFO |     log_alpha: min=0.16 median=0.35 max=0.45 std=0.01 frac_prunable=0.000 frac_saturated=0.000
04:57:51 | INFO | [bayesian_train] epoch 63/75 train_task_loss=2.2670 train_kl=1331.45 beta=0.05000 train_cost=305962565.11 gamma=0.000000 train_acc=0.2391 val_loss=0.6932 val_acc=0.7701 time=27.2s E_synops=134,406,976 (0.97x budget) lambda=1.5522
04:57:51 | INFO |     log_alpha: min=0.19 median=0.39 max=0.49 std=0.01 frac_prunable=0.000 frac_saturated=0.000
04:58:18 | INFO | [bayesian_train] epoch 64/75 train_task_loss=2.2967 train_kl=1296.89 beta=0.05000 train_cost=307240990.09 gamma=0.000000 train_acc=0.2281 val_loss=0.7034 val_acc=0.7646 time=27.4s E_synops=132,814,873 (0.96x budget) lambda=1.5507
04:58:18 | INFO |     log_alpha: min=0.21 median=0.41 max=0.52 std=0.01 frac_prunable=0.000 frac_saturated=0.000
04:58:46 | INFO | [bayesian_train] epoch 65/75 train_task_loss=2.3192 train_kl=1264.05 beta=0.05000 train_cost=306890544.14 gamma=0.000000 train_acc=0.2200 val_loss=0.7079 val_acc=0.7646 time=27.2s E_synops=130,587,845 (0.94x budget) lambda=1.5486
04:58:46 | INFO |     log_alpha: min=0.24 median=0.44 max=0.55 std=0.01 frac_prunable=0.000 frac_saturated=0.000
04:59:13 | INFO | [bayesian_train] epoch 66/75 train_task_loss=2.3344 train_kl=1232.77 beta=0.05000 train_cost=306387668.97 gamma=0.000000 train_acc=0.2186 val_loss=0.7007 val_acc=0.7639 time=27.1s E_synops=128,370,742 (0.93x budget) lambda=1.5457
04:59:13 | INFO |     log_alpha: min=0.26 median=0.47 max=0.59 std=0.01 frac_prunable=0.000 frac_saturated=0.000
04:59:13 | INFO |     gate pressure conv_layers.0: |d task/d log_alpha|=9.619e-04 beta*|d KL/d log_alpha|=1.260e-02 ratio=0.076
04:59:13 | INFO |     gate pressure conv_layers.1: |d task/d log_alpha|=2.013e-03 beta*|d KL/d log_alpha|=1.257e-02 ratio=0.160
04:59:13 | INFO |     gate pressure conv_layers.2: |d task/d log_alpha|=1.159e-03 beta*|d KL/d log_alpha|=1.287e-02 ratio=0.090
04:59:13 | INFO |     gate pressure conv_layers.3: |d task/d log_alpha|=2.627e-03 beta*|d KL/d log_alpha|=1.291e-02 ratio=0.203
04:59:13 | INFO |     gate pressure conv_layers.4: |d task/d log_alpha|=1.692e-03 beta*|d KL/d log_alpha|=1.286e-02 ratio=0.132
04:59:13 | INFO |     gate pressure conv_layers.5: |d task/d log_alpha|=1.585e-03 beta*|d KL/d log_alpha|=1.281e-02 ratio=0.124
04:59:13 | INFO |     gate pressure conv_layers.6: |d task/d log_alpha|=1.860e-03 beta*|d KL/d log_alpha|=1.278e-02 ratio=0.146
04:59:13 | INFO |     gate pressure conv_layers.7: |d task/d log_alpha|=9.906e-04 beta*|d KL/d log_alpha|=1.272e-02 ratio=0.078
04:59:13 | INFO |     gate pressure conv_layers.8: |d task/d log_alpha|=7.614e-04 beta*|d KL/d log_alpha|=1.269e-02 ratio=0.060
04:59:13 | INFO |     gate pressure conv_layers.9: |d task/d log_alpha|=5.215e-04 beta*|d KL/d log_alpha|=1.270e-02 ratio=0.041
04:59:13 | INFO |     gate pressure conv_layers.10: |d task/d log_alpha|=6.095e-04 beta*|d KL/d log_alpha|=1.270e-02 ratio=0.048
04:59:13 | INFO |     gate pressure conv_layers.11: |d task/d log_alpha|=4.983e-04 beta*|d KL/d log_alpha|=1.272e-02 ratio=0.039
04:59:13 | INFO |     gate pressure conv_layers.12: |d task/d log_alpha|=5.577e-04 beta*|d KL/d log_alpha|=1.280e-02 ratio=0.044
04:59:40 | INFO | [bayesian_train] epoch 67/75 train_task_loss=2.3713 train_kl=1202.89 beta=0.05000 train_cost=307376970.39 gamma=0.000000 train_acc=0.2058 val_loss=0.6888 val_acc=0.7693 time=27.1s E_synops=126,828,900 (0.92x budget) lambda=1.5420
04:59:40 | INFO |     log_alpha: min=0.28 median=0.50 max=0.62 std=0.01 frac_prunable=0.000 frac_saturated=0.000
05:00:07 | INFO | [bayesian_train] epoch 68/75 train_task_loss=2.3841 train_kl=1174.42 beta=0.05000 train_cost=306854602.48 gamma=0.000000 train_acc=0.2026 val_loss=0.7226 val_acc=0.7553 time=27.5s E_synops=124,727,733 (0.90x budget) lambda=1.5378
05:00:07 | INFO |     log_alpha: min=0.30 median=0.53 max=0.65 std=0.01 frac_prunable=0.000 frac_saturated=0.000
05:00:35 | INFO | [bayesian_train] epoch 69/75 train_task_loss=2.4084 train_kl=1147.20 beta=0.05000 train_cost=309263830.15 gamma=0.000000 train_acc=0.1925 val_loss=0.7163 val_acc=0.7648 time=27.5s E_synops=123,857,294 (0.89x budget) lambda=1.5328
05:00:35 | INFO |     log_alpha: min=0.32 median=0.55 max=0.68 std=0.01 frac_prunable=0.000 frac_saturated=0.000
05:01:03 | INFO | [bayesian_train] epoch 70/75 train_task_loss=2.4427 train_kl=1121.37 beta=0.05000 train_cost=309171690.21 gamma=0.000000 train_acc=0.1864 val_loss=0.7058 val_acc=0.7576 time=27.9s E_synops=122,049,386 (0.88x budget) lambda=1.5275
05:01:03 | INFO |     log_alpha: min=0.35 median=0.58 max=0.70 std=0.01 frac_prunable=0.000 frac_saturated=0.000
05:01:30 | INFO | [bayesian_train] epoch 71/75 train_task_loss=2.4564 train_kl=1096.77 beta=0.05000 train_cost=308234925.49 gamma=0.000000 train_acc=0.1824 val_loss=0.7352 val_acc=0.7537 time=27.0s E_synops=119,972,533 (0.87x budget) lambda=1.5215
05:01:30 | INFO |     log_alpha: min=0.37 median=0.60 max=0.73 std=0.01 frac_prunable=0.000 frac_saturated=0.000
05:01:30 | INFO |     gate pressure conv_layers.0: |d task/d log_alpha|=9.581e-04 beta*|d KL/d log_alpha|=1.131e-02 ratio=0.085
05:01:30 | INFO |     gate pressure conv_layers.1: |d task/d log_alpha|=2.300e-03 beta*|d KL/d log_alpha|=1.128e-02 ratio=0.204
05:01:30 | INFO |     gate pressure conv_layers.2: |d task/d log_alpha|=1.249e-03 beta*|d KL/d log_alpha|=1.159e-02 ratio=0.108
05:01:30 | INFO |     gate pressure conv_layers.3: |d task/d log_alpha|=2.514e-03 beta*|d KL/d log_alpha|=1.164e-02 ratio=0.216
05:01:30 | INFO |     gate pressure conv_layers.4: |d task/d log_alpha|=1.598e-03 beta*|d KL/d log_alpha|=1.161e-02 ratio=0.138
05:01:30 | INFO |     gate pressure conv_layers.5: |d task/d log_alpha|=1.682e-03 beta*|d KL/d log_alpha|=1.156e-02 ratio=0.145
05:01:30 | INFO |     gate pressure conv_layers.6: |d task/d log_alpha|=1.905e-03 beta*|d KL/d log_alpha|=1.154e-02 ratio=0.165
05:01:30 | INFO |     gate pressure conv_layers.7: |d task/d log_alpha|=1.352e-03 beta*|d KL/d log_alpha|=1.150e-02 ratio=0.118
05:01:30 | INFO |     gate pressure conv_layers.8: |d task/d log_alpha|=9.581e-04 beta*|d KL/d log_alpha|=1.146e-02 ratio=0.084
05:01:30 | INFO |     gate pressure conv_layers.9: |d task/d log_alpha|=6.405e-04 beta*|d KL/d log_alpha|=1.147e-02 ratio=0.056
05:01:30 | INFO |     gate pressure conv_layers.10: |d task/d log_alpha|=8.277e-04 beta*|d KL/d log_alpha|=1.147e-02 ratio=0.072
05:01:30 | INFO |     gate pressure conv_layers.11: |d task/d log_alpha|=5.934e-04 beta*|d KL/d log_alpha|=1.148e-02 ratio=0.052
05:01:30 | INFO |     gate pressure conv_layers.12: |d task/d log_alpha|=6.187e-04 beta*|d KL/d log_alpha|=1.157e-02 ratio=0.053
05:01:57 | INFO | [bayesian_train] epoch 72/75 train_task_loss=2.4844 train_kl=1073.31 beta=0.05000 train_cost=309033042.78 gamma=0.000000 train_acc=0.1759 val_loss=0.7106 val_acc=0.7609 time=27.1s E_synops=118,627,669 (0.86x budget) lambda=1.5148
05:01:57 | INFO |     log_alpha: min=0.39 median=0.62 max=0.76 std=0.01 frac_prunable=0.000 frac_saturated=0.000
05:02:24 | INFO | [bayesian_train] epoch 73/75 train_task_loss=2.5122 train_kl=1051.12 beta=0.05000 train_cost=308629106.87 gamma=0.000000 train_acc=0.1696 val_loss=0.7080 val_acc=0.7594 time=27.1s E_synops=116,895,026 (0.84x budget) lambda=1.5076
05:02:24 | INFO |     log_alpha: min=0.40 median=0.65 max=0.78 std=0.02 frac_prunable=0.000 frac_saturated=0.000
05:02:51 | INFO | [bayesian_train] epoch 74/75 train_task_loss=2.5223 train_kl=1029.90 beta=0.05000 train_cost=307825516.76 gamma=0.000000 train_acc=0.1666 val_loss=0.7302 val_acc=0.7570 time=27.0s E_synops=115,066,186 (0.83x budget) lambda=1.4998
05:02:51 | INFO |     log_alpha: min=0.42 median=0.67 max=0.81 std=0.02 frac_prunable=0.000 frac_saturated=0.000
05:03:18 | INFO | [bayesian_train] epoch 75/75 train_task_loss=2.5373 train_kl=1009.61 beta=0.05000 train_cost=309277928.02 gamma=0.000000 train_acc=0.1625 val_loss=0.7154 val_acc=0.7666 time=27.1s E_synops=114,124,908 (0.82x budget) lambda=1.4913
05:03:18 | INFO |     log_alpha: min=0.44 median=0.69 max=0.83 std=0.02 frac_prunable=0.000 frac_saturated=0.000

Gate ranking: NOT USABLE (log_alpha std is 0.016 across 4224 gates, so they never differentiated from each other and the ranking is close to arbitrary)
05:03:19 | INFO | Gate ranking after training: NOT USABLE -- log_alpha std is 0.016 across 4224 gates, so they never differentiated from each other and the ranking is close to arbitrary
