====================================================
Job started: Thu 13 Aug 14:17:18 BST 2026
Node: node865.csf3.man.alces.network
====================================================
Thu Aug 13 14:17:20 2026       
+-----------------------------------------------------------------------------------------+
| NVIDIA-SMI 595.71.05              Driver Version: 595.71.05      CUDA Version: 13.2     |
+-----------------------------------------+------------------------+----------------------+
| GPU  Name                 Persistence-M | Bus-Id          Disp.A | Volatile Uncorr. ECC |
| Fan  Temp   Perf          Pwr:Usage/Cap |           Memory-Usage | GPU-Util  Compute M. |
|                                         |                        |               MIG M. |
|=========================================+========================+======================|
|   0  NVIDIA A100-SXM4-80GB          On  |   00000000:01:00.0 Off |                    0 |
| N/A   33C    P0             61W /  400W |       0MiB /  81920MiB |      0%      Default |
|                                         |                        |             Disabled |
+-----------------------------------------+------------------------+----------------------+

+-----------------------------------------------------------------------------------------+
| Processes:                                                                              |
|  GPU   GI   CI              PID   Type   Process name                        GPU Memory |
|        ID   ID                                                               Usage      |
|=========================================================================================|
|  No running processes found                                                             |
+-----------------------------------------------------------------------------------------+
CUDA available: True
Files already downloaded and verified
Files already downloaded and verified
Files already downloaded and verified
Files already downloaded and verified
Files already downloaded and verified
Files already downloaded and verified

Reusing trained gates: ./outputs/spear_repl_resnet18/sparsity_curve_lagrw/bayesian_model.pt
14:17:41 | INFO | Reusing trained gates from ./outputs/spear_repl_resnet18/sparsity_curve_lagrw/bayesian_model.pt

Scrambled log_alpha within every prunable layer (ordering control arm).
14:17:43 | INFO | Gates scrambled within layers: this run is the random-ordering control

Gate ranking: NOT USABLE (log_alpha std is 0.081 across 1920 gates, so they never differentiated from each other and the ranking is close to arbitrary)
14:17:43 | INFO | Gate ranking after training: NOT USABLE -- log_alpha std is 0.081 across 1920 gates, so they never differentiated from each other and the ranking is close to arbitrary
14:17:43 | INFO |   stem_conv: median_log_alpha=-3.00 std=0.00 frac_saturated=0.000 structurally_prunable=False
14:17:43 | INFO |   stage1.0.conv1: median_log_alpha=2.02 std=0.04 frac_saturated=0.000 structurally_prunable=True
14:17:43 | INFO |   stage1.0.conv2: median_log_alpha=-3.00 std=0.00 frac_saturated=0.000 structurally_prunable=False
14:17:43 | INFO |   stage1.1.conv1: median_log_alpha=2.00 std=0.04 frac_saturated=0.000 structurally_prunable=True
14:17:43 | INFO |   stage1.1.conv2: median_log_alpha=-3.00 std=0.00 frac_saturated=0.000 structurally_prunable=False
14:17:43 | INFO |   stage2.0.conv1: median_log_alpha=2.03 std=0.02 frac_saturated=0.000 structurally_prunable=True
14:17:43 | INFO |   stage2.0.conv2: median_log_alpha=-3.00 std=0.00 frac_saturated=0.000 structurally_prunable=False
14:17:43 | INFO |   stage2.1.conv1: median_log_alpha=1.92 std=0.03 frac_saturated=0.000 structurally_prunable=True
14:17:43 | INFO |   stage2.1.conv2: median_log_alpha=-3.00 std=0.00 frac_saturated=0.000 structurally_prunable=False
14:17:43 | INFO |   stage3.0.conv1: median_log_alpha=2.00 std=0.02 frac_saturated=0.000 structurally_prunable=True
14:17:43 | INFO |   stage3.0.conv2: median_log_alpha=-3.00 std=0.00 frac_saturated=0.000 structurally_prunable=False
14:17:43 | INFO |   stage3.1.conv1: median_log_alpha=1.95 std=0.03 frac_saturated=0.000 structurally_prunable=True
14:17:43 | INFO |   stage3.1.conv2: median_log_alpha=-3.00 std=0.00 frac_saturated=0.000 structurally_prunable=False
14:17:43 | INFO |   stage4.0.conv1: median_log_alpha=2.11 std=0.01 frac_saturated=0.000 structurally_prunable=True
14:17:43 | INFO |   stage4.0.conv2: median_log_alpha=-3.00 std=0.00 frac_saturated=0.000 structurally_prunable=False
14:17:43 | INFO |   stage4.1.conv1: median_log_alpha=2.14 std=0.01 frac_saturated=0.000 structurally_prunable=True
14:17:43 | INFO |   stage4.1.conv2: median_log_alpha=-3.00 std=0.00 frac_saturated=0.000 structurally_prunable=False

Measuring per-unit SynOps costs on the gate-trained model...

--- budget point 1/1 (importance): 0.392 of dense SynOps ---
14:17:45 | INFO | [synops0.392_importance] synops_budget(budget=0.392 of measured SynOps, rank_by=importance, achieved=0.3919, kept 536/1920 units)
14:17:45 | WARNING | [synops0.392_importance] RANKING NOT USABLE: log_alpha std is 0.081 across 1920 gates, so they never differentiated from each other and the ranking is close to arbitrary.
14:18:17 | INFO | [finetune] epoch 1/30 train_task_loss=1.3350 train_kl=0.00 beta=0.00000 train_cost=0.00 gamma=0.000000 train_acc=0.5964 val_loss=1.1140 val_acc=0.6680 time=32.1s
14:18:44 | INFO | [finetune] epoch 2/30 train_task_loss=0.4903 train_kl=0.00 beta=0.00000 train_cost=0.00 gamma=0.000000 train_acc=0.8425 val_loss=0.4084 val_acc=0.8695 time=26.5s
14:19:10 | INFO | [finetune] epoch 3/30 train_task_loss=0.2967 train_kl=0.00 beta=0.00000 train_cost=0.00 gamma=0.000000 train_acc=0.9005 val_loss=0.3108 val_acc=0.8938 time=26.4s
14:19:37 | INFO | [finetune] epoch 4/30 train_task_loss=0.2353 train_kl=0.00 beta=0.00000 train_cost=0.00 gamma=0.000000 train_acc=0.9189 val_loss=0.2578 val_acc=0.9178 time=26.7s
14:20:03 | INFO | [finetune] epoch 5/30 train_task_loss=0.2201 train_kl=0.00 beta=0.00000 train_cost=0.00 gamma=0.000000 train_acc=0.9265 val_loss=0.2491 val_acc=0.9176 time=26.5s
14:20:30 | INFO | [finetune] epoch 6/30 train_task_loss=0.2091 train_kl=0.00 beta=0.00000 train_cost=0.00 gamma=0.000000 train_acc=0.9285 val_loss=0.2333 val_acc=0.9221 time=26.6s
14:20:56 | INFO | [finetune] epoch 7/30 train_task_loss=0.2100 train_kl=0.00 beta=0.00000 train_cost=0.00 gamma=0.000000 train_acc=0.9270 val_loss=0.2885 val_acc=0.9037 time=26.4s
14:21:23 | INFO | [finetune] epoch 8/30 train_task_loss=0.2271 train_kl=0.00 beta=0.00000 train_cost=0.00 gamma=0.000000 train_acc=0.9205 val_loss=0.3156 val_acc=0.8953 time=26.5s
14:21:49 | INFO | [finetune] epoch 9/30 train_task_loss=0.2445 train_kl=0.00 beta=0.00000 train_cost=0.00 gamma=0.000000 train_acc=0.9152 val_loss=0.3046 val_acc=0.8949 time=26.4s
14:22:16 | INFO | [finetune] epoch 10/30 train_task_loss=0.2542 train_kl=0.00 beta=0.00000 train_cost=0.00 gamma=0.000000 train_acc=0.9128 val_loss=0.3247 val_acc=0.8953 time=26.5s
14:22:42 | INFO | [finetune] epoch 11/30 train_task_loss=0.2660 train_kl=0.00 beta=0.00000 train_cost=0.00 gamma=0.000000 train_acc=0.9096 val_loss=0.2864 val_acc=0.9018 time=26.5s
14:23:09 | INFO | [finetune] epoch 12/30 train_task_loss=0.2516 train_kl=0.00 beta=0.00000 train_cost=0.00 gamma=0.000000 train_acc=0.9134 val_loss=0.3152 val_acc=0.8932 time=26.5s
14:23:35 | INFO | [finetune] epoch 13/30 train_task_loss=0.2426 train_kl=0.00 beta=0.00000 train_cost=0.00 gamma=0.000000 train_acc=0.9174 val_loss=0.4028 val_acc=0.8693 time=26.5s
14:24:02 | INFO | [finetune] epoch 14/30 train_task_loss=0.2398 train_kl=0.00 beta=0.00000 train_cost=0.00 gamma=0.000000 train_acc=0.9181 val_loss=0.2850 val_acc=0.8994 time=26.7s
14:24:29 | INFO | [finetune] epoch 15/30 train_task_loss=0.2059 train_kl=0.00 beta=0.00000 train_cost=0.00 gamma=0.000000 train_acc=0.9299 val_loss=0.2734 val_acc=0.9057 time=26.5s
14:24:55 | INFO | [finetune] epoch 16/30 train_task_loss=0.1928 train_kl=0.00 beta=0.00000 train_cost=0.00 gamma=0.000000 train_acc=0.9331 val_loss=0.2983 val_acc=0.8986 time=26.5s
14:25:22 | INFO | [finetune] epoch 17/30 train_task_loss=0.1695 train_kl=0.00 beta=0.00000 train_cost=0.00 gamma=0.000000 train_acc=0.9418 val_loss=0.2465 val_acc=0.9176 time=26.5s
14:25:48 | INFO | [finetune] epoch 18/30 train_task_loss=0.1549 train_kl=0.00 beta=0.00000 train_cost=0.00 gamma=0.000000 train_acc=0.9469 val_loss=0.2789 val_acc=0.9080 time=26.5s
14:26:15 | INFO | [finetune] epoch 19/30 train_task_loss=0.1336 train_kl=0.00 beta=0.00000 train_cost=0.00 gamma=0.000000 train_acc=0.9544 val_loss=0.2597 val_acc=0.9148 time=26.5s
14:26:41 | INFO | [finetune] epoch 20/30 train_task_loss=0.1195 train_kl=0.00 beta=0.00000 train_cost=0.00 gamma=0.000000 train_acc=0.9591 val_loss=0.2516 val_acc=0.9229 time=26.6s
14:27:08 | INFO | [finetune] epoch 21/30 train_task_loss=0.1034 train_kl=0.00 beta=0.00000 train_cost=0.00 gamma=0.000000 train_acc=0.9639 val_loss=0.2069 val_acc=0.9371 time=26.4s
14:27:34 | INFO | [finetune] epoch 22/30 train_task_loss=0.0839 train_kl=0.00 beta=0.00000 train_cost=0.00 gamma=0.000000 train_acc=0.9702 val_loss=0.2009 val_acc=0.9338 time=26.5s
14:28:01 | INFO | [finetune] epoch 23/30 train_task_loss=0.0718 train_kl=0.00 beta=0.00000 train_cost=0.00 gamma=0.000000 train_acc=0.9754 val_loss=0.2020 val_acc=0.9389 time=26.4s
14:28:27 | INFO | [finetune] epoch 24/30 train_task_loss=0.0613 train_kl=0.00 beta=0.00000 train_cost=0.00 gamma=0.000000 train_acc=0.9793 val_loss=0.1958 val_acc=0.9408 time=26.5s
14:28:54 | INFO | [finetune] epoch 25/30 train_task_loss=0.0522 train_kl=0.00 beta=0.00000 train_cost=0.00 gamma=0.000000 train_acc=0.9819 val_loss=0.1940 val_acc=0.9387 time=26.7s
14:29:21 | INFO | [finetune] epoch 26/30 train_task_loss=0.0434 train_kl=0.00 beta=0.00000 train_cost=0.00 gamma=0.000000 train_acc=0.9852 val_loss=0.1777 val_acc=0.9461 time=26.5s
14:29:47 | INFO | [finetune] epoch 27/30 train_task_loss=0.0417 train_kl=0.00 beta=0.00000 train_cost=0.00 gamma=0.000000 train_acc=0.9860 val_loss=0.1764 val_acc=0.9482 time=26.6s
14:30:14 | INFO | [finetune] epoch 28/30 train_task_loss=0.0378 train_kl=0.00 beta=0.00000 train_cost=0.00 gamma=0.000000 train_acc=0.9877 val_loss=0.1729 val_acc=0.9482 time=26.5s
14:30:40 | INFO | [finetune] epoch 29/30 train_task_loss=0.0348 train_kl=0.00 beta=0.00000 train_cost=0.00 gamma=0.000000 train_acc=0.9884 val_loss=0.1794 val_acc=0.9455 time=26.4s
14:31:07 | INFO | [finetune] epoch 30/30 train_task_loss=0.0345 train_kl=0.00 beta=0.00000 train_cost=0.00 gamma=0.000000 train_acc=0.9884 val_loss=0.1966 val_acc=0.9418 time=26.4s
14:31:13 | INFO | [synops0.392_importance] test accuracy 0.9125, synops/sample 102,523,181

============================================================
SPARSITY CURVE FINISHED
============================================================
           point          selection   pruned %   accuracy         synops   usable
    synops 0.392         importance      81.52     0.9125    102,523,181       NO

The gates did not produce a usable ranking, so the curve above is
what random structured pruning of this architecture looks like. That
is a legitimate control and worth keeping under that name, but it is
not evidence about the pruning criterion. Fix gate training first.

Wrote ./outputs/spear_repl_resnet18/sparsity_curve_lagrw_scr/summary.csv
====================================================
Job finished: Thu 13 Aug 14:31:14 BST 2026
====================================================
