====================================================
Job started: Mon  3 Aug 21:32:57 BST 2026
Node: node856.csf3.man.alces.network
====================================================
Mon Aug  3 21:33:15 2026       
+-----------------------------------------------------------------------------------------+
| NVIDIA-SMI 595.71.05              Driver Version: 595.71.05      CUDA Version: 13.2     |
+-----------------------------------------+------------------------+----------------------+
| GPU  Name                 Persistence-M | Bus-Id          Disp.A | Volatile Uncorr. ECC |
| Fan  Temp   Perf          Pwr:Usage/Cap |           Memory-Usage | GPU-Util  Compute M. |
|                                         |                        |               MIG M. |
|=========================================+========================+======================|
|   0  NVIDIA A100-SXM4-80GB          On  |   00000000:41:00.0 Off |                    0 |
| N/A   27C    P0             56W /  400W |       0MiB /  81920MiB |      0%      Default |
|                                         |                        |             Disabled |
+-----------------------------------------+------------------------+----------------------+

+-----------------------------------------------------------------------------------------+
| Processes:                                                                              |
|  GPU   GI   CI              PID   Type   Process name                        GPU Memory |
|        ID   ID                                                               Usage      |
|=========================================================================================|
|  No running processes found                                                             |
+-----------------------------------------------------------------------------------------+
CUDA available: True
Files already downloaded and verified
Files already downloaded and verified
Files already downloaded and verified
Files already downloaded and verified
Files already downloaded and verified
Files already downloaded and verified

Reusing trained gates: ./outputs/dpap_repl/sparsity_curve_beta0.01/bayesian_model.pt
21:34:25 | INFO | Reusing trained gates from ./outputs/dpap_repl/sparsity_curve_beta0.01/bayesian_model.pt

Gate ranking: USABLE (log_alpha std 0.308, 0.0% saturated)
21:34:37 | INFO | Gate ranking after training: USABLE -- log_alpha std 0.308, 0.0% saturated
21:34:38 | INFO |   conv_layers.0: median_log_alpha=1.21 std=0.32 frac_saturated=0.000 structurally_prunable=True
21:34:38 | INFO |   conv_layers.1: median_log_alpha=0.73 std=0.20 frac_saturated=0.000 structurally_prunable=True
21:34:38 | INFO |   conv_layers.2: median_log_alpha=1.05 std=0.19 frac_saturated=0.000 structurally_prunable=True
21:34:38 | INFO |   conv_layers.3: median_log_alpha=0.92 std=0.14 frac_saturated=0.000 structurally_prunable=True
21:34:38 | INFO |   conv_layers.4: median_log_alpha=1.13 std=0.13 frac_saturated=0.000 structurally_prunable=True
21:34:38 | INFO |   conv_layers.5: median_log_alpha=1.19 std=0.10 frac_saturated=0.000 structurally_prunable=True
21:34:38 | INFO |   fc_layers.0: median_log_alpha=1.49 std=0.37 frac_saturated=0.000 structurally_prunable=True

Measuring per-unit SynOps costs on the gate-trained model...

--- budget point 1/2 (importance): 0.5 of dense SynOps ---
21:34:40 | INFO | [synops0.5_importance] synops_budget(budget=0.5 of measured SynOps, rank_by=importance, achieved=0.4994, kept 610/2304 units)
21:35:41 | INFO | [finetune] epoch 1/30 train_task_loss=1.4909 train_kl=0.00 beta=0.00000 train_cost=0.00 gamma=0.000000 train_acc=0.4986 val_loss=0.8763 val_acc=0.6750 time=60.5s
21:36:31 | INFO | [finetune] epoch 2/30 train_task_loss=0.9735 train_kl=0.00 beta=0.00000 train_cost=0.00 gamma=0.000000 train_acc=0.6597 val_loss=0.6646 val_acc=0.7732 time=49.8s
21:37:20 | INFO | [finetune] epoch 3/30 train_task_loss=0.8317 train_kl=0.00 beta=0.00000 train_cost=0.00 gamma=0.000000 train_acc=0.7216 val_loss=0.5700 val_acc=0.8194 time=49.6s
21:38:11 | INFO | [finetune] epoch 4/30 train_task_loss=0.7475 train_kl=0.00 beta=0.00000 train_cost=0.00 gamma=0.000000 train_acc=0.7532 val_loss=0.5134 val_acc=0.8390 time=50.2s
21:39:01 | INFO | [finetune] epoch 5/30 train_task_loss=0.6952 train_kl=0.00 beta=0.00000 train_cost=0.00 gamma=0.000000 train_acc=0.7691 val_loss=0.4914 val_acc=0.8488 time=50.0s
21:39:50 | INFO | [finetune] epoch 6/30 train_task_loss=0.6648 train_kl=0.00 beta=0.00000 train_cost=0.00 gamma=0.000000 train_acc=0.7806 val_loss=0.4143 val_acc=0.8672 time=49.8s
21:40:40 | INFO | [finetune] epoch 7/30 train_task_loss=0.6339 train_kl=0.00 beta=0.00000 train_cost=0.00 gamma=0.000000 train_acc=0.7914 val_loss=0.4111 val_acc=0.8640 time=50.0s
21:41:30 | INFO | [finetune] epoch 8/30 train_task_loss=0.6162 train_kl=0.00 beta=0.00000 train_cost=0.00 gamma=0.000000 train_acc=0.7961 val_loss=0.3725 val_acc=0.8724 time=49.8s
21:42:20 | INFO | [finetune] epoch 9/30 train_task_loss=0.5875 train_kl=0.00 beta=0.00000 train_cost=0.00 gamma=0.000000 train_acc=0.8038 val_loss=0.3735 val_acc=0.8782 time=50.0s
21:43:10 | INFO | [finetune] epoch 10/30 train_task_loss=0.5809 train_kl=0.00 beta=0.00000 train_cost=0.00 gamma=0.000000 train_acc=0.8070 val_loss=0.3757 val_acc=0.8778 time=50.0s
21:44:00 | INFO | [finetune] epoch 11/30 train_task_loss=0.5707 train_kl=0.00 beta=0.00000 train_cost=0.00 gamma=0.000000 train_acc=0.8117 val_loss=0.3439 val_acc=0.8838 time=50.0s
21:44:50 | INFO | [finetune] epoch 12/30 train_task_loss=0.5434 train_kl=0.00 beta=0.00000 train_cost=0.00 gamma=0.000000 train_acc=0.8187 val_loss=0.3415 val_acc=0.8866 time=50.0s
21:45:40 | INFO | [finetune] epoch 13/30 train_task_loss=0.5397 train_kl=0.00 beta=0.00000 train_cost=0.00 gamma=0.000000 train_acc=0.8212 val_loss=0.3417 val_acc=0.8892 time=49.9s
21:46:30 | INFO | [finetune] epoch 14/30 train_task_loss=0.5254 train_kl=0.00 beta=0.00000 train_cost=0.00 gamma=0.000000 train_acc=0.8254 val_loss=0.3319 val_acc=0.8916 time=50.1s
21:47:20 | INFO | [finetune] epoch 15/30 train_task_loss=0.5104 train_kl=0.00 beta=0.00000 train_cost=0.00 gamma=0.000000 train_acc=0.8290 val_loss=0.3281 val_acc=0.8930 time=50.0s
21:48:10 | INFO | [finetune] epoch 16/30 train_task_loss=0.5103 train_kl=0.00 beta=0.00000 train_cost=0.00 gamma=0.000000 train_acc=0.8306 val_loss=0.3081 val_acc=0.8988 time=49.8s
21:49:00 | INFO | [finetune] epoch 17/30 train_task_loss=0.5011 train_kl=0.00 beta=0.00000 train_cost=0.00 gamma=0.000000 train_acc=0.8337 val_loss=0.3306 val_acc=0.8940 time=49.7s
21:49:50 | INFO | [finetune] epoch 18/30 train_task_loss=0.4927 train_kl=0.00 beta=0.00000 train_cost=0.00 gamma=0.000000 train_acc=0.8357 val_loss=0.3104 val_acc=0.9000 time=49.8s
21:50:39 | INFO | [finetune] epoch 19/30 train_task_loss=0.4806 train_kl=0.00 beta=0.00000 train_cost=0.00 gamma=0.000000 train_acc=0.8388 val_loss=0.3031 val_acc=0.8968 time=49.5s
21:51:29 | INFO | [finetune] epoch 20/30 train_task_loss=0.4730 train_kl=0.00 beta=0.00000 train_cost=0.00 gamma=0.000000 train_acc=0.8418 val_loss=0.3064 val_acc=0.8990 time=49.4s
21:52:18 | INFO | [finetune] epoch 21/30 train_task_loss=0.4739 train_kl=0.00 beta=0.00000 train_cost=0.00 gamma=0.000000 train_acc=0.8432 val_loss=0.3116 val_acc=0.8994 time=49.9s
21:53:08 | INFO | [finetune] epoch 22/30 train_task_loss=0.4748 train_kl=0.00 beta=0.00000 train_cost=0.00 gamma=0.000000 train_acc=0.8430 val_loss=0.2976 val_acc=0.9012 time=49.6s
21:53:58 | INFO | [finetune] epoch 23/30 train_task_loss=0.4640 train_kl=0.00 beta=0.00000 train_cost=0.00 gamma=0.000000 train_acc=0.8470 val_loss=0.2875 val_acc=0.9052 time=49.8s
21:54:48 | INFO | [finetune] epoch 24/30 train_task_loss=0.4575 train_kl=0.00 beta=0.00000 train_cost=0.00 gamma=0.000000 train_acc=0.8472 val_loss=0.2996 val_acc=0.8990 time=50.2s
21:55:38 | INFO | [finetune] epoch 25/30 train_task_loss=0.4529 train_kl=0.00 beta=0.00000 train_cost=0.00 gamma=0.000000 train_acc=0.8508 val_loss=0.2950 val_acc=0.9062 time=49.8s
21:56:28 | INFO | [finetune] epoch 26/30 train_task_loss=0.4541 train_kl=0.00 beta=0.00000 train_cost=0.00 gamma=0.000000 train_acc=0.8494 val_loss=0.2867 val_acc=0.9060 time=49.8s
21:57:17 | INFO | [finetune] epoch 27/30 train_task_loss=0.4552 train_kl=0.00 beta=0.00000 train_cost=0.00 gamma=0.000000 train_acc=0.8506 val_loss=0.2917 val_acc=0.9036 time=49.7s
21:58:07 | INFO | [finetune] epoch 28/30 train_task_loss=0.4490 train_kl=0.00 beta=0.00000 train_cost=0.00 gamma=0.000000 train_acc=0.8506 val_loss=0.2881 val_acc=0.9088 time=50.0s
21:58:57 | INFO | [finetune] epoch 29/30 train_task_loss=0.4436 train_kl=0.00 beta=0.00000 train_cost=0.00 gamma=0.000000 train_acc=0.8528 val_loss=0.2932 val_acc=0.9042 time=49.7s
21:59:48 | INFO | [finetune] epoch 30/30 train_task_loss=0.4469 train_kl=0.00 beta=0.00000 train_cost=0.00 gamma=0.000000 train_acc=0.8510 val_loss=0.2914 val_acc=0.9036 time=51.1s
21:59:57 | INFO | [synops0.5_importance] test accuracy 0.8797, synops/sample 234,092,409

--- budget point 1/2 (density): 0.5 of dense SynOps ---
21:59:57 | INFO | [synops0.5_density] synops_budget(budget=0.5 of measured SynOps, rank_by=density, achieved=0.4996, kept 1836/2304 units)
22:00:48 | INFO | [finetune] epoch 1/30 train_task_loss=2.1986 train_kl=0.00 beta=0.00000 train_cost=0.00 gamma=0.000000 train_acc=0.1934 val_loss=1.6409 val_acc=0.3218 time=51.7s
22:01:40 | INFO | [finetune] epoch 2/30 train_task_loss=1.8267 train_kl=0.00 beta=0.00000 train_cost=0.00 gamma=0.000000 train_acc=0.3434 val_loss=1.4099 val_acc=0.4824 time=51.6s
22:02:31 | INFO | [finetune] epoch 3/30 train_task_loss=1.6859 train_kl=0.00 beta=0.00000 train_cost=0.00 gamma=0.000000 train_acc=0.4040 val_loss=1.2904 val_acc=0.5286 time=50.4s
22:03:21 | INFO | [finetune] epoch 4/30 train_task_loss=1.5992 train_kl=0.00 beta=0.00000 train_cost=0.00 gamma=0.000000 train_acc=0.4330 val_loss=1.2480 val_acc=0.5532 time=50.4s
22:04:12 | INFO | [finetune] epoch 5/30 train_task_loss=1.5471 train_kl=0.00 beta=0.00000 train_cost=0.00 gamma=0.000000 train_acc=0.4556 val_loss=1.1677 val_acc=0.5830 time=50.7s
22:05:02 | INFO | [finetune] epoch 6/30 train_task_loss=1.5094 train_kl=0.00 beta=0.00000 train_cost=0.00 gamma=0.000000 train_acc=0.4647 val_loss=1.1208 val_acc=0.5976 time=50.3s
22:05:52 | INFO | [finetune] epoch 7/30 train_task_loss=1.4839 train_kl=0.00 beta=0.00000 train_cost=0.00 gamma=0.000000 train_acc=0.4775 val_loss=1.1115 val_acc=0.6114 time=50.4s
22:06:43 | INFO | [finetune] epoch 8/30 train_task_loss=1.4608 train_kl=0.00 beta=0.00000 train_cost=0.00 gamma=0.000000 train_acc=0.4838 val_loss=1.0910 val_acc=0.6124 time=50.4s
22:07:33 | INFO | [finetune] epoch 9/30 train_task_loss=1.4310 train_kl=0.00 beta=0.00000 train_cost=0.00 gamma=0.000000 train_acc=0.4939 val_loss=1.0710 val_acc=0.6160 time=50.3s
22:08:25 | INFO | [finetune] epoch 10/30 train_task_loss=1.4131 train_kl=0.00 beta=0.00000 train_cost=0.00 gamma=0.000000 train_acc=0.4991 val_loss=1.0484 val_acc=0.6344 time=52.0s
22:09:16 | INFO | [finetune] epoch 11/30 train_task_loss=1.3918 train_kl=0.00 beta=0.00000 train_cost=0.00 gamma=0.000000 train_acc=0.5076 val_loss=1.0115 val_acc=0.6384 time=50.6s
22:10:06 | INFO | [finetune] epoch 12/30 train_task_loss=1.3861 train_kl=0.00 beta=0.00000 train_cost=0.00 gamma=0.000000 train_acc=0.5084 val_loss=1.0100 val_acc=0.6408 time=50.2s
22:10:57 | INFO | [finetune] epoch 13/30 train_task_loss=1.3539 train_kl=0.00 beta=0.00000 train_cost=0.00 gamma=0.000000 train_acc=0.5228 val_loss=0.9899 val_acc=0.6360 time=50.6s
22:11:47 | INFO | [finetune] epoch 14/30 train_task_loss=1.3451 train_kl=0.00 beta=0.00000 train_cost=0.00 gamma=0.000000 train_acc=0.5264 val_loss=0.9824 val_acc=0.6442 time=50.6s
22:12:38 | INFO | [finetune] epoch 15/30 train_task_loss=1.3281 train_kl=0.00 beta=0.00000 train_cost=0.00 gamma=0.000000 train_acc=0.5290 val_loss=0.9724 val_acc=0.6420 time=50.5s
22:13:29 | INFO | [finetune] epoch 16/30 train_task_loss=1.3060 train_kl=0.00 beta=0.00000 train_cost=0.00 gamma=0.000000 train_acc=0.5371 val_loss=0.9586 val_acc=0.6572 time=51.6s
22:14:20 | INFO | [finetune] epoch 17/30 train_task_loss=1.2996 train_kl=0.00 beta=0.00000 train_cost=0.00 gamma=0.000000 train_acc=0.5386 val_loss=0.9426 val_acc=0.6588 time=50.6s
22:15:11 | INFO | [finetune] epoch 18/30 train_task_loss=1.2849 train_kl=0.00 beta=0.00000 train_cost=0.00 gamma=0.000000 train_acc=0.5471 val_loss=0.9281 val_acc=0.6700 time=50.7s
22:16:01 | INFO | [finetune] epoch 19/30 train_task_loss=1.2826 train_kl=0.00 beta=0.00000 train_cost=0.00 gamma=0.000000 train_acc=0.5478 val_loss=0.9331 val_acc=0.6568 time=50.5s
22:16:52 | INFO | [finetune] epoch 20/30 train_task_loss=1.2649 train_kl=0.00 beta=0.00000 train_cost=0.00 gamma=0.000000 train_acc=0.5516 val_loss=0.9406 val_acc=0.6592 time=50.6s
22:17:42 | INFO | [finetune] epoch 21/30 train_task_loss=1.2553 train_kl=0.00 beta=0.00000 train_cost=0.00 gamma=0.000000 train_acc=0.5583 val_loss=0.9368 val_acc=0.6620 time=50.5s
22:18:34 | INFO | [finetune] epoch 22/30 train_task_loss=1.2400 train_kl=0.00 beta=0.00000 train_cost=0.00 gamma=0.000000 train_acc=0.5614 val_loss=0.9042 val_acc=0.6804 time=51.3s
22:19:25 | INFO | [finetune] epoch 23/30 train_task_loss=1.2377 train_kl=0.00 beta=0.00000 train_cost=0.00 gamma=0.000000 train_acc=0.5613 val_loss=0.9218 val_acc=0.6622 time=51.1s
22:20:15 | INFO | [finetune] epoch 24/30 train_task_loss=1.2232 train_kl=0.00 beta=0.00000 train_cost=0.00 gamma=0.000000 train_acc=0.5703 val_loss=0.8880 val_acc=0.6876 time=50.7s
22:21:06 | INFO | [finetune] epoch 25/30 train_task_loss=1.2082 train_kl=0.00 beta=0.00000 train_cost=0.00 gamma=0.000000 train_acc=0.5741 val_loss=0.8971 val_acc=0.6748 time=50.7s
22:21:57 | INFO | [finetune] epoch 26/30 train_task_loss=1.2086 train_kl=0.00 beta=0.00000 train_cost=0.00 gamma=0.000000 train_acc=0.5763 val_loss=0.9024 val_acc=0.6746 time=50.5s
22:22:47 | INFO | [finetune] epoch 27/30 train_task_loss=1.2040 train_kl=0.00 beta=0.00000 train_cost=0.00 gamma=0.000000 train_acc=0.5758 val_loss=0.8903 val_acc=0.6788 time=50.3s
22:23:37 | INFO | [finetune] epoch 28/30 train_task_loss=1.2012 train_kl=0.00 beta=0.00000 train_cost=0.00 gamma=0.000000 train_acc=0.5758 val_loss=0.8926 val_acc=0.6756 time=50.3s
22:24:28 | INFO | [finetune] epoch 29/30 train_task_loss=1.2028 train_kl=0.00 beta=0.00000 train_cost=0.00 gamma=0.000000 train_acc=0.5750 val_loss=0.8936 val_acc=0.6796 time=50.5s
22:25:18 | INFO | [finetune] epoch 30/30 train_task_loss=1.2088 train_kl=0.00 beta=0.00000 train_cost=0.00 gamma=0.000000 train_acc=0.5738 val_loss=0.8977 val_acc=0.6826 time=50.6s
22:25:26 | INFO | [synops0.5_density] test accuracy 0.6832, synops/sample 207,125,976

--- budget point 2/2 (importance): 0.3 of dense SynOps ---
22:25:26 | INFO | [synops0.3_importance] synops_budget(budget=0.3 of measured SynOps, rank_by=importance, achieved=0.2985, kept 298/2304 units)
22:26:16 | INFO | [finetune] epoch 1/30 train_task_loss=2.1654 train_kl=0.00 beta=0.00000 train_cost=0.00 gamma=0.000000 train_acc=0.1672 val_loss=1.7458 val_acc=0.2548 time=50.4s
22:27:06 | INFO | [finetune] epoch 2/30 train_task_loss=1.7846 train_kl=0.00 beta=0.00000 train_cost=0.00 gamma=0.000000 train_acc=0.2620 val_loss=1.5988 val_acc=0.3106 time=49.3s
22:27:55 | INFO | [finetune] epoch 3/30 train_task_loss=1.6857 train_kl=0.00 beta=0.00000 train_cost=0.00 gamma=0.000000 train_acc=0.3151 val_loss=1.4699 val_acc=0.3846 time=49.3s
22:28:45 | INFO | [finetune] epoch 4/30 train_task_loss=1.5784 train_kl=0.00 beta=0.00000 train_cost=0.00 gamma=0.000000 train_acc=0.3764 val_loss=1.3146 val_acc=0.4726 time=49.4s
22:29:34 | INFO | [finetune] epoch 5/30 train_task_loss=1.4677 train_kl=0.00 beta=0.00000 train_cost=0.00 gamma=0.000000 train_acc=0.4305 val_loss=1.2277 val_acc=0.5232 time=49.6s
22:30:24 | INFO | [finetune] epoch 6/30 train_task_loss=1.4122 train_kl=0.00 beta=0.00000 train_cost=0.00 gamma=0.000000 train_acc=0.4611 val_loss=1.1993 val_acc=0.5286 time=49.5s
22:31:13 | INFO | [finetune] epoch 7/30 train_task_loss=1.3578 train_kl=0.00 beta=0.00000 train_cost=0.00 gamma=0.000000 train_acc=0.4879 val_loss=1.1079 val_acc=0.5684 time=49.6s
22:32:03 | INFO | [finetune] epoch 8/30 train_task_loss=1.3151 train_kl=0.00 beta=0.00000 train_cost=0.00 gamma=0.000000 train_acc=0.5067 val_loss=1.0615 val_acc=0.5890 time=49.8s
22:32:53 | INFO | [finetune] epoch 9/30 train_task_loss=1.2890 train_kl=0.00 beta=0.00000 train_cost=0.00 gamma=0.000000 train_acc=0.5174 val_loss=1.0534 val_acc=0.5968 time=49.7s
22:33:42 | INFO | [finetune] epoch 10/30 train_task_loss=1.2590 train_kl=0.00 beta=0.00000 train_cost=0.00 gamma=0.000000 train_acc=0.5302 val_loss=1.0226 val_acc=0.6120 time=49.4s
22:34:32 | INFO | [finetune] epoch 11/30 train_task_loss=1.2354 train_kl=0.00 beta=0.00000 train_cost=0.00 gamma=0.000000 train_acc=0.5405 val_loss=0.9948 val_acc=0.6218 time=49.5s
22:35:22 | INFO | [finetune] epoch 12/30 train_task_loss=1.2198 train_kl=0.00 beta=0.00000 train_cost=0.00 gamma=0.000000 train_acc=0.5465 val_loss=0.9890 val_acc=0.6244 time=49.9s
22:36:13 | INFO | [finetune] epoch 13/30 train_task_loss=1.2050 train_kl=0.00 beta=0.00000 train_cost=0.00 gamma=0.000000 train_acc=0.5545 val_loss=0.9799 val_acc=0.6242 time=51.3s
22:37:04 | INFO | [finetune] epoch 14/30 train_task_loss=1.1787 train_kl=0.00 beta=0.00000 train_cost=0.00 gamma=0.000000 train_acc=0.5661 val_loss=0.9545 val_acc=0.6416 time=51.5s
22:37:55 | INFO | [finetune] epoch 15/30 train_task_loss=1.1635 train_kl=0.00 beta=0.00000 train_cost=0.00 gamma=0.000000 train_acc=0.5709 val_loss=0.9266 val_acc=0.6558 time=50.5s
22:38:45 | INFO | [finetune] epoch 16/30 train_task_loss=1.1544 train_kl=0.00 beta=0.00000 train_cost=0.00 gamma=0.000000 train_acc=0.5759 val_loss=0.9330 val_acc=0.6560 time=49.6s
22:39:35 | INFO | [finetune] epoch 17/30 train_task_loss=1.1415 train_kl=0.00 beta=0.00000 train_cost=0.00 gamma=0.000000 train_acc=0.5808 val_loss=0.9071 val_acc=0.6694 time=50.5s
22:40:25 | INFO | [finetune] epoch 18/30 train_task_loss=1.1286 train_kl=0.00 beta=0.00000 train_cost=0.00 gamma=0.000000 train_acc=0.5842 val_loss=0.9017 val_acc=0.6634 time=49.7s
22:41:15 | INFO | [finetune] epoch 19/30 train_task_loss=1.1266 train_kl=0.00 beta=0.00000 train_cost=0.00 gamma=0.000000 train_acc=0.5867 val_loss=0.9030 val_acc=0.6610 time=49.9s
22:42:04 | INFO | [finetune] epoch 20/30 train_task_loss=1.1092 train_kl=0.00 beta=0.00000 train_cost=0.00 gamma=0.000000 train_acc=0.5954 val_loss=0.8856 val_acc=0.6778 time=49.6s
22:42:54 | INFO | [finetune] epoch 21/30 train_task_loss=1.1077 train_kl=0.00 beta=0.00000 train_cost=0.00 gamma=0.000000 train_acc=0.5954 val_loss=0.8695 val_acc=0.6842 time=49.9s
22:43:44 | INFO | [finetune] epoch 22/30 train_task_loss=1.1013 train_kl=0.00 beta=0.00000 train_cost=0.00 gamma=0.000000 train_acc=0.5962 val_loss=0.8883 val_acc=0.6664 time=49.4s
22:44:33 | INFO | [finetune] epoch 23/30 train_task_loss=1.1071 train_kl=0.00 beta=0.00000 train_cost=0.00 gamma=0.000000 train_acc=0.5972 val_loss=0.8641 val_acc=0.6790 time=49.6s
22:45:23 | INFO | [finetune] epoch 24/30 train_task_loss=1.0937 train_kl=0.00 beta=0.00000 train_cost=0.00 gamma=0.000000 train_acc=0.6016 val_loss=0.8748 val_acc=0.6848 time=49.6s
22:46:12 | INFO | [finetune] epoch 25/30 train_task_loss=1.0897 train_kl=0.00 beta=0.00000 train_cost=0.00 gamma=0.000000 train_acc=0.6005 val_loss=0.8599 val_acc=0.6906 time=49.2s
22:47:02 | INFO | [finetune] epoch 26/30 train_task_loss=1.0857 train_kl=0.00 beta=0.00000 train_cost=0.00 gamma=0.000000 train_acc=0.6039 val_loss=0.8540 val_acc=0.6956 time=49.5s
22:47:51 | INFO | [finetune] epoch 27/30 train_task_loss=1.0812 train_kl=0.00 beta=0.00000 train_cost=0.00 gamma=0.000000 train_acc=0.6040 val_loss=0.8689 val_acc=0.6806 time=49.6s
22:48:41 | INFO | [finetune] epoch 28/30 train_task_loss=1.0891 train_kl=0.00 beta=0.00000 train_cost=0.00 gamma=0.000000 train_acc=0.6025 val_loss=0.8680 val_acc=0.6796 time=49.4s
22:49:30 | INFO | [finetune] epoch 29/30 train_task_loss=1.0918 train_kl=0.00 beta=0.00000 train_cost=0.00 gamma=0.000000 train_acc=0.6001 val_loss=0.8677 val_acc=0.6808 time=49.3s
22:50:20 | INFO | [finetune] epoch 30/30 train_task_loss=1.0795 train_kl=0.00 beta=0.00000 train_cost=0.00 gamma=0.000000 train_acc=0.6046 val_loss=0.8619 val_acc=0.6860 time=49.6s
22:50:28 | INFO | [synops0.3_importance] test accuracy 0.6792, synops/sample 100,964,397

--- budget point 2/2 (density): 0.3 of dense SynOps ---
22:50:28 | INFO | [synops0.3_density] synops_budget(budget=0.3 of measured SynOps, rank_by=density, achieved=0.2999, kept 1513/2304 units)
22:51:20 | INFO | [finetune] epoch 1/30 train_task_loss=2.4012 train_kl=0.00 beta=0.00000 train_cost=0.00 gamma=0.000000 train_acc=0.1402 val_loss=2.2188 val_acc=0.1674 time=52.3s
22:52:10 | INFO | [finetune] epoch 2/30 train_task_loss=2.1585 train_kl=0.00 beta=0.00000 train_cost=0.00 gamma=0.000000 train_acc=0.1873 val_loss=2.1545 val_acc=0.2146 time=50.0s
22:53:00 | INFO | [finetune] epoch 3/30 train_task_loss=2.1213 train_kl=0.00 beta=0.00000 train_cost=0.00 gamma=0.000000 train_acc=0.2246 val_loss=1.9150 val_acc=0.2892 time=50.0s
22:53:51 | INFO | [finetune] epoch 4/30 train_task_loss=2.0402 train_kl=0.00 beta=0.00000 train_cost=0.00 gamma=0.000000 train_acc=0.2458 val_loss=1.9047 val_acc=0.3026 time=50.4s
22:54:41 | INFO | [finetune] epoch 5/30 train_task_loss=1.9989 train_kl=0.00 beta=0.00000 train_cost=0.00 gamma=0.000000 train_acc=0.2588 val_loss=1.7880 val_acc=0.3216 time=50.1s
22:55:31 | INFO | [finetune] epoch 6/30 train_task_loss=1.9709 train_kl=0.00 beta=0.00000 train_cost=0.00 gamma=0.000000 train_acc=0.2692 val_loss=1.7295 val_acc=0.3482 time=50.2s
22:56:21 | INFO | [finetune] epoch 7/30 train_task_loss=1.9352 train_kl=0.00 beta=0.00000 train_cost=0.00 gamma=0.000000 train_acc=0.2806 val_loss=1.6708 val_acc=0.3580 time=49.8s
22:57:11 | INFO | [finetune] epoch 8/30 train_task_loss=1.9083 train_kl=0.00 beta=0.00000 train_cost=0.00 gamma=0.000000 train_acc=0.2929 val_loss=1.6667 val_acc=0.3442 time=50.2s
22:58:01 | INFO | [finetune] epoch 9/30 train_task_loss=1.8789 train_kl=0.00 beta=0.00000 train_cost=0.00 gamma=0.000000 train_acc=0.3013 val_loss=1.6403 val_acc=0.3780 time=50.2s
22:58:51 | INFO | [finetune] epoch 10/30 train_task_loss=1.8594 train_kl=0.00 beta=0.00000 train_cost=0.00 gamma=0.000000 train_acc=0.3172 val_loss=1.6208 val_acc=0.3712 time=49.9s
22:59:41 | INFO | [finetune] epoch 11/30 train_task_loss=1.8323 train_kl=0.00 beta=0.00000 train_cost=0.00 gamma=0.000000 train_acc=0.3289 val_loss=1.5797 val_acc=0.3910 time=49.7s
23:00:31 | INFO | [finetune] epoch 12/30 train_task_loss=1.8065 train_kl=0.00 beta=0.00000 train_cost=0.00 gamma=0.000000 train_acc=0.3338 val_loss=1.5519 val_acc=0.4076 time=50.1s
23:01:21 | INFO | [finetune] epoch 13/30 train_task_loss=1.7915 train_kl=0.00 beta=0.00000 train_cost=0.00 gamma=0.000000 train_acc=0.3420 val_loss=1.5426 val_acc=0.4088 time=50.1s
23:02:11 | INFO | [finetune] epoch 14/30 train_task_loss=1.7715 train_kl=0.00 beta=0.00000 train_cost=0.00 gamma=0.000000 train_acc=0.3496 val_loss=1.5125 val_acc=0.4290 time=50.2s
23:03:01 | INFO | [finetune] epoch 15/30 train_task_loss=1.7473 train_kl=0.00 beta=0.00000 train_cost=0.00 gamma=0.000000 train_acc=0.3615 val_loss=1.5307 val_acc=0.4346 time=50.0s
23:03:52 | INFO | [finetune] epoch 16/30 train_task_loss=1.7295 train_kl=0.00 beta=0.00000 train_cost=0.00 gamma=0.000000 train_acc=0.3698 val_loss=1.4750 val_acc=0.4398 time=50.3s
23:04:42 | INFO | [finetune] epoch 17/30 train_task_loss=1.7098 train_kl=0.00 beta=0.00000 train_cost=0.00 gamma=0.000000 train_acc=0.3723 val_loss=1.4795 val_acc=0.4318 time=50.1s
23:05:32 | INFO | [finetune] epoch 18/30 train_task_loss=1.7010 train_kl=0.00 beta=0.00000 train_cost=0.00 gamma=0.000000 train_acc=0.3752 val_loss=1.4250 val_acc=0.4686 time=50.1s
23:06:22 | INFO | [finetune] epoch 19/30 train_task_loss=1.6863 train_kl=0.00 beta=0.00000 train_cost=0.00 gamma=0.000000 train_acc=0.3824 val_loss=1.4249 val_acc=0.4564 time=50.1s
23:07:12 | INFO | [finetune] epoch 20/30 train_task_loss=1.6783 train_kl=0.00 beta=0.00000 train_cost=0.00 gamma=0.000000 train_acc=0.3828 val_loss=1.3905 val_acc=0.4820 time=49.9s
23:08:02 | INFO | [finetune] epoch 21/30 train_task_loss=1.6568 train_kl=0.00 beta=0.00000 train_cost=0.00 gamma=0.000000 train_acc=0.3947 val_loss=1.4162 val_acc=0.4742 time=50.1s
23:08:52 | INFO | [finetune] epoch 22/30 train_task_loss=1.6476 train_kl=0.00 beta=0.00000 train_cost=0.00 gamma=0.000000 train_acc=0.4028 val_loss=1.3551 val_acc=0.5022 time=50.0s
23:09:42 | INFO | [finetune] epoch 23/30 train_task_loss=1.6403 train_kl=0.00 beta=0.00000 train_cost=0.00 gamma=0.000000 train_acc=0.4056 val_loss=1.3812 val_acc=0.4834 time=50.1s
23:10:32 | INFO | [finetune] epoch 24/30 train_task_loss=1.6226 train_kl=0.00 beta=0.00000 train_cost=0.00 gamma=0.000000 train_acc=0.4107 val_loss=1.3722 val_acc=0.4848 time=49.9s
23:11:23 | INFO | [finetune] epoch 25/30 train_task_loss=1.6132 train_kl=0.00 beta=0.00000 train_cost=0.00 gamma=0.000000 train_acc=0.4138 val_loss=1.3406 val_acc=0.4932 time=50.4s
23:12:13 | INFO | [finetune] epoch 26/30 train_task_loss=1.6118 train_kl=0.00 beta=0.00000 train_cost=0.00 gamma=0.000000 train_acc=0.4140 val_loss=1.3223 val_acc=0.5066 time=50.3s
23:13:03 | INFO | [finetune] epoch 27/30 train_task_loss=1.6051 train_kl=0.00 beta=0.00000 train_cost=0.00 gamma=0.000000 train_acc=0.4200 val_loss=1.3625 val_acc=0.4890 time=49.9s
23:13:54 | INFO | [finetune] epoch 28/30 train_task_loss=1.5974 train_kl=0.00 beta=0.00000 train_cost=0.00 gamma=0.000000 train_acc=0.4195 val_loss=1.3127 val_acc=0.5112 time=51.1s
23:14:46 | INFO | [finetune] epoch 29/30 train_task_loss=1.6007 train_kl=0.00 beta=0.00000 train_cost=0.00 gamma=0.000000 train_acc=0.4177 val_loss=1.3157 val_acc=0.5068 time=51.9s
23:15:36 | INFO | [finetune] epoch 30/30 train_task_loss=1.5966 train_kl=0.00 beta=0.00000 train_cost=0.00 gamma=0.000000 train_acc=0.4196 val_loss=1.3310 val_acc=0.5072 time=50.2s
23:15:44 | INFO | [synops0.3_density] test accuracy 0.5098, synops/sample 92,353,546

============================================================
SPARSITY CURVE FINISHED
============================================================
           point          selection   pruned %   accuracy         synops   usable
      synops 0.5            density       6.22     0.6832    207,125,976      yes
      synops 0.3            density      11.38     0.5098     92,353,546      yes
      synops 0.5         importance      97.38     0.8797    234,092,409      yes
      synops 0.3         importance      99.46     0.6792    100,964,397      yes

Wrote ./outputs/dpap_repl/sparsity_curve_synops/summary.csv
====================================================
Job finished: Mon  3 Aug 23:16:03 BST 2026
====================================================
