====================================================
Job started: Thu 13 Aug 19:07:23 BST 2026
Node: node863.csf3.man.alces.network
====================================================
Thu Aug 13 19:07:48 2026       
+-----------------------------------------------------------------------------------------+
| NVIDIA-SMI 580.159.04             Driver Version: 580.159.04     CUDA Version: 13.0     |
+-----------------------------------------+------------------------+----------------------+
| GPU  Name                 Persistence-M | Bus-Id          Disp.A | Volatile Uncorr. ECC |
| Fan  Temp   Perf          Pwr:Usage/Cap |           Memory-Usage | GPU-Util  Compute M. |
|                                         |                        |               MIG M. |
|=========================================+========================+======================|
|   0  NVIDIA A100-SXM4-80GB          On  |   00000000:C1:00.0 Off |                    0 |
| N/A   26C    P0             57W /  400W |       0MiB /  81920MiB |      0%      Default |
|                                         |                        |             Disabled |
+-----------------------------------------+------------------------+----------------------+

+-----------------------------------------------------------------------------------------+
| Processes:                                                                              |
|  GPU   GI   CI              PID   Type   Process name                        GPU Memory |
|        ID   ID                                                               Usage      |
|=========================================================================================|
|  No running processes found                                                             |
+-----------------------------------------------------------------------------------------+
CUDA available: True
Files already downloaded and verified
Files already downloaded and verified
Files already downloaded and verified
Files already downloaded and verified
Files already downloaded and verified
Files already downloaded and verified

Loading pretrained baseline: ./outputs/dpap_repl/trained_model.pt

Training Bayesian gates (once, for every target on the curve)...
  SynOps budget term active: 0.5 of dense SynOps
19:11:06 | INFO | [bayesian_train] SynOps budget: 736,126,596 (0.5 of measured dense 1,472,253,192); lambda_lr=0.05, recount every 1 epoch(s)
19:12:34 | INFO | [bayesian_train] epoch 1/75 train_task_loss=0.1289 train_kl=4874.32 beta=0.00000 train_cost=1468612864.00 gamma=0.000000 train_acc=0.9666 val_loss=0.0041 val_acc=0.9996 time=87.7s E_synops=1,402,430,262 (1.91x budget) lambda=0.0000
19:12:35 | INFO |     log_alpha: min=-3.00 median=-3.00 max=-3.00 std=0.00 frac_prunable=0.000 frac_saturated=0.000
19:12:38 | INFO |     gate pressure conv_layers.0: |d task/d log_alpha|=4.541e-05 beta*|d KL/d log_alpha|=0.000e+00 ratio=inf
19:12:38 | INFO |     gate pressure conv_layers.1: |d task/d log_alpha|=1.242e-04 beta*|d KL/d log_alpha|=0.000e+00 ratio=inf
19:12:38 | INFO |     gate pressure conv_layers.2: |d task/d log_alpha|=4.837e-05 beta*|d KL/d log_alpha|=0.000e+00 ratio=inf
19:12:38 | INFO |     gate pressure conv_layers.3: |d task/d log_alpha|=5.700e-05 beta*|d KL/d log_alpha|=0.000e+00 ratio=inf
19:12:38 | INFO |     gate pressure conv_layers.4: |d task/d log_alpha|=3.268e-05 beta*|d KL/d log_alpha|=0.000e+00 ratio=inf
19:12:38 | INFO |     gate pressure conv_layers.5: |d task/d log_alpha|=1.519e-05 beta*|d KL/d log_alpha|=0.000e+00 ratio=inf
19:12:38 | INFO |     gate pressure fc_layers.0: |d task/d log_alpha|=2.058e-06 beta*|d KL/d log_alpha|=0.000e+00 ratio=inf
19:13:52 | INFO | [bayesian_train] epoch 2/75 train_task_loss=0.1245 train_kl=4852.14 beta=0.00100 train_cost=1475522813.72 gamma=0.000000 train_acc=0.9664 val_loss=0.0043 val_acc=0.9998 time=74.5s E_synops=1,408,411,226 (1.91x budget) lambda=0.0453
19:13:52 | INFO |     log_alpha: min=-3.00 median=-2.97 max=-2.94 std=0.01 frac_prunable=0.000 frac_saturated=0.000
19:15:06 | INFO | [bayesian_train] epoch 3/75 train_task_loss=0.1356 train_kl=4782.34 beta=0.00200 train_cost=1477981560.75 gamma=0.000000 train_acc=0.9605 val_loss=0.0045 val_acc=0.9998 time=74.1s E_synops=1,408,176,231 (1.91x budget) lambda=0.0909
19:15:06 | INFO |     log_alpha: min=-2.99 median=-2.89 max=-2.85 std=0.03 frac_prunable=0.000 frac_saturated=0.000
19:16:21 | INFO | [bayesian_train] epoch 4/75 train_task_loss=0.1411 train_kl=4656.67 beta=0.00300 train_cost=1492493492.34 gamma=0.000000 train_acc=0.9568 val_loss=0.0059 val_acc=0.9994 time=74.3s E_synops=1,416,260,811 (1.92x budget) lambda=0.1366
19:16:21 | INFO |     log_alpha: min=-2.96 median=-2.77 max=-2.71 std=0.04 frac_prunable=0.000 frac_saturated=0.000
19:17:34 | INFO | [bayesian_train] epoch 5/75 train_task_loss=0.1581 train_kl=4479.53 beta=0.00400 train_cost=1480035180.09 gamma=0.000000 train_acc=0.9505 val_loss=0.0089 val_acc=0.9980 time=73.6s E_synops=1,395,134,071 (1.90x budget) lambda=0.1828
19:17:34 | INFO |     log_alpha: min=-2.91 median=-2.60 max=-2.54 std=0.06 frac_prunable=0.000 frac_saturated=0.000
19:18:48 | INFO | [bayesian_train] epoch 6/75 train_task_loss=0.1744 train_kl=4244.47 beta=0.00500 train_cost=1489976486.83 gamma=0.000000 train_acc=0.9462 val_loss=0.0107 val_acc=0.9972 time=73.7s E_synops=1,390,139,622 (1.89x budget) lambda=0.2275
19:18:48 | INFO |     log_alpha: min=-2.82 median=-2.41 max=-2.34 std=0.07 frac_prunable=0.000 frac_saturated=0.000
19:18:48 | INFO |     gate pressure conv_layers.0: |d task/d log_alpha|=2.769e-04 beta*|d KL/d log_alpha|=2.880e-03 ratio=0.096
19:18:48 | INFO |     gate pressure conv_layers.1: |d task/d log_alpha|=4.669e-04 beta*|d KL/d log_alpha|=2.847e-03 ratio=0.164
19:18:48 | INFO |     gate pressure conv_layers.2: |d task/d log_alpha|=2.860e-04 beta*|d KL/d log_alpha|=2.883e-03 ratio=0.099
19:18:48 | INFO |     gate pressure conv_layers.3: |d task/d log_alpha|=2.800e-04 beta*|d KL/d log_alpha|=2.879e-03 ratio=0.097
19:18:48 | INFO |     gate pressure conv_layers.4: |d task/d log_alpha|=2.200e-04 beta*|d KL/d log_alpha|=2.902e-03 ratio=0.076
19:18:48 | INFO |     gate pressure conv_layers.5: |d task/d log_alpha|=1.190e-04 beta*|d KL/d log_alpha|=2.924e-03 ratio=0.041
19:18:48 | INFO |     gate pressure fc_layers.0: |d task/d log_alpha|=2.994e-05 beta*|d KL/d log_alpha|=2.936e-03 ratio=0.010
19:20:02 | INFO | [bayesian_train] epoch 7/75 train_task_loss=0.1797 train_kl=3985.08 beta=0.00600 train_cost=1482108442.74 gamma=0.000000 train_acc=0.9421 val_loss=0.0086 val_acc=0.9986 time=73.7s E_synops=1,364,724,423 (1.85x budget) lambda=0.2720
19:20:02 | INFO |     log_alpha: min=-2.72 median=-2.21 max=-2.14 std=0.08 frac_prunable=0.000 frac_saturated=0.000
19:21:16 | INFO | [bayesian_train] epoch 8/75 train_task_loss=0.1925 train_kl=3718.04 beta=0.00700 train_cost=1467687130.03 gamma=0.000000 train_acc=0.9385 val_loss=0.0147 val_acc=0.9964 time=74.1s E_synops=1,330,242,845 (1.81x budget) lambda=0.3146
19:21:16 | INFO |     log_alpha: min=-2.61 median=-2.01 max=-1.94 std=0.08 frac_prunable=0.000 frac_saturated=0.000
19:22:30 | INFO | [bayesian_train] epoch 9/75 train_task_loss=0.2018 train_kl=3450.28 beta=0.00800 train_cost=1490917561.17 gamma=0.000000 train_acc=0.9353 val_loss=0.0156 val_acc=0.9960 time=73.8s E_synops=1,326,546,856 (1.80x budget) lambda=0.3550
19:22:30 | INFO |     log_alpha: min=-2.49 median=-1.82 max=-1.75 std=0.09 frac_prunable=0.000 frac_saturated=0.000
19:23:44 | INFO | [bayesian_train] epoch 10/75 train_task_loss=0.2078 train_kl=3179.07 beta=0.00900 train_cost=1486379483.02 gamma=0.000000 train_acc=0.9330 val_loss=0.0164 val_acc=0.9968 time=73.9s E_synops=1,294,297,173 (1.76x budget) lambda=0.3951
19:23:44 | INFO |     log_alpha: min=-2.37 median=-1.64 max=-1.56 std=0.09 frac_prunable=0.000 frac_saturated=0.000
19:24:57 | INFO | [bayesian_train] epoch 11/75 train_task_loss=0.2221 train_kl=2910.00 beta=0.01000 train_cost=1477600442.31 gamma=0.000000 train_acc=0.9292 val_loss=0.0236 val_acc=0.9940 time=73.7s E_synops=1,255,102,695 (1.71x budget) lambda=0.4330
19:24:57 | INFO |     log_alpha: min=-2.24 median=-1.45 max=-1.37 std=0.10 frac_prunable=0.000 frac_saturated=0.000
19:24:57 | INFO |     gate pressure conv_layers.0: |d task/d log_alpha|=1.454e-03 beta*|d KL/d log_alpha|=6.367e-03 ratio=0.228
19:24:57 | INFO |     gate pressure conv_layers.1: |d task/d log_alpha|=2.246e-03 beta*|d KL/d log_alpha|=6.340e-03 ratio=0.354
19:24:57 | INFO |     gate pressure conv_layers.2: |d task/d log_alpha|=1.350e-03 beta*|d KL/d log_alpha|=6.373e-03 ratio=0.212
19:24:57 | INFO |     gate pressure conv_layers.3: |d task/d log_alpha|=1.166e-03 beta*|d KL/d log_alpha|=6.377e-03 ratio=0.183
19:24:57 | INFO |     gate pressure conv_layers.4: |d task/d log_alpha|=1.258e-03 beta*|d KL/d log_alpha|=6.371e-03 ratio=0.198
19:24:57 | INFO |     gate pressure conv_layers.5: |d task/d log_alpha|=5.401e-04 beta*|d KL/d log_alpha|=6.352e-03 ratio=0.085
19:24:57 | INFO |     gate pressure fc_layers.0: |d task/d log_alpha|=8.021e-04 beta*|d KL/d log_alpha|=6.345e-03 ratio=0.126
19:26:11 | INFO | [bayesian_train] epoch 12/75 train_task_loss=0.2271 train_kl=2655.07 beta=0.01000 train_cost=1488005540.12 gamma=0.000000 train_acc=0.9274 val_loss=0.0234 val_acc=0.9934 time=74.1s E_synops=1,229,594,842 (1.67x budget) lambda=0.4683
19:26:11 | INFO |     log_alpha: min=-2.11 median=-1.28 max=-1.20 std=0.10 frac_prunable=0.000 frac_saturated=0.000
19:27:25 | INFO | [bayesian_train] epoch 13/75 train_task_loss=0.2505 train_kl=2420.63 beta=0.01000 train_cost=1471648594.63 gamma=0.000000 train_acc=0.9210 val_loss=0.0402 val_acc=0.9892 time=74.0s E_synops=1,180,841,063 (1.60x budget) lambda=0.5018
19:27:25 | INFO |     log_alpha: min=-1.98 median=-1.12 max=-1.04 std=0.10 frac_prunable=0.000 frac_saturated=0.000
19:28:40 | INFO | [bayesian_train] epoch 14/75 train_task_loss=0.2668 train_kl=2201.24 beta=0.01000 train_cost=1444839210.24 gamma=0.000000 train_acc=0.9166 val_loss=0.0594 val_acc=0.9806 time=74.1s E_synops=1,123,628,851 (1.53x budget) lambda=0.5320
19:28:40 | INFO |     log_alpha: min=-1.87 median=-0.97 max=-0.88 std=0.11 frac_prunable=0.000 frac_saturated=0.000
19:29:53 | INFO | [bayesian_train] epoch 15/75 train_task_loss=0.2892 train_kl=1999.77 beta=0.01000 train_cost=1461346057.39 gamma=0.000000 train_acc=0.9082 val_loss=0.0795 val_acc=0.9664 time=73.9s E_synops=1,098,376,222 (1.49x budget) lambda=0.5583
19:29:53 | INFO |     log_alpha: min=-1.75 median=-0.83 max=-0.72 std=0.11 frac_prunable=0.000 frac_saturated=0.000
19:31:07 | INFO | [bayesian_train] epoch 16/75 train_task_loss=0.3070 train_kl=1814.67 beta=0.01000 train_cost=1476610942.29 gamma=0.000000 train_acc=0.9036 val_loss=0.0859 val_acc=0.9718 time=73.7s E_synops=1,070,855,235 (1.45x budget) lambda=0.5829
19:31:07 | INFO |     log_alpha: min=-1.63 median=-0.69 max=-0.57 std=0.11 frac_prunable=0.000 frac_saturated=0.000
19:31:07 | INFO |     gate pressure conv_layers.0: |d task/d log_alpha|=2.656e-03 beta*|d KL/d log_alpha|=5.538e-03 ratio=0.480
19:31:07 | INFO |     gate pressure conv_layers.1: |d task/d log_alpha|=3.131e-03 beta*|d KL/d log_alpha|=5.785e-03 ratio=0.541
19:31:07 | INFO |     gate pressure conv_layers.2: |d task/d log_alpha|=2.886e-03 beta*|d KL/d log_alpha|=5.514e-03 ratio=0.523
19:31:07 | INFO |     gate pressure conv_layers.3: |d task/d log_alpha|=3.354e-03 beta*|d KL/d log_alpha|=5.526e-03 ratio=0.607
19:31:07 | INFO |     gate pressure conv_layers.4: |d task/d log_alpha|=3.116e-03 beta*|d KL/d log_alpha|=5.382e-03 ratio=0.579
19:31:07 | INFO |     gate pressure conv_layers.5: |d task/d log_alpha|=1.369e-03 beta*|d KL/d log_alpha|=5.148e-03 ratio=0.266
19:31:07 | INFO |     gate pressure fc_layers.0: |d task/d log_alpha|=1.101e-03 beta*|d KL/d log_alpha|=5.180e-03 ratio=0.212
19:32:21 | INFO | [bayesian_train] epoch 17/75 train_task_loss=0.3275 train_kl=1648.37 beta=0.01000 train_cost=1472428372.34 gamma=0.000000 train_acc=0.8981 val_loss=0.1278 val_acc=0.9550 time=73.9s E_synops=1,028,430,613 (1.40x budget) lambda=0.6057
19:32:21 | INFO |     log_alpha: min=-1.53 median=-0.56 max=-0.42 std=0.12 frac_prunable=0.000 frac_saturated=0.000
19:33:35 | INFO | [bayesian_train] epoch 18/75 train_task_loss=0.3525 train_kl=1497.00 beta=0.01000 train_cost=1465273578.24 gamma=0.000000 train_acc=0.8902 val_loss=0.1600 val_acc=0.9298 time=73.9s E_synops=984,046,354 (1.34x budget) lambda=0.6255
19:33:35 | INFO |     log_alpha: min=-1.42 median=-0.43 max=-0.27 std=0.13 frac_prunable=0.000 frac_saturated=0.000
19:34:49 | INFO | [bayesian_train] epoch 19/75 train_task_loss=0.3971 train_kl=1364.65 beta=0.01000 train_cost=1490289017.74 gamma=0.000000 train_acc=0.8777 val_loss=0.2028 val_acc=0.9180 time=74.0s E_synops=961,763,540 (1.31x budget) lambda=0.6423
19:34:49 | INFO |     log_alpha: min=-1.32 median=-0.32 max=-0.13 std=0.13 frac_prunable=0.000 frac_saturated=0.000
19:36:03 | INFO | [bayesian_train] epoch 20/75 train_task_loss=0.4327 train_kl=1247.57 beta=0.01000 train_cost=1501019697.64 gamma=0.000000 train_acc=0.8659 val_loss=0.2233 val_acc=0.9008 time=73.9s E_synops=930,287,827 (1.26x budget) lambda=0.6577
19:36:03 | INFO |     log_alpha: min=-1.22 median=-0.21 max=0.01 std=0.14 frac_prunable=0.000 frac_saturated=0.000
19:37:17 | INFO | [bayesian_train] epoch 21/75 train_task_loss=0.4732 train_kl=1144.95 beta=0.01000 train_cost=1540001309.16 gamma=0.000000 train_acc=0.8539 val_loss=0.2964 val_acc=0.8544 time=74.2s E_synops=916,571,868 (1.25x budget) lambda=0.6709
19:37:17 | INFO |     log_alpha: min=-1.12 median=-0.10 max=0.15 std=0.15 frac_prunable=0.000 frac_saturated=0.000
19:37:17 | INFO |     gate pressure conv_layers.0: |d task/d log_alpha|=2.555e-03 beta*|d KL/d log_alpha|=4.037e-03 ratio=0.633
19:37:17 | INFO |     gate pressure conv_layers.1: |d task/d log_alpha|=3.691e-03 beta*|d KL/d log_alpha|=4.551e-03 ratio=0.811
19:37:17 | INFO |     gate pressure conv_layers.2: |d task/d log_alpha|=3.512e-03 beta*|d KL/d log_alpha|=4.129e-03 ratio=0.850
19:37:17 | INFO |     gate pressure conv_layers.3: |d task/d log_alpha|=3.222e-03 beta*|d KL/d log_alpha|=4.169e-03 ratio=0.773
19:37:17 | INFO |     gate pressure conv_layers.4: |d task/d log_alpha|=3.625e-03 beta*|d KL/d log_alpha|=3.979e-03 ratio=0.911
19:37:17 | INFO |     gate pressure conv_layers.5: |d task/d log_alpha|=2.626e-03 beta*|d KL/d log_alpha|=3.574e-03 ratio=0.735
19:37:17 | INFO |     gate pressure fc_layers.0: |d task/d log_alpha|=1.797e-03 beta*|d KL/d log_alpha|=3.603e-03 ratio=0.499
19:38:31 | INFO | [bayesian_train] epoch 22/75 train_task_loss=0.5144 train_kl=1055.91 beta=0.01000 train_cost=1563690343.40 gamma=0.000000 train_acc=0.8421 val_loss=0.3315 val_acc=0.8186 time=74.0s E_synops=893,551,325 (1.21x budget) lambda=0.6831
19:38:31 | INFO |     log_alpha: min=-1.02 median=-0.00 max=0.29 std=0.16 frac_prunable=0.000 frac_saturated=0.000
19:39:45 | INFO | [bayesian_train] epoch 23/75 train_task_loss=0.5616 train_kl=978.82 beta=0.01000 train_cost=1559484431.64 gamma=0.000000 train_acc=0.8283 val_loss=0.3736 val_acc=0.8244 time=74.2s E_synops=857,599,603 (1.17x budget) lambda=0.6938
19:39:45 | INFO |     log_alpha: min=-0.93 median=0.09 max=0.42 std=0.17 frac_prunable=0.000 frac_saturated=0.000
19:41:00 | INFO | [bayesian_train] epoch 24/75 train_task_loss=0.6023 train_kl=911.00 beta=0.01000 train_cost=1573918540.52 gamma=0.000000 train_acc=0.8183 val_loss=0.4430 val_acc=0.7832 time=74.0s E_synops=833,022,499 (1.13x budget) lambda=0.7021
19:41:00 | INFO |     log_alpha: min=-0.85 median=0.17 max=0.55 std=0.17 frac_prunable=0.000 frac_saturated=0.000
19:42:14 | INFO | [bayesian_train] epoch 25/75 train_task_loss=0.6406 train_kl=851.65 beta=0.01000 train_cost=1633907286.76 gamma=0.000000 train_acc=0.8016 val_loss=0.5302 val_acc=0.7206 time=74.2s E_synops=833,086,945 (1.13x budget) lambda=0.7086
19:42:14 | INFO |     log_alpha: min=-0.77 median=0.25 max=0.67 std=0.18 frac_prunable=0.000 frac_saturated=0.000
19:43:28 | INFO | [bayesian_train] epoch 26/75 train_task_loss=0.6871 train_kl=799.52 beta=0.01000 train_cost=1650287208.96 gamma=0.000000 train_acc=0.7869 val_loss=0.5613 val_acc=0.6880 time=74.2s E_synops=811,353,598 (1.10x budget) lambda=0.7152
19:43:28 | INFO |     log_alpha: min=-0.69 median=0.32 max=0.79 std=0.18 frac_prunable=0.000 frac_saturated=0.000
19:43:28 | INFO |     gate pressure conv_layers.0: |d task/d log_alpha|=3.135e-03 beta*|d KL/d log_alpha|=2.917e-03 ratio=1.074
19:43:28 | INFO |     gate pressure conv_layers.1: |d task/d log_alpha|=4.180e-03 beta*|d KL/d log_alpha|=3.562e-03 ratio=1.174
19:43:28 | INFO |     gate pressure conv_layers.2: |d task/d log_alpha|=3.907e-03 beta*|d KL/d log_alpha|=3.158e-03 ratio=1.237
19:43:28 | INFO |     gate pressure conv_layers.3: |d task/d log_alpha|=4.586e-03 beta*|d KL/d log_alpha|=3.253e-03 ratio=1.410
19:43:28 | INFO |     gate pressure conv_layers.4: |d task/d log_alpha|=3.984e-03 beta*|d KL/d log_alpha|=2.993e-03 ratio=1.331
19:43:28 | INFO |     gate pressure conv_layers.5: |d task/d log_alpha|=3.834e-03 beta*|d KL/d log_alpha|=2.673e-03 ratio=1.434
19:43:28 | INFO |     gate pressure fc_layers.0: |d task/d log_alpha|=3.150e-03 beta*|d KL/d log_alpha|=2.584e-03 ratio=1.219
19:44:43 | INFO | [bayesian_train] epoch 27/75 train_task_loss=0.7195 train_kl=753.25 beta=0.01000 train_cost=1695991804.87 gamma=0.000000 train_acc=0.7762 val_loss=0.6245 val_acc=0.6568 time=74.6s E_synops=805,547,470 (1.09x budget) lambda=0.7203
19:44:43 | INFO |     log_alpha: min=-0.62 median=0.38 max=0.91 std=0.19 frac_prunable=0.000 frac_saturated=0.000
19:45:57 | INFO | [bayesian_train] epoch 28/75 train_task_loss=0.7531 train_kl=712.78 beta=0.01000 train_cost=1692337801.39 gamma=0.000000 train_acc=0.7655 val_loss=0.6781 val_acc=0.5788 time=74.1s E_synops=778,209,066 (1.06x budget) lambda=0.7251
19:45:57 | INFO |     log_alpha: min=-0.56 median=0.44 max=1.02 std=0.20 frac_prunable=0.000 frac_saturated=0.000
19:47:11 | INFO | [bayesian_train] epoch 29/75 train_task_loss=0.7746 train_kl=676.76 beta=0.01000 train_cost=1734482974.44 gamma=0.000000 train_acc=0.7591 val_loss=0.7483 val_acc=0.5290 time=74.4s E_synops=772,813,905 (1.05x budget) lambda=0.7279
19:47:11 | INFO |     log_alpha: min=-0.49 median=0.50 max=1.13 std=0.20 frac_prunable=0.000 frac_saturated=0.000
19:48:25 | INFO | [bayesian_train] epoch 30/75 train_task_loss=0.8075 train_kl=644.24 beta=0.01000 train_cost=1779808776.39 gamma=0.000000 train_acc=0.7463 val_loss=0.7948 val_acc=0.5154 time=74.3s E_synops=768,985,110 (1.04x budget) lambda=0.7304
19:48:25 | INFO |     log_alpha: min=-0.43 median=0.55 max=1.23 std=0.20 frac_prunable=0.000 frac_saturated=0.000
19:49:40 | INFO | [bayesian_train] epoch 31/75 train_task_loss=0.8456 train_kl=614.98 beta=0.01000 train_cost=1798507382.04 gamma=0.000000 train_acc=0.7329 val_loss=0.8354 val_acc=0.4930 time=74.5s E_synops=754,941,680 (1.03x budget) lambda=0.7326
19:49:40 | INFO |     log_alpha: min=-0.39 median=0.60 max=1.32 std=0.21 frac_prunable=0.000 frac_saturated=0.000
19:49:40 | INFO |     gate pressure conv_layers.0: |d task/d log_alpha|=3.231e-03 beta*|d KL/d log_alpha|=2.236e-03 ratio=1.445
19:49:40 | INFO |     gate pressure conv_layers.1: |d task/d log_alpha|=4.399e-03 beta*|d KL/d log_alpha|=2.899e-03 ratio=1.517
19:49:40 | INFO |     gate pressure conv_layers.2: |d task/d log_alpha|=3.870e-03 beta*|d KL/d log_alpha|=2.539e-03 ratio=1.524
19:49:40 | INFO |     gate pressure conv_layers.3: |d task/d log_alpha|=4.983e-03 beta*|d KL/d log_alpha|=2.667e-03 ratio=1.868
19:49:40 | INFO |     gate pressure conv_layers.4: |d task/d log_alpha|=4.237e-03 beta*|d KL/d log_alpha|=2.382e-03 ratio=1.779
19:49:40 | INFO |     gate pressure conv_layers.5: |d task/d log_alpha|=4.204e-03 beta*|d KL/d log_alpha|=2.181e-03 ratio=1.928
19:49:40 | INFO |     gate pressure fc_layers.0: |d task/d log_alpha|=2.910e-03 beta*|d KL/d log_alpha|=2.023e-03 ratio=1.438
19:50:55 | INFO | [bayesian_train] epoch 32/75 train_task_loss=0.8724 train_kl=588.85 beta=0.01000 train_cost=1830300732.16 gamma=0.000000 train_acc=0.7254 val_loss=0.8913 val_acc=0.4434 time=74.5s E_synops=747,402,627 (1.02x budget) lambda=0.7339
19:50:55 | INFO |     log_alpha: min=-0.35 median=0.64 max=1.41 std=0.21 frac_prunable=0.000 frac_saturated=0.000
19:52:09 | INFO | [bayesian_train] epoch 33/75 train_task_loss=0.8940 train_kl=564.96 beta=0.01000 train_cost=1828895724.52 gamma=0.000000 train_acc=0.7191 val_loss=0.9413 val_acc=0.4312 time=74.3s E_synops=727,271,487 (0.99x budget) lambda=0.7347
19:52:09 | INFO |     log_alpha: min=-0.32 median=0.69 max=1.50 std=0.22 frac_prunable=0.000 frac_saturated=0.000
19:53:24 | INFO | [bayesian_train] epoch 34/75 train_task_loss=0.9248 train_kl=543.50 beta=0.01000 train_cost=1872325039.08 gamma=0.000000 train_acc=0.7066 val_loss=0.9693 val_acc=0.4142 time=74.6s E_synops=726,145,749 (0.99x budget) lambda=0.7341
19:53:24 | INFO |     log_alpha: min=-0.28 median=0.73 max=1.57 std=0.22 frac_prunable=0.000 frac_saturated=0.000
19:54:38 | INFO | [bayesian_train] epoch 35/75 train_task_loss=0.9415 train_kl=524.02 beta=0.01000 train_cost=1909178131.06 gamma=0.000000 train_acc=0.7003 val_loss=0.9988 val_acc=0.3854 time=74.6s E_synops=723,267,726 (0.98x budget) lambda=0.7334
19:54:38 | INFO |     log_alpha: min=-0.25 median=0.76 max=1.66 std=0.22 frac_prunable=0.000 frac_saturated=0.000
19:55:52 | INFO | [bayesian_train] epoch 36/75 train_task_loss=0.9657 train_kl=506.42 beta=0.01000 train_cost=1929078347.80 gamma=0.000000 train_acc=0.6928 val_loss=1.0520 val_acc=0.3798 time=74.2s E_synops=714,417,451 (0.97x budget) lambda=0.7325
19:55:52 | INFO |     log_alpha: min=-0.22 median=0.80 max=1.73 std=0.22 frac_prunable=0.000 frac_saturated=0.000
19:55:53 | INFO |     gate pressure conv_layers.0: |d task/d log_alpha|=4.158e-03 beta*|d KL/d log_alpha|=1.830e-03 ratio=2.272
19:55:53 | INFO |     gate pressure conv_layers.1: |d task/d log_alpha|=5.964e-03 beta*|d KL/d log_alpha|=2.456e-03 ratio=2.429
19:55:53 | INFO |     gate pressure conv_layers.2: |d task/d log_alpha|=4.694e-03 beta*|d KL/d log_alpha|=2.134e-03 ratio=2.200
19:55:53 | INFO |     gate pressure conv_layers.3: |d task/d log_alpha|=5.649e-03 beta*|d KL/d log_alpha|=2.278e-03 ratio=2.480
19:55:53 | INFO |     gate pressure conv_layers.4: |d task/d log_alpha|=4.501e-03 beta*|d KL/d log_alpha|=1.996e-03 ratio=2.255
19:55:53 | INFO |     gate pressure conv_layers.5: |d task/d log_alpha|=4.985e-03 beta*|d KL/d log_alpha|=1.878e-03 ratio=2.655
19:55:53 | INFO |     gate pressure fc_layers.0: |d task/d log_alpha|=2.907e-03 beta*|d KL/d log_alpha|=1.692e-03 ratio=1.718
19:57:07 | INFO | [bayesian_train] epoch 37/75 train_task_loss=0.9832 train_kl=490.21 beta=0.01000 train_cost=1973049048.18 gamma=0.000000 train_acc=0.6848 val_loss=1.0798 val_acc=0.3710 time=74.5s E_synops=715,186,974 (0.97x budget) lambda=0.7311
19:57:07 | INFO |     log_alpha: min=-0.19 median=0.83 max=1.80 std=0.23 frac_prunable=0.000 frac_saturated=0.000
19:58:21 | INFO | [bayesian_train] epoch 38/75 train_task_loss=1.0014 train_kl=475.24 beta=0.01000 train_cost=1980570934.47 gamma=0.000000 train_acc=0.6777 val_loss=1.0861 val_acc=0.3650 time=74.4s E_synops=703,448,696 (0.96x budget) lambda=0.7296
19:58:21 | INFO |     log_alpha: min=-0.17 median=0.87 max=1.87 std=0.23 frac_prunable=0.000 frac_saturated=0.000
19:59:36 | INFO | [bayesian_train] epoch 39/75 train_task_loss=1.0054 train_kl=461.65 beta=0.01000 train_cost=1990202796.09 gamma=0.000000 train_acc=0.6761 val_loss=1.1111 val_acc=0.3480 time=74.1s E_synops=693,240,780 (0.94x budget) lambda=0.7274
19:59:36 | INFO |     log_alpha: min=-0.14 median=0.90 max=1.93 std=0.23 frac_prunable=0.000 frac_saturated=0.000
20:00:50 | INFO | [bayesian_train] epoch 40/75 train_task_loss=1.0196 train_kl=449.14 beta=0.01000 train_cost=2006995313.78 gamma=0.000000 train_acc=0.6697 val_loss=1.1134 val_acc=0.3562 time=74.6s E_synops=686,475,431 (0.93x budget) lambda=0.7245
20:00:50 | INFO |     log_alpha: min=-0.12 median=0.92 max=1.98 std=0.23 frac_prunable=0.000 frac_saturated=0.000
20:02:05 | INFO | [bayesian_train] epoch 41/75 train_task_loss=1.0373 train_kl=437.74 beta=0.01000 train_cost=2009465859.84 gamma=0.000000 train_acc=0.6618 val_loss=1.1255 val_acc=0.3412 time=74.7s E_synops=675,901,705 (0.92x budget) lambda=0.7211
20:02:05 | INFO |     log_alpha: min=-0.09 median=0.95 max=2.02 std=0.24 frac_prunable=0.000 frac_saturated=0.000
20:02:05 | INFO |     gate pressure conv_layers.0: |d task/d log_alpha|=2.646e-03 beta*|d KL/d log_alpha|=1.578e-03 ratio=1.677
20:02:05 | INFO |     gate pressure conv_layers.1: |d task/d log_alpha|=5.449e-03 beta*|d KL/d log_alpha|=2.153e-03 ratio=2.531
20:02:05 | INFO |     gate pressure conv_layers.2: |d task/d log_alpha|=3.624e-03 beta*|d KL/d log_alpha|=1.862e-03 ratio=1.947
20:02:05 | INFO |     gate pressure conv_layers.3: |d task/d log_alpha|=4.781e-03 beta*|d KL/d log_alpha|=2.015e-03 ratio=2.373
20:02:05 | INFO |     gate pressure conv_layers.4: |d task/d log_alpha|=4.238e-03 beta*|d KL/d log_alpha|=1.744e-03 ratio=2.430
20:02:05 | INFO |     gate pressure conv_layers.5: |d task/d log_alpha|=4.440e-03 beta*|d KL/d log_alpha|=1.680e-03 ratio=2.643
20:02:05 | INFO |     gate pressure fc_layers.0: |d task/d log_alpha|=3.104e-03 beta*|d KL/d log_alpha|=1.480e-03 ratio=2.098
20:03:19 | INFO | [bayesian_train] epoch 42/75 train_task_loss=1.0444 train_kl=427.28 beta=0.01000 train_cost=2030140298.38 gamma=0.000000 train_acc=0.6605 val_loss=1.1436 val_acc=0.3274 time=74.2s E_synops=671,880,283 (0.91x budget) lambda=0.7170
20:03:19 | INFO |     log_alpha: min=-0.07 median=0.97 max=2.07 std=0.24 frac_prunable=0.000 frac_saturated=0.000
20:04:34 | INFO | [bayesian_train] epoch 43/75 train_task_loss=1.0590 train_kl=417.62 beta=0.01000 train_cost=2057010975.43 gamma=0.000000 train_acc=0.6560 val_loss=1.1552 val_acc=0.3558 time=74.3s E_synops=670,456,289 (0.91x budget) lambda=0.7127
20:04:34 | INFO |     log_alpha: min=-0.05 median=1.00 max=2.11 std=0.24 frac_prunable=0.000 frac_saturated=0.000
20:05:48 | INFO | [bayesian_train] epoch 44/75 train_task_loss=1.0677 train_kl=408.57 beta=0.01000 train_cost=2077202198.76 gamma=0.000000 train_acc=0.6542 val_loss=1.1796 val_acc=0.3268 time=74.3s E_synops=667,163,535 (0.91x budget) lambda=0.7082
20:05:48 | INFO |     log_alpha: min=-0.04 median=1.02 max=2.15 std=0.24 frac_prunable=0.000 frac_saturated=0.000
20:07:02 | INFO | [bayesian_train] epoch 45/75 train_task_loss=1.0889 train_kl=400.35 beta=0.01000 train_cost=2081676560.78 gamma=0.000000 train_acc=0.6459 val_loss=1.1724 val_acc=0.3420 time=74.5s E_synops=659,692,666 (0.90x budget) lambda=0.7035
20:07:02 | INFO |     log_alpha: min=-0.02 median=1.04 max=2.19 std=0.24 frac_prunable=0.000 frac_saturated=0.000
20:08:16 | INFO | [bayesian_train] epoch 46/75 train_task_loss=1.0808 train_kl=392.78 beta=0.01000 train_cost=2072423477.62 gamma=0.000000 train_acc=0.6455 val_loss=1.1938 val_acc=0.3166 time=73.8s E_synops=648,616,079 (0.88x budget) lambda=0.6983
20:08:16 | INFO |     log_alpha: min=-0.00 median=1.06 max=2.22 std=0.25 frac_prunable=0.000 frac_saturated=0.000
20:08:16 | INFO |     gate pressure conv_layers.0: |d task/d log_alpha|=2.864e-03 beta*|d KL/d log_alpha|=1.418e-03 ratio=2.019
20:08:16 | INFO |     gate pressure conv_layers.1: |d task/d log_alpha|=5.832e-03 beta*|d KL/d log_alpha|=1.950e-03 ratio=2.991
20:08:16 | INFO |     gate pressure conv_layers.2: |d task/d log_alpha|=3.778e-03 beta*|d KL/d log_alpha|=1.679e-03 ratio=2.250
20:08:16 | INFO |     gate pressure conv_layers.3: |d task/d log_alpha|=4.884e-03 beta*|d KL/d log_alpha|=1.837e-03 ratio=2.659
20:08:16 | INFO |     gate pressure conv_layers.4: |d task/d log_alpha|=3.697e-03 beta*|d KL/d log_alpha|=1.576e-03 ratio=2.346
20:08:16 | INFO |     gate pressure conv_layers.5: |d task/d log_alpha|=3.886e-03 beta*|d KL/d log_alpha|=1.546e-03 ratio=2.513
20:08:16 | INFO |     gate pressure fc_layers.0: |d task/d log_alpha|=2.353e-03 beta*|d KL/d log_alpha|=1.337e-03 ratio=1.760
20:09:31 | INFO | [bayesian_train] epoch 47/75 train_task_loss=1.0891 train_kl=385.83 beta=0.01000 train_cost=2096927945.24 gamma=0.000000 train_acc=0.6435 val_loss=1.2061 val_acc=0.3092 time=74.5s E_synops=648,349,422 (0.88x budget) lambda=0.6924
20:09:31 | INFO |     log_alpha: min=0.01 median=1.08 max=2.26 std=0.25 frac_prunable=0.000 frac_saturated=0.000
20:10:45 | INFO | [bayesian_train] epoch 48/75 train_task_loss=1.1108 train_kl=379.42 beta=0.01000 train_cost=2118726115.70 gamma=0.000000 train_acc=0.6374 val_loss=1.2235 val_acc=0.3080 time=74.3s E_synops=647,817,301 (0.88x budget) lambda=0.6864
20:10:45 | INFO |     log_alpha: min=0.03 median=1.10 max=2.29 std=0.25 frac_prunable=0.000 frac_saturated=0.000
20:11:59 | INFO | [bayesian_train] epoch 49/75 train_task_loss=1.1143 train_kl=373.56 beta=0.01000 train_cost=2092831065.46 gamma=0.000000 train_acc=0.6345 val_loss=1.2201 val_acc=0.3104 time=74.3s E_synops=633,353,898 (0.86x budget) lambda=0.6804
20:11:59 | INFO |     log_alpha: min=0.04 median=1.11 max=2.31 std=0.25 frac_prunable=0.000 frac_saturated=0.000
20:13:14 | INFO | [bayesian_train] epoch 50/75 train_task_loss=1.1212 train_kl=368.11 beta=0.01000 train_cost=2114343083.24 gamma=0.000000 train_acc=0.6319 val_loss=1.2279 val_acc=0.3032 time=74.2s E_synops=633,442,854 (0.86x budget) lambda=0.6734
20:13:14 | INFO |     log_alpha: min=0.05 median=1.13 max=2.34 std=0.25 frac_prunable=0.000 frac_saturated=0.000
20:14:28 | INFO | [bayesian_train] epoch 51/75 train_task_loss=1.1182 train_kl=363.09 beta=0.01000 train_cost=2131854880.57 gamma=0.000000 train_acc=0.6323 val_loss=1.2155 val_acc=0.3092 time=74.4s E_synops=632,937,461 (0.86x budget) lambda=0.6665
20:14:28 | INFO |     log_alpha: min=0.06 median=1.14 max=2.36 std=0.25 frac_prunable=0.000 frac_saturated=0.000
20:14:28 | INFO |     gate pressure conv_layers.0: |d task/d log_alpha|=2.851e-03 beta*|d KL/d log_alpha|=1.315e-03 ratio=2.169
20:14:28 | INFO |     gate pressure conv_layers.1: |d task/d log_alpha|=5.390e-03 beta*|d KL/d log_alpha|=1.814e-03 ratio=2.971
20:14:28 | INFO |     gate pressure conv_layers.2: |d task/d log_alpha|=3.491e-03 beta*|d KL/d log_alpha|=1.558e-03 ratio=2.240
20:14:28 | INFO |     gate pressure conv_layers.3: |d task/d log_alpha|=4.708e-03 beta*|d KL/d log_alpha|=1.717e-03 ratio=2.743
20:14:28 | INFO |     gate pressure conv_layers.4: |d task/d log_alpha|=3.750e-03 beta*|d KL/d log_alpha|=1.464e-03 ratio=2.561
20:14:28 | INFO |     gate pressure conv_layers.5: |d task/d log_alpha|=4.598e-03 beta*|d KL/d log_alpha|=1.455e-03 ratio=3.160
20:14:28 | INFO |     gate pressure fc_layers.0: |d task/d log_alpha|=2.420e-03 beta*|d KL/d log_alpha|=1.241e-03 ratio=1.950
20:15:42 | INFO | [bayesian_train] epoch 52/75 train_task_loss=1.1220 train_kl=358.44 beta=0.01000 train_cost=2098899577.88 gamma=0.000000 train_acc=0.6314 val_loss=1.2327 val_acc=0.3170 time=74.5s E_synops=617,878,515 (0.84x budget) lambda=0.6595
20:15:43 | INFO |     log_alpha: min=0.07 median=1.16 max=2.38 std=0.25 frac_prunable=0.000 frac_saturated=0.000
20:16:57 | INFO | [bayesian_train] epoch 53/75 train_task_loss=1.1331 train_kl=354.19 beta=0.01000 train_cost=2110096449.85 gamma=0.000000 train_acc=0.6272 val_loss=1.2421 val_acc=0.3098 time=74.5s E_synops=616,279,366 (0.84x budget) lambda=0.6514
20:16:57 | INFO |     log_alpha: min=0.08 median=1.17 max=2.40 std=0.25 frac_prunable=0.000 frac_saturated=0.000
20:18:12 | INFO | [bayesian_train] epoch 54/75 train_task_loss=1.1424 train_kl=350.29 beta=0.01000 train_cost=2138373915.16 gamma=0.000000 train_acc=0.6221 val_loss=1.2418 val_acc=0.3120 time=75.2s E_synops=619,864,874 (0.84x budget) lambda=0.6433
20:18:12 | INFO |     log_alpha: min=0.09 median=1.18 max=2.42 std=0.26 frac_prunable=0.000 frac_saturated=0.000
20:19:27 | INFO | [bayesian_train] epoch 55/75 train_task_loss=1.1428 train_kl=346.73 beta=0.01000 train_cost=2143594830.08 gamma=0.000000 train_acc=0.6229 val_loss=1.2454 val_acc=0.3066 time=74.4s E_synops=617,166,230 (0.84x budget) lambda=0.6354
20:19:27 | INFO |     log_alpha: min=0.10 median=1.19 max=2.43 std=0.26 frac_prunable=0.000 frac_saturated=0.000
20:20:41 | INFO | [bayesian_train] epoch 56/75 train_task_loss=1.1444 train_kl=343.47 beta=0.01000 train_cost=2142392189.16 gamma=0.000000 train_acc=0.6234 val_loss=1.2563 val_acc=0.2980 time=74.1s E_synops=613,123,577 (0.83x budget) lambda=0.6273
20:20:41 | INFO |     log_alpha: min=0.10 median=1.20 max=2.45 std=0.26 frac_prunable=0.000 frac_saturated=0.000
20:20:41 | INFO |     gate pressure conv_layers.0: |d task/d log_alpha|=2.862e-03 beta*|d KL/d log_alpha|=1.249e-03 ratio=2.292
20:20:41 | INFO |     gate pressure conv_layers.1: |d task/d log_alpha|=4.405e-03 beta*|d KL/d log_alpha|=1.725e-03 ratio=2.553
20:20:41 | INFO |     gate pressure conv_layers.2: |d task/d log_alpha|=3.232e-03 beta*|d KL/d log_alpha|=1.478e-03 ratio=2.187
20:20:41 | INFO |     gate pressure conv_layers.3: |d task/d log_alpha|=4.588e-03 beta*|d KL/d log_alpha|=1.637e-03 ratio=2.803
20:20:41 | INFO |     gate pressure conv_layers.4: |d task/d log_alpha|=3.996e-03 beta*|d KL/d log_alpha|=1.390e-03 ratio=2.875
20:20:41 | INFO |     gate pressure conv_layers.5: |d task/d log_alpha|=4.449e-03 beta*|d KL/d log_alpha|=1.394e-03 ratio=3.190
20:20:41 | INFO |     gate pressure fc_layers.0: |d task/d log_alpha|=2.573e-03 beta*|d KL/d log_alpha|=1.176e-03 ratio=2.188
20:21:55 | INFO | [bayesian_train] epoch 57/75 train_task_loss=1.1522 train_kl=340.52 beta=0.01000 train_cost=2125517326.08 gamma=0.000000 train_acc=0.6213 val_loss=1.2582 val_acc=0.3032 time=74.2s E_synops=604,842,193 (0.82x budget) lambda=0.6190
20:21:55 | INFO |     log_alpha: min=0.11 median=1.21 max=2.46 std=0.26 frac_prunable=0.000 frac_saturated=0.000
20:23:09 | INFO | [bayesian_train] epoch 58/75 train_task_loss=1.1452 train_kl=337.84 beta=0.01000 train_cost=2136333621.33 gamma=0.000000 train_acc=0.6208 val_loss=1.2589 val_acc=0.3018 time=73.9s E_synops=604,715,059 (0.82x budget) lambda=0.6100
20:23:09 | INFO |     log_alpha: min=0.12 median=1.21 max=2.48 std=0.26 frac_prunable=0.000 frac_saturated=0.000
20:24:23 | INFO | [bayesian_train] epoch 59/75 train_task_loss=1.1493 train_kl=335.36 beta=0.01000 train_cost=2136455501.23 gamma=0.000000 train_acc=0.6207 val_loss=1.2650 val_acc=0.3038 time=74.0s E_synops=601,935,612 (0.82x budget) lambda=0.6011
20:24:23 | INFO |     log_alpha: min=0.12 median=1.22 max=2.49 std=0.26 frac_prunable=0.000 frac_saturated=0.000
20:25:37 | INFO | [bayesian_train] epoch 60/75 train_task_loss=1.1610 train_kl=333.11 beta=0.01000 train_cost=2149869781.90 gamma=0.000000 train_acc=0.6161 val_loss=1.2695 val_acc=0.3152 time=73.7s E_synops=602,937,485 (0.82x budget) lambda=0.5920
20:25:37 | INFO |     log_alpha: min=0.12 median=1.23 max=2.50 std=0.26 frac_prunable=0.000 frac_saturated=0.000
20:26:51 | INFO | [bayesian_train] epoch 61/75 train_task_loss=1.1592 train_kl=331.05 beta=0.01000 train_cost=2158261045.76 gamma=0.000000 train_acc=0.6155 val_loss=1.2687 val_acc=0.3016 time=73.7s E_synops=602,700,073 (0.82x budget) lambda=0.5830
20:26:51 | INFO |     log_alpha: min=0.13 median=1.24 max=2.51 std=0.26 frac_prunable=0.000 frac_saturated=0.000
20:26:51 | INFO |     gate pressure conv_layers.0: |d task/d log_alpha|=3.026e-03 beta*|d KL/d log_alpha|=1.208e-03 ratio=2.504
20:26:51 | INFO |     gate pressure conv_layers.1: |d task/d log_alpha|=5.444e-03 beta*|d KL/d log_alpha|=1.670e-03 ratio=3.259
20:26:51 | INFO |     gate pressure conv_layers.2: |d task/d log_alpha|=3.889e-03 beta*|d KL/d log_alpha|=1.428e-03 ratio=2.724
20:26:51 | INFO |     gate pressure conv_layers.3: |d task/d log_alpha|=4.933e-03 beta*|d KL/d log_alpha|=1.587e-03 ratio=3.109
20:26:51 | INFO |     gate pressure conv_layers.4: |d task/d log_alpha|=4.149e-03 beta*|d KL/d log_alpha|=1.343e-03 ratio=3.090
20:26:51 | INFO |     gate pressure conv_layers.5: |d task/d log_alpha|=4.665e-03 beta*|d KL/d log_alpha|=1.355e-03 ratio=3.443
20:26:51 | INFO |     gate pressure fc_layers.0: |d task/d log_alpha|=2.540e-03 beta*|d KL/d log_alpha|=1.134e-03 ratio=2.240
20:28:05 | INFO | [bayesian_train] epoch 62/75 train_task_loss=1.1536 train_kl=329.19 beta=0.01000 train_cost=2148547601.35 gamma=0.000000 train_acc=0.6203 val_loss=1.2773 val_acc=0.3046 time=74.0s E_synops=597,940,859 (0.81x budget) lambda=0.5739
20:28:05 | INFO |     log_alpha: min=0.13 median=1.24 max=2.52 std=0.26 frac_prunable=0.000 frac_saturated=0.000
20:29:19 | INFO | [bayesian_train] epoch 63/75 train_task_loss=1.1620 train_kl=327.54 beta=0.01000 train_cost=2175443518.58 gamma=0.000000 train_acc=0.6130 val_loss=1.2749 val_acc=0.2962 time=74.2s E_synops=603,369,891 (0.82x budget) lambda=0.5645
20:29:19 | INFO |     log_alpha: min=0.14 median=1.25 max=2.53 std=0.26 frac_prunable=0.000 frac_saturated=0.000
20:30:33 | INFO | [bayesian_train] epoch 64/75 train_task_loss=1.1580 train_kl=326.02 beta=0.01000 train_cost=2176704772.84 gamma=0.000000 train_acc=0.6152 val_loss=1.2785 val_acc=0.2902 time=74.0s E_synops=601,981,613 (0.82x budget) lambda=0.5555
20:30:33 | INFO |     log_alpha: min=0.14 median=1.25 max=2.54 std=0.26 frac_prunable=0.000 frac_saturated=0.000
20:31:47 | INFO | [bayesian_train] epoch 65/75 train_task_loss=1.1618 train_kl=324.65 beta=0.01000 train_cost=2165405668.12 gamma=0.000000 train_acc=0.6157 val_loss=1.2751 val_acc=0.2972 time=73.8s E_synops=597,185,074 (0.81x budget) lambda=0.5464
20:31:47 | INFO |     log_alpha: min=0.14 median=1.25 max=2.55 std=0.26 frac_prunable=0.000 frac_saturated=0.000
20:33:01 | INFO | [bayesian_train] epoch 66/75 train_task_loss=1.1614 train_kl=323.42 beta=0.01000 train_cost=2165227364.12 gamma=0.000000 train_acc=0.6168 val_loss=1.2833 val_acc=0.2920 time=74.2s E_synops=595,598,931 (0.81x budget) lambda=0.5369
20:33:01 | INFO |     log_alpha: min=0.15 median=1.26 max=2.55 std=0.26 frac_prunable=0.000 frac_saturated=0.000
20:33:01 | INFO |     gate pressure conv_layers.0: |d task/d log_alpha|=4.743e-03 beta*|d KL/d log_alpha|=1.184e-03 ratio=4.006
20:33:01 | INFO |     gate pressure conv_layers.1: |d task/d log_alpha|=6.931e-03 beta*|d KL/d log_alpha|=1.636e-03 ratio=4.236
20:33:01 | INFO |     gate pressure conv_layers.2: |d task/d log_alpha|=4.385e-03 beta*|d KL/d log_alpha|=1.397e-03 ratio=3.138
20:33:01 | INFO |     gate pressure conv_layers.3: |d task/d log_alpha|=6.032e-03 beta*|d KL/d log_alpha|=1.556e-03 ratio=3.877
20:33:01 | INFO |     gate pressure conv_layers.4: |d task/d log_alpha|=4.690e-03 beta*|d KL/d log_alpha|=1.314e-03 ratio=3.569
20:33:01 | INFO |     gate pressure conv_layers.5: |d task/d log_alpha|=5.645e-03 beta*|d KL/d log_alpha|=1.331e-03 ratio=4.241
20:33:01 | INFO |     gate pressure fc_layers.0: |d task/d log_alpha|=2.614e-03 beta*|d KL/d log_alpha|=1.108e-03 ratio=2.359
20:34:15 | INFO | [bayesian_train] epoch 67/75 train_task_loss=1.1674 train_kl=322.30 beta=0.01000 train_cost=2187426981.26 gamma=0.000000 train_acc=0.6142 val_loss=1.2807 val_acc=0.2966 time=74.2s E_synops=600,435,637 (0.82x budget) lambda=0.5274
20:34:15 | INFO |     log_alpha: min=0.15 median=1.26 max=2.56 std=0.26 frac_prunable=0.000 frac_saturated=0.000
20:35:29 | INFO | [bayesian_train] epoch 68/75 train_task_loss=1.1628 train_kl=321.29 beta=0.01000 train_cost=2174789148.16 gamma=0.000000 train_acc=0.6125 val_loss=1.2810 val_acc=0.2990 time=73.9s E_synops=595,705,520 (0.81x budget) lambda=0.5182
20:35:29 | INFO |     log_alpha: min=0.15 median=1.26 max=2.57 std=0.26 frac_prunable=0.000 frac_saturated=0.000
20:36:43 | INFO | [bayesian_train] epoch 69/75 train_task_loss=1.1722 train_kl=320.38 beta=0.01000 train_cost=2159032461.65 gamma=0.000000 train_acc=0.6121 val_loss=1.2822 val_acc=0.2936 time=73.6s E_synops=590,423,546 (0.80x budget) lambda=0.5086
20:36:43 | INFO |     log_alpha: min=0.15 median=1.27 max=2.57 std=0.26 frac_prunable=0.000 frac_saturated=0.000
20:37:57 | INFO | [bayesian_train] epoch 70/75 train_task_loss=1.1697 train_kl=319.56 beta=0.01000 train_cost=2175821375.15 gamma=0.000000 train_acc=0.6120 val_loss=1.2850 val_acc=0.2986 time=74.0s E_synops=594,034,342 (0.81x budget) lambda=0.4987
20:37:57 | INFO |     log_alpha: min=0.16 median=1.27 max=2.58 std=0.26 frac_prunable=0.000 frac_saturated=0.000
20:39:11 | INFO | [bayesian_train] epoch 71/75 train_task_loss=1.1648 train_kl=318.81 beta=0.01000 train_cost=2186309396.76 gamma=0.000000 train_acc=0.6133 val_loss=1.2775 val_acc=0.2962 time=74.0s E_synops=595,771,234 (0.81x budget) lambda=0.4891
20:39:11 | INFO |     log_alpha: min=0.16 median=1.27 max=2.58 std=0.27 frac_prunable=0.000 frac_saturated=0.000
20:39:11 | INFO |     gate pressure conv_layers.0: |d task/d log_alpha|=3.150e-03 beta*|d KL/d log_alpha|=1.169e-03 ratio=2.694
20:39:11 | INFO |     gate pressure conv_layers.1: |d task/d log_alpha|=5.398e-03 beta*|d KL/d log_alpha|=1.616e-03 ratio=3.339
20:39:11 | INFO |     gate pressure conv_layers.2: |d task/d log_alpha|=3.583e-03 beta*|d KL/d log_alpha|=1.379e-03 ratio=2.599
20:39:11 | INFO |     gate pressure conv_layers.3: |d task/d log_alpha|=5.080e-03 beta*|d KL/d log_alpha|=1.537e-03 ratio=3.305
20:39:11 | INFO |     gate pressure conv_layers.4: |d task/d log_alpha|=4.122e-03 beta*|d KL/d log_alpha|=1.296e-03 ratio=3.180
20:39:11 | INFO |     gate pressure conv_layers.5: |d task/d log_alpha|=4.949e-03 beta*|d KL/d log_alpha|=1.316e-03 ratio=3.760
20:39:11 | INFO |     gate pressure fc_layers.0: |d task/d log_alpha|=2.815e-03 beta*|d KL/d log_alpha|=1.092e-03 ratio=2.577
20:40:25 | INFO | [bayesian_train] epoch 72/75 train_task_loss=1.1616 train_kl=318.11 beta=0.01000 train_cost=2161807115.95 gamma=0.000000 train_acc=0.6143 val_loss=1.2870 val_acc=0.2952 time=74.0s E_synops=588,353,450 (0.80x budget) lambda=0.4796
20:40:25 | INFO |     log_alpha: min=0.16 median=1.27 max=2.59 std=0.27 frac_prunable=0.000 frac_saturated=0.000
20:41:39 | INFO | [bayesian_train] epoch 73/75 train_task_loss=1.1666 train_kl=317.46 beta=0.01000 train_cost=2192741230.36 gamma=0.000000 train_acc=0.6133 val_loss=1.2879 val_acc=0.2888 time=74.0s E_synops=595,976,638 (0.81x budget) lambda=0.4695
20:41:39 | INFO |     log_alpha: min=0.16 median=1.28 max=2.59 std=0.27 frac_prunable=0.000 frac_saturated=0.000
20:42:53 | INFO | [bayesian_train] epoch 74/75 train_task_loss=1.1655 train_kl=316.85 beta=0.01000 train_cost=2143619063.18 gamma=0.000000 train_acc=0.6126 val_loss=1.2841 val_acc=0.3088 time=74.1s E_synops=582,143,981 (0.79x budget) lambda=0.4600
20:42:53 | INFO |     log_alpha: min=0.16 median=1.28 max=2.60 std=0.27 frac_prunable=0.000 frac_saturated=0.000
20:44:07 | INFO | [bayesian_train] epoch 75/75 train_task_loss=1.1670 train_kl=316.28 beta=0.01000 train_cost=2188281766.68 gamma=0.000000 train_acc=0.6108 val_loss=1.2853 val_acc=0.2944 time=74.4s E_synops=593,142,994 (0.81x budget) lambda=0.4495
20:44:07 | INFO |     log_alpha: min=0.16 median=1.28 max=2.60 std=0.27 frac_prunable=0.000 frac_saturated=0.000

Gate ranking: USABLE (log_alpha std 0.266, 0.0% saturated)
20:44:08 | INFO | Gate ranking after training: USABLE -- log_alpha std 0.266, 0.0% saturated
20:44:08 | INFO |   conv_layers.0: median_log_alpha=1.51 std=0.29 frac_saturated=0.000 structurally_prunable=True
20:44:08 | INFO |   conv_layers.1: median_log_alpha=1.08 std=0.21 frac_saturated=0.000 structurally_prunable=True
20:44:08 | INFO |   conv_layers.2: median_log_alpha=1.26 std=0.20 frac_saturated=0.000 structurally_prunable=True
20:44:08 | INFO |   conv_layers.3: median_log_alpha=1.12 std=0.15 frac_saturated=0.000 structurally_prunable=True
20:44:08 | INFO |   conv_layers.4: median_log_alpha=1.30 std=0.13 frac_saturated=0.000 structurally_prunable=True
20:44:08 | INFO |   conv_layers.5: median_log_alpha=1.27 std=0.10 frac_saturated=0.000 structurally_prunable=True
20:44:08 | INFO |   fc_layers.0: median_log_alpha=1.52 std=0.36 frac_saturated=0.000 structurally_prunable=True

Measuring per-unit SynOps costs on the gate-trained model...

--- budget point 1/1 (importance): 0.5 of dense SynOps ---
20:44:09 | INFO | [synops0.5_importance] synops_budget(budget=0.5 of measured SynOps, rank_by=importance, achieved=0.4988, kept 836/2304 units)
20:45:02 | INFO | [finetune] epoch 1/30 train_task_loss=0.9525 train_kl=0.00 beta=0.00000 train_cost=0.00 gamma=0.000000 train_acc=0.7043 val_loss=0.4992 val_acc=0.8268 time=53.5s
20:45:54 | INFO | [finetune] epoch 2/30 train_task_loss=0.6963 train_kl=0.00 beta=0.00000 train_cost=0.00 gamma=0.000000 train_acc=0.7674 val_loss=0.4220 val_acc=0.8612 time=52.2s
20:46:47 | INFO | [finetune] epoch 3/30 train_task_loss=0.6192 train_kl=0.00 beta=0.00000 train_cost=0.00 gamma=0.000000 train_acc=0.7934 val_loss=0.3811 val_acc=0.8766 time=52.0s
20:47:39 | INFO | [finetune] epoch 4/30 train_task_loss=0.5712 train_kl=0.00 beta=0.00000 train_cost=0.00 gamma=0.000000 train_acc=0.8101 val_loss=0.3522 val_acc=0.8756 time=52.0s
20:48:30 | INFO | [finetune] epoch 5/30 train_task_loss=0.5325 train_kl=0.00 beta=0.00000 train_cost=0.00 gamma=0.000000 train_acc=0.8221 val_loss=0.3311 val_acc=0.8862 time=51.9s
20:49:22 | INFO | [finetune] epoch 6/30 train_task_loss=0.5044 train_kl=0.00 beta=0.00000 train_cost=0.00 gamma=0.000000 train_acc=0.8301 val_loss=0.2977 val_acc=0.9030 time=51.9s
20:50:14 | INFO | [finetune] epoch 7/30 train_task_loss=0.4862 train_kl=0.00 beta=0.00000 train_cost=0.00 gamma=0.000000 train_acc=0.8369 val_loss=0.2808 val_acc=0.9038 time=52.0s
20:51:07 | INFO | [finetune] epoch 8/30 train_task_loss=0.4673 train_kl=0.00 beta=0.00000 train_cost=0.00 gamma=0.000000 train_acc=0.8450 val_loss=0.2710 val_acc=0.9070 time=52.2s
20:51:59 | INFO | [finetune] epoch 9/30 train_task_loss=0.4535 train_kl=0.00 beta=0.00000 train_cost=0.00 gamma=0.000000 train_acc=0.8470 val_loss=0.2675 val_acc=0.9088 time=52.0s
20:52:51 | INFO | [finetune] epoch 10/30 train_task_loss=0.4423 train_kl=0.00 beta=0.00000 train_cost=0.00 gamma=0.000000 train_acc=0.8503 val_loss=0.2562 val_acc=0.9168 time=52.0s
20:53:43 | INFO | [finetune] epoch 11/30 train_task_loss=0.4313 train_kl=0.00 beta=0.00000 train_cost=0.00 gamma=0.000000 train_acc=0.8558 val_loss=0.2545 val_acc=0.9216 time=51.9s
20:54:35 | INFO | [finetune] epoch 12/30 train_task_loss=0.4222 train_kl=0.00 beta=0.00000 train_cost=0.00 gamma=0.000000 train_acc=0.8584 val_loss=0.2543 val_acc=0.9144 time=52.1s
20:55:27 | INFO | [finetune] epoch 13/30 train_task_loss=0.4152 train_kl=0.00 beta=0.00000 train_cost=0.00 gamma=0.000000 train_acc=0.8610 val_loss=0.2459 val_acc=0.9152 time=52.4s
20:56:19 | INFO | [finetune] epoch 14/30 train_task_loss=0.3998 train_kl=0.00 beta=0.00000 train_cost=0.00 gamma=0.000000 train_acc=0.8647 val_loss=0.2477 val_acc=0.9170 time=51.8s
20:57:11 | INFO | [finetune] epoch 15/30 train_task_loss=0.3906 train_kl=0.00 beta=0.00000 train_cost=0.00 gamma=0.000000 train_acc=0.8678 val_loss=0.2404 val_acc=0.9218 time=51.9s
20:58:03 | INFO | [finetune] epoch 16/30 train_task_loss=0.3904 train_kl=0.00 beta=0.00000 train_cost=0.00 gamma=0.000000 train_acc=0.8687 val_loss=0.2296 val_acc=0.9246 time=51.9s
20:58:55 | INFO | [finetune] epoch 17/30 train_task_loss=0.3714 train_kl=0.00 beta=0.00000 train_cost=0.00 gamma=0.000000 train_acc=0.8740 val_loss=0.2290 val_acc=0.9280 time=51.9s
20:59:47 | INFO | [finetune] epoch 18/30 train_task_loss=0.3664 train_kl=0.00 beta=0.00000 train_cost=0.00 gamma=0.000000 train_acc=0.8770 val_loss=0.2214 val_acc=0.9272 time=52.1s
21:00:39 | INFO | [finetune] epoch 19/30 train_task_loss=0.3621 train_kl=0.00 beta=0.00000 train_cost=0.00 gamma=0.000000 train_acc=0.8783 val_loss=0.2173 val_acc=0.9240 time=52.3s
21:01:31 | INFO | [finetune] epoch 20/30 train_task_loss=0.3591 train_kl=0.00 beta=0.00000 train_cost=0.00 gamma=0.000000 train_acc=0.8802 val_loss=0.2252 val_acc=0.9294 time=52.3s
21:02:24 | INFO | [finetune] epoch 21/30 train_task_loss=0.3533 train_kl=0.00 beta=0.00000 train_cost=0.00 gamma=0.000000 train_acc=0.8811 val_loss=0.2224 val_acc=0.9286 time=52.2s
21:03:16 | INFO | [finetune] epoch 22/30 train_task_loss=0.3436 train_kl=0.00 beta=0.00000 train_cost=0.00 gamma=0.000000 train_acc=0.8843 val_loss=0.2138 val_acc=0.9298 time=52.1s
21:04:08 | INFO | [finetune] epoch 23/30 train_task_loss=0.3359 train_kl=0.00 beta=0.00000 train_cost=0.00 gamma=0.000000 train_acc=0.8878 val_loss=0.2180 val_acc=0.9334 time=52.2s
21:05:00 | INFO | [finetune] epoch 24/30 train_task_loss=0.3384 train_kl=0.00 beta=0.00000 train_cost=0.00 gamma=0.000000 train_acc=0.8856 val_loss=0.2065 val_acc=0.9312 time=52.2s
21:05:52 | INFO | [finetune] epoch 25/30 train_task_loss=0.3444 train_kl=0.00 beta=0.00000 train_cost=0.00 gamma=0.000000 train_acc=0.8841 val_loss=0.2095 val_acc=0.9324 time=51.9s
21:06:44 | INFO | [finetune] epoch 26/30 train_task_loss=0.3282 train_kl=0.00 beta=0.00000 train_cost=0.00 gamma=0.000000 train_acc=0.8891 val_loss=0.2149 val_acc=0.9302 time=51.7s
21:07:35 | INFO | [finetune] epoch 27/30 train_task_loss=0.3357 train_kl=0.00 beta=0.00000 train_cost=0.00 gamma=0.000000 train_acc=0.8873 val_loss=0.2085 val_acc=0.9314 time=51.6s
21:08:27 | INFO | [finetune] epoch 28/30 train_task_loss=0.3302 train_kl=0.00 beta=0.00000 train_cost=0.00 gamma=0.000000 train_acc=0.8892 val_loss=0.2068 val_acc=0.9316 time=52.0s
21:09:19 | INFO | [finetune] epoch 29/30 train_task_loss=0.3320 train_kl=0.00 beta=0.00000 train_cost=0.00 gamma=0.000000 train_acc=0.8885 val_loss=0.2070 val_acc=0.9350 time=52.0s
21:10:11 | INFO | [finetune] epoch 30/30 train_task_loss=0.3191 train_kl=0.00 beta=0.00000 train_cost=0.00 gamma=0.000000 train_acc=0.8926 val_loss=0.2087 val_acc=0.9300 time=51.9s
21:10:20 | INFO | [synops0.5_importance] test accuracy 0.9087, synops/sample 199,460,384

============================================================
SPARSITY CURVE FINISHED
============================================================
           point          selection   pruned %   accuracy         synops   usable
      synops 0.5         importance      91.74     0.9087    199,460,384      yes

Wrote ./outputs/dpap_repl/sparsity_curve_lagrangian0.5_s1/summary.csv
====================================================
Job finished: Thu 13 Aug 21:10:23 BST 2026
====================================================
