====================================================
Job started: Wed 12 Aug 06:31:21 BST 2026
Node: node862.csf3.man.alces.network
====================================================
Wed Aug 12 06:31:21 2026       
+-----------------------------------------------------------------------------------------+
| NVIDIA-SMI 580.159.04             Driver Version: 580.159.04     CUDA Version: 13.0     |
+-----------------------------------------+------------------------+----------------------+
| GPU  Name                 Persistence-M | Bus-Id          Disp.A | Volatile Uncorr. ECC |
| Fan  Temp   Perf          Pwr:Usage/Cap |           Memory-Usage | GPU-Util  Compute M. |
|                                         |                        |               MIG M. |
|=========================================+========================+======================|
|   0  NVIDIA A100-SXM4-80GB          On  |   00000000:41:00.0 Off |                    0 |
| N/A   40C    P0             85W /  400W |       0MiB /  81920MiB |      0%      Default |
|                                         |                        |             Disabled |
+-----------------------------------------+------------------------+----------------------+

+-----------------------------------------------------------------------------------------+
| Processes:                                                                              |
|  GPU   GI   CI              PID   Type   Process name                        GPU Memory |
|        ID   ID                                                               Usage      |
|=========================================================================================|
|  No running processes found                                                             |
+-----------------------------------------------------------------------------------------+
torch 2.3.1+cu121 cuda True
[PASS] output_readout defaults to 'spikes'
[PASS] invalid output_readout is rejected
[PASS] current readout keeps [T, B, C] shape
[PASS] spike readout is binary
[PASS] current readout is not binary
[PASS] readout adds no parameters
[PASS] pruned model keeps [T, B, C] shape
[PASS] pruned model inherits the current readout
[PASS] tet_loss == per-timestep reference
[PASS] tet_loss registered as 'tet'
[PASS] tet_loss at lam=0 is per-timestep CE
[PASS] tet_loss at lam=1 is the MSE term
[PASS] tet_loss differs from mean-then-CE
[PASS] T = 4
[PASS] beta = 0.5 (tau=2.0, no input decay)
[PASS] threshold = 1.0
[PASS] hard reset
[PASS] fixed tau, not learned
[PASS] arctan surrogate
[PASS] TET task loss
[PASS] pruning phases use cross-entropy
[PASS] SGD optimizer
[PASS] max lr 0.1
[PASS] weight decay 5e-5
[PASS] 210 epochs
[PASS] 10 warm-up epochs then cosine
[PASS] standard crop and flip restored
[PASS] no augmentation beyond crop and flip
[PASS] finetune matches the training recipe (210 ep, warm-up, lr 0.1)
[PASS] reuses the saved 90.62% baseline
[PASS] 13 conv layers
[PASS] 5 pooling stages
[PASS] no hidden fc layers
[PASS] flatten_dim = 512
[PASS] BatchNorm present
[PASS] current readout
[PASS] every conv gate deferred past its BatchNorm
[PASS] VGG16 forwards to [4, 2, 10]
[PASS] VGG16 output is analog
[PASS] summed spikes at T=4 take at most 5 levels (saw 5)
[PASS] spike argmax ties on most examples (saw 52%)
[PASS] current argmax does not tie (saw 0%)
[PASS] model spike readout is integer-valued when summed
[PASS] learn_beta + current readout is rejected
[PASS] learn_beta + spikes readout still allowed
[PASS] cosine_warmup without a warm-up is rejected
[PASS] tet phi default still equals SPEAR's threshold
[PASS] normalisation std assumption
[PASS] normalisation mean assumption
[PASS] batch size assumption
[PASS] trains on all 50k, pruning stages hold out 10%
[PASS] cosine floor 0.0
[PASS] direct encoding
[PASS] max pooling assumption pinned explicitly
[PASS] conv bias assumption pinned explicitly
[PASS] 14,728,266 parameters
[PASS] resnet18 arm shares the recipe
[PASS] resnet18 arm uses the current readout
[PASS] resnet18 arm keeps crop and flip
[PASS] resnet18 arm registered
[PASS] resnet18 forwards to [4, 2, 10]
[PASS] resnet18 output is analog, not spikes
[PASS] resnet18 gates are deferred past their norms
[PASS] network_slimming is not a default criterion
[PASS] network_slimming refuses an architecture without BatchNorm
[PASS] L1 subgradient is lam*sign(gamma) without AMP
[PASS] L1 subgradient is multiplied by the AMP scale
[PASS] L1 subgradient is zero where gamma is zero
[PASS] every prunable conv is paired with its BatchNorm
[PASS] network_slimming keeps the largest |gamma| channels

All SPEAR replication checks passed.

============================================================
Running Experiment 1 / 1
SPEAR_REPL_RESNET18
============================================================

Building model...
06:33:43 | INFO | Model built with 11177866 parameters (gates excluded from count).
06:33:56 | INFO | Per-unit expected-FLOPs costs computed and set on every Bayesian layer.
Files already downloaded and verified
Files already downloaded and verified
Files already downloaded and verified
Files already downloaded and verified
Files already downloaded and verified
Files already downloaded and verified
06:34:02 | INFO | Pruning stages use a held-out validation split (val_fraction=0.1) rather than the pretrain recipe's test-set validation.

Training...
06:35:00 | INFO | [pretrain] epoch 1/210 train_task_loss=2.2398 train_kl=4061.93 beta=0.00000 train_cost=979040256.00 gamma=0.000000 train_acc=0.0993 val_loss=2.2322 val_acc=0.1017 time=57.9s
06:35:37 | INFO | [pretrain] epoch 2/210 train_task_loss=1.7449 train_kl=4061.93 beta=0.00000 train_cost=979040256.00 gamma=0.000000 train_acc=0.3303 val_loss=1.6132 val_acc=0.4269 time=36.3s
06:36:13 | INFO | [pretrain] epoch 3/210 train_task_loss=1.3951 train_kl=4061.93 beta=0.00000 train_cost=979040256.00 gamma=0.000000 train_acc=0.5084 val_loss=1.4399 val_acc=0.5197 time=36.4s
06:36:50 | INFO | [pretrain] epoch 4/210 train_task_loss=1.2143 train_kl=4061.93 beta=0.00000 train_cost=979040256.00 gamma=0.000000 train_acc=0.5999 val_loss=1.2745 val_acc=0.5987 time=36.8s
06:37:27 | INFO | [pretrain] epoch 5/210 train_task_loss=1.1019 train_kl=4061.93 beta=0.00000 train_cost=979040256.00 gamma=0.000000 train_acc=0.6543 val_loss=1.1547 val_acc=0.6580 time=36.9s
06:38:04 | INFO | [pretrain] epoch 6/210 train_task_loss=1.0182 train_kl=4061.93 beta=0.00000 train_cost=979040256.00 gamma=0.000000 train_acc=0.6956 val_loss=1.1506 val_acc=0.6631 time=36.9s
06:38:41 | INFO | [pretrain] epoch 7/210 train_task_loss=0.9491 train_kl=4061.93 beta=0.00000 train_cost=979040256.00 gamma=0.000000 train_acc=0.7262 val_loss=1.0398 val_acc=0.7116 time=36.9s
06:39:18 | INFO | [pretrain] epoch 8/210 train_task_loss=0.8789 train_kl=4061.93 beta=0.00000 train_cost=979040256.00 gamma=0.000000 train_acc=0.7562 val_loss=0.8911 val_acc=0.7727 time=36.9s
06:39:55 | INFO | [pretrain] epoch 9/210 train_task_loss=0.8365 train_kl=4061.93 beta=0.00000 train_cost=979040256.00 gamma=0.000000 train_acc=0.7744 val_loss=0.9083 val_acc=0.7579 time=37.1s
06:40:32 | INFO | [pretrain] epoch 10/210 train_task_loss=0.7900 train_kl=4061.93 beta=0.00000 train_cost=979040256.00 gamma=0.000000 train_acc=0.7921 val_loss=0.8747 val_acc=0.7889 time=36.9s
06:41:09 | INFO | [pretrain] epoch 11/210 train_task_loss=0.7517 train_kl=4061.93 beta=0.00000 train_cost=979040256.00 gamma=0.000000 train_acc=0.8073 val_loss=0.9427 val_acc=0.7680 time=37.0s
06:41:46 | INFO | [pretrain] epoch 12/210 train_task_loss=0.7087 train_kl=4061.93 beta=0.00000 train_cost=979040256.00 gamma=0.000000 train_acc=0.8241 val_loss=0.8678 val_acc=0.7927 time=36.9s
06:42:22 | INFO | [pretrain] epoch 13/210 train_task_loss=0.6736 train_kl=4061.93 beta=0.00000 train_cost=979040256.00 gamma=0.000000 train_acc=0.8351 val_loss=0.7778 val_acc=0.8370 time=36.8s
06:42:59 | INFO | [pretrain] epoch 14/210 train_task_loss=0.6429 train_kl=4061.93 beta=0.00000 train_cost=979040256.00 gamma=0.000000 train_acc=0.8471 val_loss=0.7819 val_acc=0.8242 time=36.9s
06:43:36 | INFO | [pretrain] epoch 15/210 train_task_loss=0.6243 train_kl=4061.93 beta=0.00000 train_cost=979040256.00 gamma=0.000000 train_acc=0.8549 val_loss=0.7618 val_acc=0.8289 time=36.9s
06:44:13 | INFO | [pretrain] epoch 16/210 train_task_loss=0.5983 train_kl=4061.93 beta=0.00000 train_cost=979040256.00 gamma=0.000000 train_acc=0.8635 val_loss=0.7639 val_acc=0.8453 time=37.0s
06:44:50 | INFO | [pretrain] epoch 17/210 train_task_loss=0.5845 train_kl=4061.93 beta=0.00000 train_cost=979040256.00 gamma=0.000000 train_acc=0.8683 val_loss=0.7545 val_acc=0.8438 time=36.9s
06:45:27 | INFO | [pretrain] epoch 18/210 train_task_loss=0.5654 train_kl=4061.93 beta=0.00000 train_cost=979040256.00 gamma=0.000000 train_acc=0.8752 val_loss=0.7823 val_acc=0.8425 time=36.9s
06:46:04 | INFO | [pretrain] epoch 19/210 train_task_loss=0.5494 train_kl=4061.93 beta=0.00000 train_cost=979040256.00 gamma=0.000000 train_acc=0.8807 val_loss=0.7511 val_acc=0.8497 time=36.7s
06:46:41 | INFO | [pretrain] epoch 20/210 train_task_loss=0.5356 train_kl=4061.93 beta=0.00000 train_cost=979040256.00 gamma=0.000000 train_acc=0.8861 val_loss=0.7668 val_acc=0.8512 time=36.9s
06:47:17 | INFO | [pretrain] epoch 21/210 train_task_loss=0.5260 train_kl=4061.93 beta=0.00000 train_cost=979040256.00 gamma=0.000000 train_acc=0.8891 val_loss=0.7787 val_acc=0.8375 time=36.9s
06:47:54 | INFO | [pretrain] epoch 22/210 train_task_loss=0.5141 train_kl=4061.93 beta=0.00000 train_cost=979040256.00 gamma=0.000000 train_acc=0.8939 val_loss=0.7610 val_acc=0.8543 time=36.8s
06:48:31 | INFO | [pretrain] epoch 23/210 train_task_loss=0.5037 train_kl=4061.93 beta=0.00000 train_cost=979040256.00 gamma=0.000000 train_acc=0.8972 val_loss=0.7196 val_acc=0.8609 time=36.8s
06:49:08 | INFO | [pretrain] epoch 24/210 train_task_loss=0.5017 train_kl=4061.93 beta=0.00000 train_cost=979040256.00 gamma=0.000000 train_acc=0.8978 val_loss=0.6900 val_acc=0.8715 time=36.9s
06:49:45 | INFO | [pretrain] epoch 25/210 train_task_loss=0.4812 train_kl=4061.93 beta=0.00000 train_cost=979040256.00 gamma=0.000000 train_acc=0.9050 val_loss=0.6922 val_acc=0.8647 time=36.9s
06:50:22 | INFO | [pretrain] epoch 26/210 train_task_loss=0.4734 train_kl=4061.93 beta=0.00000 train_cost=979040256.00 gamma=0.000000 train_acc=0.9076 val_loss=0.7586 val_acc=0.8579 time=36.9s
06:50:59 | INFO | [pretrain] epoch 27/210 train_task_loss=0.4686 train_kl=4061.93 beta=0.00000 train_cost=979040256.00 gamma=0.000000 train_acc=0.9092 val_loss=0.7536 val_acc=0.8566 time=36.9s
06:51:36 | INFO | [pretrain] epoch 28/210 train_task_loss=0.4588 train_kl=4061.93 beta=0.00000 train_cost=979040256.00 gamma=0.000000 train_acc=0.9116 val_loss=0.7027 val_acc=0.8679 time=36.8s
06:52:12 | INFO | [pretrain] epoch 29/210 train_task_loss=0.4480 train_kl=4061.93 beta=0.00000 train_cost=979040256.00 gamma=0.000000 train_acc=0.9167 val_loss=0.6423 val_acc=0.8843 time=36.7s
06:52:49 | INFO | [pretrain] epoch 30/210 train_task_loss=0.4438 train_kl=4061.93 beta=0.00000 train_cost=979040256.00 gamma=0.000000 train_acc=0.9179 val_loss=0.7384 val_acc=0.8683 time=36.9s
06:53:26 | INFO | [pretrain] epoch 31/210 train_task_loss=0.4358 train_kl=4061.93 beta=0.00000 train_cost=979040256.00 gamma=0.000000 train_acc=0.9201 val_loss=0.6838 val_acc=0.8798 time=36.8s
06:54:03 | INFO | [pretrain] epoch 32/210 train_task_loss=0.4311 train_kl=4061.93 beta=0.00000 train_cost=979040256.00 gamma=0.000000 train_acc=0.9217 val_loss=0.6748 val_acc=0.8726 time=36.9s
06:54:40 | INFO | [pretrain] epoch 33/210 train_task_loss=0.4255 train_kl=4061.93 beta=0.00000 train_cost=979040256.00 gamma=0.000000 train_acc=0.9241 val_loss=0.6293 val_acc=0.8900 time=36.9s
06:55:17 | INFO | [pretrain] epoch 34/210 train_task_loss=0.4148 train_kl=4061.93 beta=0.00000 train_cost=979040256.00 gamma=0.000000 train_acc=0.9278 val_loss=0.6591 val_acc=0.8852 time=36.9s
06:55:54 | INFO | [pretrain] epoch 35/210 train_task_loss=0.4107 train_kl=4061.93 beta=0.00000 train_cost=979040256.00 gamma=0.000000 train_acc=0.9288 val_loss=0.6903 val_acc=0.8680 time=36.9s
06:56:30 | INFO | [pretrain] epoch 36/210 train_task_loss=0.4048 train_kl=4061.93 beta=0.00000 train_cost=979040256.00 gamma=0.000000 train_acc=0.9297 val_loss=0.6265 val_acc=0.8842 time=36.9s
06:57:07 | INFO | [pretrain] epoch 37/210 train_task_loss=0.3980 train_kl=4061.93 beta=0.00000 train_cost=979040256.00 gamma=0.000000 train_acc=0.9331 val_loss=0.6621 val_acc=0.8758 time=36.7s
06:57:44 | INFO | [pretrain] epoch 38/210 train_task_loss=0.3948 train_kl=4061.93 beta=0.00000 train_cost=979040256.00 gamma=0.000000 train_acc=0.9341 val_loss=0.6504 val_acc=0.8855 time=36.7s
06:58:21 | INFO | [pretrain] epoch 39/210 train_task_loss=0.3914 train_kl=4061.93 beta=0.00000 train_cost=979040256.00 gamma=0.000000 train_acc=0.9345 val_loss=0.6865 val_acc=0.8713 time=36.9s
06:58:58 | INFO | [pretrain] epoch 40/210 train_task_loss=0.3878 train_kl=4061.93 beta=0.00000 train_cost=979040256.00 gamma=0.000000 train_acc=0.9359 val_loss=0.6115 val_acc=0.8857 time=36.8s
06:59:35 | INFO | [pretrain] epoch 41/210 train_task_loss=0.3795 train_kl=4061.93 beta=0.00000 train_cost=979040256.00 gamma=0.000000 train_acc=0.9387 val_loss=0.6526 val_acc=0.8826 time=36.9s
07:00:11 | INFO | [pretrain] epoch 42/210 train_task_loss=0.3794 train_kl=4061.93 beta=0.00000 train_cost=979040256.00 gamma=0.000000 train_acc=0.9395 val_loss=0.6635 val_acc=0.8859 time=36.9s
07:00:48 | INFO | [pretrain] epoch 43/210 train_task_loss=0.3702 train_kl=4061.93 beta=0.00000 train_cost=979040256.00 gamma=0.000000 train_acc=0.9415 val_loss=0.6420 val_acc=0.8852 time=36.8s
07:01:25 | INFO | [pretrain] epoch 44/210 train_task_loss=0.3692 train_kl=4061.93 beta=0.00000 train_cost=979040256.00 gamma=0.000000 train_acc=0.9422 val_loss=0.6021 val_acc=0.8884 time=36.9s
07:02:02 | INFO | [pretrain] epoch 45/210 train_task_loss=0.3664 train_kl=4061.93 beta=0.00000 train_cost=979040256.00 gamma=0.000000 train_acc=0.9424 val_loss=0.6215 val_acc=0.8919 time=36.9s
07:02:39 | INFO | [pretrain] epoch 46/210 train_task_loss=0.3562 train_kl=4061.93 beta=0.00000 train_cost=979040256.00 gamma=0.000000 train_acc=0.9463 val_loss=0.6391 val_acc=0.8847 time=36.8s
07:03:16 | INFO | [pretrain] epoch 47/210 train_task_loss=0.3558 train_kl=4061.93 beta=0.00000 train_cost=979040256.00 gamma=0.000000 train_acc=0.9467 val_loss=0.6333 val_acc=0.8871 time=36.7s
07:03:52 | INFO | [pretrain] epoch 48/210 train_task_loss=0.3525 train_kl=4061.93 beta=0.00000 train_cost=979040256.00 gamma=0.000000 train_acc=0.9479 val_loss=0.6539 val_acc=0.8880 time=36.7s
07:04:29 | INFO | [pretrain] epoch 49/210 train_task_loss=0.3489 train_kl=4061.93 beta=0.00000 train_cost=979040256.00 gamma=0.000000 train_acc=0.9495 val_loss=0.6253 val_acc=0.8916 time=36.9s
07:05:06 | INFO | [pretrain] epoch 50/210 train_task_loss=0.3459 train_kl=4061.93 beta=0.00000 train_cost=979040256.00 gamma=0.000000 train_acc=0.9500 val_loss=0.6332 val_acc=0.8928 time=36.6s
07:05:43 | INFO | [pretrain] epoch 51/210 train_task_loss=0.3455 train_kl=4061.93 beta=0.00000 train_cost=979040256.00 gamma=0.000000 train_acc=0.9508 val_loss=0.6601 val_acc=0.8902 time=37.1s
07:06:20 | INFO | [pretrain] epoch 52/210 train_task_loss=0.3431 train_kl=4061.93 beta=0.00000 train_cost=979040256.00 gamma=0.000000 train_acc=0.9514 val_loss=0.6078 val_acc=0.8871 time=37.2s
07:06:57 | INFO | [pretrain] epoch 53/210 train_task_loss=0.3408 train_kl=4061.93 beta=0.00000 train_cost=979040256.00 gamma=0.000000 train_acc=0.9517 val_loss=0.6503 val_acc=0.8900 time=37.1s
07:07:34 | INFO | [pretrain] epoch 54/210 train_task_loss=0.3367 train_kl=4061.93 beta=0.00000 train_cost=979040256.00 gamma=0.000000 train_acc=0.9539 val_loss=0.6739 val_acc=0.8883 time=37.0s
07:08:11 | INFO | [pretrain] epoch 55/210 train_task_loss=0.3310 train_kl=4061.93 beta=0.00000 train_cost=979040256.00 gamma=0.000000 train_acc=0.9558 val_loss=0.5797 val_acc=0.8972 time=37.1s
07:08:49 | INFO | [pretrain] epoch 56/210 train_task_loss=0.3296 train_kl=4061.93 beta=0.00000 train_cost=979040256.00 gamma=0.000000 train_acc=0.9556 val_loss=0.6213 val_acc=0.8932 time=37.0s
07:09:26 | INFO | [pretrain] epoch 57/210 train_task_loss=0.3291 train_kl=4061.93 beta=0.00000 train_cost=979040256.00 gamma=0.000000 train_acc=0.9552 val_loss=0.5898 val_acc=0.8984 time=37.1s
07:10:03 | INFO | [pretrain] epoch 58/210 train_task_loss=0.3283 train_kl=4061.93 beta=0.00000 train_cost=979040256.00 gamma=0.000000 train_acc=0.9557 val_loss=0.5492 val_acc=0.9012 time=37.1s
07:10:40 | INFO | [pretrain] epoch 59/210 train_task_loss=0.3206 train_kl=4061.93 beta=0.00000 train_cost=979040256.00 gamma=0.000000 train_acc=0.9587 val_loss=0.5968 val_acc=0.8973 time=37.2s
07:11:17 | INFO | [pretrain] epoch 60/210 train_task_loss=0.3197 train_kl=4061.93 beta=0.00000 train_cost=979040256.00 gamma=0.000000 train_acc=0.9591 val_loss=0.5994 val_acc=0.8962 time=37.1s
07:11:54 | INFO | [pretrain] epoch 61/210 train_task_loss=0.3174 train_kl=4061.93 beta=0.00000 train_cost=979040256.00 gamma=0.000000 train_acc=0.9595 val_loss=0.6455 val_acc=0.8938 time=37.0s
07:12:31 | INFO | [pretrain] epoch 62/210 train_task_loss=0.3149 train_kl=4061.93 beta=0.00000 train_cost=979040256.00 gamma=0.000000 train_acc=0.9607 val_loss=0.5601 val_acc=0.9031 time=37.2s
07:13:09 | INFO | [pretrain] epoch 63/210 train_task_loss=0.3127 train_kl=4061.93 beta=0.00000 train_cost=979040256.00 gamma=0.000000 train_acc=0.9610 val_loss=0.5846 val_acc=0.9019 time=37.3s
07:13:46 | INFO | [pretrain] epoch 64/210 train_task_loss=0.3128 train_kl=4061.93 beta=0.00000 train_cost=979040256.00 gamma=0.000000 train_acc=0.9614 val_loss=0.5778 val_acc=0.8923 time=36.9s
07:14:22 | INFO | [pretrain] epoch 65/210 train_task_loss=0.3100 train_kl=4061.93 beta=0.00000 train_cost=979040256.00 gamma=0.000000 train_acc=0.9618 val_loss=0.5789 val_acc=0.8943 time=36.8s
07:14:59 | INFO | [pretrain] epoch 66/210 train_task_loss=0.3094 train_kl=4061.93 beta=0.00000 train_cost=979040256.00 gamma=0.000000 train_acc=0.9620 val_loss=0.6017 val_acc=0.9020 time=36.8s
07:15:36 | INFO | [pretrain] epoch 67/210 train_task_loss=0.3014 train_kl=4061.93 beta=0.00000 train_cost=979040256.00 gamma=0.000000 train_acc=0.9642 val_loss=0.6132 val_acc=0.9003 time=36.8s
07:16:13 | INFO | [pretrain] epoch 68/210 train_task_loss=0.2990 train_kl=4061.93 beta=0.00000 train_cost=979040256.00 gamma=0.000000 train_acc=0.9650 val_loss=0.5811 val_acc=0.9051 time=36.8s
07:16:49 | INFO | [pretrain] epoch 69/210 train_task_loss=0.3023 train_kl=4061.93 beta=0.00000 train_cost=979040256.00 gamma=0.000000 train_acc=0.9636 val_loss=0.6248 val_acc=0.8903 time=36.7s
07:17:26 | INFO | [pretrain] epoch 70/210 train_task_loss=0.2989 train_kl=4061.93 beta=0.00000 train_cost=979040256.00 gamma=0.000000 train_acc=0.9649 val_loss=0.6041 val_acc=0.8973 time=36.9s
07:18:03 | INFO | [pretrain] epoch 71/210 train_task_loss=0.2916 train_kl=4061.93 beta=0.00000 train_cost=979040256.00 gamma=0.000000 train_acc=0.9678 val_loss=0.5663 val_acc=0.9019 time=36.8s
07:18:40 | INFO | [pretrain] epoch 72/210 train_task_loss=0.2897 train_kl=4061.93 beta=0.00000 train_cost=979040256.00 gamma=0.000000 train_acc=0.9684 val_loss=0.5791 val_acc=0.9010 time=36.8s
07:19:16 | INFO | [pretrain] epoch 73/210 train_task_loss=0.2911 train_kl=4061.93 beta=0.00000 train_cost=979040256.00 gamma=0.000000 train_acc=0.9680 val_loss=0.5971 val_acc=0.8995 time=36.3s
07:19:53 | INFO | [pretrain] epoch 74/210 train_task_loss=0.2865 train_kl=4061.93 beta=0.00000 train_cost=979040256.00 gamma=0.000000 train_acc=0.9694 val_loss=0.6669 val_acc=0.8877 time=36.4s
07:20:29 | INFO | [pretrain] epoch 75/210 train_task_loss=0.2874 train_kl=4061.93 beta=0.00000 train_cost=979040256.00 gamma=0.000000 train_acc=0.9693 val_loss=0.5883 val_acc=0.9013 time=36.4s
07:21:06 | INFO | [pretrain] epoch 76/210 train_task_loss=0.2863 train_kl=4061.93 beta=0.00000 train_cost=979040256.00 gamma=0.000000 train_acc=0.9696 val_loss=0.5940 val_acc=0.8973 time=36.5s
07:21:42 | INFO | [pretrain] epoch 77/210 train_task_loss=0.2866 train_kl=4061.93 beta=0.00000 train_cost=979040256.00 gamma=0.000000 train_acc=0.9690 val_loss=0.6183 val_acc=0.8946 time=36.4s
07:22:19 | INFO | [pretrain] epoch 78/210 train_task_loss=0.2808 train_kl=4061.93 beta=0.00000 train_cost=979040256.00 gamma=0.000000 train_acc=0.9712 val_loss=0.5773 val_acc=0.9020 time=36.4s
07:22:55 | INFO | [pretrain] epoch 79/210 train_task_loss=0.2807 train_kl=4061.93 beta=0.00000 train_cost=979040256.00 gamma=0.000000 train_acc=0.9712 val_loss=0.6278 val_acc=0.8905 time=36.4s
07:23:31 | INFO | [pretrain] epoch 80/210 train_task_loss=0.2798 train_kl=4061.93 beta=0.00000 train_cost=979040256.00 gamma=0.000000 train_acc=0.9713 val_loss=0.6153 val_acc=0.8907 time=36.4s
07:24:08 | INFO | [pretrain] epoch 81/210 train_task_loss=0.2793 train_kl=4061.93 beta=0.00000 train_cost=979040256.00 gamma=0.000000 train_acc=0.9717 val_loss=0.6363 val_acc=0.8974 time=36.5s
07:24:44 | INFO | [pretrain] epoch 82/210 train_task_loss=0.2749 train_kl=4061.93 beta=0.00000 train_cost=979040256.00 gamma=0.000000 train_acc=0.9734 val_loss=0.6120 val_acc=0.8975 time=36.4s
07:25:21 | INFO | [pretrain] epoch 83/210 train_task_loss=0.2739 train_kl=4061.93 beta=0.00000 train_cost=979040256.00 gamma=0.000000 train_acc=0.9739 val_loss=0.6067 val_acc=0.9011 time=36.5s
07:25:57 | INFO | [pretrain] epoch 84/210 train_task_loss=0.2704 train_kl=4061.93 beta=0.00000 train_cost=979040256.00 gamma=0.000000 train_acc=0.9745 val_loss=0.6056 val_acc=0.8976 time=36.3s
07:26:33 | INFO | [pretrain] epoch 85/210 train_task_loss=0.2696 train_kl=4061.93 beta=0.00000 train_cost=979040256.00 gamma=0.000000 train_acc=0.9744 val_loss=0.5594 val_acc=0.9108 time=36.3s
07:27:10 | INFO | [pretrain] epoch 86/210 train_task_loss=0.2672 train_kl=4061.93 beta=0.00000 train_cost=979040256.00 gamma=0.000000 train_acc=0.9753 val_loss=0.6426 val_acc=0.8993 time=36.5s
07:27:46 | INFO | [pretrain] epoch 87/210 train_task_loss=0.2644 train_kl=4061.93 beta=0.00000 train_cost=979040256.00 gamma=0.000000 train_acc=0.9768 val_loss=0.5853 val_acc=0.9050 time=36.3s
07:28:23 | INFO | [pretrain] epoch 88/210 train_task_loss=0.2636 train_kl=4061.93 beta=0.00000 train_cost=979040256.00 gamma=0.000000 train_acc=0.9768 val_loss=0.5911 val_acc=0.9000 time=36.4s
07:28:59 | INFO | [pretrain] epoch 89/210 train_task_loss=0.2627 train_kl=4061.93 beta=0.00000 train_cost=979040256.00 gamma=0.000000 train_acc=0.9766 val_loss=0.5978 val_acc=0.9021 time=36.4s
07:29:35 | INFO | [pretrain] epoch 90/210 train_task_loss=0.2620 train_kl=4061.93 beta=0.00000 train_cost=979040256.00 gamma=0.000000 train_acc=0.9768 val_loss=0.5861 val_acc=0.9024 time=36.4s
07:30:12 | INFO | [pretrain] epoch 91/210 train_task_loss=0.2593 train_kl=4061.93 beta=0.00000 train_cost=979040256.00 gamma=0.000000 train_acc=0.9781 val_loss=0.5691 val_acc=0.9093 time=36.6s
07:30:48 | INFO | [pretrain] epoch 92/210 train_task_loss=0.2557 train_kl=4061.93 beta=0.00000 train_cost=979040256.00 gamma=0.000000 train_acc=0.9792 val_loss=0.6549 val_acc=0.8946 time=36.5s
07:31:25 | INFO | [pretrain] epoch 93/210 train_task_loss=0.2567 train_kl=4061.93 beta=0.00000 train_cost=979040256.00 gamma=0.000000 train_acc=0.9784 val_loss=0.6180 val_acc=0.9032 time=36.5s
07:32:01 | INFO | [pretrain] epoch 94/210 train_task_loss=0.2611 train_kl=4061.93 beta=0.00000 train_cost=979040256.00 gamma=0.000000 train_acc=0.9775 val_loss=0.6336 val_acc=0.8962 time=36.3s
07:32:38 | INFO | [pretrain] epoch 95/210 train_task_loss=0.2587 train_kl=4061.93 beta=0.00000 train_cost=979040256.00 gamma=0.000000 train_acc=0.9778 val_loss=0.6113 val_acc=0.8986 time=36.4s
07:33:14 | INFO | [pretrain] epoch 96/210 train_task_loss=0.2530 train_kl=4061.93 beta=0.00000 train_cost=979040256.00 gamma=0.000000 train_acc=0.9799 val_loss=0.5980 val_acc=0.9045 time=36.4s
07:33:51 | INFO | [pretrain] epoch 97/210 train_task_loss=0.2500 train_kl=4061.93 beta=0.00000 train_cost=979040256.00 gamma=0.000000 train_acc=0.9809 val_loss=0.6074 val_acc=0.9041 time=36.6s
07:34:27 | INFO | [pretrain] epoch 98/210 train_task_loss=0.2472 train_kl=4061.93 beta=0.00000 train_cost=979040256.00 gamma=0.000000 train_acc=0.9816 val_loss=0.5987 val_acc=0.9011 time=36.3s
07:35:03 | INFO | [pretrain] epoch 99/210 train_task_loss=0.2456 train_kl=4061.93 beta=0.00000 train_cost=979040256.00 gamma=0.000000 train_acc=0.9824 val_loss=0.5520 val_acc=0.9138 time=36.3s
07:35:40 | INFO | [pretrain] epoch 100/210 train_task_loss=0.2494 train_kl=4061.93 beta=0.00000 train_cost=979040256.00 gamma=0.000000 train_acc=0.9803 val_loss=0.6076 val_acc=0.9025 time=36.6s
07:36:16 | INFO | [pretrain] epoch 101/210 train_task_loss=0.2429 train_kl=4061.93 beta=0.00000 train_cost=979040256.00 gamma=0.000000 train_acc=0.9829 val_loss=0.6116 val_acc=0.9033 time=36.4s
07:36:53 | INFO | [pretrain] epoch 102/210 train_task_loss=0.2407 train_kl=4061.93 beta=0.00000 train_cost=979040256.00 gamma=0.000000 train_acc=0.9841 val_loss=0.6200 val_acc=0.9055 time=36.5s
07:37:29 | INFO | [pretrain] epoch 103/210 train_task_loss=0.2415 train_kl=4061.93 beta=0.00000 train_cost=979040256.00 gamma=0.000000 train_acc=0.9839 val_loss=0.5539 val_acc=0.9104 time=36.4s
07:38:06 | INFO | [pretrain] epoch 104/210 train_task_loss=0.2376 train_kl=4061.93 beta=0.00000 train_cost=979040256.00 gamma=0.000000 train_acc=0.9846 val_loss=0.5761 val_acc=0.9120 time=36.4s
07:38:42 | INFO | [pretrain] epoch 105/210 train_task_loss=0.2404 train_kl=4061.93 beta=0.00000 train_cost=979040256.00 gamma=0.000000 train_acc=0.9834 val_loss=0.5606 val_acc=0.9088 time=36.5s
07:39:23 | INFO | [pretrain] epoch 106/210 train_task_loss=0.2403 train_kl=4061.93 beta=0.00000 train_cost=979040256.00 gamma=0.000000 train_acc=0.9834 val_loss=0.5922 val_acc=0.9085 time=40.8s
07:40:01 | INFO | [pretrain] epoch 107/210 train_task_loss=0.2355 train_kl=4061.93 beta=0.00000 train_cost=979040256.00 gamma=0.000000 train_acc=0.9853 val_loss=0.6133 val_acc=0.9056 time=38.0s
07:40:39 | INFO | [pretrain] epoch 108/210 train_task_loss=0.2312 train_kl=4061.93 beta=0.00000 train_cost=979040256.00 gamma=0.000000 train_acc=0.9863 val_loss=0.5419 val_acc=0.9155 time=38.3s
07:41:16 | INFO | [pretrain] epoch 109/210 train_task_loss=0.2332 train_kl=4061.93 beta=0.00000 train_cost=979040256.00 gamma=0.000000 train_acc=0.9860 val_loss=0.5910 val_acc=0.9101 time=36.3s
07:41:52 | INFO | [pretrain] epoch 110/210 train_task_loss=0.2361 train_kl=4061.93 beta=0.00000 train_cost=979040256.00 gamma=0.000000 train_acc=0.9855 val_loss=0.5597 val_acc=0.9120 time=36.4s
07:42:28 | INFO | [pretrain] epoch 111/210 train_task_loss=0.2317 train_kl=4061.93 beta=0.00000 train_cost=979040256.00 gamma=0.000000 train_acc=0.9859 val_loss=0.5741 val_acc=0.9134 time=36.3s
07:43:05 | INFO | [pretrain] epoch 112/210 train_task_loss=0.2296 train_kl=4061.93 beta=0.00000 train_cost=979040256.00 gamma=0.000000 train_acc=0.9869 val_loss=0.5918 val_acc=0.9095 time=36.3s
07:43:41 | INFO | [pretrain] epoch 113/210 train_task_loss=0.2255 train_kl=4061.93 beta=0.00000 train_cost=979040256.00 gamma=0.000000 train_acc=0.9880 val_loss=0.5756 val_acc=0.9131 time=36.3s
07:44:17 | INFO | [pretrain] epoch 114/210 train_task_loss=0.2262 train_kl=4061.93 beta=0.00000 train_cost=979040256.00 gamma=0.000000 train_acc=0.9873 val_loss=0.5668 val_acc=0.9101 time=36.3s
07:44:54 | INFO | [pretrain] epoch 115/210 train_task_loss=0.2222 train_kl=4061.93 beta=0.00000 train_cost=979040256.00 gamma=0.000000 train_acc=0.9889 val_loss=0.5981 val_acc=0.9105 time=36.3s
07:45:30 | INFO | [pretrain] epoch 116/210 train_task_loss=0.2214 train_kl=4061.93 beta=0.00000 train_cost=979040256.00 gamma=0.000000 train_acc=0.9893 val_loss=0.5549 val_acc=0.9149 time=36.2s
07:46:06 | INFO | [pretrain] epoch 117/210 train_task_loss=0.2215 train_kl=4061.93 beta=0.00000 train_cost=979040256.00 gamma=0.000000 train_acc=0.9896 val_loss=0.5604 val_acc=0.9163 time=36.3s
07:46:42 | INFO | [pretrain] epoch 118/210 train_task_loss=0.2196 train_kl=4061.93 beta=0.00000 train_cost=979040256.00 gamma=0.000000 train_acc=0.9897 val_loss=0.5795 val_acc=0.9124 time=36.3s
07:47:19 | INFO | [pretrain] epoch 119/210 train_task_loss=0.2187 train_kl=4061.93 beta=0.00000 train_cost=979040256.00 gamma=0.000000 train_acc=0.9902 val_loss=0.5774 val_acc=0.9123 time=36.3s
07:47:55 | INFO | [pretrain] epoch 120/210 train_task_loss=0.2210 train_kl=4061.93 beta=0.00000 train_cost=979040256.00 gamma=0.000000 train_acc=0.9889 val_loss=0.6079 val_acc=0.9103 time=36.4s
07:48:32 | INFO | [pretrain] epoch 121/210 train_task_loss=0.2202 train_kl=4061.93 beta=0.00000 train_cost=979040256.00 gamma=0.000000 train_acc=0.9892 val_loss=0.5923 val_acc=0.9113 time=36.3s
07:49:20 | INFO | [pretrain] epoch 122/210 train_task_loss=0.2179 train_kl=4061.93 beta=0.00000 train_cost=979040256.00 gamma=0.000000 train_acc=0.9902 val_loss=0.5814 val_acc=0.9136 time=48.8s
07:49:57 | INFO | [pretrain] epoch 123/210 train_task_loss=0.2163 train_kl=4061.93 beta=0.00000 train_cost=979040256.00 gamma=0.000000 train_acc=0.9905 val_loss=0.5938 val_acc=0.9101 time=36.5s
07:50:33 | INFO | [pretrain] epoch 124/210 train_task_loss=0.2140 train_kl=4061.93 beta=0.00000 train_cost=979040256.00 gamma=0.000000 train_acc=0.9911 val_loss=0.5875 val_acc=0.9080 time=36.6s
07:51:10 | INFO | [pretrain] epoch 125/210 train_task_loss=0.2152 train_kl=4061.93 beta=0.00000 train_cost=979040256.00 gamma=0.000000 train_acc=0.9909 val_loss=0.5954 val_acc=0.9151 time=36.5s
07:51:46 | INFO | [pretrain] epoch 126/210 train_task_loss=0.2111 train_kl=4061.93 beta=0.00000 train_cost=979040256.00 gamma=0.000000 train_acc=0.9921 val_loss=0.5939 val_acc=0.9100 time=36.4s
07:52:23 | INFO | [pretrain] epoch 127/210 train_task_loss=0.2124 train_kl=4061.93 beta=0.00000 train_cost=979040256.00 gamma=0.000000 train_acc=0.9915 val_loss=0.5775 val_acc=0.9162 time=36.2s
07:52:59 | INFO | [pretrain] epoch 128/210 train_task_loss=0.2083 train_kl=4061.93 beta=0.00000 train_cost=979040256.00 gamma=0.000000 train_acc=0.9925 val_loss=0.5933 val_acc=0.9124 time=36.4s
07:53:36 | INFO | [pretrain] epoch 129/210 train_task_loss=0.2072 train_kl=4061.93 beta=0.00000 train_cost=979040256.00 gamma=0.000000 train_acc=0.9930 val_loss=0.5886 val_acc=0.9103 time=36.5s
07:54:12 | INFO | [pretrain] epoch 130/210 train_task_loss=0.2042 train_kl=4061.93 beta=0.00000 train_cost=979040256.00 gamma=0.000000 train_acc=0.9936 val_loss=0.6026 val_acc=0.9084 time=36.4s
07:54:49 | INFO | [pretrain] epoch 131/210 train_task_loss=0.2051 train_kl=4061.93 beta=0.00000 train_cost=979040256.00 gamma=0.000000 train_acc=0.9936 val_loss=0.6020 val_acc=0.9121 time=36.5s
07:55:25 | INFO | [pretrain] epoch 132/210 train_task_loss=0.2050 train_kl=4061.93 beta=0.00000 train_cost=979040256.00 gamma=0.000000 train_acc=0.9935 val_loss=0.5565 val_acc=0.9177 time=36.4s
07:56:01 | INFO | [pretrain] epoch 133/210 train_task_loss=0.2021 train_kl=4061.93 beta=0.00000 train_cost=979040256.00 gamma=0.000000 train_acc=0.9941 val_loss=0.5808 val_acc=0.9119 time=36.4s
07:56:38 | INFO | [pretrain] epoch 134/210 train_task_loss=0.1995 train_kl=4061.93 beta=0.00000 train_cost=979040256.00 gamma=0.000000 train_acc=0.9953 val_loss=0.5753 val_acc=0.9196 time=36.4s
07:57:14 | INFO | [pretrain] epoch 135/210 train_task_loss=0.1986 train_kl=4061.93 beta=0.00000 train_cost=979040256.00 gamma=0.000000 train_acc=0.9954 val_loss=0.5560 val_acc=0.9172 time=36.5s
07:57:51 | INFO | [pretrain] epoch 136/210 train_task_loss=0.2007 train_kl=4061.93 beta=0.00000 train_cost=979040256.00 gamma=0.000000 train_acc=0.9944 val_loss=0.5547 val_acc=0.9190 time=36.4s
07:58:27 | INFO | [pretrain] epoch 137/210 train_task_loss=0.1998 train_kl=4061.93 beta=0.00000 train_cost=979040256.00 gamma=0.000000 train_acc=0.9951 val_loss=0.5323 val_acc=0.9229 time=36.2s
07:59:04 | INFO | [pretrain] epoch 138/210 train_task_loss=0.1966 train_kl=4061.93 beta=0.00000 train_cost=979040256.00 gamma=0.000000 train_acc=0.9954 val_loss=0.5513 val_acc=0.9182 time=36.5s
07:59:40 | INFO | [pretrain] epoch 139/210 train_task_loss=0.1992 train_kl=4061.93 beta=0.00000 train_cost=979040256.00 gamma=0.000000 train_acc=0.9947 val_loss=0.5595 val_acc=0.9179 time=36.5s
08:00:17 | INFO | [pretrain] epoch 140/210 train_task_loss=0.1943 train_kl=4061.93 beta=0.00000 train_cost=979040256.00 gamma=0.000000 train_acc=0.9964 val_loss=0.5711 val_acc=0.9198 time=36.5s
08:00:53 | INFO | [pretrain] epoch 141/210 train_task_loss=0.1955 train_kl=4061.93 beta=0.00000 train_cost=979040256.00 gamma=0.000000 train_acc=0.9955 val_loss=0.5672 val_acc=0.9182 time=36.5s
08:01:29 | INFO | [pretrain] epoch 142/210 train_task_loss=0.1949 train_kl=4061.93 beta=0.00000 train_cost=979040256.00 gamma=0.000000 train_acc=0.9962 val_loss=0.5545 val_acc=0.9183 time=36.5s
08:02:06 | INFO | [pretrain] epoch 143/210 train_task_loss=0.1939 train_kl=4061.93 beta=0.00000 train_cost=979040256.00 gamma=0.000000 train_acc=0.9962 val_loss=0.5472 val_acc=0.9235 time=36.4s
08:02:42 | INFO | [pretrain] epoch 144/210 train_task_loss=0.1918 train_kl=4061.93 beta=0.00000 train_cost=979040256.00 gamma=0.000000 train_acc=0.9966 val_loss=0.5714 val_acc=0.9187 time=36.4s
08:03:19 | INFO | [pretrain] epoch 145/210 train_task_loss=0.1911 train_kl=4061.93 beta=0.00000 train_cost=979040256.00 gamma=0.000000 train_acc=0.9968 val_loss=0.5794 val_acc=0.9178 time=36.5s
08:03:55 | INFO | [pretrain] epoch 146/210 train_task_loss=0.1903 train_kl=4061.93 beta=0.00000 train_cost=979040256.00 gamma=0.000000 train_acc=0.9971 val_loss=0.6100 val_acc=0.9121 time=36.4s
08:04:32 | INFO | [pretrain] epoch 147/210 train_task_loss=0.1894 train_kl=4061.93 beta=0.00000 train_cost=979040256.00 gamma=0.000000 train_acc=0.9972 val_loss=0.5621 val_acc=0.9196 time=36.5s
08:05:08 | INFO | [pretrain] epoch 148/210 train_task_loss=0.1884 train_kl=4061.93 beta=0.00000 train_cost=979040256.00 gamma=0.000000 train_acc=0.9974 val_loss=0.5682 val_acc=0.9193 time=36.6s
08:05:45 | INFO | [pretrain] epoch 149/210 train_task_loss=0.1888 train_kl=4061.93 beta=0.00000 train_cost=979040256.00 gamma=0.000000 train_acc=0.9973 val_loss=0.5689 val_acc=0.9206 time=36.4s
08:06:21 | INFO | [pretrain] epoch 150/210 train_task_loss=0.1876 train_kl=4061.93 beta=0.00000 train_cost=979040256.00 gamma=0.000000 train_acc=0.9980 val_loss=0.5599 val_acc=0.9225 time=36.5s
08:06:57 | INFO | [pretrain] epoch 151/210 train_task_loss=0.1869 train_kl=4061.93 beta=0.00000 train_cost=979040256.00 gamma=0.000000 train_acc=0.9977 val_loss=0.5621 val_acc=0.9236 time=36.2s
08:07:34 | INFO | [pretrain] epoch 152/210 train_task_loss=0.1855 train_kl=4061.93 beta=0.00000 train_cost=979040256.00 gamma=0.000000 train_acc=0.9981 val_loss=0.5443 val_acc=0.9249 time=36.4s
08:08:10 | INFO | [pretrain] epoch 153/210 train_task_loss=0.1840 train_kl=4061.93 beta=0.00000 train_cost=979040256.00 gamma=0.000000 train_acc=0.9982 val_loss=0.5752 val_acc=0.9184 time=36.4s
08:08:47 | INFO | [pretrain] epoch 154/210 train_task_loss=0.1851 train_kl=4061.93 beta=0.00000 train_cost=979040256.00 gamma=0.000000 train_acc=0.9983 val_loss=0.5495 val_acc=0.9241 time=36.5s
08:09:23 | INFO | [pretrain] epoch 155/210 train_task_loss=0.1827 train_kl=4061.93 beta=0.00000 train_cost=979040256.00 gamma=0.000000 train_acc=0.9988 val_loss=0.5589 val_acc=0.9222 time=36.4s
08:10:00 | INFO | [pretrain] epoch 156/210 train_task_loss=0.1830 train_kl=4061.93 beta=0.00000 train_cost=979040256.00 gamma=0.000000 train_acc=0.9984 val_loss=0.5565 val_acc=0.9218 time=36.5s
08:10:36 | INFO | [pretrain] epoch 157/210 train_task_loss=0.1825 train_kl=4061.93 beta=0.00000 train_cost=979040256.00 gamma=0.000000 train_acc=0.9985 val_loss=0.5960 val_acc=0.9196 time=36.4s
08:11:12 | INFO | [pretrain] epoch 158/210 train_task_loss=0.1816 train_kl=4061.93 beta=0.00000 train_cost=979040256.00 gamma=0.000000 train_acc=0.9989 val_loss=0.5840 val_acc=0.9217 time=36.5s
08:11:49 | INFO | [pretrain] epoch 159/210 train_task_loss=0.1823 train_kl=4061.93 beta=0.00000 train_cost=979040256.00 gamma=0.000000 train_acc=0.9983 val_loss=0.5755 val_acc=0.9215 time=36.6s
08:12:25 | INFO | [pretrain] epoch 160/210 train_task_loss=0.1818 train_kl=4061.93 beta=0.00000 train_cost=979040256.00 gamma=0.000000 train_acc=0.9987 val_loss=0.5998 val_acc=0.9192 time=36.5s
08:13:02 | INFO | [pretrain] epoch 161/210 train_task_loss=0.1811 train_kl=4061.93 beta=0.00000 train_cost=979040256.00 gamma=0.000000 train_acc=0.9989 val_loss=0.5693 val_acc=0.9226 time=36.4s
08:13:38 | INFO | [pretrain] epoch 162/210 train_task_loss=0.1802 train_kl=4061.93 beta=0.00000 train_cost=979040256.00 gamma=0.000000 train_acc=0.9989 val_loss=0.5667 val_acc=0.9213 time=36.3s
08:14:15 | INFO | [pretrain] epoch 163/210 train_task_loss=0.1811 train_kl=4061.93 beta=0.00000 train_cost=979040256.00 gamma=0.000000 train_acc=0.9987 val_loss=0.5907 val_acc=0.9216 time=36.5s
08:14:51 | INFO | [pretrain] epoch 164/210 train_task_loss=0.1801 train_kl=4061.93 beta=0.00000 train_cost=979040256.00 gamma=0.000000 train_acc=0.9990 val_loss=0.5870 val_acc=0.9232 time=36.4s
08:15:27 | INFO | [pretrain] epoch 165/210 train_task_loss=0.1798 train_kl=4061.93 beta=0.00000 train_cost=979040256.00 gamma=0.000000 train_acc=0.9991 val_loss=0.5829 val_acc=0.9228 time=36.4s
08:16:04 | INFO | [pretrain] epoch 166/210 train_task_loss=0.1789 train_kl=4061.93 beta=0.00000 train_cost=979040256.00 gamma=0.000000 train_acc=0.9991 val_loss=0.5395 val_acc=0.9249 time=36.4s
08:16:40 | INFO | [pretrain] epoch 167/210 train_task_loss=0.1789 train_kl=4061.93 beta=0.00000 train_cost=979040256.00 gamma=0.000000 train_acc=0.9992 val_loss=0.5570 val_acc=0.9243 time=36.3s
08:17:17 | INFO | [pretrain] epoch 168/210 train_task_loss=0.1795 train_kl=4061.93 beta=0.00000 train_cost=979040256.00 gamma=0.000000 train_acc=0.9990 val_loss=0.5555 val_acc=0.9254 time=36.4s
08:17:53 | INFO | [pretrain] epoch 169/210 train_task_loss=0.1780 train_kl=4061.93 beta=0.00000 train_cost=979040256.00 gamma=0.000000 train_acc=0.9993 val_loss=0.5458 val_acc=0.9247 time=36.4s
08:18:29 | INFO | [pretrain] epoch 170/210 train_task_loss=0.1783 train_kl=4061.93 beta=0.00000 train_cost=979040256.00 gamma=0.000000 train_acc=0.9992 val_loss=0.5672 val_acc=0.9237 time=36.4s
08:19:06 | INFO | [pretrain] epoch 171/210 train_task_loss=0.1779 train_kl=4061.93 beta=0.00000 train_cost=979040256.00 gamma=0.000000 train_acc=0.9992 val_loss=0.5559 val_acc=0.9251 time=36.4s
08:19:42 | INFO | [pretrain] epoch 172/210 train_task_loss=0.1782 train_kl=4061.93 beta=0.00000 train_cost=979040256.00 gamma=0.000000 train_acc=0.9992 val_loss=0.5587 val_acc=0.9281 time=36.4s
08:20:19 | INFO | [pretrain] epoch 173/210 train_task_loss=0.1776 train_kl=4061.93 beta=0.00000 train_cost=979040256.00 gamma=0.000000 train_acc=0.9994 val_loss=0.5729 val_acc=0.9232 time=36.4s
08:20:55 | INFO | [pretrain] epoch 174/210 train_task_loss=0.1768 train_kl=4061.93 beta=0.00000 train_cost=979040256.00 gamma=0.000000 train_acc=0.9995 val_loss=0.5545 val_acc=0.9267 time=36.5s
08:21:32 | INFO | [pretrain] epoch 175/210 train_task_loss=0.1769 train_kl=4061.93 beta=0.00000 train_cost=979040256.00 gamma=0.000000 train_acc=0.9995 val_loss=0.5810 val_acc=0.9230 time=36.5s
08:22:08 | INFO | [pretrain] epoch 176/210 train_task_loss=0.1771 train_kl=4061.93 beta=0.00000 train_cost=979040256.00 gamma=0.000000 train_acc=0.9995 val_loss=0.5605 val_acc=0.9233 time=36.3s
08:22:44 | INFO | [pretrain] epoch 177/210 train_task_loss=0.1767 train_kl=4061.93 beta=0.00000 train_cost=979040256.00 gamma=0.000000 train_acc=0.9995 val_loss=0.5574 val_acc=0.9264 time=36.6s
08:23:21 | INFO | [pretrain] epoch 178/210 train_task_loss=0.1767 train_kl=4061.93 beta=0.00000 train_cost=979040256.00 gamma=0.000000 train_acc=0.9994 val_loss=0.5589 val_acc=0.9254 time=36.5s
08:23:57 | INFO | [pretrain] epoch 179/210 train_task_loss=0.1758 train_kl=4061.93 beta=0.00000 train_cost=979040256.00 gamma=0.000000 train_acc=0.9997 val_loss=0.5743 val_acc=0.9240 time=36.3s
08:24:34 | INFO | [pretrain] epoch 180/210 train_task_loss=0.1762 train_kl=4061.93 beta=0.00000 train_cost=979040256.00 gamma=0.000000 train_acc=0.9994 val_loss=0.5681 val_acc=0.9251 time=36.4s
08:25:10 | INFO | [pretrain] epoch 181/210 train_task_loss=0.1762 train_kl=4061.93 beta=0.00000 train_cost=979040256.00 gamma=0.000000 train_acc=0.9995 val_loss=0.5502 val_acc=0.9283 time=36.4s
08:25:47 | INFO | [pretrain] epoch 182/210 train_task_loss=0.1755 train_kl=4061.93 beta=0.00000 train_cost=979040256.00 gamma=0.000000 train_acc=0.9995 val_loss=0.5716 val_acc=0.9248 time=36.6s
08:26:23 | INFO | [pretrain] epoch 183/210 train_task_loss=0.1758 train_kl=4061.93 beta=0.00000 train_cost=979040256.00 gamma=0.000000 train_acc=0.9997 val_loss=0.5673 val_acc=0.9247 time=36.4s
08:26:59 | INFO | [pretrain] epoch 184/210 train_task_loss=0.1756 train_kl=4061.93 beta=0.00000 train_cost=979040256.00 gamma=0.000000 train_acc=0.9996 val_loss=0.5633 val_acc=0.9251 time=36.5s
08:27:36 | INFO | [pretrain] epoch 185/210 train_task_loss=0.1757 train_kl=4061.93 beta=0.00000 train_cost=979040256.00 gamma=0.000000 train_acc=0.9997 val_loss=0.5649 val_acc=0.9272 time=36.4s
08:28:12 | INFO | [pretrain] epoch 186/210 train_task_loss=0.1755 train_kl=4061.93 beta=0.00000 train_cost=979040256.00 gamma=0.000000 train_acc=0.9997 val_loss=0.5631 val_acc=0.9258 time=36.4s
08:28:49 | INFO | [pretrain] epoch 187/210 train_task_loss=0.1751 train_kl=4061.93 beta=0.00000 train_cost=979040256.00 gamma=0.000000 train_acc=0.9997 val_loss=0.5700 val_acc=0.9231 time=36.4s
08:29:25 | INFO | [pretrain] epoch 188/210 train_task_loss=0.1754 train_kl=4061.93 beta=0.00000 train_cost=979040256.00 gamma=0.000000 train_acc=0.9997 val_loss=0.5718 val_acc=0.9237 time=36.4s
08:30:01 | INFO | [pretrain] epoch 189/210 train_task_loss=0.1754 train_kl=4061.93 beta=0.00000 train_cost=979040256.00 gamma=0.000000 train_acc=0.9997 val_loss=0.5742 val_acc=0.9246 time=36.4s
08:30:38 | INFO | [pretrain] epoch 190/210 train_task_loss=0.1754 train_kl=4061.93 beta=0.00000 train_cost=979040256.00 gamma=0.000000 train_acc=0.9997 val_loss=0.5710 val_acc=0.9242 time=36.3s
08:31:14 | INFO | [pretrain] epoch 191/210 train_task_loss=0.1746 train_kl=4061.93 beta=0.00000 train_cost=979040256.00 gamma=0.000000 train_acc=0.9997 val_loss=0.5637 val_acc=0.9257 time=36.3s
08:31:50 | INFO | [pretrain] epoch 192/210 train_task_loss=0.1753 train_kl=4061.93 beta=0.00000 train_cost=979040256.00 gamma=0.000000 train_acc=0.9997 val_loss=0.5614 val_acc=0.9245 time=36.4s
08:32:27 | INFO | [pretrain] epoch 193/210 train_task_loss=0.1750 train_kl=4061.93 beta=0.00000 train_cost=979040256.00 gamma=0.000000 train_acc=0.9997 val_loss=0.5575 val_acc=0.9288 time=36.3s
08:33:03 | INFO | [pretrain] epoch 194/210 train_task_loss=0.1744 train_kl=4061.93 beta=0.00000 train_cost=979040256.00 gamma=0.000000 train_acc=0.9998 val_loss=0.5451 val_acc=0.9269 time=36.3s
08:33:39 | INFO | [pretrain] epoch 195/210 train_task_loss=0.1751 train_kl=4061.93 beta=0.00000 train_cost=979040256.00 gamma=0.000000 train_acc=0.9997 val_loss=0.5692 val_acc=0.9260 time=36.3s
08:34:16 | INFO | [pretrain] epoch 196/210 train_task_loss=0.1752 train_kl=4061.93 beta=0.00000 train_cost=979040256.00 gamma=0.000000 train_acc=0.9996 val_loss=0.5555 val_acc=0.9271 time=36.4s
08:34:52 | INFO | [pretrain] epoch 197/210 train_task_loss=0.1747 train_kl=4061.93 beta=0.00000 train_cost=979040256.00 gamma=0.000000 train_acc=0.9997 val_loss=0.5546 val_acc=0.9277 time=36.4s
08:35:29 | INFO | [pretrain] epoch 198/210 train_task_loss=0.1748 train_kl=4061.93 beta=0.00000 train_cost=979040256.00 gamma=0.000000 train_acc=0.9997 val_loss=0.5679 val_acc=0.9258 time=36.5s
08:36:05 | INFO | [pretrain] epoch 199/210 train_task_loss=0.1751 train_kl=4061.93 beta=0.00000 train_cost=979040256.00 gamma=0.000000 train_acc=0.9997 val_loss=0.5705 val_acc=0.9268 time=36.2s
08:36:41 | INFO | [pretrain] epoch 200/210 train_task_loss=0.1752 train_kl=4061.93 beta=0.00000 train_cost=979040256.00 gamma=0.000000 train_acc=0.9997 val_loss=0.5575 val_acc=0.9248 time=36.4s
08:37:17 | INFO | [pretrain] epoch 201/210 train_task_loss=0.1747 train_kl=4061.93 beta=0.00000 train_cost=979040256.00 gamma=0.000000 train_acc=0.9998 val_loss=0.5676 val_acc=0.9242 time=36.2s
08:37:54 | INFO | [pretrain] epoch 202/210 train_task_loss=0.1746 train_kl=4061.93 beta=0.00000 train_cost=979040256.00 gamma=0.000000 train_acc=0.9997 val_loss=0.5539 val_acc=0.9271 time=36.4s
08:38:30 | INFO | [pretrain] epoch 203/210 train_task_loss=0.1747 train_kl=4061.93 beta=0.00000 train_cost=979040256.00 gamma=0.000000 train_acc=0.9998 val_loss=0.5589 val_acc=0.9273 time=36.2s
08:39:06 | INFO | [pretrain] epoch 204/210 train_task_loss=0.1745 train_kl=4061.93 beta=0.00000 train_cost=979040256.00 gamma=0.000000 train_acc=0.9997 val_loss=0.5442 val_acc=0.9305 time=36.3s
08:39:43 | INFO | [pretrain] epoch 205/210 train_task_loss=0.1747 train_kl=4061.93 beta=0.00000 train_cost=979040256.00 gamma=0.000000 train_acc=0.9998 val_loss=0.5652 val_acc=0.9266 time=36.5s
08:40:19 | INFO | [pretrain] epoch 206/210 train_task_loss=0.1749 train_kl=4061.93 beta=0.00000 train_cost=979040256.00 gamma=0.000000 train_acc=0.9997 val_loss=0.5577 val_acc=0.9276 time=36.4s
08:40:56 | INFO | [pretrain] epoch 207/210 train_task_loss=0.1750 train_kl=4061.93 beta=0.00000 train_cost=979040256.00 gamma=0.000000 train_acc=0.9997 val_loss=0.5781 val_acc=0.9259 time=36.3s
08:41:32 | INFO | [pretrain] epoch 208/210 train_task_loss=0.1746 train_kl=4061.93 beta=0.00000 train_cost=979040256.00 gamma=0.000000 train_acc=0.9997 val_loss=0.5594 val_acc=0.9300 time=36.3s
08:42:08 | INFO | [pretrain] epoch 209/210 train_task_loss=0.1752 train_kl=4061.93 beta=0.00000 train_cost=979040256.00 gamma=0.000000 train_acc=0.9997 val_loss=0.5774 val_acc=0.9260 time=36.4s
08:42:45 | INFO | [pretrain] epoch 210/210 train_task_loss=0.1749 train_kl=4061.93 beta=0.00000 train_cost=979040256.00 gamma=0.000000 train_acc=0.9997 val_loss=0.5464 val_acc=0.9293 time=36.4s

Validation...
08:42:49 | INFO | Post-pretrain validation accuracy: 0.9305
08:42:56 | INFO | Test accuracy before Bayesian conversion: 0.9305

============================================================
PRETRAIN COMPLETE: spear_repl_resnet18
============================================================
Baseline test accuracy: 0.9305
Baseline saved to: ./outputs/spear_repl_resnet18/trained_model.pt

Stopped before gate training, as requested. Next, on this exact baseline:
  1. python measure_baseline_synops.py --model spear_repl_resnet18 --batches 8
  2. read the gate-pressure diagnostic before trusting beta_max
  3. set reuse_pretrained=True in this experiment's config

08:42:57 | INFO | pretrain_only: stopped after saving baseline (test acc 0.9305)
====================================================
Job finished: Wed 12 Aug 08:43:31 BST 2026
====================================================

Baseline saved to outputs/spear_repl_resnet18/trained_model.pt

NOTE: SPEAR publishes no unpruned baseline for ResNet18 either, and
unlike VGG16 there is no SCA row to borrow as a reference. Their pruned
92.78% implies a dense baseline around 93%. This project's own resnet18
experiment reached 89.26%, but at T=25 rather than T=4.

Next:
  1. push outputs/spear_repl_resnet18 off scratch
  2. python measure_baseline_synops.py --model spear_repl_resnet18 --batches 8
  3. set reuse_pretrained=True in get_spear_repl_resnet18_config()
  4. python run_sparsity_curve.py --model spear_repl_resnet18 --diagnose-only
