====================================================
Job started: Wed 12 Aug 03:34:35 BST 2026
Node: node847.csf3.man.alces.network
====================================================
Wed Aug 12 03:34:35 2026       
+-----------------------------------------------------------------------------------------+
| NVIDIA-SMI 580.159.04             Driver Version: 580.159.04     CUDA Version: 13.0     |
+-----------------------------------------+------------------------+----------------------+
| GPU  Name                 Persistence-M | Bus-Id          Disp.A | Volatile Uncorr. ECC |
| Fan  Temp   Perf          Pwr:Usage/Cap |           Memory-Usage | GPU-Util  Compute M. |
|                                         |                        |               MIG M. |
|=========================================+========================+======================|
|   0  NVIDIA A100-SXM4-80GB          On  |   00000000:C1:00.0 Off |                    0 |
| N/A   26C    P0             56W /  400W |       0MiB /  81920MiB |      0%      Default |
|                                         |                        |             Disabled |
+-----------------------------------------+------------------------+----------------------+

+-----------------------------------------------------------------------------------------+
| Processes:                                                                              |
|  GPU   GI   CI              PID   Type   Process name                        GPU Memory |
|        ID   ID                                                               Usage      |
|=========================================================================================|
|  No running processes found                                                             |
+-----------------------------------------------------------------------------------------+
torch 2.3.1+cu121 cuda True
[PASS] output_readout defaults to 'spikes'
[PASS] invalid output_readout is rejected
[PASS] current readout keeps [T, B, C] shape
[PASS] spike readout is binary
[PASS] current readout is not binary
[PASS] readout adds no parameters
[PASS] pruned model keeps [T, B, C] shape
[PASS] pruned model inherits the current readout
[PASS] tet_loss == per-timestep reference
[PASS] tet_loss registered as 'tet'
[PASS] tet_loss at lam=0 is per-timestep CE
[PASS] tet_loss at lam=1 is the MSE term
[PASS] tet_loss differs from mean-then-CE
[PASS] T = 4
[PASS] beta = 0.5 (tau=2.0, no input decay)
[PASS] threshold = 1.0
[PASS] hard reset
[PASS] fixed tau, not learned
[PASS] arctan surrogate
[PASS] TET task loss
[PASS] pruning phases use cross-entropy
[PASS] SGD optimizer
[PASS] max lr 0.1
[PASS] weight decay 5e-5
[PASS] 210 epochs
[PASS] 10 warm-up epochs then cosine
[PASS] standard crop and flip restored
[PASS] no augmentation beyond crop and flip
[PASS] finetune matches the training recipe (210 ep, warm-up, lr 0.1)
[PASS] no pretrained checkpoint assumed yet
[PASS] 13 conv layers
[PASS] 5 pooling stages
[PASS] no hidden fc layers
[PASS] flatten_dim = 512
[PASS] BatchNorm present
[PASS] current readout
[PASS] every conv gate deferred past its BatchNorm
[PASS] VGG16 forwards to [4, 2, 10]
[PASS] VGG16 output is analog
[PASS] summed spikes at T=4 take at most 5 levels (saw 5)
[PASS] spike argmax ties on most examples (saw 52%)
[PASS] current argmax does not tie (saw 0%)
[PASS] model spike readout is integer-valued when summed
[PASS] learn_beta + current readout is rejected
[PASS] learn_beta + spikes readout still allowed
[PASS] cosine_warmup without a warm-up is rejected
[PASS] tet phi default still equals SPEAR's threshold
[PASS] normalisation std assumption
[PASS] normalisation mean assumption
[PASS] batch size assumption
[PASS] trains on all 50k, pruning stages hold out 10%
[PASS] cosine floor 0.0
[PASS] direct encoding
[PASS] max pooling assumption pinned explicitly
[PASS] conv bias assumption pinned explicitly
[PASS] 14,728,266 parameters

All SPEAR replication checks passed.

============================================================
Running Experiment 1 / 1
SPEAR_REPL
============================================================

Building model...
03:35:15 | INFO | Model built with 14728266 parameters (gates excluded from count).
03:35:24 | INFO | Per-unit expected-FLOPs costs computed and set on every Bayesian layer.
Files already downloaded and verified
Files already downloaded and verified
Files already downloaded and verified
Files already downloaded and verified
Files already downloaded and verified
Files already downloaded and verified
03:35:29 | INFO | Pruning stages use a held-out validation split (val_fraction=0.1) rather than the pretrain recipe's test-set validation.

Training...
03:36:13 | INFO | [pretrain] epoch 1/210 train_task_loss=2.2580 train_kl=8936.25 beta=0.00000 train_cost=1249688448.00 gamma=0.000000 train_acc=0.1145 val_loss=2.2209 val_acc=0.1312 time=44.3s
03:36:39 | INFO | [pretrain] epoch 2/210 train_task_loss=1.6769 train_kl=8936.25 beta=0.00000 train_cost=1249688448.00 gamma=0.000000 train_acc=0.3808 val_loss=1.6322 val_acc=0.4407 time=25.0s
03:37:03 | INFO | [pretrain] epoch 3/210 train_task_loss=1.3990 train_kl=8936.25 beta=0.00000 train_cost=1249688448.00 gamma=0.000000 train_acc=0.5204 val_loss=1.4274 val_acc=0.5458 time=25.0s
03:37:28 | INFO | [pretrain] epoch 4/210 train_task_loss=1.2285 train_kl=8936.25 beta=0.00000 train_cost=1249688448.00 gamma=0.000000 train_acc=0.6104 val_loss=1.2329 val_acc=0.6252 time=24.8s
03:37:53 | INFO | [pretrain] epoch 5/210 train_task_loss=1.0964 train_kl=8936.25 beta=0.00000 train_cost=1249688448.00 gamma=0.000000 train_acc=0.6698 val_loss=1.1126 val_acc=0.6853 time=24.7s
03:38:19 | INFO | [pretrain] epoch 6/210 train_task_loss=0.9925 train_kl=8936.25 beta=0.00000 train_cost=1249688448.00 gamma=0.000000 train_acc=0.7136 val_loss=0.9497 val_acc=0.7481 time=25.4s
03:38:46 | INFO | [pretrain] epoch 7/210 train_task_loss=0.9222 train_kl=8936.25 beta=0.00000 train_cost=1249688448.00 gamma=0.000000 train_acc=0.7468 val_loss=0.9563 val_acc=0.7444 time=27.3s
03:39:13 | INFO | [pretrain] epoch 8/210 train_task_loss=0.8623 train_kl=8936.25 beta=0.00000 train_cost=1249688448.00 gamma=0.000000 train_acc=0.7710 val_loss=0.9698 val_acc=0.7447 time=27.3s
03:39:40 | INFO | [pretrain] epoch 9/210 train_task_loss=0.8212 train_kl=8936.25 beta=0.00000 train_cost=1249688448.00 gamma=0.000000 train_acc=0.7860 val_loss=0.8760 val_acc=0.7764 time=27.3s
03:40:08 | INFO | [pretrain] epoch 10/210 train_task_loss=0.7899 train_kl=8936.25 beta=0.00000 train_cost=1249688448.00 gamma=0.000000 train_acc=0.7975 val_loss=0.8225 val_acc=0.7974 time=27.3s
03:40:35 | INFO | [pretrain] epoch 11/210 train_task_loss=0.7545 train_kl=8936.25 beta=0.00000 train_cost=1249688448.00 gamma=0.000000 train_acc=0.8106 val_loss=0.8074 val_acc=0.8055 time=26.7s
03:41:01 | INFO | [pretrain] epoch 12/210 train_task_loss=0.7072 train_kl=8936.25 beta=0.00000 train_cost=1249688448.00 gamma=0.000000 train_acc=0.8289 val_loss=0.7839 val_acc=0.8178 time=26.7s
03:41:28 | INFO | [pretrain] epoch 13/210 train_task_loss=0.6835 train_kl=8936.25 beta=0.00000 train_cost=1249688448.00 gamma=0.000000 train_acc=0.8364 val_loss=0.8012 val_acc=0.8139 time=26.5s
03:41:55 | INFO | [pretrain] epoch 14/210 train_task_loss=0.6567 train_kl=8936.25 beta=0.00000 train_cost=1249688448.00 gamma=0.000000 train_acc=0.8464 val_loss=0.7798 val_acc=0.8140 time=26.8s
03:42:22 | INFO | [pretrain] epoch 15/210 train_task_loss=0.6296 train_kl=8936.25 beta=0.00000 train_cost=1249688448.00 gamma=0.000000 train_acc=0.8548 val_loss=0.7677 val_acc=0.8273 time=26.9s
03:42:48 | INFO | [pretrain] epoch 16/210 train_task_loss=0.6088 train_kl=8936.25 beta=0.00000 train_cost=1249688448.00 gamma=0.000000 train_acc=0.8614 val_loss=0.7619 val_acc=0.8245 time=26.4s
03:43:14 | INFO | [pretrain] epoch 17/210 train_task_loss=0.5949 train_kl=8936.25 beta=0.00000 train_cost=1249688448.00 gamma=0.000000 train_acc=0.8675 val_loss=0.7027 val_acc=0.8454 time=25.9s
03:43:40 | INFO | [pretrain] epoch 18/210 train_task_loss=0.5783 train_kl=8936.25 beta=0.00000 train_cost=1249688448.00 gamma=0.000000 train_acc=0.8733 val_loss=0.7321 val_acc=0.8348 time=26.3s
03:44:07 | INFO | [pretrain] epoch 19/210 train_task_loss=0.5704 train_kl=8936.25 beta=0.00000 train_cost=1249688448.00 gamma=0.000000 train_acc=0.8760 val_loss=0.7455 val_acc=0.8471 time=26.6s
03:44:34 | INFO | [pretrain] epoch 20/210 train_task_loss=0.5512 train_kl=8936.25 beta=0.00000 train_cost=1249688448.00 gamma=0.000000 train_acc=0.8799 val_loss=0.7077 val_acc=0.8485 time=26.7s
03:45:00 | INFO | [pretrain] epoch 21/210 train_task_loss=0.5459 train_kl=8936.25 beta=0.00000 train_cost=1249688448.00 gamma=0.000000 train_acc=0.8845 val_loss=0.6894 val_acc=0.8462 time=26.7s
03:45:27 | INFO | [pretrain] epoch 22/210 train_task_loss=0.5303 train_kl=8936.25 beta=0.00000 train_cost=1249688448.00 gamma=0.000000 train_acc=0.8889 val_loss=0.7557 val_acc=0.8335 time=26.8s
03:45:54 | INFO | [pretrain] epoch 23/210 train_task_loss=0.5256 train_kl=8936.25 beta=0.00000 train_cost=1249688448.00 gamma=0.000000 train_acc=0.8907 val_loss=0.6961 val_acc=0.8613 time=26.8s
03:46:21 | INFO | [pretrain] epoch 24/210 train_task_loss=0.5224 train_kl=8936.25 beta=0.00000 train_cost=1249688448.00 gamma=0.000000 train_acc=0.8917 val_loss=0.7227 val_acc=0.8513 time=26.6s
03:46:47 | INFO | [pretrain] epoch 25/210 train_task_loss=0.5091 train_kl=8936.25 beta=0.00000 train_cost=1249688448.00 gamma=0.000000 train_acc=0.8975 val_loss=0.7213 val_acc=0.8535 time=26.0s
03:47:12 | INFO | [pretrain] epoch 26/210 train_task_loss=0.5036 train_kl=8936.25 beta=0.00000 train_cost=1249688448.00 gamma=0.000000 train_acc=0.8973 val_loss=0.7325 val_acc=0.8556 time=25.0s
03:47:37 | INFO | [pretrain] epoch 27/210 train_task_loss=0.4939 train_kl=8936.25 beta=0.00000 train_cost=1249688448.00 gamma=0.000000 train_acc=0.9024 val_loss=0.7057 val_acc=0.8559 time=24.9s
03:48:02 | INFO | [pretrain] epoch 28/210 train_task_loss=0.4943 train_kl=8936.25 beta=0.00000 train_cost=1249688448.00 gamma=0.000000 train_acc=0.9007 val_loss=0.6953 val_acc=0.8637 time=24.9s
03:48:27 | INFO | [pretrain] epoch 29/210 train_task_loss=0.4834 train_kl=8936.25 beta=0.00000 train_cost=1249688448.00 gamma=0.000000 train_acc=0.9044 val_loss=0.6753 val_acc=0.8655 time=25.0s
03:48:52 | INFO | [pretrain] epoch 30/210 train_task_loss=0.4821 train_kl=8936.25 beta=0.00000 train_cost=1249688448.00 gamma=0.000000 train_acc=0.9049 val_loss=0.7100 val_acc=0.8518 time=25.0s
03:49:17 | INFO | [pretrain] epoch 31/210 train_task_loss=0.4813 train_kl=8936.25 beta=0.00000 train_cost=1249688448.00 gamma=0.000000 train_acc=0.9048 val_loss=0.7806 val_acc=0.8440 time=24.9s
03:49:41 | INFO | [pretrain] epoch 32/210 train_task_loss=0.4714 train_kl=8936.25 beta=0.00000 train_cost=1249688448.00 gamma=0.000000 train_acc=0.9087 val_loss=0.7307 val_acc=0.8520 time=24.8s
03:50:06 | INFO | [pretrain] epoch 33/210 train_task_loss=0.4649 train_kl=8936.25 beta=0.00000 train_cost=1249688448.00 gamma=0.000000 train_acc=0.9103 val_loss=0.7206 val_acc=0.8469 time=24.9s
03:50:31 | INFO | [pretrain] epoch 34/210 train_task_loss=0.4581 train_kl=8936.25 beta=0.00000 train_cost=1249688448.00 gamma=0.000000 train_acc=0.9132 val_loss=0.7425 val_acc=0.8523 time=24.9s
03:50:56 | INFO | [pretrain] epoch 35/210 train_task_loss=0.4555 train_kl=8936.25 beta=0.00000 train_cost=1249688448.00 gamma=0.000000 train_acc=0.9140 val_loss=0.6798 val_acc=0.8616 time=24.9s
03:51:21 | INFO | [pretrain] epoch 36/210 train_task_loss=0.4527 train_kl=8936.25 beta=0.00000 train_cost=1249688448.00 gamma=0.000000 train_acc=0.9148 val_loss=0.7153 val_acc=0.8544 time=24.8s
03:51:46 | INFO | [pretrain] epoch 37/210 train_task_loss=0.4435 train_kl=8936.25 beta=0.00000 train_cost=1249688448.00 gamma=0.000000 train_acc=0.9177 val_loss=0.7221 val_acc=0.8451 time=24.9s
03:52:11 | INFO | [pretrain] epoch 38/210 train_task_loss=0.4466 train_kl=8936.25 beta=0.00000 train_cost=1249688448.00 gamma=0.000000 train_acc=0.9171 val_loss=0.6771 val_acc=0.8663 time=24.9s
03:52:35 | INFO | [pretrain] epoch 39/210 train_task_loss=0.4385 train_kl=8936.25 beta=0.00000 train_cost=1249688448.00 gamma=0.000000 train_acc=0.9208 val_loss=0.6900 val_acc=0.8635 time=24.8s
03:53:00 | INFO | [pretrain] epoch 40/210 train_task_loss=0.4321 train_kl=8936.25 beta=0.00000 train_cost=1249688448.00 gamma=0.000000 train_acc=0.9226 val_loss=0.6937 val_acc=0.8699 time=24.9s
03:53:25 | INFO | [pretrain] epoch 41/210 train_task_loss=0.4282 train_kl=8936.25 beta=0.00000 train_cost=1249688448.00 gamma=0.000000 train_acc=0.9236 val_loss=0.6691 val_acc=0.8631 time=25.0s
03:53:50 | INFO | [pretrain] epoch 42/210 train_task_loss=0.4271 train_kl=8936.25 beta=0.00000 train_cost=1249688448.00 gamma=0.000000 train_acc=0.9240 val_loss=0.7037 val_acc=0.8566 time=24.9s
03:54:15 | INFO | [pretrain] epoch 43/210 train_task_loss=0.4290 train_kl=8936.25 beta=0.00000 train_cost=1249688448.00 gamma=0.000000 train_acc=0.9221 val_loss=0.6847 val_acc=0.8596 time=24.9s
03:54:40 | INFO | [pretrain] epoch 44/210 train_task_loss=0.4197 train_kl=8936.25 beta=0.00000 train_cost=1249688448.00 gamma=0.000000 train_acc=0.9261 val_loss=0.6682 val_acc=0.8670 time=24.8s
03:55:05 | INFO | [pretrain] epoch 45/210 train_task_loss=0.4141 train_kl=8936.25 beta=0.00000 train_cost=1249688448.00 gamma=0.000000 train_acc=0.9284 val_loss=0.6575 val_acc=0.8696 time=24.8s
03:55:30 | INFO | [pretrain] epoch 46/210 train_task_loss=0.4162 train_kl=8936.25 beta=0.00000 train_cost=1249688448.00 gamma=0.000000 train_acc=0.9273 val_loss=0.6700 val_acc=0.8712 time=24.9s
03:55:55 | INFO | [pretrain] epoch 47/210 train_task_loss=0.4090 train_kl=8936.25 beta=0.00000 train_cost=1249688448.00 gamma=0.000000 train_acc=0.9302 val_loss=0.6928 val_acc=0.8630 time=24.9s
03:56:20 | INFO | [pretrain] epoch 48/210 train_task_loss=0.4053 train_kl=8936.25 beta=0.00000 train_cost=1249688448.00 gamma=0.000000 train_acc=0.9303 val_loss=0.6818 val_acc=0.8703 time=25.0s
03:56:45 | INFO | [pretrain] epoch 49/210 train_task_loss=0.4065 train_kl=8936.25 beta=0.00000 train_cost=1249688448.00 gamma=0.000000 train_acc=0.9308 val_loss=0.6472 val_acc=0.8738 time=24.9s
03:57:09 | INFO | [pretrain] epoch 50/210 train_task_loss=0.4045 train_kl=8936.25 beta=0.00000 train_cost=1249688448.00 gamma=0.000000 train_acc=0.9311 val_loss=0.6647 val_acc=0.8730 time=24.8s
03:57:34 | INFO | [pretrain] epoch 51/210 train_task_loss=0.4032 train_kl=8936.25 beta=0.00000 train_cost=1249688448.00 gamma=0.000000 train_acc=0.9321 val_loss=0.6614 val_acc=0.8754 time=25.0s
03:57:59 | INFO | [pretrain] epoch 52/210 train_task_loss=0.3972 train_kl=8936.25 beta=0.00000 train_cost=1249688448.00 gamma=0.000000 train_acc=0.9344 val_loss=0.6867 val_acc=0.8700 time=24.9s
03:58:24 | INFO | [pretrain] epoch 53/210 train_task_loss=0.3942 train_kl=8936.25 beta=0.00000 train_cost=1249688448.00 gamma=0.000000 train_acc=0.9343 val_loss=0.6853 val_acc=0.8726 time=25.0s
03:58:49 | INFO | [pretrain] epoch 54/210 train_task_loss=0.3893 train_kl=8936.25 beta=0.00000 train_cost=1249688448.00 gamma=0.000000 train_acc=0.9366 val_loss=0.6546 val_acc=0.8783 time=24.9s
03:59:14 | INFO | [pretrain] epoch 55/210 train_task_loss=0.3906 train_kl=8936.25 beta=0.00000 train_cost=1249688448.00 gamma=0.000000 train_acc=0.9361 val_loss=0.6670 val_acc=0.8652 time=25.1s
03:59:39 | INFO | [pretrain] epoch 56/210 train_task_loss=0.3868 train_kl=8936.25 beta=0.00000 train_cost=1249688448.00 gamma=0.000000 train_acc=0.9374 val_loss=0.6838 val_acc=0.8651 time=25.0s
04:00:04 | INFO | [pretrain] epoch 57/210 train_task_loss=0.3887 train_kl=8936.25 beta=0.00000 train_cost=1249688448.00 gamma=0.000000 train_acc=0.9361 val_loss=0.6393 val_acc=0.8805 time=24.9s
04:00:29 | INFO | [pretrain] epoch 58/210 train_task_loss=0.3820 train_kl=8936.25 beta=0.00000 train_cost=1249688448.00 gamma=0.000000 train_acc=0.9390 val_loss=0.6710 val_acc=0.8753 time=25.1s
04:00:54 | INFO | [pretrain] epoch 59/210 train_task_loss=0.3805 train_kl=8936.25 beta=0.00000 train_cost=1249688448.00 gamma=0.000000 train_acc=0.9407 val_loss=0.6152 val_acc=0.8892 time=24.8s
04:01:19 | INFO | [pretrain] epoch 60/210 train_task_loss=0.3820 train_kl=8936.25 beta=0.00000 train_cost=1249688448.00 gamma=0.000000 train_acc=0.9393 val_loss=0.6724 val_acc=0.8729 time=24.9s
04:01:44 | INFO | [pretrain] epoch 61/210 train_task_loss=0.3767 train_kl=8936.25 beta=0.00000 train_cost=1249688448.00 gamma=0.000000 train_acc=0.9416 val_loss=0.6916 val_acc=0.8657 time=25.2s
04:02:11 | INFO | [pretrain] epoch 62/210 train_task_loss=0.3712 train_kl=8936.25 beta=0.00000 train_cost=1249688448.00 gamma=0.000000 train_acc=0.9429 val_loss=0.6748 val_acc=0.8713 time=26.4s
04:02:36 | INFO | [pretrain] epoch 63/210 train_task_loss=0.3771 train_kl=8936.25 beta=0.00000 train_cost=1249688448.00 gamma=0.000000 train_acc=0.9411 val_loss=0.6401 val_acc=0.8788 time=25.2s
04:03:01 | INFO | [pretrain] epoch 64/210 train_task_loss=0.3708 train_kl=8936.25 beta=0.00000 train_cost=1249688448.00 gamma=0.000000 train_acc=0.9426 val_loss=0.6163 val_acc=0.8882 time=24.8s
04:03:26 | INFO | [pretrain] epoch 65/210 train_task_loss=0.3631 train_kl=8936.25 beta=0.00000 train_cost=1249688448.00 gamma=0.000000 train_acc=0.9473 val_loss=0.6580 val_acc=0.8764 time=25.0s
04:03:50 | INFO | [pretrain] epoch 66/210 train_task_loss=0.3709 train_kl=8936.25 beta=0.00000 train_cost=1249688448.00 gamma=0.000000 train_acc=0.9434 val_loss=0.6933 val_acc=0.8776 time=24.8s
04:04:15 | INFO | [pretrain] epoch 67/210 train_task_loss=0.3634 train_kl=8936.25 beta=0.00000 train_cost=1249688448.00 gamma=0.000000 train_acc=0.9447 val_loss=0.6899 val_acc=0.8686 time=24.9s
04:04:40 | INFO | [pretrain] epoch 68/210 train_task_loss=0.3638 train_kl=8936.25 beta=0.00000 train_cost=1249688448.00 gamma=0.000000 train_acc=0.9451 val_loss=0.7075 val_acc=0.8722 time=25.1s
04:05:06 | INFO | [pretrain] epoch 69/210 train_task_loss=0.3632 train_kl=8936.25 beta=0.00000 train_cost=1249688448.00 gamma=0.000000 train_acc=0.9460 val_loss=0.6695 val_acc=0.8766 time=25.1s
04:05:30 | INFO | [pretrain] epoch 70/210 train_task_loss=0.3568 train_kl=8936.25 beta=0.00000 train_cost=1249688448.00 gamma=0.000000 train_acc=0.9468 val_loss=0.6518 val_acc=0.8721 time=25.0s
04:05:56 | INFO | [pretrain] epoch 71/210 train_task_loss=0.3519 train_kl=8936.25 beta=0.00000 train_cost=1249688448.00 gamma=0.000000 train_acc=0.9497 val_loss=0.7340 val_acc=0.8659 time=25.5s
04:06:22 | INFO | [pretrain] epoch 72/210 train_task_loss=0.3520 train_kl=8936.25 beta=0.00000 train_cost=1249688448.00 gamma=0.000000 train_acc=0.9493 val_loss=0.6788 val_acc=0.8747 time=25.8s
04:06:47 | INFO | [pretrain] epoch 73/210 train_task_loss=0.3461 train_kl=8936.25 beta=0.00000 train_cost=1249688448.00 gamma=0.000000 train_acc=0.9522 val_loss=0.6543 val_acc=0.8819 time=25.3s
04:07:12 | INFO | [pretrain] epoch 74/210 train_task_loss=0.3502 train_kl=8936.25 beta=0.00000 train_cost=1249688448.00 gamma=0.000000 train_acc=0.9498 val_loss=0.6706 val_acc=0.8758 time=24.8s
04:07:37 | INFO | [pretrain] epoch 75/210 train_task_loss=0.3493 train_kl=8936.25 beta=0.00000 train_cost=1249688448.00 gamma=0.000000 train_acc=0.9494 val_loss=0.7031 val_acc=0.8725 time=24.9s
04:08:02 | INFO | [pretrain] epoch 76/210 train_task_loss=0.3462 train_kl=8936.25 beta=0.00000 train_cost=1249688448.00 gamma=0.000000 train_acc=0.9519 val_loss=0.6565 val_acc=0.8798 time=25.0s
04:08:27 | INFO | [pretrain] epoch 77/210 train_task_loss=0.3471 train_kl=8936.25 beta=0.00000 train_cost=1249688448.00 gamma=0.000000 train_acc=0.9502 val_loss=0.6572 val_acc=0.8845 time=24.9s
04:08:52 | INFO | [pretrain] epoch 78/210 train_task_loss=0.3445 train_kl=8936.25 beta=0.00000 train_cost=1249688448.00 gamma=0.000000 train_acc=0.9524 val_loss=0.6527 val_acc=0.8886 time=25.0s
04:09:17 | INFO | [pretrain] epoch 79/210 train_task_loss=0.3414 train_kl=8936.25 beta=0.00000 train_cost=1249688448.00 gamma=0.000000 train_acc=0.9532 val_loss=0.6736 val_acc=0.8824 time=24.9s
04:09:42 | INFO | [pretrain] epoch 80/210 train_task_loss=0.3352 train_kl=8936.25 beta=0.00000 train_cost=1249688448.00 gamma=0.000000 train_acc=0.9539 val_loss=0.6540 val_acc=0.8830 time=25.0s
04:10:06 | INFO | [pretrain] epoch 81/210 train_task_loss=0.3347 train_kl=8936.25 beta=0.00000 train_cost=1249688448.00 gamma=0.000000 train_acc=0.9553 val_loss=0.6576 val_acc=0.8772 time=24.9s
04:10:31 | INFO | [pretrain] epoch 82/210 train_task_loss=0.3306 train_kl=8936.25 beta=0.00000 train_cost=1249688448.00 gamma=0.000000 train_acc=0.9560 val_loss=0.6085 val_acc=0.8911 time=25.0s
04:10:56 | INFO | [pretrain] epoch 83/210 train_task_loss=0.3302 train_kl=8936.25 beta=0.00000 train_cost=1249688448.00 gamma=0.000000 train_acc=0.9560 val_loss=0.6777 val_acc=0.8792 time=25.0s
04:11:22 | INFO | [pretrain] epoch 84/210 train_task_loss=0.3293 train_kl=8936.25 beta=0.00000 train_cost=1249688448.00 gamma=0.000000 train_acc=0.9569 val_loss=0.6299 val_acc=0.8858 time=25.1s
04:11:46 | INFO | [pretrain] epoch 85/210 train_task_loss=0.3248 train_kl=8936.25 beta=0.00000 train_cost=1249688448.00 gamma=0.000000 train_acc=0.9581 val_loss=0.6571 val_acc=0.8861 time=24.9s
04:12:11 | INFO | [pretrain] epoch 86/210 train_task_loss=0.3225 train_kl=8936.25 beta=0.00000 train_cost=1249688448.00 gamma=0.000000 train_acc=0.9592 val_loss=0.6830 val_acc=0.8775 time=25.0s
04:12:36 | INFO | [pretrain] epoch 87/210 train_task_loss=0.3170 train_kl=8936.25 beta=0.00000 train_cost=1249688448.00 gamma=0.000000 train_acc=0.9601 val_loss=0.6373 val_acc=0.8822 time=25.0s
04:13:01 | INFO | [pretrain] epoch 88/210 train_task_loss=0.3187 train_kl=8936.25 beta=0.00000 train_cost=1249688448.00 gamma=0.000000 train_acc=0.9604 val_loss=0.6839 val_acc=0.8841 time=24.8s
04:13:26 | INFO | [pretrain] epoch 89/210 train_task_loss=0.3209 train_kl=8936.25 beta=0.00000 train_cost=1249688448.00 gamma=0.000000 train_acc=0.9606 val_loss=0.6778 val_acc=0.8792 time=24.7s
04:13:51 | INFO | [pretrain] epoch 90/210 train_task_loss=0.3216 train_kl=8936.25 beta=0.00000 train_cost=1249688448.00 gamma=0.000000 train_acc=0.9593 val_loss=0.6715 val_acc=0.8814 time=24.8s
04:14:15 | INFO | [pretrain] epoch 91/210 train_task_loss=0.3146 train_kl=8936.25 beta=0.00000 train_cost=1249688448.00 gamma=0.000000 train_acc=0.9619 val_loss=0.6660 val_acc=0.8779 time=24.9s
04:14:40 | INFO | [pretrain] epoch 92/210 train_task_loss=0.3127 train_kl=8936.25 beta=0.00000 train_cost=1249688448.00 gamma=0.000000 train_acc=0.9617 val_loss=0.6501 val_acc=0.8831 time=25.0s
04:15:05 | INFO | [pretrain] epoch 93/210 train_task_loss=0.3115 train_kl=8936.25 beta=0.00000 train_cost=1249688448.00 gamma=0.000000 train_acc=0.9630 val_loss=0.7227 val_acc=0.8641 time=25.0s
04:15:30 | INFO | [pretrain] epoch 94/210 train_task_loss=0.3113 train_kl=8936.25 beta=0.00000 train_cost=1249688448.00 gamma=0.000000 train_acc=0.9625 val_loss=0.6653 val_acc=0.8819 time=25.0s
04:15:55 | INFO | [pretrain] epoch 95/210 train_task_loss=0.3088 train_kl=8936.25 beta=0.00000 train_cost=1249688448.00 gamma=0.000000 train_acc=0.9628 val_loss=0.7003 val_acc=0.8796 time=24.8s
04:16:20 | INFO | [pretrain] epoch 96/210 train_task_loss=0.3102 train_kl=8936.25 beta=0.00000 train_cost=1249688448.00 gamma=0.000000 train_acc=0.9624 val_loss=0.6526 val_acc=0.8818 time=24.9s
04:16:45 | INFO | [pretrain] epoch 97/210 train_task_loss=0.3050 train_kl=8936.25 beta=0.00000 train_cost=1249688448.00 gamma=0.000000 train_acc=0.9644 val_loss=0.6233 val_acc=0.8950 time=24.9s
04:17:10 | INFO | [pretrain] epoch 98/210 train_task_loss=0.3051 train_kl=8936.25 beta=0.00000 train_cost=1249688448.00 gamma=0.000000 train_acc=0.9644 val_loss=0.6425 val_acc=0.8849 time=25.0s
04:17:35 | INFO | [pretrain] epoch 99/210 train_task_loss=0.3024 train_kl=8936.25 beta=0.00000 train_cost=1249688448.00 gamma=0.000000 train_acc=0.9664 val_loss=0.6689 val_acc=0.8861 time=25.0s
04:18:00 | INFO | [pretrain] epoch 100/210 train_task_loss=0.3025 train_kl=8936.25 beta=0.00000 train_cost=1249688448.00 gamma=0.000000 train_acc=0.9646 val_loss=0.6854 val_acc=0.8791 time=24.9s
04:18:25 | INFO | [pretrain] epoch 101/210 train_task_loss=0.3014 train_kl=8936.25 beta=0.00000 train_cost=1249688448.00 gamma=0.000000 train_acc=0.9656 val_loss=0.6828 val_acc=0.8798 time=25.0s
04:18:50 | INFO | [pretrain] epoch 102/210 train_task_loss=0.2910 train_kl=8936.25 beta=0.00000 train_cost=1249688448.00 gamma=0.000000 train_acc=0.9687 val_loss=0.6732 val_acc=0.8851 time=24.9s
04:19:15 | INFO | [pretrain] epoch 103/210 train_task_loss=0.2957 train_kl=8936.25 beta=0.00000 train_cost=1249688448.00 gamma=0.000000 train_acc=0.9677 val_loss=0.7187 val_acc=0.8704 time=24.8s
04:19:39 | INFO | [pretrain] epoch 104/210 train_task_loss=0.2977 train_kl=8936.25 beta=0.00000 train_cost=1249688448.00 gamma=0.000000 train_acc=0.9669 val_loss=0.7203 val_acc=0.8734 time=24.7s
04:20:04 | INFO | [pretrain] epoch 105/210 train_task_loss=0.2944 train_kl=8936.25 beta=0.00000 train_cost=1249688448.00 gamma=0.000000 train_acc=0.9684 val_loss=0.6430 val_acc=0.8872 time=24.8s
04:20:29 | INFO | [pretrain] epoch 106/210 train_task_loss=0.2896 train_kl=8936.25 beta=0.00000 train_cost=1249688448.00 gamma=0.000000 train_acc=0.9701 val_loss=0.6406 val_acc=0.8909 time=24.9s
04:20:54 | INFO | [pretrain] epoch 107/210 train_task_loss=0.2907 train_kl=8936.25 beta=0.00000 train_cost=1249688448.00 gamma=0.000000 train_acc=0.9692 val_loss=0.6684 val_acc=0.8867 time=24.9s
04:21:19 | INFO | [pretrain] epoch 108/210 train_task_loss=0.2878 train_kl=8936.25 beta=0.00000 train_cost=1249688448.00 gamma=0.000000 train_acc=0.9702 val_loss=0.6617 val_acc=0.8876 time=25.0s
04:21:44 | INFO | [pretrain] epoch 109/210 train_task_loss=0.2832 train_kl=8936.25 beta=0.00000 train_cost=1249688448.00 gamma=0.000000 train_acc=0.9707 val_loss=0.6888 val_acc=0.8853 time=24.8s
04:22:09 | INFO | [pretrain] epoch 110/210 train_task_loss=0.2807 train_kl=8936.25 beta=0.00000 train_cost=1249688448.00 gamma=0.000000 train_acc=0.9729 val_loss=0.6607 val_acc=0.8903 time=25.0s
04:22:34 | INFO | [pretrain] epoch 111/210 train_task_loss=0.2835 train_kl=8936.25 beta=0.00000 train_cost=1249688448.00 gamma=0.000000 train_acc=0.9713 val_loss=0.6668 val_acc=0.8867 time=24.9s
04:22:59 | INFO | [pretrain] epoch 112/210 train_task_loss=0.2823 train_kl=8936.25 beta=0.00000 train_cost=1249688448.00 gamma=0.000000 train_acc=0.9722 val_loss=0.6544 val_acc=0.8891 time=25.1s
04:23:24 | INFO | [pretrain] epoch 113/210 train_task_loss=0.2780 train_kl=8936.25 beta=0.00000 train_cost=1249688448.00 gamma=0.000000 train_acc=0.9726 val_loss=0.6588 val_acc=0.8894 time=25.1s
04:23:49 | INFO | [pretrain] epoch 114/210 train_task_loss=0.2743 train_kl=8936.25 beta=0.00000 train_cost=1249688448.00 gamma=0.000000 train_acc=0.9745 val_loss=0.7318 val_acc=0.8759 time=24.8s
04:24:14 | INFO | [pretrain] epoch 115/210 train_task_loss=0.2738 train_kl=8936.25 beta=0.00000 train_cost=1249688448.00 gamma=0.000000 train_acc=0.9742 val_loss=0.6675 val_acc=0.8910 time=25.5s
04:24:39 | INFO | [pretrain] epoch 116/210 train_task_loss=0.2743 train_kl=8936.25 beta=0.00000 train_cost=1249688448.00 gamma=0.000000 train_acc=0.9752 val_loss=0.6753 val_acc=0.8879 time=25.0s
04:25:04 | INFO | [pretrain] epoch 117/210 train_task_loss=0.2755 train_kl=8936.25 beta=0.00000 train_cost=1249688448.00 gamma=0.000000 train_acc=0.9731 val_loss=0.6262 val_acc=0.8931 time=25.1s
04:25:29 | INFO | [pretrain] epoch 118/210 train_task_loss=0.2684 train_kl=8936.25 beta=0.00000 train_cost=1249688448.00 gamma=0.000000 train_acc=0.9767 val_loss=0.6931 val_acc=0.8795 time=25.0s
04:25:54 | INFO | [pretrain] epoch 119/210 train_task_loss=0.2705 train_kl=8936.25 beta=0.00000 train_cost=1249688448.00 gamma=0.000000 train_acc=0.9757 val_loss=0.6454 val_acc=0.8930 time=25.1s
04:26:19 | INFO | [pretrain] epoch 120/210 train_task_loss=0.2653 train_kl=8936.25 beta=0.00000 train_cost=1249688448.00 gamma=0.000000 train_acc=0.9777 val_loss=0.6375 val_acc=0.8934 time=25.0s
04:26:44 | INFO | [pretrain] epoch 121/210 train_task_loss=0.2642 train_kl=8936.25 beta=0.00000 train_cost=1249688448.00 gamma=0.000000 train_acc=0.9779 val_loss=0.6674 val_acc=0.8841 time=25.2s
04:27:09 | INFO | [pretrain] epoch 122/210 train_task_loss=0.2636 train_kl=8936.25 beta=0.00000 train_cost=1249688448.00 gamma=0.000000 train_acc=0.9776 val_loss=0.7003 val_acc=0.8860 time=24.9s
04:27:34 | INFO | [pretrain] epoch 123/210 train_task_loss=0.2604 train_kl=8936.25 beta=0.00000 train_cost=1249688448.00 gamma=0.000000 train_acc=0.9789 val_loss=0.6598 val_acc=0.8918 time=24.9s
04:27:59 | INFO | [pretrain] epoch 124/210 train_task_loss=0.2594 train_kl=8936.25 beta=0.00000 train_cost=1249688448.00 gamma=0.000000 train_acc=0.9789 val_loss=0.6938 val_acc=0.8910 time=25.0s
04:28:24 | INFO | [pretrain] epoch 125/210 train_task_loss=0.2612 train_kl=8936.25 beta=0.00000 train_cost=1249688448.00 gamma=0.000000 train_acc=0.9786 val_loss=0.6859 val_acc=0.8852 time=24.9s
04:28:49 | INFO | [pretrain] epoch 126/210 train_task_loss=0.2581 train_kl=8936.25 beta=0.00000 train_cost=1249688448.00 gamma=0.000000 train_acc=0.9789 val_loss=0.6735 val_acc=0.8927 time=24.9s
04:29:14 | INFO | [pretrain] epoch 127/210 train_task_loss=0.2571 train_kl=8936.25 beta=0.00000 train_cost=1249688448.00 gamma=0.000000 train_acc=0.9796 val_loss=0.7010 val_acc=0.8871 time=24.8s
04:29:39 | INFO | [pretrain] epoch 128/210 train_task_loss=0.2548 train_kl=8936.25 beta=0.00000 train_cost=1249688448.00 gamma=0.000000 train_acc=0.9805 val_loss=0.6557 val_acc=0.8948 time=25.0s
04:30:04 | INFO | [pretrain] epoch 129/210 train_task_loss=0.2532 train_kl=8936.25 beta=0.00000 train_cost=1249688448.00 gamma=0.000000 train_acc=0.9811 val_loss=0.6640 val_acc=0.8961 time=25.0s
04:30:29 | INFO | [pretrain] epoch 130/210 train_task_loss=0.2536 train_kl=8936.25 beta=0.00000 train_cost=1249688448.00 gamma=0.000000 train_acc=0.9807 val_loss=0.6644 val_acc=0.8936 time=24.8s
04:30:54 | INFO | [pretrain] epoch 131/210 train_task_loss=0.2487 train_kl=8936.25 beta=0.00000 train_cost=1249688448.00 gamma=0.000000 train_acc=0.9820 val_loss=0.6627 val_acc=0.8964 time=24.9s
04:31:19 | INFO | [pretrain] epoch 132/210 train_task_loss=0.2466 train_kl=8936.25 beta=0.00000 train_cost=1249688448.00 gamma=0.000000 train_acc=0.9831 val_loss=0.7048 val_acc=0.8944 time=25.0s
04:31:44 | INFO | [pretrain] epoch 133/210 train_task_loss=0.2439 train_kl=8936.25 beta=0.00000 train_cost=1249688448.00 gamma=0.000000 train_acc=0.9830 val_loss=0.6894 val_acc=0.8923 time=24.9s
04:32:09 | INFO | [pretrain] epoch 134/210 train_task_loss=0.2412 train_kl=8936.25 beta=0.00000 train_cost=1249688448.00 gamma=0.000000 train_acc=0.9846 val_loss=0.6598 val_acc=0.8942 time=25.1s
04:32:34 | INFO | [pretrain] epoch 135/210 train_task_loss=0.2426 train_kl=8936.25 beta=0.00000 train_cost=1249688448.00 gamma=0.000000 train_acc=0.9846 val_loss=0.6706 val_acc=0.8904 time=25.1s
04:32:59 | INFO | [pretrain] epoch 136/210 train_task_loss=0.2447 train_kl=8936.25 beta=0.00000 train_cost=1249688448.00 gamma=0.000000 train_acc=0.9844 val_loss=0.6896 val_acc=0.8921 time=24.9s
04:33:24 | INFO | [pretrain] epoch 137/210 train_task_loss=0.2434 train_kl=8936.25 beta=0.00000 train_cost=1249688448.00 gamma=0.000000 train_acc=0.9840 val_loss=0.7039 val_acc=0.8895 time=25.1s
04:33:49 | INFO | [pretrain] epoch 138/210 train_task_loss=0.2399 train_kl=8936.25 beta=0.00000 train_cost=1249688448.00 gamma=0.000000 train_acc=0.9846 val_loss=0.6670 val_acc=0.8949 time=24.9s
04:34:14 | INFO | [pretrain] epoch 139/210 train_task_loss=0.2399 train_kl=8936.25 beta=0.00000 train_cost=1249688448.00 gamma=0.000000 train_acc=0.9853 val_loss=0.6492 val_acc=0.9012 time=25.1s
04:34:39 | INFO | [pretrain] epoch 140/210 train_task_loss=0.2356 train_kl=8936.25 beta=0.00000 train_cost=1249688448.00 gamma=0.000000 train_acc=0.9861 val_loss=0.6468 val_acc=0.8979 time=25.4s
04:35:07 | INFO | [pretrain] epoch 141/210 train_task_loss=0.2372 train_kl=8936.25 beta=0.00000 train_cost=1249688448.00 gamma=0.000000 train_acc=0.9855 val_loss=0.6522 val_acc=0.8959 time=27.6s
04:35:34 | INFO | [pretrain] epoch 142/210 train_task_loss=0.2369 train_kl=8936.25 beta=0.00000 train_cost=1249688448.00 gamma=0.000000 train_acc=0.9861 val_loss=0.7150 val_acc=0.8921 time=27.2s
04:36:01 | INFO | [pretrain] epoch 143/210 train_task_loss=0.2341 train_kl=8936.25 beta=0.00000 train_cost=1249688448.00 gamma=0.000000 train_acc=0.9868 val_loss=0.6479 val_acc=0.9020 time=27.1s
04:36:28 | INFO | [pretrain] epoch 144/210 train_task_loss=0.2306 train_kl=8936.25 beta=0.00000 train_cost=1249688448.00 gamma=0.000000 train_acc=0.9878 val_loss=0.7059 val_acc=0.8889 time=27.0s
04:36:55 | INFO | [pretrain] epoch 145/210 train_task_loss=0.2322 train_kl=8936.25 beta=0.00000 train_cost=1249688448.00 gamma=0.000000 train_acc=0.9874 val_loss=0.6725 val_acc=0.8977 time=26.4s
04:37:21 | INFO | [pretrain] epoch 146/210 train_task_loss=0.2299 train_kl=8936.25 beta=0.00000 train_cost=1249688448.00 gamma=0.000000 train_acc=0.9882 val_loss=0.6741 val_acc=0.8984 time=26.2s
04:37:47 | INFO | [pretrain] epoch 147/210 train_task_loss=0.2282 train_kl=8936.25 beta=0.00000 train_cost=1249688448.00 gamma=0.000000 train_acc=0.9885 val_loss=0.6848 val_acc=0.9000 time=26.3s
04:38:13 | INFO | [pretrain] epoch 148/210 train_task_loss=0.2270 train_kl=8936.25 beta=0.00000 train_cost=1249688448.00 gamma=0.000000 train_acc=0.9885 val_loss=0.6726 val_acc=0.8998 time=26.3s
04:38:40 | INFO | [pretrain] epoch 149/210 train_task_loss=0.2255 train_kl=8936.25 beta=0.00000 train_cost=1249688448.00 gamma=0.000000 train_acc=0.9883 val_loss=0.6697 val_acc=0.9013 time=26.2s
04:39:06 | INFO | [pretrain] epoch 150/210 train_task_loss=0.2230 train_kl=8936.25 beta=0.00000 train_cost=1249688448.00 gamma=0.000000 train_acc=0.9898 val_loss=0.6312 val_acc=0.9044 time=26.4s
04:39:33 | INFO | [pretrain] epoch 151/210 train_task_loss=0.2221 train_kl=8936.25 beta=0.00000 train_cost=1249688448.00 gamma=0.000000 train_acc=0.9906 val_loss=0.6703 val_acc=0.8997 time=26.6s
04:39:59 | INFO | [pretrain] epoch 152/210 train_task_loss=0.2213 train_kl=8936.25 beta=0.00000 train_cost=1249688448.00 gamma=0.000000 train_acc=0.9909 val_loss=0.6964 val_acc=0.8980 time=26.6s
04:40:27 | INFO | [pretrain] epoch 153/210 train_task_loss=0.2196 train_kl=8936.25 beta=0.00000 train_cost=1249688448.00 gamma=0.000000 train_acc=0.9912 val_loss=0.6703 val_acc=0.9006 time=27.3s
04:40:55 | INFO | [pretrain] epoch 154/210 train_task_loss=0.2189 train_kl=8936.25 beta=0.00000 train_cost=1249688448.00 gamma=0.000000 train_acc=0.9909 val_loss=0.6792 val_acc=0.8967 time=28.9s
04:41:24 | INFO | [pretrain] epoch 155/210 train_task_loss=0.2205 train_kl=8936.25 beta=0.00000 train_cost=1249688448.00 gamma=0.000000 train_acc=0.9905 val_loss=0.6740 val_acc=0.8973 time=28.6s
04:41:51 | INFO | [pretrain] epoch 156/210 train_task_loss=0.2181 train_kl=8936.25 beta=0.00000 train_cost=1249688448.00 gamma=0.000000 train_acc=0.9917 val_loss=0.6838 val_acc=0.8971 time=26.4s
04:42:17 | INFO | [pretrain] epoch 157/210 train_task_loss=0.2174 train_kl=8936.25 beta=0.00000 train_cost=1249688448.00 gamma=0.000000 train_acc=0.9917 val_loss=0.6716 val_acc=0.9002 time=26.1s
04:42:43 | INFO | [pretrain] epoch 158/210 train_task_loss=0.2155 train_kl=8936.25 beta=0.00000 train_cost=1249688448.00 gamma=0.000000 train_acc=0.9920 val_loss=0.6721 val_acc=0.8959 time=26.4s
04:43:09 | INFO | [pretrain] epoch 159/210 train_task_loss=0.2161 train_kl=8936.25 beta=0.00000 train_cost=1249688448.00 gamma=0.000000 train_acc=0.9916 val_loss=0.6960 val_acc=0.8916 time=26.2s
04:43:35 | INFO | [pretrain] epoch 160/210 train_task_loss=0.2148 train_kl=8936.25 beta=0.00000 train_cost=1249688448.00 gamma=0.000000 train_acc=0.9921 val_loss=0.6504 val_acc=0.9001 time=26.0s
04:44:01 | INFO | [pretrain] epoch 161/210 train_task_loss=0.2114 train_kl=8936.25 beta=0.00000 train_cost=1249688448.00 gamma=0.000000 train_acc=0.9932 val_loss=0.6614 val_acc=0.9001 time=25.9s
04:44:27 | INFO | [pretrain] epoch 162/210 train_task_loss=0.2137 train_kl=8936.25 beta=0.00000 train_cost=1249688448.00 gamma=0.000000 train_acc=0.9926 val_loss=0.6997 val_acc=0.8977 time=25.8s
04:44:53 | INFO | [pretrain] epoch 163/210 train_task_loss=0.2124 train_kl=8936.25 beta=0.00000 train_cost=1249688448.00 gamma=0.000000 train_acc=0.9930 val_loss=0.6422 val_acc=0.9062 time=25.8s
04:45:18 | INFO | [pretrain] epoch 164/210 train_task_loss=0.2084 train_kl=8936.25 beta=0.00000 train_cost=1249688448.00 gamma=0.000000 train_acc=0.9938 val_loss=0.6658 val_acc=0.9023 time=25.7s
04:45:44 | INFO | [pretrain] epoch 165/210 train_task_loss=0.2080 train_kl=8936.25 beta=0.00000 train_cost=1249688448.00 gamma=0.000000 train_acc=0.9943 val_loss=0.6753 val_acc=0.9021 time=25.7s
04:46:10 | INFO | [pretrain] epoch 166/210 train_task_loss=0.2075 train_kl=8936.25 beta=0.00000 train_cost=1249688448.00 gamma=0.000000 train_acc=0.9942 val_loss=0.6916 val_acc=0.8975 time=25.7s
04:46:35 | INFO | [pretrain] epoch 167/210 train_task_loss=0.2069 train_kl=8936.25 beta=0.00000 train_cost=1249688448.00 gamma=0.000000 train_acc=0.9943 val_loss=0.6758 val_acc=0.9018 time=25.7s
04:47:01 | INFO | [pretrain] epoch 168/210 train_task_loss=0.2060 train_kl=8936.25 beta=0.00000 train_cost=1249688448.00 gamma=0.000000 train_acc=0.9945 val_loss=0.6772 val_acc=0.9006 time=25.8s
04:47:27 | INFO | [pretrain] epoch 169/210 train_task_loss=0.2072 train_kl=8936.25 beta=0.00000 train_cost=1249688448.00 gamma=0.000000 train_acc=0.9939 val_loss=0.6796 val_acc=0.9000 time=25.7s
04:47:53 | INFO | [pretrain] epoch 170/210 train_task_loss=0.2051 train_kl=8936.25 beta=0.00000 train_cost=1249688448.00 gamma=0.000000 train_acc=0.9946 val_loss=0.6979 val_acc=0.9012 time=25.7s
04:48:18 | INFO | [pretrain] epoch 171/210 train_task_loss=0.2048 train_kl=8936.25 beta=0.00000 train_cost=1249688448.00 gamma=0.000000 train_acc=0.9951 val_loss=0.6899 val_acc=0.8992 time=25.7s
04:48:44 | INFO | [pretrain] epoch 172/210 train_task_loss=0.2038 train_kl=8936.25 beta=0.00000 train_cost=1249688448.00 gamma=0.000000 train_acc=0.9955 val_loss=0.6859 val_acc=0.8985 time=25.9s
04:49:10 | INFO | [pretrain] epoch 173/210 train_task_loss=0.2027 train_kl=8936.25 beta=0.00000 train_cost=1249688448.00 gamma=0.000000 train_acc=0.9957 val_loss=0.7015 val_acc=0.8987 time=25.6s
04:49:36 | INFO | [pretrain] epoch 174/210 train_task_loss=0.2029 train_kl=8936.25 beta=0.00000 train_cost=1249688448.00 gamma=0.000000 train_acc=0.9953 val_loss=0.6866 val_acc=0.9025 time=25.9s
04:50:01 | INFO | [pretrain] epoch 175/210 train_task_loss=0.2019 train_kl=8936.25 beta=0.00000 train_cost=1249688448.00 gamma=0.000000 train_acc=0.9956 val_loss=0.7023 val_acc=0.9005 time=25.6s
04:50:27 | INFO | [pretrain] epoch 176/210 train_task_loss=0.2018 train_kl=8936.25 beta=0.00000 train_cost=1249688448.00 gamma=0.000000 train_acc=0.9958 val_loss=0.6984 val_acc=0.9016 time=25.7s
04:50:53 | INFO | [pretrain] epoch 177/210 train_task_loss=0.1998 train_kl=8936.25 beta=0.00000 train_cost=1249688448.00 gamma=0.000000 train_acc=0.9964 val_loss=0.6941 val_acc=0.9008 time=25.7s
04:51:18 | INFO | [pretrain] epoch 178/210 train_task_loss=0.2000 train_kl=8936.25 beta=0.00000 train_cost=1249688448.00 gamma=0.000000 train_acc=0.9961 val_loss=0.7004 val_acc=0.9028 time=25.6s
04:51:44 | INFO | [pretrain] epoch 179/210 train_task_loss=0.2012 train_kl=8936.25 beta=0.00000 train_cost=1249688448.00 gamma=0.000000 train_acc=0.9954 val_loss=0.6788 val_acc=0.9011 time=25.7s
04:52:10 | INFO | [pretrain] epoch 180/210 train_task_loss=0.1996 train_kl=8936.25 beta=0.00000 train_cost=1249688448.00 gamma=0.000000 train_acc=0.9961 val_loss=0.6970 val_acc=0.9014 time=25.7s
04:52:36 | INFO | [pretrain] epoch 181/210 train_task_loss=0.1993 train_kl=8936.25 beta=0.00000 train_cost=1249688448.00 gamma=0.000000 train_acc=0.9965 val_loss=0.7066 val_acc=0.8971 time=26.1s
04:53:02 | INFO | [pretrain] epoch 182/210 train_task_loss=0.2004 train_kl=8936.25 beta=0.00000 train_cost=1249688448.00 gamma=0.000000 train_acc=0.9956 val_loss=0.6831 val_acc=0.9027 time=26.3s
04:53:29 | INFO | [pretrain] epoch 183/210 train_task_loss=0.1984 train_kl=8936.25 beta=0.00000 train_cost=1249688448.00 gamma=0.000000 train_acc=0.9964 val_loss=0.7118 val_acc=0.8974 time=26.6s
04:53:55 | INFO | [pretrain] epoch 184/210 train_task_loss=0.1973 train_kl=8936.25 beta=0.00000 train_cost=1249688448.00 gamma=0.000000 train_acc=0.9964 val_loss=0.6783 val_acc=0.9060 time=26.4s
04:54:22 | INFO | [pretrain] epoch 185/210 train_task_loss=0.1995 train_kl=8936.25 beta=0.00000 train_cost=1249688448.00 gamma=0.000000 train_acc=0.9957 val_loss=0.6999 val_acc=0.8982 time=26.3s
04:54:48 | INFO | [pretrain] epoch 186/210 train_task_loss=0.1967 train_kl=8936.25 beta=0.00000 train_cost=1249688448.00 gamma=0.000000 train_acc=0.9971 val_loss=0.6965 val_acc=0.9017 time=26.1s
04:55:14 | INFO | [pretrain] epoch 187/210 train_task_loss=0.1972 train_kl=8936.25 beta=0.00000 train_cost=1249688448.00 gamma=0.000000 train_acc=0.9966 val_loss=0.6965 val_acc=0.9011 time=26.1s
04:55:40 | INFO | [pretrain] epoch 188/210 train_task_loss=0.1969 train_kl=8936.25 beta=0.00000 train_cost=1249688448.00 gamma=0.000000 train_acc=0.9970 val_loss=0.6867 val_acc=0.9007 time=26.1s
04:56:06 | INFO | [pretrain] epoch 189/210 train_task_loss=0.1964 train_kl=8936.25 beta=0.00000 train_cost=1249688448.00 gamma=0.000000 train_acc=0.9969 val_loss=0.6742 val_acc=0.9045 time=26.1s
04:56:32 | INFO | [pretrain] epoch 190/210 train_task_loss=0.1968 train_kl=8936.25 beta=0.00000 train_cost=1249688448.00 gamma=0.000000 train_acc=0.9968 val_loss=0.6730 val_acc=0.9035 time=26.2s
04:56:58 | INFO | [pretrain] epoch 191/210 train_task_loss=0.1966 train_kl=8936.25 beta=0.00000 train_cost=1249688448.00 gamma=0.000000 train_acc=0.9967 val_loss=0.6846 val_acc=0.9038 time=26.1s
04:57:24 | INFO | [pretrain] epoch 192/210 train_task_loss=0.1955 train_kl=8936.25 beta=0.00000 train_cost=1249688448.00 gamma=0.000000 train_acc=0.9971 val_loss=0.6743 val_acc=0.9054 time=25.7s
04:57:50 | INFO | [pretrain] epoch 193/210 train_task_loss=0.1950 train_kl=8936.25 beta=0.00000 train_cost=1249688448.00 gamma=0.000000 train_acc=0.9970 val_loss=0.6909 val_acc=0.9046 time=25.8s
04:58:16 | INFO | [pretrain] epoch 194/210 train_task_loss=0.1952 train_kl=8936.25 beta=0.00000 train_cost=1249688448.00 gamma=0.000000 train_acc=0.9969 val_loss=0.6993 val_acc=0.9002 time=25.9s
04:58:42 | INFO | [pretrain] epoch 195/210 train_task_loss=0.1952 train_kl=8936.25 beta=0.00000 train_cost=1249688448.00 gamma=0.000000 train_acc=0.9973 val_loss=0.6911 val_acc=0.9044 time=25.9s
04:59:07 | INFO | [pretrain] epoch 196/210 train_task_loss=0.1963 train_kl=8936.25 beta=0.00000 train_cost=1249688448.00 gamma=0.000000 train_acc=0.9968 val_loss=0.7170 val_acc=0.9002 time=25.9s
04:59:33 | INFO | [pretrain] epoch 197/210 train_task_loss=0.1938 train_kl=8936.25 beta=0.00000 train_cost=1249688448.00 gamma=0.000000 train_acc=0.9975 val_loss=0.6991 val_acc=0.9028 time=25.8s
04:59:59 | INFO | [pretrain] epoch 198/210 train_task_loss=0.1958 train_kl=8936.25 beta=0.00000 train_cost=1249688448.00 gamma=0.000000 train_acc=0.9974 val_loss=0.7000 val_acc=0.9023 time=25.9s
05:00:25 | INFO | [pretrain] epoch 199/210 train_task_loss=0.1942 train_kl=8936.25 beta=0.00000 train_cost=1249688448.00 gamma=0.000000 train_acc=0.9973 val_loss=0.6944 val_acc=0.9026 time=25.9s
05:00:51 | INFO | [pretrain] epoch 200/210 train_task_loss=0.1943 train_kl=8936.25 beta=0.00000 train_cost=1249688448.00 gamma=0.000000 train_acc=0.9975 val_loss=0.7151 val_acc=0.9003 time=25.8s
05:01:17 | INFO | [pretrain] epoch 201/210 train_task_loss=0.1943 train_kl=8936.25 beta=0.00000 train_cost=1249688448.00 gamma=0.000000 train_acc=0.9973 val_loss=0.6987 val_acc=0.9012 time=25.8s
05:01:43 | INFO | [pretrain] epoch 202/210 train_task_loss=0.1933 train_kl=8936.25 beta=0.00000 train_cost=1249688448.00 gamma=0.000000 train_acc=0.9978 val_loss=0.7195 val_acc=0.8976 time=25.9s
05:02:09 | INFO | [pretrain] epoch 203/210 train_task_loss=0.1953 train_kl=8936.25 beta=0.00000 train_cost=1249688448.00 gamma=0.000000 train_acc=0.9971 val_loss=0.7040 val_acc=0.9021 time=25.9s
05:02:34 | INFO | [pretrain] epoch 204/210 train_task_loss=0.1943 train_kl=8936.25 beta=0.00000 train_cost=1249688448.00 gamma=0.000000 train_acc=0.9975 val_loss=0.6874 val_acc=0.9017 time=25.9s
05:03:00 | INFO | [pretrain] epoch 205/210 train_task_loss=0.1952 train_kl=8936.25 beta=0.00000 train_cost=1249688448.00 gamma=0.000000 train_acc=0.9971 val_loss=0.7020 val_acc=0.8990 time=25.9s
05:03:26 | INFO | [pretrain] epoch 206/210 train_task_loss=0.1951 train_kl=8936.25 beta=0.00000 train_cost=1249688448.00 gamma=0.000000 train_acc=0.9974 val_loss=0.6912 val_acc=0.9029 time=25.7s
05:03:52 | INFO | [pretrain] epoch 207/210 train_task_loss=0.1936 train_kl=8936.25 beta=0.00000 train_cost=1249688448.00 gamma=0.000000 train_acc=0.9978 val_loss=0.7073 val_acc=0.9018 time=25.7s
05:04:18 | INFO | [pretrain] epoch 208/210 train_task_loss=0.1952 train_kl=8936.25 beta=0.00000 train_cost=1249688448.00 gamma=0.000000 train_acc=0.9970 val_loss=0.7111 val_acc=0.8981 time=26.0s
05:04:44 | INFO | [pretrain] epoch 209/210 train_task_loss=0.1952 train_kl=8936.25 beta=0.00000 train_cost=1249688448.00 gamma=0.000000 train_acc=0.9968 val_loss=0.7077 val_acc=0.9024 time=25.8s
05:05:10 | INFO | [pretrain] epoch 210/210 train_task_loss=0.1939 train_kl=8936.25 beta=0.00000 train_cost=1249688448.00 gamma=0.000000 train_acc=0.9973 val_loss=0.7081 val_acc=0.9003 time=26.0s

Validation...
05:05:12 | INFO | Post-pretrain validation accuracy: 0.9062
05:05:18 | INFO | Test accuracy before Bayesian conversion: 0.9062

============================================================
PRETRAIN COMPLETE: spear_repl
============================================================
Baseline test accuracy: 0.9062
Baseline saved to: ./outputs/spear_repl/trained_model.pt

Stopped before gate training, as requested. Next, on this exact baseline:
  1. python measure_baseline_synops.py --model spear_repl --batches 8
  2. read the gate-pressure diagnostic before trusting beta_max
  3. set reuse_pretrained=True in this experiment's config

05:05:18 | INFO | pretrain_only: stopped after saving baseline (test acc 0.9062)
====================================================
Job finished: Wed 12 Aug 05:05:36 BST 2026
====================================================

Baseline saved to outputs/spear_repl/trained_model.pt

NOTE: SPEAR publishes no unpruned baseline accuracy, so there is no
go/no-go gate here as there was for DPAP's 94.54%. The nearest
published reference is SCA's 91.14% (SPEAR quotes SCA's pruned rows
verbatim, and both use VGG16 at T=4). Landing far below that means
diagnose before pruning; landing near it is the expected outcome.

Next:
  1. push outputs/spear_repl off scratch
  2. sbatch slurm_synops.sh   (edit --model to spear_repl)
  3. set reuse_pretrained=True in get_spear_repl_config()
  4. measure gate pressure before trusting beta_max=0.01
